[0.029s][info][gc] Using G1
[0.049s][info][gc] Periodic GC disabled
[14738.550s][info][gc] GC(0) Pause Young (Normal) (G1 Evacuation Pause) 1024M->15M(2048M) 83.631ms
[32012.496s][info][gc] GC(1) Pause Young (Normal) (G1 Evacuation Pause) 1024M->15M(2048M) 29.069ms
[49345.509s][info][gc] GC(2) Pause Young (Normal) (G1 Evacuation Pause) 1024M->15M(2048M) 43.135ms
[66667.510s][info][gc] GC(3) Pause Young (Normal) (G1 Evacuation Pause) 1024M->15M(2048M) 45.842ms
[83841.510s][info][gc] GC(4) Pause Young (Normal) (G1 Evacuation Pause) 1024M->15M(2048M) 42.381ms
[101047.014s][info][gc] GC(5) Pause Young (Normal) (G1 Evacuation Pause) 1024M->15M(2048M) 44.991ms
[116757.801s][info][gc] GC(6) Pause Young (Normal) (G1 Evacuation Pause) 1024M->23M(2048M) 334.283ms
[133144.560s][info][gc] GC(7) Pause Young (Normal) (G1 Evacuation Pause) 1024M->23M(2048M) 185.547ms
[149941.552s][info][gc] GC(8) Pause Young (Normal) (G1 Evacuation Pause) 1024M->23M(2048M) 78.354ms
[166809.255s][info][gc] GC(9) Pause Young (Normal) (G1 Evacuation Pause) 1024M->24M(2048M) 55.020ms
[183653.517s][info][gc] GC(10) Pause Young (Normal) (G1 Evacuation Pause) 1024M->24M(2048M) 46.625ms
[200536.518s][info][gc] GC(11) Pause Young (Normal) (G1 Evacuation Pause) 1024M->23M(2048M) 55.113ms
[217267.543s][info][gc] GC(12) Pause Young (Normal) (G1 Evacuation Pause) 1024M->24M(2048M) 71.211ms
[234065.558s][info][gc] GC(13) Pause Young (Normal) (G1 Evacuation Pause) 1024M->24M(2048M) 92.250ms
[250810.950s][info][gc] GC(14) Pause Young (Normal) (G1 Evacuation Pause) 1024M->24M(2048M) 77.252ms
