[2020-09-22T21:24:56.473+0500][gc,phases    ] GC(72)   Post Evacuate Collection Set: 0.4ms
[2020-09-22T21:24:56.473+0500][gc,phases    ] GC(72)   Other: 2.8ms
[2020-09-22T21:24:56.473+0500][gc,heap      ] GC(72) Eden regions: 77->0(111)
[2020-09-22T21:24:56.474+0500][gc,heap      ] GC(72) Survivor regions: 3->3(10)
[2020-09-22T21:24:56.474+0500][gc,heap      ] GC(72) Old regions: 18->18
[2020-09-22T21:24:56.474+0500][gc,heap      ] GC(72) Archive regions: 2->2
[2020-09-22T21:24:56.474+0500][gc,heap      ] GC(72) Humongous regions: 129->129
[2020-09-22T21:24:56.474+0500][gc,metaspace ] GC(72) Metaspace: 40577K(42700K)->40577K(42700K) NonClass: 35757K(36864K)->35757K(36864K) Class: 4820K(5836K)->4820K(5836K)
[2020-09-22T21:24:56.474+0500][gc           ] GC(72) Pause Young (Normal) (G1 Evacuation Pause) 226M->149M(1024M) 18.119ms
[2020-09-22T21:24:56.474+0500][gc,cpu       ] GC(72) User=0.02s Sys=0.04s Real=0.02s
[2020-09-22T21:37:17.158+0500][gc,start     ] GC(73) Pause Young (Normal) (G1 Evacuation Pause)
[2020-09-22T21:37:17.159+0500][gc,task      ] GC(73) Using 13 workers of 13 for evacuation
[2020-09-22T21:37:17.165+0500][gc,phases    ] GC(73)   Pre Evacuate Collection Set: 0.3ms
[2020-09-22T21:37:17.165+0500][gc,phases    ] GC(73)   Merge Heap Roots: 0.5ms
[2020-09-22T21:37:17.165+0500][gc,phases    ] GC(73)   Evacuate Collection Set: 4.9ms
[2020-09-22T21:37:17.165+0500][gc,phases    ] GC(73)   Post Evacuate Collection Set: 0.7ms
[2020-09-22T21:37:17.165+0500][gc,phases    ] GC(73)   Other: 0.4ms
[2020-09-22T21:37:17.165+0500][gc,heap      ] GC(73) Eden regions: 111->0(294)
[2020-09-22T21:37:17.165+0500][gc,heap      ] GC(73) Survivor regions: 3->3(15)
[2020-09-22T21:37:17.165+0500][gc,heap      ] GC(73) Old regions: 18->18
[2020-09-22T21:37:17.165+0500][gc,heap      ] GC(73) Archive regions: 2->2
[2020-09-22T21:37:17.165+0500][gc,heap      ] GC(73) Humongous regions: 129->129
[2020-09-22T21:37:17.165+0500][gc,metaspace ] GC(73) Metaspace: 40577K(42700K)->40577K(42700K) NonClass: 35757K(36864K)->35757K(36864K) Class: 4820K(5836K)->4820K(5836K)
[2020-09-22T21:37:17.166+0500][gc           ] GC(73) Pause Young (Normal) (G1 Evacuation Pause) 260M->149M(1024M) 7.419ms
[2020-09-22T21:37:17.166+0500][gc,cpu       ] GC(73) User=0.01s Sys=0.02s Real=0.01s
[2020-09-22T22:09:52.076+0500][gc,start     ] GC(74) Pause Young (Normal) (G1 Evacuation Pause)
[2020-09-22T22:09:52.077+0500][gc,task      ] GC(74) Using 13 workers of 13 for evacuation
[2020-09-22T22:09:52.107+0500][gc,mmu       ] GC(74) MMU target violated: 21.0ms (20.0ms/21.0ms)
[2020-09-22T22:09:52.107+0500][gc,phases    ] GC(74)   Pre Evacuate Collection Set: 6.8ms
[2020-09-22T22:09:52.107+0500][gc,phases    ] GC(74)   Merge Heap Roots: 2.3ms
[2020-09-22T22:09:52.107+0500][gc,phases    ] GC(74)   Evacuate Collection Set: 17.4ms
[2020-09-22T22:09:52.107+0500][gc,phases    ] GC(74)   Post Evacuate Collection Set: 2.8ms
[2020-09-22T22:09:52.107+0500][gc,phases    ] GC(74)   Other: 3.3ms
[2020-09-22T22:09:52.107+0500][gc,heap      ] GC(74) Eden regions: 294->0(78)
[2020-09-22T22:09:52.107+0500][gc,heap      ] GC(74) Survivor regions: 3->4(38)
[2020-09-22T22:09:52.107+0500][gc,heap      ] GC(74) Old regions: 18->18
[2020-09-22T22:09:52.107+0500][gc,heap      ] GC(74) Archive regions: 2->2
[2020-09-22T22:09:52.108+0500][gc,heap      ] GC(74) Humongous regions: 129->129
[2020-09-22T22:09:52.108+0500][gc,metaspace ] GC(74) Metaspace: 40577K(42700K)->40577K(42700K) NonClass: 35757K(36864K)->35757K(36864K) Class: 4820K(5836K)->4820K(5836K)
[2020-09-22T22:09:52.108+0500][gc           ] GC(74) Pause Young (Normal) (G1 Evacuation Pause) 443M->150M(1024M) 31.786ms
[2020-09-22T22:09:52.108+0500][gc,cpu       ] GC(74) User=0.02s Sys=0.10s Real=0.03s
[2020-09-22T22:18:31.688+0500][gc,start     ] GC(75) Pause Young (Normal) (G1 Evacuation Pause)
[2020-09-22T22:18:31.688+0500][gc,task      ] GC(75) Using 13 workers of 13 for evacuation
[2020-09-22T22:18:31.697+0500][gc,phases    ] GC(75)   Pre Evacuate Collection Set: 0.2ms
[2020-09-22T22:18:31.697+0500][gc,phases    ] GC(75)   Merge Heap Roots: 0.1ms
[2020-09-22T22:18:31.697+0500][gc,phases    ] GC(75)   Evacuate Collection Set: 8.5ms
[2020-09-22T22:18:31.697+0500][gc,phases    ] GC(75)   Post Evacuate Collection Set: 0.3ms
[2020-09-22T22:18:31.697+0500][gc,phases    ] GC(75)   Other: 0.2ms
[2020-09-22T22:18:31.697+0500][gc,heap      ] GC(75) Eden regions: 78->0(146)
[2020-09-22T22:18:31.697+0500][gc,heap      ] GC(75) Survivor regions: 4->4(11)
[2020-09-22T22:18:31.697+0500][gc,heap      ] GC(75) Old regions: 18->18
[2020-09-22T22:18:31.697+0500][gc,heap      ] GC(75) Archive regions: 2->2
[2020-09-22T22:18:31.697+0500][gc,heap      ] GC(75) Humongous regions: 129->129
[2020-09-22T22:18:31.697+0500][gc,metaspace ] GC(75) Metaspace: 40577K(42700K)->40577K(42700K) NonClass: 35757K(36864K)->35757K(36864K) Class: 4820K(5836K)->4820K(5836K)
[2020-09-22T22:18:31.698+0500][gc           ] GC(75) Pause Young (Normal) (G1 Evacuation Pause) 228M->150M(1024M) 9.955ms
[2020-09-22T22:18:31.698+0500][gc,cpu       ] GC(75) User=0.02s Sys=0.05s Real=0.01s
[2020-09-22T22:34:43.900+0500][gc,start     ] GC(76) Pause Young (Normal) (G1 Evacuation Pause)
[2020-09-22T22:34:43.901+0500][gc,task      ] GC(76) Using 13 workers of 13 for evacuation
[2020-09-22T22:34:43.910+0500][gc,phases    ] GC(76)   Pre Evacuate Collection Set: 0.3ms
[2020-09-22T22:34:43.910+0500][gc,phases    ] GC(76)   Merge Heap Roots: 0.9ms
[2020-09-22T22:34:43.910+0500][gc,phases    ] GC(76)   Evacuate Collection Set: 7.4ms
[2020-09-22T22:34:43.910+0500][gc,phases    ] GC(76)   Post Evacuate Collection Set: 0.4ms
[2020-09-22T22:34:43.910+0500][gc,phases    ] GC(76)   Other: 1.4ms
[2020-09-22T22:34:43.910+0500][gc,heap      ] GC(76) Eden regions: 146->0(325)
[2020-09-22T22:34:43.910+0500][gc,heap      ] GC(76) Survivor regions: 4->4(19)
[2020-09-22T22:34:43.910+0500][gc,heap      ] GC(76) Old regions: 18->18
[2020-09-22T22:34:43.910+0500][gc,heap      ] GC(76) Archive regions: 2->2
[2020-09-22T22:34:43.910+0500][gc,heap      ] GC(76) Humongous regions: 129->129
[2020-09-22T22:34:43.910+0500][gc,metaspace ] GC(76) Metaspace: 40577K(42700K)->40577K(42700K) NonClass: 35757K(36864K)->35757K(36864K) Class: 4820K(5836K)->4820K(5836K)
[2020-09-22T22:34:43.910+0500][gc           ] GC(76) Pause Young (Normal) (G1 Evacuation Pause) 296M->150M(1024M) 10.516ms
[2020-09-22T22:34:43.910+0500][gc,cpu       ] GC(76) User=0.02s Sys=0.04s Real=0.01s
[2020-09-22T23:10:48.984+0500][gc,start     ] GC(77) Pause Young (Normal) (G1 Evacuation Pause)
[2020-09-22T23:10:48.985+0500][gc,task      ] GC(77) Using 13 workers of 13 for evacuation
[2020-09-22T23:10:49.003+0500][gc,phases    ] GC(77)   Pre Evacuate Collection Set: 2.6ms
[2020-09-22T23:10:49.003+0500][gc,phases    ] GC(77)   Merge Heap Roots: 0.3ms
[2020-09-22T23:10:49.003+0500][gc,phases    ] GC(77)   Evacuate Collection Set: 13.0ms
[2020-09-22T23:10:49.003+0500][gc,phases    ] GC(77)   Post Evacuate Collection Set: 1.4ms
[2020-09-22T23:10:49.003+0500][gc,phases    ] GC(77)   Other: 1.9ms
[2020-09-22T23:10:49.003+0500][gc,heap      ] GC(77) Eden regions: 325->0(372)
[2020-09-22T23:10:49.003+0500][gc,heap      ] GC(77) Survivor regions: 4->4(42)
[2020-09-22T23:10:49.003+0500][gc,heap      ] GC(77) Old regions: 18->18
[2020-09-22T23:10:49.003+0500][gc,heap      ] GC(77) Archive regions: 2->2
[2020-09-22T23:10:49.003+0500][gc,heap      ] GC(77) Humongous regions: 129->129
[2020-09-22T23:10:49.003+0500][gc,metaspace ] GC(77) Metaspace: 40577K(42700K)->40577K(42700K) NonClass: 35757K(36864K)->35757K(36864K) Class: 4820K(5836K)->4820K(5836K)
[2020-09-22T23:10:49.003+0500][gc           ] GC(77) Pause Young (Normal) (G1 Evacuation Pause) 475M->150M(1024M) 18.871ms
[2020-09-22T23:10:49.003+0500][gc,cpu       ] GC(77) User=0.03s Sys=0.09s Real=0.02s
[2020-09-22T23:53:24.878+0500][gc,start     ] GC(78) Pause Young (Normal) (G1 Evacuation Pause)
[2020-09-22T23:53:24.879+0500][gc,task      ] GC(78) Using 13 workers of 13 for evacuation
[2020-09-22T23:53:24.902+0500][gc,mmu       ] GC(78) MMU target violated: 21.0ms (20.0ms/21.0ms)
[2020-09-22T23:53:24.902+0500][gc,phases    ] GC(78)   Pre Evacuate Collection Set: 6.5ms
[2020-09-22T23:53:24.902+0500][gc,phases    ] GC(78)   Merge Heap Roots: 0.6ms
[2020-09-22T23:53:24.902+0500][gc,phases    ] GC(78)   Evacuate Collection Set: 11.9ms
[2020-09-22T23:53:24.902+0500][gc,phases    ] GC(78)   Post Evacuate Collection Set: 2.2ms
[2020-09-22T23:53:24.902+0500][gc,phases    ] GC(78)   Other: 4.2ms
[2020-09-22T23:53:24.902+0500][gc,heap      ] GC(78) Eden regions: 372->0(169)
[2020-09-22T23:53:24.902+0500][gc,heap      ] GC(78) Survivor regions: 4->4(47)
[2020-09-22T23:53:24.902+0500][gc,heap      ] GC(78) Old regions: 18->18
[2020-09-22T23:53:24.902+0500][gc,heap      ] GC(78) Archive regions: 2->2
[2020-09-22T23:53:24.902+0500][gc,heap      ] GC(78) Humongous regions: 129->129
[2020-09-22T23:53:24.902+0500][gc,metaspace ] GC(78) Metaspace: 40577K(42700K)->40577K(42700K) NonClass: 35757K(36864K)->35757K(36864K) Class: 4820K(5836K)->4820K(5836K)
[2020-09-22T23:53:24.903+0500][gc           ] GC(78) Pause Young (Normal) (G1 Evacuation Pause) 522M->150M(1024M) 24.864ms
[2020-09-22T23:53:24.903+0500][gc,cpu       ] GC(78) User=0.02s Sys=0.08s Real=0.03s
[2020-09-23T00:12:56.803+0500][gc,start     ] GC(79) Pause Young (Normal) (G1 Evacuation Pause)
[2020-09-23T00:12:56.804+0500][gc,task      ] GC(79) Using 13 workers of 13 for evacuation
[2020-09-23T00:12:56.820+0500][gc,phases    ] GC(79)   Pre Evacuate Collection Set: 4.8ms
[2020-09-23T00:12:56.820+0500][gc,phases    ] GC(79)   Merge Heap Roots: 0.2ms
[2020-09-23T00:12:56.820+0500][gc,phases    ] GC(79)   Evacuate Collection Set: 8.2ms
[2020-09-23T00:12:56.820+0500][gc,phases    ] GC(79)   Post Evacuate Collection Set: 1.3ms
[2020-09-23T00:12:56.820+0500][gc,phases    ] GC(79)   Other: 3.1ms
[2020-09-23T00:12:56.820+0500][gc,heap      ] GC(79) Eden regions: 169->0(426)
[2020-09-23T00:12:56.820+0500][gc,heap      ] GC(79) Survivor regions: 4->3(22)
[2020-09-23T00:12:56.820+0500][gc,heap      ] GC(79) Old regions: 18->18
[2020-09-23T00:12:56.820+0500][gc,heap      ] GC(79) Archive regions: 2->2
[2020-09-23T00:12:56.820+0500][gc,heap      ] GC(79) Humongous regions: 129->129
[2020-09-23T00:12:56.820+0500][gc,metaspace ] GC(79) Metaspace: 40577K(42700K)->40577K(42700K) NonClass: 35757K(36864K)->35757K(36864K) Class: 4820K(5836K)->4820K(5836K)
[2020-09-23T00:12:56.821+0500][gc           ] GC(79) Pause Young (Normal) (G1 Evacuation Pause) 319M->150M(1024M) 18.183ms
[2020-09-23T00:12:56.821+0500][gc,cpu       ] GC(79) User=0.02s Sys=0.07s Real=0.02s
[2020-09-23T01:02:01.953+0500][gc,start     ] GC(80) Pause Young (Normal) (G1 Evacuation Pause)
[2020-09-23T01:02:01.954+0500][gc,task      ] GC(80) Using 13 workers of 13 for evacuation
[2020-09-23T01:02:01.971+0500][gc,phases    ] GC(80)   Pre Evacuate Collection Set: 2.1ms
[2020-09-23T01:02:01.971+0500][gc,phases    ] GC(80)   Merge Heap Roots: 0.3ms
[2020-09-23T01:02:01.971+0500][gc,phases    ] GC(80)   Evacuate Collection Set: 12.6ms
[2020-09-23T01:02:01.971+0500][gc,phases    ] GC(80)   Post Evacuate Collection Set: 1.3ms
[2020-09-23T01:02:01.971+0500][gc,phases    ] GC(80)   Other: 2.2ms
[2020-09-23T01:02:01.971+0500][gc,heap      ] GC(80) Eden regions: 426->0(396)
[2020-09-23T01:02:01.971+0500][gc,heap      ] GC(80) Survivor regions: 3->4(54)
[2020-09-23T01:02:01.971+0500][gc,heap      ] GC(80) Old regions: 18->18
[2020-09-23T01:02:01.971+0500][gc,heap      ] GC(80) Archive regions: 2->2
[2020-09-23T01:02:01.971+0500][gc,heap      ] GC(80) Humongous regions: 129->129
[2020-09-23T01:02:01.971+0500][gc,metaspace ] GC(80) Metaspace: 40624K(42956K)->40624K(42956K) NonClass: 35803K(37120K)->35803K(37120K) Class: 4820K(5836K)->4820K(5836K)
[2020-09-23T01:02:01.971+0500][gc           ] GC(80) Pause Young (Normal) (G1 Evacuation Pause) 576M->150M(1024M) 18.550ms
[2020-09-23T01:02:01.971+0500][gc,cpu       ] GC(80) User=0.02s Sys=0.07s Real=0.02s
[2020-09-23T01:47:40.455+0500][gc,start     ] GC(81) Pause Young (Normal) (G1 Evacuation Pause)
[2020-09-23T01:47:40.457+0500][gc,task      ] GC(81) Using 13 workers of 13 for evacuation
[2020-09-23T01:47:40.475+0500][gc,phases    ] GC(81)   Pre Evacuate Collection Set: 3.0ms
[2020-09-23T01:47:40.475+0500][gc,phases    ] GC(81)   Merge Heap Roots: 0.7ms
[2020-09-23T01:47:40.475+0500][gc,phases    ] GC(81)   Evacuate Collection Set: 9.5ms
[2020-09-23T01:47:40.475+0500][gc,phases    ] GC(81)   Post Evacuate Collection Set: 3.7ms
[2020-09-23T01:47:40.475+0500][gc,phases    ] GC(81)   Other: 3.2ms
[2020-09-23T01:47:40.475+0500][gc,heap      ] GC(81) Eden regions: 396->0(611)
[2020-09-23T01:47:40.475+0500][gc,heap      ] GC(81) Survivor regions: 4->3(50)
[2020-09-23T01:47:40.475+0500][gc,heap      ] GC(81) Old regions: 18->18
[2020-09-23T01:47:40.475+0500][gc,heap      ] GC(81) Archive regions: 2->2
[2020-09-23T01:47:40.475+0500][gc,heap      ] GC(81) Humongous regions: 129->129
[2020-09-23T01:47:40.475+0500][gc,metaspace ] GC(81) Metaspace: 40624K(42956K)->40624K(42956K) NonClass: 35803K(37120K)->35803K(37120K) Class: 4820K(5836K)->4820K(5836K)
[2020-09-23T01:47:40.476+0500][gc           ] GC(81) Pause Young (Normal) (G1 Evacuation Pause) 546M->149M(1024M) 20.244ms
[2020-09-23T01:47:40.476+0500][gc,cpu       ] GC(81) User=0.01s Sys=0.06s Real=0.02s
[2020-09-23T02:58:34.908+0500][gc,start     ] GC(82) Pause Young (Normal) (G1 Evacuation Pause)
[2020-09-23T02:58:34.909+0500][gc,task      ] GC(82) Using 13 workers of 13 for evacuation
[2020-09-23T02:58:34.934+0500][gc,mmu       ] GC(82) MMU target violated: 21.0ms (20.0ms/21.0ms)
[2020-09-23T02:58:34.934+0500][gc,phases    ] GC(82)   Pre Evacuate Collection Set: 2.2ms
[2020-09-23T02:58:34.934+0500][gc,phases    ] GC(82)   Merge Heap Roots: 2.0ms
[2020-09-23T02:58:34.934+0500][gc,phases    ] GC(82)   Evacuate Collection Set: 18.0ms
[2020-09-23T02:58:34.934+0500][gc,phases    ] GC(82)   Post Evacuate Collection Set: 2.0ms
[2020-09-23T02:58:34.934+0500][gc,phases    ] GC(82)   Other: 2.2ms
[2020-09-23T02:58:34.934+0500][gc,heap      ] GC(82) Eden regions: 611->0(104)
[2020-09-23T02:58:34.934+0500][gc,heap      ] GC(82) Survivor regions: 3->4(77)
[2020-09-23T02:58:34.934+0500][gc,heap      ] GC(82) Old regions: 18->18
[2020-09-23T02:58:34.934+0500][gc,heap      ] GC(82) Archive regions: 2->2
[2020-09-23T02:58:34.934+0500][gc,heap      ] GC(82) Humongous regions: 129->129
[2020-09-23T02:58:34.934+0500][gc,metaspace ] GC(82) Metaspace: 40640K(42956K)->40640K(42956K) NonClass: 35819K(37120K)->35819K(37120K) Class: 4820K(5836K)->4820K(5836K)
[2020-09-23T02:58:34.934+0500][gc           ] GC(82) Pause Young (Normal) (G1 Evacuation Pause) 760M->150M(1024M) 25.758ms
[2020-09-23T02:58:34.934+0500][gc,cpu       ] GC(82) User=0.02s Sys=0.08s Real=0.03s
[2020-09-23T03:10:29.063+0500][gc,start     ] GC(83) Pause Young (Normal) (G1 Evacuation Pause)
[2020-09-23T03:10:29.064+0500][gc,task      ] GC(83) Using 13 workers of 13 for evacuation
[2020-09-23T03:10:29.072+0500][gc,phases    ] GC(83)   Pre Evacuate Collection Set: 1.1ms
[2020-09-23T03:10:29.072+0500][gc,phases    ] GC(83)   Merge Heap Roots: 0.1ms
[2020-09-23T03:10:29.072+0500][gc,phases    ] GC(83)   Evacuate Collection Set: 6.2ms
[2020-09-23T03:10:29.072+0500][gc,phases    ] GC(83)   Post Evacuate Collection Set: 0.4ms
[2020-09-23T03:10:29.072+0500][gc,phases    ] GC(83)   Other: 1.0ms
[2020-09-23T03:10:29.072+0500][gc,heap      ] GC(83) Eden regions: 104->0(299)
[2020-09-23T03:10:29.072+0500][gc,heap      ] GC(83) Survivor regions: 4->3(14)
[2020-09-23T03:10:29.072+0500][gc,heap      ] GC(83) Old regions: 18->18
[2020-09-23T03:10:29.072+0500][gc,heap      ] GC(83) Archive regions: 2->2
[2020-09-23T03:10:29.072+0500][gc,heap      ] GC(83) Humongous regions: 129->129
[2020-09-23T03:10:29.072+0500][gc,metaspace ] GC(83) Metaspace: 40640K(42956K)->40640K(42956K) NonClass: 35819K(37120K)->35819K(37120K) Class: 4820K(5836K)->4820K(5836K)
[2020-09-23T03:10:29.072+0500][gc           ] GC(83) Pause Young (Normal) (G1 Evacuation Pause) 254M->149M(1024M) 9.414ms
[2020-09-23T03:10:29.072+0500][gc,cpu       ] GC(83) User=0.01s Sys=0.04s Real=0.01s
[2020-09-23T03:44:42.190+0500][gc,start     ] GC(84) Pause Young (Normal) (G1 Evacuation Pause)
[2020-09-23T03:44:42.190+0500][gc,task      ] GC(84) Using 13 workers of 13 for evacuation
[2020-09-23T03:44:42.207+0500][gc,phases    ] GC(84)   Pre Evacuate Collection Set: 3.0ms
[2020-09-23T03:44:42.207+0500][gc,phases    ] GC(84)   Merge Heap Roots: 0.7ms
[2020-09-23T03:44:42.207+0500][gc,phases    ] GC(84)   Evacuate Collection Set: 9.8ms
[2020-09-23T03:44:42.207+0500][gc,phases    ] GC(84)   Post Evacuate Collection Set: 3.1ms
[2020-09-23T03:44:42.207+0500][gc,phases    ] GC(84)   Other: 0.8ms
[2020-09-23T03:44:42.207+0500][gc,heap      ] GC(84) Eden regions: 299->0(308)
[2020-09-23T03:44:42.207+0500][gc,heap      ] GC(84) Survivor regions: 3->4(38)
[2020-09-23T03:44:42.207+0500][gc,heap      ] GC(84) Old regions: 18->18
[2020-09-23T03:44:42.207+0500][gc,heap      ] GC(84) Archive regions: 2->2
[2020-09-23T03:44:42.207+0500][gc,heap      ] GC(84) Humongous regions: 129->129
[2020-09-23T03:44:42.207+0500][gc,metaspace ] GC(84) Metaspace: 40640K(42956K)->40640K(42956K) NonClass: 35819K(37120K)->35819K(37120K) Class: 4820K(5836K)->4820K(5836K)
[2020-09-23T03:44:42.207+0500][gc           ] GC(84) Pause Young (Normal) (G1 Evacuation Pause) 448M->150M(1024M) 17.506ms
[2020-09-23T03:44:42.207+0500][gc,cpu       ] GC(84) User=0.02s Sys=0.07s Real=0.01s
[2020-09-23T04:20:18.170+0500][gc,start     ] GC(85) Pause Young (Normal) (G1 Evacuation Pause)
[2020-09-23T04:20:18.170+0500][gc,task      ] GC(85) Using 13 workers of 13 for evacuation
[2020-09-23T04:20:18.186+0500][gc,phases    ] GC(85)   Pre Evacuate Collection Set: 2.3ms
[2020-09-23T04:20:18.186+0500][gc,phases    ] GC(85)   Merge Heap Roots: 0.2ms
[2020-09-23T04:20:18.186+0500][gc,phases    ] GC(85)   Evacuate Collection Set: 9.6ms
[2020-09-23T04:20:18.186+0500][gc,phases    ] GC(85)   Post Evacuate Collection Set: 2.3ms
[2020-09-23T04:20:18.186+0500][gc,phases    ] GC(85)   Other: 2.5ms
[2020-09-23T04:20:18.186+0500][gc,heap      ] GC(85) Eden regions: 308->0(476)
[2020-09-23T04:20:18.186+0500][gc,heap      ] GC(85) Survivor regions: 4->4(39)
[2020-09-23T04:20:18.186+0500][gc,heap      ] GC(85) Old regions: 18->18
[2020-09-23T04:20:18.186+0500][gc,heap      ] GC(85) Archive regions: 2->2
[2020-09-23T04:20:18.186+0500][gc,heap      ] GC(85) Humongous regions: 129->129
[2020-09-23T04:20:18.186+0500][gc,metaspace ] GC(85) Metaspace: 40640K(42956K)->40640K(42956K) NonClass: 35819K(37120K)->35819K(37120K) Class: 4820K(5836K)->4820K(5836K)
[2020-09-23T04:20:18.187+0500][gc           ] GC(85) Pause Young (Normal) (G1 Evacuation Pause) 458M->150M(1024M) 17.019ms
[2020-09-23T04:20:18.187+0500][gc,cpu       ] GC(85) User=0.02s Sys=0.07s Real=0.01s
[2020-09-23T05:15:06.762+0500][gc,start     ] GC(86) Pause Young (Normal) (G1 Evacuation Pause)
[2020-09-23T05:15:06.763+0500][gc,task      ] GC(86) Using 13 workers of 13 for evacuation
[2020-09-23T05:15:06.778+0500][gc,phases    ] GC(86)   Pre Evacuate Collection Set: 3.1ms
[2020-09-23T05:15:06.778+0500][gc,phases    ] GC(86)   Merge Heap Roots: 0.2ms
[2020-09-23T05:15:06.778+0500][gc,phases    ] GC(86)   Evacuate Collection Set: 8.8ms
[2020-09-23T05:15:06.778+0500][gc,phases    ] GC(86)   Post Evacuate Collection Set: 1.7ms
[2020-09-23T05:15:06.778+0500][gc,phases    ] GC(86)   Other: 1.6ms
[2020-09-23T05:15:06.778+0500][gc,heap      ] GC(86) Eden regions: 476->0(610)
[2020-09-23T05:15:06.778+0500][gc,heap      ] GC(86) Survivor regions: 4->4(60)
[2020-09-23T05:15:06.778+0500][gc,heap      ] GC(86) Old regions: 18->18
[2020-09-23T05:15:06.778+0500][gc,heap      ] GC(86) Archive regions: 2->2
[2020-09-23T05:15:06.778+0500][gc,heap      ] GC(86) Humongous regions: 129->129
[2020-09-23T05:15:06.778+0500][gc,metaspace ] GC(86) Metaspace: 40640K(42956K)->40640K(42956K) NonClass: 35819K(37120K)->35819K(37120K) Class: 4820K(5836K)->4820K(5836K)
[2020-09-23T05:15:06.778+0500][gc           ] GC(86) Pause Young (Normal) (G1 Evacuation Pause) 626M->150M(1024M) 15.506ms
[2020-09-23T05:15:06.778+0500][gc,cpu       ] GC(86) User=0.02s Sys=0.07s Real=0.01s
[2020-09-23T06:25:26.743+0500][gc,start     ] GC(87) Pause Young (Normal) (G1 Evacuation Pause)
[2020-09-23T06:25:26.744+0500][gc,task      ] GC(87) Using 13 workers of 13 for evacuation
[2020-09-23T06:25:26.784+0500][gc,mmu       ] GC(87) MMU target violated: 21.0ms (20.0ms/21.0ms)
[2020-09-23T06:25:26.784+0500][gc,phases    ] GC(87)   Pre Evacuate Collection Set: 3.4ms
[2020-09-23T06:25:26.784+0500][gc,phases    ] GC(87)   Merge Heap Roots: 0.8ms
[2020-09-23T06:25:26.784+0500][gc,phases    ] GC(87)   Evacuate Collection Set: 30.1ms
[2020-09-23T06:25:26.784+0500][gc,phases    ] GC(87)   Post Evacuate Collection Set: 4.3ms
[2020-09-23T06:25:26.784+0500][gc,phases    ] GC(87)   Other: 2.5ms
[2020-09-23T06:25:26.784+0500][gc,heap      ] GC(87) Eden regions: 610->0(48)
[2020-09-23T06:25:26.784+0500][gc,heap      ] GC(87) Survivor regions: 4->3(77)
[2020-09-23T06:25:26.784+0500][gc,heap      ] GC(87) Old regions: 18->18
[2020-09-23T06:25:26.784+0500][gc,heap      ] GC(87) Archive regions: 2->2
[2020-09-23T06:25:26.784+0500][gc,heap      ] GC(87) Humongous regions: 129->129
[2020-09-23T06:25:26.784+0500][gc,metaspace ] GC(87) Metaspace: 40640K(42956K)->40640K(42956K) NonClass: 35819K(37120K)->35819K(37120K) Class: 4820K(5836K)->4820K(5836K)
[2020-09-23T06:25:26.785+0500][gc           ] GC(87) Pause Young (Normal) (G1 Evacuation Pause) 760M->149M(1024M) 41.792ms
[2020-09-23T06:25:26.785+0500][gc,cpu       ] GC(87) User=0.03s Sys=0.12s Real=0.04s
[2020-09-23T06:30:58.956+0500][gc,start     ] GC(88) Pause Young (Normal) (G1 Evacuation Pause)
[2020-09-23T06:30:58.956+0500][gc,task      ] GC(88) Using 13 workers of 13 for evacuation
[2020-09-23T06:30:58.965+0500][gc,phases    ] GC(88)   Pre Evacuate Collection Set: 0.2ms
[2020-09-23T06:30:58.965+0500][gc,phases    ] GC(88)   Merge Heap Roots: 0.1ms
[2020-09-23T06:30:58.965+0500][gc,phases    ] GC(88)   Evacuate Collection Set: 8.0ms
[2020-09-23T06:30:58.965+0500][gc,phases    ] GC(88)   Post Evacuate Collection Set: 0.5ms
[2020-09-23T06:30:58.965+0500][gc,phases    ] GC(88)   Other: 0.4ms
[2020-09-23T06:30:58.965+0500][gc,heap      ] GC(88) Eden regions: 48->0(47)
[2020-09-23T06:30:58.965+0500][gc,heap      ] GC(88) Survivor regions: 3->4(7)
[2020-09-23T06:30:58.965+0500][gc,heap      ] GC(88) Old regions: 18->18
[2020-09-23T06:30:58.965+0500][gc,heap      ] GC(88) Archive regions: 2->2
[2020-09-23T06:30:58.965+0500][gc,heap      ] GC(88) Humongous regions: 129->129
[2020-09-23T06:30:58.965+0500][gc,metaspace ] GC(88) Metaspace: 40640K(42956K)->40640K(42956K) NonClass: 35819K(37120K)->35819K(37120K) Class: 4820K(5836K)->4820K(5836K)
[2020-09-23T06:30:58.965+0500][gc           ] GC(88) Pause Young (Normal) (G1 Evacuation Pause) 197M->150M(1024M) 9.367ms
[2020-09-23T06:30:58.965+0500][gc,cpu       ] GC(88) User=0.02s Sys=0.03s Real=0.01s
[2020-09-23T06:36:18.511+0500][gc,start     ] GC(89) Pause Young (Normal) (G1 Evacuation Pause)
[2020-09-23T06:36:18.512+0500][gc,task      ] GC(89) Using 13 workers of 13 for evacuation
[2020-09-23T06:36:18.518+0500][gc,phases    ] GC(89)   Pre Evacuate Collection Set: 0.2ms
[2020-09-23T06:36:18.518+0500][gc,phases    ] GC(89)   Merge Heap Roots: 0.1ms
[2020-09-23T06:36:18.518+0500][gc,phases    ] GC(89)   Evacuate Collection Set: 5.1ms
[2020-09-23T06:36:18.518+0500][gc,phases    ] GC(89)   Post Evacuate Collection Set: 0.5ms
[2020-09-23T06:36:18.518+0500][gc,phases    ] GC(89)   Other: 1.4ms
[2020-09-23T06:36:18.518+0500][gc,heap      ] GC(89) Eden regions: 47->0(150)
[2020-09-23T06:36:18.518+0500][gc,heap      ] GC(89) Survivor regions: 4->3(7)
[2020-09-23T06:36:18.518+0500][gc,heap      ] GC(89) Old regions: 18->18
[2020-09-23T06:36:18.518+0500][gc,heap      ] GC(89) Archive regions: 2->2
[2020-09-23T06:36:18.518+0500][gc,heap      ] GC(89) Humongous regions: 129->129
[2020-09-23T06:36:18.518+0500][gc,metaspace ] GC(89) Metaspace: 40640K(42956K)->40640K(42956K) NonClass: 35819K(37120K)->35819K(37120K) Class: 4820K(5836K)->4820K(5836K)
[2020-09-23T06:36:18.518+0500][gc           ] GC(89) Pause Young (Normal) (G1 Evacuation Pause) 197M->149M(1024M) 7.328ms
[2020-09-23T06:36:18.518+0500][gc,cpu       ] GC(89) User=0.02s Sys=0.03s Real=0.00s
[2020-09-23T06:53:12.970+0500][gc,start     ] GC(90) Pause Young (Normal) (G1 Evacuation Pause)
[2020-09-23T06:53:12.970+0500][gc,task      ] GC(90) Using 13 workers of 13 for evacuation
[2020-09-23T06:53:12.991+0500][gc,phases    ] GC(90)   Pre Evacuate Collection Set: 6.4ms
[2020-09-23T06:53:12.991+0500][gc,phases    ] GC(90)   Merge Heap Roots: 0.5ms
[2020-09-23T06:53:12.991+0500][gc,phases    ] GC(90)   Evacuate Collection Set: 11.5ms
[2020-09-23T06:53:12.991+0500][gc,phases    ] GC(90)   Post Evacuate Collection Set: 1.4ms
[2020-09-23T06:53:12.991+0500][gc,phases    ] GC(90)   Other: 1.4ms
[2020-09-23T06:53:12.991+0500][gc,heap      ] GC(90) Eden regions: 150->0(99)
[2020-09-23T06:53:12.991+0500][gc,heap      ] GC(90) Survivor regions: 3->4(20)
[2020-09-23T06:53:12.991+0500][gc,heap      ] GC(90) Old regions: 18->18
[2020-09-23T06:53:12.991+0500][gc,heap      ] GC(90) Archive regions: 2->2
[2020-09-23T06:53:12.991+0500][gc,heap      ] GC(90) Humongous regions: 129->129
[2020-09-23T06:53:12.991+0500][gc,metaspace ] GC(90) Metaspace: 40640K(42956K)->40640K(42956K) NonClass: 35819K(37120K)->35819K(37120K) Class: 4820K(5836K)->4820K(5836K)
[2020-09-23T06:53:12.991+0500][gc           ] GC(90) Pause Young (Normal) (G1 Evacuation Pause) 299M->150M(1024M) 21.317ms
[2020-09-23T06:53:12.991+0500][gc,cpu       ] GC(90) User=0.02s Sys=0.08s Real=0.02s
[2020-09-23T07:04:26.920+0500][gc,start     ] GC(91) Pause Young (Normal) (G1 Evacuation Pause)
[2020-09-23T07:04:26.920+0500][gc,task      ] GC(91) Using 13 workers of 13 for evacuation
[2020-09-23T07:04:26.937+0500][gc,phases    ] GC(91)   Pre Evacuate Collection Set: 3.9ms
[2020-09-23T07:04:26.937+0500][gc,phases    ] GC(91)   Merge Heap Roots: 0.5ms
[2020-09-23T07:04:26.937+0500][gc,phases    ] GC(91)   Evacuate Collection Set: 9.8ms
[2020-09-23T07:04:26.937+0500][gc,phases    ] GC(91)   Post Evacuate Collection Set: 1.2ms
[2020-09-23T07:04:26.937+0500][gc,phases    ] GC(91)   Other: 1.7ms
[2020-09-23T07:04:26.937+0500][gc,heap      ] GC(91) Eden regions: 99->0(137)
[2020-09-23T07:04:26.937+0500][gc,heap      ] GC(91) Survivor regions: 4->3(13)
[2020-09-23T07:04:26.937+0500][gc,heap      ] GC(91) Old regions: 18->18
[2020-09-23T07:04:26.937+0500][gc,heap      ] GC(91) Archive regions: 2->2
[2020-09-23T07:04:26.937+0500][gc,heap      ] GC(91) Humongous regions: 129->129
[2020-09-23T07:04:26.937+0500][gc,metaspace ] GC(91) Metaspace: 40640K(42956K)->40640K(42956K) NonClass: 35819K(37120K)->35819K(37120K) Class: 4820K(5836K)->4820K(5836K)
[2020-09-23T07:04:26.937+0500][gc           ] GC(91) Pause Young (Normal) (G1 Evacuation Pause) 249M->149M(1024M) 17.242ms
[2020-09-23T07:04:26.937+0500][gc,cpu       ] GC(91) User=0.01s Sys=0.08s Real=0.01s
[2020-09-23T07:20:09.143+0500][gc,start     ] GC(92) Pause Young (Normal) (G1 Evacuation Pause)
[2020-09-23T07:20:09.144+0500][gc,task      ] GC(92) Using 13 workers of 13 for evacuation
[2020-09-23T07:20:09.155+0500][gc,phases    ] GC(92)   Pre Evacuate Collection Set: 0.1ms
[2020-09-23T07:20:09.155+0500][gc,phases    ] GC(92)   Merge Heap Roots: 0.1ms
[2020-09-23T07:20:09.155+0500][gc,phases    ] GC(92)   Evacuate Collection Set: 8.9ms
[2020-09-23T07:20:09.155+0500][gc,phases    ] GC(92)   Post Evacuate Collection Set: 0.5ms
[2020-09-23T07:20:09.155+0500][gc,phases    ] GC(92)   Other: 3.0ms
[2020-09-23T07:20:09.155+0500][gc,heap      ] GC(92) Eden regions: 137->0(226)
[2020-09-23T07:20:09.155+0500][gc,heap      ] GC(92) Survivor regions: 3->3(18)
[2020-09-23T07:20:09.155+0500][gc,heap      ] GC(92) Old regions: 18->18
[2020-09-23T07:20:09.155+0500][gc,heap      ] GC(92) Archive regions: 2->2
[2020-09-23T07:20:09.155+0500][gc,heap      ] GC(92) Humongous regions: 129->129
[2020-09-23T07:20:09.155+0500][gc,metaspace ] GC(92) Metaspace: 40640K(42956K)->40640K(42956K) NonClass: 35819K(37120K)->35819K(37120K) Class: 4820K(5836K)->4820K(5836K)
[2020-09-23T07:20:09.155+0500][gc           ] GC(92) Pause Young (Normal) (G1 Evacuation Pause) 286M->150M(1024M) 11.927ms
[2020-09-23T07:20:09.155+0500][gc,cpu       ] GC(92) User=0.02s Sys=0.05s Real=0.01s
[2020-09-23T07:45:51.282+0500][gc,start     ] GC(93) Pause Young (Normal) (G1 Evacuation Pause)
[2020-09-23T07:45:51.283+0500][gc,task      ] GC(93) Using 13 workers of 13 for evacuation
[2020-09-23T07:45:51.293+0500][gc,phases    ] GC(93)   Pre Evacuate Collection Set: 2.3ms
[2020-09-23T07:45:51.293+0500][gc,phases    ] GC(93)   Merge Heap Roots: 0.2ms
[2020-09-23T07:45:51.293+0500][gc,phases    ] GC(93)   Evacuate Collection Set: 5.6ms
[2020-09-23T07:45:51.293+0500][gc,phases    ] GC(93)   Post Evacuate Collection Set: 1.9ms
[2020-09-23T07:45:51.293+0500][gc,phases    ] GC(93)   Other: 1.4ms
[2020-09-23T07:45:51.293+0500][gc,heap      ] GC(93) Eden regions: 226->0(464)
[2020-09-23T07:45:51.293+0500][gc,heap      ] GC(93) Survivor regions: 3->3(29)
[2020-09-23T07:45:51.293+0500][gc,heap      ] GC(93) Old regions: 18->18
[2020-09-23T07:45:51.293+0500][gc,heap      ] GC(93) Archive regions: 2->2
[2020-09-23T07:45:51.293+0500][gc,heap      ] GC(93) Humongous regions: 129->129
[2020-09-23T07:45:51.293+0500][gc,metaspace ] GC(93) Metaspace: 40640K(42956K)->40640K(42956K) NonClass: 35819K(37120K)->35819K(37120K) Class: 4820K(5836K)->4820K(5836K)
[2020-09-23T07:45:51.294+0500][gc           ] GC(93) Pause Young (Normal) (G1 Evacuation Pause) 376M->149M(1024M) 11.888ms
[2020-09-23T07:45:51.294+0500][gc,cpu       ] GC(93) User=0.02s Sys=0.05s Real=0.01s
[2020-09-23T08:39:28.794+0500][gc,start     ] GC(94) Pause Young (Normal) (G1 Evacuation Pause)
[2020-09-23T08:39:28.795+0500][gc,task      ] GC(94) Using 13 workers of 13 for evacuation
[2020-09-23T08:39:28.826+0500][gc,mmu       ] GC(94) MMU target violated: 21.0ms (20.0ms/21.0ms)
[2020-09-23T08:39:28.826+0500][gc,phases    ] GC(94)   Pre Evacuate Collection Set: 5.3ms
[2020-09-23T08:39:28.826+0500][gc,phases    ] GC(94)   Merge Heap Roots: 1.8ms
[2020-09-23T08:39:28.826+0500][gc,phases    ] GC(94)   Evacuate Collection Set: 20.6ms
[2020-09-23T08:39:28.826+0500][gc,phases    ] GC(94)   Post Evacuate Collection Set: 1.9ms
[2020-09-23T08:39:28.826+0500][gc,phases    ] GC(94)   Other: 4.2ms
[2020-09-23T08:39:28.826+0500][gc,heap      ] GC(94) Eden regions: 464->0(285)
[2020-09-23T08:39:28.826+0500][gc,heap      ] GC(94) Survivor regions: 3->4(59)
[2020-09-23T08:39:28.826+0500][gc,heap      ] GC(94) Old regions: 18->18
[2020-09-23T08:39:28.826+0500][gc,heap      ] GC(94) Archive regions: 2->2
[2020-09-23T08:39:28.826+0500][gc,heap      ] GC(94) Humongous regions: 129->129
[2020-09-23T08:39:28.826+0500][gc,metaspace ] GC(94) Metaspace: 40640K(42956K)->40640K(42956K) NonClass: 35819K(37120K)->35819K(37120K) Class: 4820K(5836K)->4820K(5836K)
[2020-09-23T08:39:28.826+0500][gc           ] GC(94) Pause Young (Normal) (G1 Evacuation Pause) 613M->150M(1024M) 33.208ms
[2020-09-23T08:39:28.826+0500][gc,cpu       ] GC(94) User=0.03s Sys=0.08s Real=0.03s
[2020-09-23T09:11:11.421+0500][gc,start     ] GC(95) Pause Young (Normal) (G1 Evacuation Pause)
[2020-09-23T09:11:11.422+0500][gc,task      ] GC(95) Using 13 workers of 13 for evacuation
[2020-09-23T09:11:11.441+0500][gc,phases    ] GC(95)   Pre Evacuate Collection Set: 5.1ms
[2020-09-23T09:11:11.441+0500][gc,phases    ] GC(95)   Merge Heap Roots: 0.7ms
[2020-09-23T09:11:11.441+0500][gc,phases    ] GC(95)   Evacuate Collection Set: 11.4ms
[2020-09-23T09:11:11.441+0500][gc,phases    ] GC(95)   Post Evacuate Collection Set: 1.3ms
[2020-09-23T09:11:11.441+0500][gc,phases    ] GC(95)   Other: 1.7ms
[2020-09-23T09:11:11.441+0500][gc,heap      ] GC(95) Eden regions: 285->0(595)
[2020-09-23T09:11:11.441+0500][gc,heap      ] GC(95) Survivor regions: 4->3(37)
[2020-09-23T09:11:11.441+0500][gc,heap      ] GC(95) Old regions: 18->18
[2020-09-23T09:11:11.441+0500][gc,heap      ] GC(95) Archive regions: 2->2
[2020-09-23T09:11:11.441+0500][gc,heap      ] GC(95) Humongous regions: 129->129
[2020-09-23T09:11:11.441+0500][gc,metaspace ] GC(95) Metaspace: 40640K(42956K)->40640K(42956K) NonClass: 35819K(37120K)->35819K(37120K) Class: 4820K(5836K)->4820K(5836K)
[2020-09-23T09:11:11.441+0500][gc           ] GC(95) Pause Young (Normal) (G1 Evacuation Pause) 435M->149M(1024M) 20.320ms
[2020-09-23T09:11:11.441+0500][gc,cpu       ] GC(95) User=0.03s Sys=0.07s Real=0.02s
[2020-09-23T11:14:36.533+0500][gc,start     ] GC(96) Pause Young (Normal) (G1 Evacuation Pause)
[2020-09-23T11:14:36.535+0500][gc,task      ] GC(96) Using 13 workers of 13 for evacuation
[2020-09-23T11:14:36.714+0500][gc,mmu       ] GC(96) MMU target violated: 21.0ms (20.0ms/21.0ms)
[2020-09-23T11:14:36.714+0500][gc,phases    ] GC(96)   Pre Evacuate Collection Set: 7.6ms
[2020-09-23T11:14:36.714+0500][gc,phases    ] GC(96)   Merge Heap Roots: 1.2ms
[2020-09-23T11:14:36.714+0500][gc,phases    ] GC(96)   Evacuate Collection Set: 163.7ms
[2020-09-23T11:14:36.714+0500][gc,phases    ] GC(96)   Post Evacuate Collection Set: 4.0ms
[2020-09-23T11:14:36.714+0500][gc,phases    ] GC(96)   Other: 6.0ms
[2020-09-23T11:14:36.714+0500][gc,heap      ] GC(96) Eden regions: 583->0(47)
[2020-09-23T11:14:36.714+0500][gc,heap      ] GC(96) Survivor regions: 3->4(74)
[2020-09-23T11:14:36.714+0500][gc,heap      ] GC(96) Old regions: 18->18
[2020-09-23T11:14:36.714+0500][gc,heap      ] GC(96) Archive regions: 2->2
[2020-09-23T11:14:36.714+0500][gc,heap      ] GC(96) Humongous regions: 129->129
[2020-09-23T11:14:36.714+0500][gc,metaspace ] GC(96) Metaspace: 40688K(42956K)->40688K(42956K) NonClass: 35867K(37120K)->35867K(37120K) Class: 4820K(5836K)->4820K(5836K)
[2020-09-23T11:14:36.714+0500][gc           ] GC(96) Pause Young (Normal) (G1 Evacuation Pause) 732M->150M(1024M) 181.973ms
[2020-09-23T11:14:36.714+0500][gc,cpu       ] GC(96) User=0.04s Sys=0.22s Real=0.18s
[2020-09-23T11:29:00.934+0500][gc,start     ] GC(97) Pause Young (Normal) (G1 Evacuation Pause)
[2020-09-23T11:29:00.935+0500][gc,task      ] GC(97) Using 13 workers of 13 for evacuation
[2020-09-23T11:29:00.990+0500][gc,mmu       ] GC(97) MMU target violated: 21.0ms (20.0ms/21.0ms)
[2020-09-23T11:29:00.990+0500][gc,phases    ] GC(97)   Pre Evacuate Collection Set: 12.1ms
[2020-09-23T11:29:00.990+0500][gc,phases    ] GC(97)   Merge Heap Roots: 0.2ms
[2020-09-23T11:29:00.990+0500][gc,phases    ] GC(97)   Evacuate Collection Set: 40.7ms
[2020-09-23T11:29:00.990+0500][gc,phases    ] GC(97)   Post Evacuate Collection Set: 1.8ms
[2020-09-23T11:29:00.990+0500][gc,phases    ] GC(97)   Other: 1.0ms
[2020-09-23T11:29:00.990+0500][gc,heap      ] GC(97) Eden regions: 47->0(47)
[2020-09-23T11:29:00.990+0500][gc,heap      ] GC(97) Survivor regions: 4->4(7)
[2020-09-23T11:29:00.990+0500][gc,heap      ] GC(97) Old regions: 18->18
[2020-09-23T11:29:00.990+0500][gc,heap      ] GC(97) Archive regions: 2->2
[2020-09-23T11:29:00.990+0500][gc,heap      ] GC(97) Humongous regions: 129->129
[2020-09-23T11:29:00.990+0500][gc,metaspace ] GC(97) Metaspace: 40688K(42956K)->40688K(42956K) NonClass: 35867K(37120K)->35867K(37120K) Class: 4820K(5836K)->4820K(5836K)
[2020-09-23T11:29:00.990+0500][gc           ] GC(97) Pause Young (Normal) (G1 Evacuation Pause) 197M->150M(1024M) 55.878ms
[2020-09-23T11:29:00.990+0500][gc,cpu       ] GC(97) User=0.03s Sys=0.13s Real=0.06s
[2020-09-23T11:42:34.685+0500][gc,start     ] GC(98) Pause Young (Normal) (G1 Evacuation Pause)
[2020-09-23T11:42:34.686+0500][gc,task      ] GC(98) Using 13 workers of 13 for evacuation
[2020-09-23T11:42:34.714+0500][gc,mmu       ] GC(98) MMU target violated: 21.0ms (20.0ms/21.0ms)
[2020-09-23T11:42:34.714+0500][gc,phases    ] GC(98)   Pre Evacuate Collection Set: 4.1ms
[2020-09-23T11:42:34.714+0500][gc,phases    ] GC(98)   Merge Heap Roots: 0.6ms
[2020-09-23T11:42:34.714+0500][gc,phases    ] GC(98)   Evacuate Collection Set: 21.9ms
[2020-09-23T11:42:34.714+0500][gc,phases    ] GC(98)   Post Evacuate Collection Set: 1.7ms
[2020-09-23T11:42:34.714+0500][gc,phases    ] GC(98)   Other: 1.8ms
[2020-09-23T11:42:34.714+0500][gc,heap      ] GC(98) Eden regions: 47->0(48)
[2020-09-23T11:42:34.714+0500][gc,heap      ] GC(98) Survivor regions: 4->3(7)
[2020-09-23T11:42:34.714+0500][gc,heap      ] GC(98) Old regions: 18->18
[2020-09-23T11:42:34.714+0500][gc,heap      ] GC(98) Archive regions: 2->2
[2020-09-23T11:42:34.714+0500][gc,heap      ] GC(98) Humongous regions: 129->129
[2020-09-23T11:42:34.714+0500][gc,metaspace ] GC(98) Metaspace: 40688K(42956K)->40688K(42956K) NonClass: 35868K(37120K)->35868K(37120K) Class: 4820K(5836K)->4820K(5836K)
[2020-09-23T11:42:34.714+0500][gc           ] GC(98) Pause Young (Normal) (G1 Evacuation Pause) 197M->150M(1024M) 29.657ms
[2020-09-23T11:42:34.714+0500][gc,cpu       ] GC(98) User=0.02s Sys=0.08s Real=0.03s
[2020-09-23T11:57:17.279+0500][gc,start     ] GC(99) Pause Young (Normal) (G1 Evacuation Pause)
[2020-09-23T11:57:17.280+0500][gc,task      ] GC(99) Using 13 workers of 13 for evacuation
[2020-09-23T11:57:17.329+0500][gc,mmu       ] GC(99) MMU target violated: 21.0ms (20.0ms/21.0ms)
[2020-09-23T11:57:17.329+0500][gc,phases    ] GC(99)   Pre Evacuate Collection Set: 4.5ms
[2020-09-23T11:57:17.329+0500][gc,phases    ] GC(99)   Merge Heap Roots: 1.2ms
[2020-09-23T11:57:17.329+0500][gc,phases    ] GC(99)   Evacuate Collection Set: 40.2ms
[2020-09-23T11:57:17.329+0500][gc,phases    ] GC(99)   Post Evacuate Collection Set: 1.8ms
[2020-09-23T11:57:17.329+0500][gc,phases    ] GC(99)   Other: 2.6ms
[2020-09-23T11:57:17.329+0500][gc,heap      ] GC(99) Eden regions: 48->0(47)
[2020-09-23T11:57:17.329+0500][gc,heap      ] GC(99) Survivor regions: 3->4(7)
[2020-09-23T11:57:17.329+0500][gc,heap      ] GC(99) Old regions: 18->18
[2020-09-23T11:57:17.329+0500][gc,heap      ] GC(99) Archive regions: 2->2
[2020-09-23T11:57:17.329+0500][gc,heap      ] GC(99) Humongous regions: 129->129
[2020-09-23T11:57:17.329+0500][gc,metaspace ] GC(99) Metaspace: 40688K(42956K)->40688K(42956K) NonClass: 35868K(37120K)->35868K(37120K) Class: 4820K(5836K)->4820K(5836K)
[2020-09-23T11:57:17.330+0500][gc           ] GC(99) Pause Young (Normal) (G1 Evacuation Pause) 198M->150M(1024M) 50.320ms
[2020-09-23T11:57:17.330+0500][gc,cpu       ] GC(99) User=0.02s Sys=0.13s Real=0.06s
[2020-09-23T12:11:29.479+0500][gc,start     ] GC(100) Pause Young (Normal) (G1 Evacuation Pause)
[2020-09-23T12:11:29.480+0500][gc,task      ] GC(100) Using 13 workers of 13 for evacuation
[2020-09-23T12:11:29.494+0500][gc,phases    ] GC(100)   Pre Evacuate Collection Set: 2.7ms
[2020-09-23T12:11:29.494+0500][gc,phases    ] GC(100)   Merge Heap Roots: 0.5ms
[2020-09-23T12:11:29.494+0500][gc,phases    ] GC(100)   Evacuate Collection Set: 9.0ms
[2020-09-23T12:11:29.494+0500][gc,phases    ] GC(100)   Post Evacuate Collection Set: 1.1ms
[2020-09-23T12:11:29.494+0500][gc,phases    ] GC(100)   Other: 0.9ms
[2020-09-23T12:11:29.494+0500][gc,heap      ] GC(100) Eden regions: 47->0(47)
[2020-09-23T12:11:29.494+0500][gc,heap      ] GC(100) Survivor regions: 4->4(7)
[2020-09-23T12:11:29.494+0500][gc,heap      ] GC(100) Old regions: 18->18
[2020-09-23T12:11:29.494+0500][gc,heap      ] GC(100) Archive regions: 2->2
[2020-09-23T12:11:29.494+0500][gc,heap      ] GC(100) Humongous regions: 129->129
[2020-09-23T12:11:29.494+0500][gc,metaspace ] GC(100) Metaspace: 40689K(42956K)->40689K(42956K) NonClass: 35868K(37120K)->35868K(37120K) Class: 4820K(5836K)->4820K(5836K)
[2020-09-23T12:11:29.494+0500][gc           ] GC(100) Pause Young (Normal) (G1 Evacuation Pause) 197M->150M(1024M) 14.349ms
[2020-09-23T12:11:29.494+0500][gc,cpu       ] GC(100) User=0.02s Sys=0.06s Real=0.02s
[2020-09-23T12:25:29.722+0500][gc,start     ] GC(101) Pause Young (Normal) (G1 Evacuation Pause)
[2020-09-23T12:25:29.723+0500][gc,task      ] GC(101) Using 13 workers of 13 for evacuation
[2020-09-23T12:25:29.747+0500][gc,mmu       ] GC(101) MMU target violated: 21.0ms (20.0ms/21.0ms)
[2020-09-23T12:25:29.747+0500][gc,phases    ] GC(101)   Pre Evacuate Collection Set: 3.5ms
[2020-09-23T12:25:29.747+0500][gc,phases    ] GC(101)   Merge Heap Roots: 0.6ms
[2020-09-23T12:25:29.747+0500][gc,phases    ] GC(101)   Evacuate Collection Set: 18.7ms
[2020-09-23T12:25:29.747+0500][gc,phases    ] GC(101)   Post Evacuate Collection Set: 1.2ms
[2020-09-23T12:25:29.747+0500][gc,phases    ] GC(101)   Other: 0.9ms
[2020-09-23T12:25:29.747+0500][gc,heap      ] GC(101) Eden regions: 47->0(48)
[2020-09-23T12:25:29.747+0500][gc,heap      ] GC(101) Survivor regions: 4->3(7)
[2020-09-23T12:25:29.747+0500][gc,heap      ] GC(101) Old regions: 18->18
[2020-09-23T12:25:29.747+0500][gc,heap      ] GC(101) Archive regions: 2->2
[2020-09-23T12:25:29.747+0500][gc,heap      ] GC(101) Humongous regions: 129->129
[2020-09-23T12:25:29.747+0500][gc,metaspace ] GC(101) Metaspace: 40753K(43212K)->40753K(43212K) NonClass: 35932K(37376K)->35932K(37376K) Class: 4820K(5836K)->4820K(5836K)
[2020-09-23T12:25:29.747+0500][gc           ] GC(101) Pause Young (Normal) (G1 Evacuation Pause) 197M->150M(1024M) 25.049ms
[2020-09-23T12:25:29.747+0500][gc,cpu       ] GC(101) User=0.02s Sys=0.13s Real=0.02s
[2020-09-23T12:40:18.924+0500][gc,start     ] GC(102) Pause Young (Normal) (G1 Evacuation Pause)
[2020-09-23T12:40:18.926+0500][gc,task      ] GC(102) Using 13 workers of 13 for evacuation
[2020-09-23T12:40:18.948+0500][gc,mmu       ] GC(102) MMU target violated: 20.6ms (20.0ms/21.0ms)
[2020-09-23T12:40:18.948+0500][gc,phases    ] GC(102)   Pre Evacuate Collection Set: 3.7ms
[2020-09-23T12:40:18.948+0500][gc,phases    ] GC(102)   Merge Heap Roots: 0.3ms
[2020-09-23T12:40:18.948+0500][gc,phases    ] GC(102)   Evacuate Collection Set: 15.5ms
[2020-09-23T12:40:18.948+0500][gc,phases    ] GC(102)   Post Evacuate Collection Set: 1.0ms
[2020-09-23T12:40:18.948+0500][gc,phases    ] GC(102)   Other: 6.8ms
[2020-09-23T12:40:18.948+0500][gc,heap      ] GC(102) Eden regions: 48->0(47)
[2020-09-23T12:40:18.948+0500][gc,heap      ] GC(102) Survivor regions: 3->4(7)
[2020-09-23T12:40:18.948+0500][gc,heap      ] GC(102) Old regions: 18->18
[2020-09-23T12:40:18.948+0500][gc,heap      ] GC(102) Archive regions: 2->2
[2020-09-23T12:40:18.948+0500][gc,heap      ] GC(102) Humongous regions: 129->129
[2020-09-23T12:40:18.948+0500][gc,metaspace ] GC(102) Metaspace: 40753K(43212K)->40753K(43212K) NonClass: 35932K(37376K)->35932K(37376K) Class: 4820K(5836K)->4820K(5836K)
[2020-09-23T12:40:18.948+0500][gc           ] GC(102) Pause Young (Normal) (G1 Evacuation Pause) 198M->150M(1024M) 23.669ms
[2020-09-23T12:40:18.948+0500][gc,cpu       ] GC(102) User=0.02s Sys=0.10s Real=0.02s
[2020-09-23T12:53:53.659+0500][gc,start     ] GC(103) Pause Young (Normal) (G1 Evacuation Pause)
[2020-09-23T12:53:53.659+0500][gc,task      ] GC(103) Using 13 workers of 13 for evacuation
[2020-09-23T12:53:53.674+0500][gc,phases    ] GC(103)   Pre Evacuate Collection Set: 2.5ms
[2020-09-23T12:53:53.674+0500][gc,phases    ] GC(103)   Merge Heap Roots: 0.2ms
[2020-09-23T12:53:53.674+0500][gc,phases    ] GC(103)   Evacuate Collection Set: 11.1ms
[2020-09-23T12:53:53.674+0500][gc,phases    ] GC(103)   Post Evacuate Collection Set: 1.1ms
[2020-09-23T12:53:53.674+0500][gc,phases    ] GC(103)   Other: 0.9ms
[2020-09-23T12:53:53.674+0500][gc,heap      ] GC(103) Eden regions: 47->0(47)
[2020-09-23T12:53:53.675+0500][gc,heap      ] GC(103) Survivor regions: 4->4(7)
[2020-09-23T12:53:53.675+0500][gc,heap      ] GC(103) Old regions: 18->18
[2020-09-23T12:53:53.675+0500][gc,heap      ] GC(103) Archive regions: 2->2
[2020-09-23T12:53:53.675+0500][gc,heap      ] GC(103) Humongous regions: 129->129
[2020-09-23T12:53:53.675+0500][gc,metaspace ] GC(103) Metaspace: 40753K(43212K)->40753K(43212K) NonClass: 35932K(37376K)->35932K(37376K) Class: 4820K(5836K)->4820K(5836K)
[2020-09-23T12:53:53.675+0500][gc           ] GC(103) Pause Young (Normal) (G1 Evacuation Pause) 197M->150M(1024M) 16.435ms
[2020-09-23T12:53:53.675+0500][gc,cpu       ] GC(103) User=0.02s Sys=0.09s Real=0.02s
[2020-09-23T13:08:04.734+0500][gc,start     ] GC(104) Pause Young (Normal) (G1 Evacuation Pause)
[2020-09-23T13:08:04.736+0500][gc,task      ] GC(104) Using 13 workers of 13 for evacuation
[2020-09-23T13:08:04.753+0500][gc,phases    ] GC(104)   Pre Evacuate Collection Set: 3.0ms
[2020-09-23T13:08:04.753+0500][gc,phases    ] GC(104)   Merge Heap Roots: 0.3ms
[2020-09-23T13:08:04.753+0500][gc,phases    ] GC(104)   Evacuate Collection Set: 12.7ms
[2020-09-23T13:08:04.753+0500][gc,phases    ] GC(104)   Post Evacuate Collection Set: 1.6ms
[2020-09-23T13:08:04.754+0500][gc,phases    ] GC(104)   Other: 1.5ms
[2020-09-23T13:08:04.754+0500][gc,heap      ] GC(104) Eden regions: 47->0(48)
[2020-09-23T13:08:04.754+0500][gc,heap      ] GC(104) Survivor regions: 4->3(7)
[2020-09-23T13:08:04.754+0500][gc,heap      ] GC(104) Old regions: 18->18
[2020-09-23T13:08:04.754+0500][gc,heap      ] GC(104) Archive regions: 2->2
[2020-09-23T13:08:04.754+0500][gc,heap      ] GC(104) Humongous regions: 129->129
[2020-09-23T13:08:04.754+0500][gc,metaspace ] GC(104) Metaspace: 40753K(43212K)->40753K(43212K) NonClass: 35932K(37376K)->35932K(37376K) Class: 4820K(5836K)->4820K(5836K)
[2020-09-23T13:08:04.754+0500][gc           ] GC(104) Pause Young (Normal) (G1 Evacuation Pause) 197M->150M(1024M) 19.286ms
[2020-09-23T13:08:04.754+0500][gc,cpu       ] GC(104) User=0.02s Sys=0.10s Real=0.02s
[2020-09-23T13:22:49.759+0500][gc,start     ] GC(105) Pause Young (Normal) (G1 Evacuation Pause)
[2020-09-23T13:22:49.760+0500][gc,task      ] GC(105) Using 13 workers of 13 for evacuation
[2020-09-23T13:22:49.784+0500][gc,mmu       ] GC(105) MMU target violated: 21.0ms (20.0ms/21.0ms)
[2020-09-23T13:22:49.784+0500][gc,phases    ] GC(105)   Pre Evacuate Collection Set: 2.8ms
[2020-09-23T13:22:49.784+0500][gc,phases    ] GC(105)   Merge Heap Roots: 0.2ms
[2020-09-23T13:22:49.784+0500][gc,phases    ] GC(105)   Evacuate Collection Set: 18.9ms
[2020-09-23T13:22:49.784+0500][gc,phases    ] GC(105)   Post Evacuate Collection Set: 1.1ms
[2020-09-23T13:22:49.784+0500][gc,phases    ] GC(105)   Other: 1.4ms
[2020-09-23T13:22:49.784+0500][gc,heap      ] GC(105) Eden regions: 48->0(47)
[2020-09-23T13:22:49.784+0500][gc,heap      ] GC(105) Survivor regions: 3->4(7)
[2020-09-23T13:22:49.784+0500][gc,heap      ] GC(105) Old regions: 18->18
[2020-09-23T13:22:49.784+0500][gc,heap      ] GC(105) Archive regions: 2->2
[2020-09-23T13:22:49.784+0500][gc,heap      ] GC(105) Humongous regions: 129->129
[2020-09-23T13:22:49.784+0500][gc,metaspace ] GC(105) Metaspace: 40787K(43212K)->40787K(43212K) NonClass: 35967K(37376K)->35967K(37376K) Class: 4820K(5836K)->4820K(5836K)
[2020-09-23T13:22:49.784+0500][gc           ] GC(105) Pause Young (Normal) (G1 Evacuation Pause) 198M->150M(1024M) 25.051ms
[2020-09-23T13:22:49.784+0500][gc,cpu       ] GC(105) User=0.03s Sys=0.11s Real=0.03s
[2020-09-23T13:37:14.760+0500][gc,start     ] GC(106) Pause Young (Normal) (G1 Evacuation Pause)
[2020-09-23T13:37:14.761+0500][gc,task      ] GC(106) Using 13 workers of 13 for evacuation
[2020-09-23T13:37:14.789+0500][gc,mmu       ] GC(106) MMU target violated: 21.0ms (20.0ms/21.0ms)
[2020-09-23T13:37:14.789+0500][gc,phases    ] GC(106)   Pre Evacuate Collection Set: 5.5ms
[2020-09-23T13:37:14.789+0500][gc,phases    ] GC(106)   Merge Heap Roots: 1.8ms
[2020-09-23T13:37:14.789+0500][gc,phases    ] GC(106)   Evacuate Collection Set: 17.3ms
[2020-09-23T13:37:14.789+0500][gc,phases    ] GC(106)   Post Evacuate Collection Set: 1.0ms
[2020-09-23T13:37:14.789+0500][gc,phases    ] GC(106)   Other: 4.3ms
[2020-09-23T13:37:14.789+0500][gc,heap      ] GC(106) Eden regions: 47->0(47)
[2020-09-23T13:37:14.789+0500][gc,heap      ] GC(106) Survivor regions: 4->4(7)
[2020-09-23T13:37:14.789+0500][gc,heap      ] GC(106) Old regions: 18->18
[2020-09-23T13:37:14.789+0500][gc,heap      ] GC(106) Archive regions: 2->2
[2020-09-23T13:37:14.789+0500][gc,heap      ] GC(106) Humongous regions: 129->129
[2020-09-23T13:37:14.789+0500][gc,metaspace ] GC(106) Metaspace: 40792K(43212K)->40792K(43212K) NonClass: 35971K(37376K)->35971K(37376K) Class: 4820K(5836K)->4820K(5836K)
[2020-09-23T13:37:14.789+0500][gc           ] GC(106) Pause Young (Normal) (G1 Evacuation Pause) 197M->150M(1024M) 28.946ms
[2020-09-23T13:37:14.789+0500][gc,cpu       ] GC(106) User=0.02s Sys=0.10s Real=0.02s
[2020-09-23T13:51:01.805+0500][gc,start     ] GC(107) Pause Young (Normal) (G1 Evacuation Pause)
[2020-09-23T13:51:01.807+0500][gc,task      ] GC(107) Using 13 workers of 13 for evacuation
[2020-09-23T13:51:01.823+0500][gc,phases    ] GC(107)   Pre Evacuate Collection Set: 3.1ms
[2020-09-23T13:51:01.823+0500][gc,phases    ] GC(107)   Merge Heap Roots: 0.2ms
[2020-09-23T13:51:01.823+0500][gc,phases    ] GC(107)   Evacuate Collection Set: 10.4ms
[2020-09-23T13:51:01.823+0500][gc,phases    ] GC(107)   Post Evacuate Collection Set: 1.9ms
[2020-09-23T13:51:01.823+0500][gc,phases    ] GC(107)   Other: 1.7ms
[2020-09-23T13:51:01.823+0500][gc,heap      ] GC(107) Eden regions: 47->0(48)
[2020-09-23T13:51:01.823+0500][gc,heap      ] GC(107) Survivor regions: 4->3(7)
[2020-09-23T13:51:01.823+0500][gc,heap      ] GC(107) Old regions: 18->18
[2020-09-23T13:51:01.823+0500][gc,heap      ] GC(107) Archive regions: 2->2
[2020-09-23T13:51:01.823+0500][gc,heap      ] GC(107) Humongous regions: 129->129
[2020-09-23T13:51:01.823+0500][gc,metaspace ] GC(107) Metaspace: 40792K(43212K)->40792K(43212K) NonClass: 35971K(37376K)->35971K(37376K) Class: 4820K(5836K)->4820K(5836K)
[2020-09-23T13:51:01.823+0500][gc           ] GC(107) Pause Young (Normal) (G1 Evacuation Pause) 197M->150M(1024M) 17.798ms
[2020-09-23T13:51:01.823+0500][gc,cpu       ] GC(107) User=0.03s Sys=0.09s Real=0.02s
[2020-09-23T14:05:46.558+0500][gc,start     ] GC(108) Pause Young (Normal) (G1 Evacuation Pause)
[2020-09-23T14:05:46.558+0500][gc,task      ] GC(108) Using 13 workers of 13 for evacuation
[2020-09-23T14:05:46.576+0500][gc,phases    ] GC(108)   Pre Evacuate Collection Set: 2.5ms
[2020-09-23T14:05:46.576+0500][gc,phases    ] GC(108)   Merge Heap Roots: 0.2ms
[2020-09-23T14:05:46.576+0500][gc,phases    ] GC(108)   Evacuate Collection Set: 13.7ms
[2020-09-23T14:05:46.576+0500][gc,phases    ] GC(108)   Post Evacuate Collection Set: 1.2ms
[2020-09-23T14:05:46.576+0500][gc,phases    ] GC(108)   Other: 0.8ms
[2020-09-23T14:05:46.576+0500][gc,heap      ] GC(108) Eden regions: 48->0(47)
[2020-09-23T14:05:46.576+0500][gc,heap      ] GC(108) Survivor regions: 3->4(7)
[2020-09-23T14:05:46.576+0500][gc,heap      ] GC(108) Old regions: 18->18
[2020-09-23T14:05:46.576+0500][gc,heap      ] GC(108) Archive regions: 2->2
[2020-09-23T14:05:46.576+0500][gc,heap      ] GC(108) Humongous regions: 129->129
[2020-09-23T14:05:46.576+0500][gc,metaspace ] GC(108) Metaspace: 40792K(43212K)->40792K(43212K) NonClass: 35971K(37376K)->35971K(37376K) Class: 4820K(5836K)->4820K(5836K)
[2020-09-23T14:05:46.576+0500][gc           ] GC(108) Pause Young (Normal) (G1 Evacuation Pause) 198M->151M(1024M) 18.486ms
[2020-09-23T14:05:46.576+0500][gc,cpu       ] GC(108) User=0.03s Sys=0.08s Real=0.02s
[2020-09-23T14:20:24.788+0500][gc,start     ] GC(109) Pause Young (Normal) (G1 Evacuation Pause)
[2020-09-23T14:20:24.789+0500][gc,task      ] GC(109) Using 13 workers of 13 for evacuation
[2020-09-23T14:20:24.796+0500][gc,phases    ] GC(109)   Pre Evacuate Collection Set: 0.2ms
[2020-09-23T14:20:24.796+0500][gc,phases    ] GC(109)   Merge Heap Roots: 1.6ms
[2020-09-23T14:20:24.796+0500][gc,phases    ] GC(109)   Evacuate Collection Set: 5.2ms
[2020-09-23T14:20:24.796+0500][gc,phases    ] GC(109)   Post Evacuate Collection Set: 0.3ms
[2020-09-23T14:20:24.797+0500][gc,phases    ] GC(109)   Other: 1.5ms
[2020-09-23T14:20:24.797+0500][gc,heap      ] GC(109) Eden regions: 47->0(91)
[2020-09-23T14:20:24.797+0500][gc,heap      ] GC(109) Survivor regions: 4->4(7)
[2020-09-23T14:20:24.797+0500][gc,heap      ] GC(109) Old regions: 18->18
[2020-09-23T14:20:24.797+0500][gc,heap      ] GC(109) Archive regions: 2->2
[2020-09-23T14:20:24.797+0500][gc,heap      ] GC(109) Humongous regions: 129->129
[2020-09-23T14:20:24.797+0500][gc,metaspace ] GC(109) Metaspace: 40792K(43212K)->40792K(43212K) NonClass: 35971K(37376K)->35971K(37376K) Class: 4820K(5836K)->4820K(5836K)
[2020-09-23T14:20:24.797+0500][gc           ] GC(109) Pause Young (Normal) (G1 Evacuation Pause) 198M->150M(1024M) 9.095ms
[2020-09-23T14:20:24.797+0500][gc,cpu       ] GC(109) User=0.03s Sys=0.03s Real=0.01s
[2020-09-23T14:30:44.575+0500][gc,heap,exit ] Heap
[2020-09-23T14:30:44.575+0500][gc,heap,exit ]  garbage-first heap   total 1048576K, used 198558K [0x00000007c0000000, 0x0000000800000000)
[2020-09-23T14:30:44.575+0500][gc,heap,exit ]   region size 1024K, 48 young (49152K), 4 survivors (4096K)
[2020-09-23T14:30:44.575+0500][gc,heap,exit ]  Metaspace       used 41406K, capacity 43602K, committed 43724K, reserved 1087488K
[2020-09-23T14:30:44.575+0500][gc,heap,exit ]   class space    used 4982K, capacity 5975K, committed 6092K, reserved 1048576K
