[2020-09-21T17:42:49.008+0500][gc,heap] Heap region size: 1M
[2020-09-21T17:42:49.008+0500][gc,heap,coops] Heap address: 0x00000007c0000000, size: 1024 MB, Compressed Oops mode: Zero based, Oop shift amount: 3
[2020-09-21T17:42:49.015+0500][gc           ] Using G1
[2020-09-21T17:42:49.015+0500][gc,cds       ] Mark closed archive regions in map: [0x00000007fff00000, 0x00000007fff7aff8]
[2020-09-21T17:42:49.015+0500][gc,cds       ] Mark open archive regions in map: [0x00000007ffe00000, 0x00000007ffe50ff8]
[2020-09-21T17:42:49.030+0500][gc           ] Periodic GC disabled
[2020-09-21T17:42:49.962+0500][gc,start     ] GC(0) Pause Young (Normal) (G1 Evacuation Pause)
[2020-09-21T17:42:49.963+0500][gc,task      ] GC(0) Using 13 workers of 13 for evacuation
[2020-09-21T17:42:49.967+0500][gc,phases    ] GC(0)   Pre Evacuate Collection Set: 0.1ms
[2020-09-21T17:42:49.967+0500][gc,phases    ] GC(0)   Merge Heap Roots: 0.0ms
[2020-09-21T17:42:49.967+0500][gc,phases    ] GC(0)   Evacuate Collection Set: 3.4ms
[2020-09-21T17:42:49.967+0500][gc,phases    ] GC(0)   Post Evacuate Collection Set: 0.5ms
[2020-09-21T17:42:49.967+0500][gc,phases    ] GC(0)   Other: 0.5ms
[2020-09-21T17:42:49.967+0500][gc,heap      ] GC(0) Eden regions: 51->0(44)
[2020-09-21T17:42:49.967+0500][gc,heap      ] GC(0) Survivor regions: 0->7(7)
[2020-09-21T17:42:49.967+0500][gc,heap      ] GC(0) Old regions: 0->0
[2020-09-21T17:42:49.967+0500][gc,heap      ] GC(0) Archive regions: 2->2
[2020-09-21T17:42:49.967+0500][gc,heap      ] GC(0) Humongous regions: 0->0
[2020-09-21T17:42:49.967+0500][gc,metaspace ] GC(0) Metaspace: 15228K(15872K)->15228K(15872K) NonClass: 13335K(13824K)->13335K(13824K) Class: 1892K(2048K)->1892K(2048K)
[2020-09-21T17:42:49.967+0500][gc           ] GC(0) Pause Young (Normal) (G1 Evacuation Pause) 51M->7M(1024M) 4.773ms
[2020-09-21T17:42:49.967+0500][gc,cpu       ] GC(0) User=0.02s Sys=0.02s Real=0.00s
[2020-09-21T17:42:50.196+0500][gc,start     ] GC(1) Pause Young (Concurrent Start) (Metadata GC Threshold)
[2020-09-21T17:42:50.196+0500][gc,task      ] GC(1) Using 13 workers of 13 for evacuation
[2020-09-21T17:42:50.201+0500][gc,phases    ] GC(1)   Pre Evacuate Collection Set: 0.1ms
[2020-09-21T17:42:50.201+0500][gc,phases    ] GC(1)   Merge Heap Roots: 0.1ms
[2020-09-21T17:42:50.201+0500][gc,phases    ] GC(1)   Evacuate Collection Set: 4.1ms
[2020-09-21T17:42:50.201+0500][gc,phases    ] GC(1)   Post Evacuate Collection Set: 0.4ms
[2020-09-21T17:42:50.201+0500][gc,phases    ] GC(1)   Other: 0.4ms
[2020-09-21T17:42:50.201+0500][gc,heap      ] GC(1) Eden regions: 22->0(49)
[2020-09-21T17:42:50.201+0500][gc,heap      ] GC(1) Survivor regions: 7->2(7)
[2020-09-21T17:42:50.201+0500][gc,heap      ] GC(1) Old regions: 0->6
[2020-09-21T17:42:50.201+0500][gc,heap      ] GC(1) Archive regions: 2->2
[2020-09-21T17:42:50.201+0500][gc,heap      ] GC(1) Humongous regions: 0->0
[2020-09-21T17:42:50.201+0500][gc,metaspace ] GC(1) Metaspace: 20638K(21248K)->20638K(21248K) NonClass: 18105K(18432K)->18105K(18432K) Class: 2533K(2816K)->2533K(2816K)
[2020-09-21T17:42:50.201+0500][gc           ] GC(1) Pause Young (Concurrent Start) (Metadata GC Threshold) 29M->7M(1024M) 5.224ms
[2020-09-21T17:42:50.201+0500][gc,cpu       ] GC(1) User=0.03s Sys=0.03s Real=0.01s
[2020-09-21T17:42:50.202+0500][gc           ] GC(2) Concurrent Cycle
[2020-09-21T17:42:50.202+0500][gc,marking   ] GC(2) Concurrent Clear Claimed Marks
[2020-09-21T17:42:50.202+0500][gc,marking   ] GC(2) Concurrent Clear Claimed Marks 0.058ms
[2020-09-21T17:42:50.202+0500][gc,marking   ] GC(2) Concurrent Scan Root Regions
[2020-09-21T17:42:50.203+0500][gc,marking   ] GC(2) Concurrent Scan Root Regions 1.505ms
[2020-09-21T17:42:50.203+0500][gc,marking   ] GC(2) Concurrent Mark (1.200s)
[2020-09-21T17:42:50.203+0500][gc,marking   ] GC(2) Concurrent Mark From Roots
[2020-09-21T17:42:50.203+0500][gc,task      ] GC(2) Using 3 workers of 3 for marking
[2020-09-21T17:42:50.204+0500][gc,marking   ] GC(2) Concurrent Mark From Roots 1.056ms
[2020-09-21T17:42:50.204+0500][gc,marking   ] GC(2) Concurrent Preclean
[2020-09-21T17:42:50.204+0500][gc,marking   ] GC(2) Concurrent Preclean 0.036ms
[2020-09-21T17:42:50.204+0500][gc,marking   ] GC(2) Concurrent Mark (1.200s, 1.202s) 1.166ms
[2020-09-21T17:42:50.204+0500][gc,start     ] GC(2) Pause Remark
[2020-09-21T17:42:50.205+0500][gc           ] GC(2) Pause Remark 8M->8M(1024M) 0.579ms
[2020-09-21T17:42:50.205+0500][gc,cpu       ] GC(2) User=0.00s Sys=0.00s Real=0.00s
[2020-09-21T17:42:50.205+0500][gc,marking   ] GC(2) Concurrent Rebuild Remembered Sets
[2020-09-21T17:42:50.206+0500][gc,marking   ] GC(2) Concurrent Rebuild Remembered Sets 1.235ms
[2020-09-21T17:42:50.207+0500][gc,start     ] GC(2) Pause Cleanup
[2020-09-21T17:42:50.207+0500][gc           ] GC(2) Pause Cleanup 8M->8M(1024M) 0.086ms
[2020-09-21T17:42:50.207+0500][gc,cpu       ] GC(2) User=0.00s Sys=0.00s Real=0.00s
[2020-09-21T17:42:50.207+0500][gc,marking   ] GC(2) Concurrent Cleanup for Next Mark
[2020-09-21T17:42:50.212+0500][gc,marking   ] GC(2) Concurrent Cleanup for Next Mark 5.321ms
[2020-09-21T17:42:50.212+0500][gc           ] GC(2) Concurrent Cycle 10.641ms
[2020-09-21T17:42:50.816+0500][gc,start     ] GC(3) Pause Young (Normal) (G1 Evacuation Pause)
[2020-09-21T17:42:50.816+0500][gc,task      ] GC(3) Using 13 workers of 13 for evacuation
[2020-09-21T17:42:50.818+0500][gc,phases    ] GC(3)   Pre Evacuate Collection Set: 0.1ms
[2020-09-21T17:42:50.818+0500][gc,phases    ] GC(3)   Merge Heap Roots: 0.0ms
[2020-09-21T17:42:50.819+0500][gc,phases    ] GC(3)   Evacuate Collection Set: 1.5ms
[2020-09-21T17:42:50.819+0500][gc,phases    ] GC(3)   Post Evacuate Collection Set: 0.3ms
[2020-09-21T17:42:50.819+0500][gc,phases    ] GC(3)   Other: 0.2ms
[2020-09-21T17:42:50.819+0500][gc,heap      ] GC(3) Eden regions: 49->0(46)
[2020-09-21T17:42:50.819+0500][gc,heap      ] GC(3) Survivor regions: 2->5(7)
[2020-09-21T17:42:50.819+0500][gc,heap      ] GC(3) Old regions: 6->6
[2020-09-21T17:42:50.819+0500][gc,heap      ] GC(3) Archive regions: 2->2
[2020-09-21T17:42:50.819+0500][gc,heap      ] GC(3) Humongous regions: 129->129
[2020-09-21T17:42:50.819+0500][gc,metaspace ] GC(3) Metaspace: 28307K(29312K)->28307K(29312K) NonClass: 25046K(25600K)->25046K(25600K) Class: 3260K(3712K)->3260K(3712K)
[2020-09-21T17:42:50.819+0500][gc           ] GC(3) Pause Young (Normal) (G1 Evacuation Pause) 185M->140M(1024M) 2.216ms
[2020-09-21T17:42:50.819+0500][gc,cpu       ] GC(3) User=0.02s Sys=0.00s Real=0.00s
[2020-09-21T17:42:51.074+0500][gc,start     ] GC(4) Pause Young (Concurrent Start) (Metadata GC Threshold)
[2020-09-21T17:42:51.074+0500][gc,task      ] GC(4) Using 13 workers of 13 for evacuation
[2020-09-21T17:42:51.078+0500][gc,phases    ] GC(4)   Pre Evacuate Collection Set: 0.1ms
[2020-09-21T17:42:51.078+0500][gc,phases    ] GC(4)   Merge Heap Roots: 0.0ms
[2020-09-21T17:42:51.078+0500][gc,phases    ] GC(4)   Evacuate Collection Set: 2.4ms
[2020-09-21T17:42:51.078+0500][gc,phases    ] GC(4)   Post Evacuate Collection Set: 0.6ms
[2020-09-21T17:42:51.078+0500][gc,phases    ] GC(4)   Other: 0.2ms
[2020-09-21T17:42:51.078+0500][gc,heap      ] GC(4) Eden regions: 29->0(45)
[2020-09-21T17:42:51.078+0500][gc,heap      ] GC(4) Survivor regions: 5->6(7)
[2020-09-21T17:42:51.078+0500][gc,heap      ] GC(4) Old regions: 6->7
[2020-09-21T17:42:51.078+0500][gc,heap      ] GC(4) Archive regions: 2->2
[2020-09-21T17:42:51.078+0500][gc,heap      ] GC(4) Humongous regions: 129->129
[2020-09-21T17:42:51.078+0500][gc,metaspace ] GC(4) Metaspace: 34541K(35840K)->34541K(35840K) NonClass: 30574K(31232K)->30574K(31232K) Class: 3966K(4608K)->3966K(4608K)
[2020-09-21T17:42:51.078+0500][gc           ] GC(4) Pause Young (Concurrent Start) (Metadata GC Threshold) 168M->141M(1024M) 3.666ms
[2020-09-21T17:42:51.078+0500][gc,cpu       ] GC(4) User=0.03s Sys=0.00s Real=0.00s
[2020-09-21T17:42:51.078+0500][gc           ] GC(5) Concurrent Cycle
[2020-09-21T17:42:51.078+0500][gc,marking   ] GC(5) Concurrent Clear Claimed Marks
[2020-09-21T17:42:51.078+0500][gc,marking   ] GC(5) Concurrent Clear Claimed Marks 0.223ms
[2020-09-21T17:42:51.078+0500][gc,marking   ] GC(5) Concurrent Scan Root Regions
[2020-09-21T17:42:51.080+0500][gc,marking   ] GC(5) Concurrent Scan Root Regions 1.969ms
[2020-09-21T17:42:51.080+0500][gc,marking   ] GC(5) Concurrent Mark (2.077s)
[2020-09-21T17:42:51.080+0500][gc,marking   ] GC(5) Concurrent Mark From Roots
[2020-09-21T17:42:51.080+0500][gc,task      ] GC(5) Using 3 workers of 3 for marking
[2020-09-21T17:42:51.083+0500][gc,marking   ] GC(5) Concurrent Mark From Roots 2.741ms
[2020-09-21T17:42:51.083+0500][gc,marking   ] GC(5) Concurrent Preclean
[2020-09-21T17:42:51.083+0500][gc,marking   ] GC(5) Concurrent Preclean 0.134ms
[2020-09-21T17:42:51.083+0500][gc,marking   ] GC(5) Concurrent Mark (2.077s, 2.080s) 2.936ms
[2020-09-21T17:42:51.083+0500][gc,start     ] GC(5) Pause Remark
[2020-09-21T17:42:51.084+0500][gc           ] GC(5) Pause Remark 142M->142M(1024M) 1.037ms
[2020-09-21T17:42:51.084+0500][gc,cpu       ] GC(5) User=0.01s Sys=0.00s Real=0.00s
[2020-09-21T17:42:51.084+0500][gc,marking   ] GC(5) Concurrent Rebuild Remembered Sets
[2020-09-21T17:42:51.086+0500][gc,marking   ] GC(5) Concurrent Rebuild Remembered Sets 1.987ms
[2020-09-21T17:42:51.087+0500][gc,start     ] GC(5) Pause Cleanup
[2020-09-21T17:42:51.087+0500][gc           ] GC(5) Pause Cleanup 142M->142M(1024M) 0.109ms
[2020-09-21T17:42:51.087+0500][gc,cpu       ] GC(5) User=0.00s Sys=0.00s Real=0.00s
[2020-09-21T17:42:51.087+0500][gc,marking   ] GC(5) Concurrent Cleanup for Next Mark
[2020-09-21T17:42:51.094+0500][gc,marking   ] GC(5) Concurrent Cleanup for Next Mark 6.975ms
[2020-09-21T17:42:51.094+0500][gc           ] GC(5) Concurrent Cycle 15.989ms
[2020-09-21T17:47:36.454+0500][gc,start     ] GC(6) Pause Young (Normal) (G1 Evacuation Pause)
[2020-09-21T17:47:36.455+0500][gc,task      ] GC(6) Using 13 workers of 13 for evacuation
[2020-09-21T17:47:36.460+0500][gc,phases    ] GC(6)   Pre Evacuate Collection Set: 0.2ms
[2020-09-21T17:47:36.460+0500][gc,phases    ] GC(6)   Merge Heap Roots: 0.1ms
[2020-09-21T17:47:36.460+0500][gc,phases    ] GC(6)   Evacuate Collection Set: 4.4ms
[2020-09-21T17:47:36.460+0500][gc,phases    ] GC(6)   Post Evacuate Collection Set: 0.6ms
[2020-09-21T17:47:36.460+0500][gc,phases    ] GC(6)   Other: 1.1ms
[2020-09-21T17:47:36.460+0500][gc,heap      ] GC(6) Eden regions: 45->0(46)
[2020-09-21T17:47:36.460+0500][gc,heap      ] GC(6) Survivor regions: 6->5(7)
[2020-09-21T17:47:36.460+0500][gc,heap      ] GC(6) Old regions: 7->10
[2020-09-21T17:47:36.460+0500][gc,heap      ] GC(6) Archive regions: 2->2
[2020-09-21T17:47:36.460+0500][gc,heap      ] GC(6) Humongous regions: 177->129
[2020-09-21T17:47:36.460+0500][gc,metaspace ] GC(6) Metaspace: 37474K(39168K)->37474K(39168K) NonClass: 33104K(34048K)->33104K(34048K) Class: 4370K(5120K)->4370K(5120K)
[2020-09-21T17:47:36.460+0500][gc           ] GC(6) Pause Young (Normal) (G1 Evacuation Pause) 234M->143M(1024M) 6.601ms
[2020-09-21T17:47:36.460+0500][gc,cpu       ] GC(6) User=0.05s Sys=0.01s Real=0.01s
[2020-09-21T17:59:35.812+0500][gc,start     ] GC(7) Pause Young (Normal) (G1 Evacuation Pause)
[2020-09-21T17:59:35.813+0500][gc,task      ] GC(7) Using 13 workers of 13 for evacuation
[2020-09-21T17:59:35.816+0500][gc,phases    ] GC(7)   Pre Evacuate Collection Set: 0.1ms
[2020-09-21T17:59:35.816+0500][gc,phases    ] GC(7)   Merge Heap Roots: 0.1ms
[2020-09-21T17:59:35.816+0500][gc,phases    ] GC(7)   Evacuate Collection Set: 2.1ms
[2020-09-21T17:59:35.816+0500][gc,phases    ] GC(7)   Post Evacuate Collection Set: 0.6ms
[2020-09-21T17:59:35.816+0500][gc,phases    ] GC(7)   Other: 0.9ms
[2020-09-21T17:59:35.816+0500][gc,heap      ] GC(7) Eden regions: 46->0(47)
[2020-09-21T17:59:35.816+0500][gc,heap      ] GC(7) Survivor regions: 5->4(7)
[2020-09-21T17:59:35.816+0500][gc,heap      ] GC(7) Old regions: 10->12
[2020-09-21T17:59:35.816+0500][gc,heap      ] GC(7) Archive regions: 2->2
[2020-09-21T17:59:35.816+0500][gc,heap      ] GC(7) Humongous regions: 129->129
[2020-09-21T17:59:35.816+0500][gc,metaspace ] GC(7) Metaspace: 38430K(40192K)->38430K(40192K) NonClass: 33907K(34816K)->33907K(34816K) Class: 4523K(5376K)->4523K(5376K)
[2020-09-21T17:59:35.816+0500][gc           ] GC(7) Pause Young (Normal) (G1 Evacuation Pause) 189M->144M(1024M) 3.861ms
[2020-09-21T17:59:35.816+0500][gc,cpu       ] GC(7) User=0.02s Sys=0.00s Real=0.00s
[2020-09-21T18:02:48.208+0500][gc,heap,exit ] Heap
[2020-09-21T18:02:48.209+0500][gc,heap,exit ]  garbage-first heap   total 1048576K, used 166617K [0x00000007c0000000, 0x0000000800000000)
[2020-09-21T18:02:48.209+0500][gc,heap,exit ]   region size 1024K, 24 young (24576K), 4 survivors (4096K)
[2020-09-21T18:02:48.209+0500][gc,heap,exit ]  Metaspace       used 39923K, capacity 41914K, committed 41984K, reserved 1085440K
[2020-09-21T18:02:48.209+0500][gc,heap,exit ]   class space    used 4913K, capacity 5852K, committed 5888K, reserved 1048576K
