[2020-09-21T13:20:08.473+0500][gc,heap] Heap region size: 1M
[2020-09-21T13:20:08.473+0500][gc,heap,coops] Heap address: 0x00000007c0000000, size: 1024 MB, Compressed Oops mode: Zero based, Oop shift amount: 3
[2020-09-21T13:20:08.481+0500][gc           ] Using G1
[2020-09-21T13:20:08.481+0500][gc,cds       ] Mark closed archive regions in map: [0x00000007fff00000, 0x00000007fff7aff8]
[2020-09-21T13:20:08.481+0500][gc,cds       ] Mark open archive regions in map: [0x00000007ffe00000, 0x00000007ffe50ff8]
[2020-09-21T13:20:08.496+0500][gc           ] Periodic GC disabled
[2020-09-21T13:20:09.478+0500][gc,start     ] GC(0) Pause Young (Normal) (G1 Evacuation Pause)
[2020-09-21T13:20:09.478+0500][gc,task      ] GC(0) Using 13 workers of 13 for evacuation
[2020-09-21T13:20:09.482+0500][gc,phases    ] GC(0)   Pre Evacuate Collection Set: 0.1ms
[2020-09-21T13:20:09.482+0500][gc,phases    ] GC(0)   Merge Heap Roots: 0.0ms
[2020-09-21T13:20:09.482+0500][gc,phases    ] GC(0)   Evacuate Collection Set: 3.5ms
[2020-09-21T13:20:09.482+0500][gc,phases    ] GC(0)   Post Evacuate Collection Set: 0.3ms
[2020-09-21T13:20:09.482+0500][gc,phases    ] GC(0)   Other: 0.5ms
[2020-09-21T13:20:09.482+0500][gc,heap      ] GC(0) Eden regions: 51->0(44)
[2020-09-21T13:20:09.482+0500][gc,heap      ] GC(0) Survivor regions: 0->7(7)
[2020-09-21T13:20:09.482+0500][gc,heap      ] GC(0) Old regions: 0->0
[2020-09-21T13:20:09.483+0500][gc,heap      ] GC(0) Archive regions: 2->2
[2020-09-21T13:20:09.483+0500][gc,heap      ] GC(0) Humongous regions: 0->0
[2020-09-21T13:20:09.483+0500][gc,metaspace ] GC(0) Metaspace: 15208K(16000K)->15208K(16000K) NonClass: 13310K(13824K)->13310K(13824K) Class: 1897K(2176K)->1897K(2176K)
[2020-09-21T13:20:09.483+0500][gc           ] GC(0) Pause Young (Normal) (G1 Evacuation Pause) 51M->7M(1024M) 4.697ms
[2020-09-21T13:20:09.483+0500][gc,cpu       ] GC(0) User=0.02s Sys=0.03s Real=0.01s
[2020-09-21T13:20:09.893+0500][gc,start     ] GC(1) Pause Young (Concurrent Start) (Metadata GC Threshold)
[2020-09-21T13:20:09.897+0500][gc,task      ] GC(1) Using 13 workers of 13 for evacuation
[2020-09-21T13:20:09.902+0500][gc,phases    ] GC(1)   Pre Evacuate Collection Set: 0.1ms
[2020-09-21T13:20:09.902+0500][gc,phases    ] GC(1)   Merge Heap Roots: 0.0ms
[2020-09-21T13:20:09.902+0500][gc,phases    ] GC(1)   Evacuate Collection Set: 4.6ms
[2020-09-21T13:20:09.902+0500][gc,phases    ] GC(1)   Post Evacuate Collection Set: 0.3ms
[2020-09-21T13:20:09.902+0500][gc,phases    ] GC(1)   Other: 4.1ms
[2020-09-21T13:20:09.902+0500][gc,heap      ] GC(1) Eden regions: 23->0(49)
[2020-09-21T13:20:09.902+0500][gc,heap      ] GC(1) Survivor regions: 7->2(7)
[2020-09-21T13:20:09.902+0500][gc,heap      ] GC(1) Old regions: 0->7
[2020-09-21T13:20:09.902+0500][gc,heap      ] GC(1) Archive regions: 2->2
[2020-09-21T13:20:09.902+0500][gc,heap      ] GC(1) Humongous regions: 129->129
[2020-09-21T13:20:09.902+0500][gc,metaspace ] GC(1) Metaspace: 20612K(21248K)->20612K(21248K) NonClass: 18061K(18432K)->18061K(18432K) Class: 2550K(2816K)->2550K(2816K)
[2020-09-21T13:20:09.902+0500][gc           ] GC(1) Pause Young (Concurrent Start) (Metadata GC Threshold) 159M->137M(1024M) 9.279ms
[2020-09-21T13:20:09.902+0500][gc,cpu       ] GC(1) User=0.03s Sys=0.02s Real=0.01s
[2020-09-21T13:20:09.902+0500][gc           ] GC(2) Concurrent Cycle
[2020-09-21T13:20:09.902+0500][gc,marking   ] GC(2) Concurrent Clear Claimed Marks
[2020-09-21T13:20:09.902+0500][gc,marking   ] GC(2) Concurrent Clear Claimed Marks 0.045ms
[2020-09-21T13:20:09.902+0500][gc,marking   ] GC(2) Concurrent Scan Root Regions
[2020-09-21T13:20:09.904+0500][gc,marking   ] GC(2) Concurrent Scan Root Regions 2.069ms
[2020-09-21T13:20:09.904+0500][gc,marking   ] GC(2) Concurrent Mark (1.437s)
[2020-09-21T13:20:09.904+0500][gc,marking   ] GC(2) Concurrent Mark From Roots
[2020-09-21T13:20:09.904+0500][gc,task      ] GC(2) Using 3 workers of 3 for marking
[2020-09-21T13:20:09.905+0500][gc,marking   ] GC(2) Concurrent Mark From Roots 1.096ms
[2020-09-21T13:20:09.905+0500][gc,marking   ] GC(2) Concurrent Preclean
[2020-09-21T13:20:09.906+0500][gc,marking   ] GC(2) Concurrent Preclean 0.061ms
[2020-09-21T13:20:09.906+0500][gc,marking   ] GC(2) Concurrent Mark (1.437s, 1.438s) 1.200ms
[2020-09-21T13:20:09.906+0500][gc,start     ] GC(2) Pause Remark
[2020-09-21T13:20:09.906+0500][gc           ] GC(2) Pause Remark 138M->138M(1024M) 0.868ms
[2020-09-21T13:20:09.907+0500][gc,cpu       ] GC(2) User=0.01s Sys=0.00s Real=0.00s
[2020-09-21T13:20:09.907+0500][gc,marking   ] GC(2) Concurrent Rebuild Remembered Sets
[2020-09-21T13:20:09.908+0500][gc,marking   ] GC(2) Concurrent Rebuild Remembered Sets 1.400ms
[2020-09-21T13:20:09.908+0500][gc,start     ] GC(2) Pause Cleanup
[2020-09-21T13:20:09.909+0500][gc           ] GC(2) Pause Cleanup 138M->138M(1024M) 0.138ms
[2020-09-21T13:20:09.909+0500][gc,cpu       ] GC(2) User=0.01s Sys=0.00s Real=0.00s
[2020-09-21T13:20:09.909+0500][gc,marking   ] GC(2) Concurrent Cleanup for Next Mark
[2020-09-21T13:20:09.915+0500][gc,marking   ] GC(2) Concurrent Cleanup for Next Mark 6.620ms
[2020-09-21T13:20:09.915+0500][gc           ] GC(2) Concurrent Cycle 13.149ms
[2020-09-21T13:20:10.377+0500][gc,start     ] GC(3) Pause Young (Normal) (G1 Evacuation Pause)
[2020-09-21T13:20:10.377+0500][gc,task      ] GC(3) Using 13 workers of 13 for evacuation
[2020-09-21T13:20:10.379+0500][gc,phases    ] GC(3)   Pre Evacuate Collection Set: 0.1ms
[2020-09-21T13:20:10.379+0500][gc,phases    ] GC(3)   Merge Heap Roots: 0.0ms
[2020-09-21T13:20:10.379+0500][gc,phases    ] GC(3)   Evacuate Collection Set: 1.5ms
[2020-09-21T13:20:10.379+0500][gc,phases    ] GC(3)   Post Evacuate Collection Set: 0.3ms
[2020-09-21T13:20:10.379+0500][gc,phases    ] GC(3)   Other: 0.1ms
[2020-09-21T13:20:10.379+0500][gc,heap      ] GC(3) Eden regions: 49->0(46)
[2020-09-21T13:20:10.379+0500][gc,heap      ] GC(3) Survivor regions: 2->5(7)
[2020-09-21T13:20:10.379+0500][gc,heap      ] GC(3) Old regions: 7->7
[2020-09-21T13:20:10.379+0500][gc,heap      ] GC(3) Archive regions: 2->2
[2020-09-21T13:20:10.379+0500][gc,heap      ] GC(3) Humongous regions: 129->129
[2020-09-21T13:20:10.379+0500][gc,metaspace ] GC(3) Metaspace: 30183K(31232K)->30183K(31232K) NonClass: 26775K(27392K)->26775K(27392K) Class: 3408K(3840K)->3408K(3840K)
[2020-09-21T13:20:10.379+0500][gc           ] GC(3) Pause Young (Normal) (G1 Evacuation Pause) 186M->140M(1024M) 2.088ms
[2020-09-21T13:20:10.379+0500][gc,cpu       ] GC(3) User=0.02s Sys=0.00s Real=0.00s
[2020-09-21T15:10:31.179+0500][gc,start     ] GC(4) Pause Young (Normal) (G1 Evacuation Pause)
[2020-09-21T15:10:31.181+0500][gc,task      ] GC(4) Using 13 workers of 13 for evacuation
[2020-09-21T15:10:31.211+0500][gc,mmu       ] GC(4) MMU target violated: 21.0ms (20.0ms/21.0ms)
[2020-09-21T15:10:31.211+0500][gc,phases    ] GC(4)   Pre Evacuate Collection Set: 3.7ms
[2020-09-21T15:10:31.211+0500][gc,phases    ] GC(4)   Merge Heap Roots: 0.2ms
[2020-09-21T15:10:31.211+0500][gc,phases    ] GC(4)   Evacuate Collection Set: 24.8ms
[2020-09-21T15:10:31.211+0500][gc,phases    ] GC(4)   Post Evacuate Collection Set: 0.6ms
[2020-09-21T15:10:31.211+0500][gc,phases    ] GC(4)   Other: 2.2ms
[2020-09-21T15:10:31.211+0500][gc,heap      ] GC(4) Eden regions: 46->0(46)
[2020-09-21T15:10:31.211+0500][gc,heap      ] GC(4) Survivor regions: 5->5(7)
[2020-09-21T15:10:31.211+0500][gc,heap      ] GC(4) Old regions: 7->8
[2020-09-21T15:10:31.211+0500][gc,heap      ] GC(4) Archive regions: 2->2
[2020-09-21T15:10:31.211+0500][gc,heap      ] GC(4) Humongous regions: 129->129
[2020-09-21T15:10:31.211+0500][gc,metaspace ] GC(4) Metaspace: 33350K(34560K)->33350K(34560K) NonClass: 29574K(30208K)->29574K(30208K) Class: 3775K(4352K)->3775K(4352K)
[2020-09-21T15:10:31.211+0500][gc           ] GC(4) Pause Young (Normal) (G1 Evacuation Pause) 186M->141M(1024M) 31.495ms
[2020-09-21T15:10:31.211+0500][gc,cpu       ] GC(4) User=0.03s Sys=0.16s Real=0.04s
[2020-09-21T16:02:01.034+0500][gc,start     ] GC(5) Pause Young (Concurrent Start) (Metadata GC Threshold)
[2020-09-21T16:02:01.034+0500][gc,task      ] GC(5) Using 13 workers of 13 for evacuation
[2020-09-21T16:02:01.049+0500][gc,phases    ] GC(5)   Pre Evacuate Collection Set: 3.6ms
[2020-09-21T16:02:01.049+0500][gc,phases    ] GC(5)   Merge Heap Roots: 0.1ms
[2020-09-21T16:02:01.049+0500][gc,phases    ] GC(5)   Evacuate Collection Set: 9.4ms
[2020-09-21T16:02:01.049+0500][gc,phases    ] GC(5)   Post Evacuate Collection Set: 0.5ms
[2020-09-21T16:02:01.049+0500][gc,phases    ] GC(5)   Other: 1.0ms
[2020-09-21T16:02:01.049+0500][gc,heap      ] GC(5) Eden regions: 22->0(49)
[2020-09-21T16:02:01.049+0500][gc,heap      ] GC(5) Survivor regions: 5->2(7)
[2020-09-21T16:02:01.049+0500][gc,heap      ] GC(5) Old regions: 8->11
[2020-09-21T16:02:01.049+0500][gc,heap      ] GC(5) Archive regions: 2->2
[2020-09-21T16:02:01.049+0500][gc,heap      ] GC(5) Humongous regions: 129->129
[2020-09-21T16:02:01.049+0500][gc,metaspace ] GC(5) Metaspace: 34467K(35840K)->34467K(35840K) NonClass: 30414K(31232K)->30414K(31232K) Class: 4052K(4608K)->4052K(4608K)
[2020-09-21T16:02:01.049+0500][gc           ] GC(5) Pause Young (Concurrent Start) (Metadata GC Threshold) 163M->141M(1024M) 14.806ms
[2020-09-21T16:02:01.049+0500][gc,cpu       ] GC(5) User=0.04s Sys=0.06s Real=0.01s
[2020-09-21T16:02:01.049+0500][gc           ] GC(6) Concurrent Cycle
[2020-09-21T16:02:01.049+0500][gc,marking   ] GC(6) Concurrent Clear Claimed Marks
[2020-09-21T16:02:01.049+0500][gc,marking   ] GC(6) Concurrent Clear Claimed Marks 0.101ms
[2020-09-21T16:02:01.049+0500][gc,marking   ] GC(6) Concurrent Scan Root Regions
[2020-09-21T16:02:01.051+0500][gc,marking   ] GC(6) Concurrent Scan Root Regions 1.865ms
[2020-09-21T16:02:01.051+0500][gc,marking   ] GC(6) Concurrent Mark (9712.469s)
[2020-09-21T16:02:01.051+0500][gc,marking   ] GC(6) Concurrent Mark From Roots
[2020-09-21T16:02:01.051+0500][gc,task      ] GC(6) Using 3 workers of 3 for marking
[2020-09-21T16:02:01.059+0500][gc,marking   ] GC(6) Concurrent Mark From Roots 7.495ms
[2020-09-21T16:02:01.059+0500][gc,marking   ] GC(6) Concurrent Preclean
[2020-09-21T16:02:01.059+0500][gc,marking   ] GC(6) Concurrent Preclean 0.132ms
[2020-09-21T16:02:01.059+0500][gc,marking   ] GC(6) Concurrent Mark (9712.469s, 9712.476s) 7.677ms
[2020-09-21T16:02:01.059+0500][gc,start     ] GC(6) Pause Remark
[2020-09-21T16:02:01.079+0500][gc,mmu       ] GC(6) MMU target violated: 20.4ms (20.0ms/21.0ms)
[2020-09-21T16:02:01.079+0500][gc           ] GC(6) Pause Remark 142M->142M(1024M) 20.461ms
[2020-09-21T16:02:01.079+0500][gc,cpu       ] GC(6) User=0.03s Sys=0.11s Real=0.02s
[2020-09-21T16:02:01.079+0500][gc,marking   ] GC(6) Concurrent Rebuild Remembered Sets
[2020-09-21T16:02:01.083+0500][gc,marking   ] GC(6) Concurrent Rebuild Remembered Sets 3.267ms
[2020-09-21T16:02:01.083+0500][gc,start     ] GC(6) Pause Cleanup
[2020-09-21T16:02:01.083+0500][gc           ] GC(6) Pause Cleanup 142M->142M(1024M) 0.137ms
[2020-09-21T16:02:01.083+0500][gc,cpu       ] GC(6) User=0.00s Sys=0.00s Real=0.00s
[2020-09-21T16:02:01.083+0500][gc,marking   ] GC(6) Concurrent Cleanup for Next Mark
[2020-09-21T16:02:01.090+0500][gc,marking   ] GC(6) Concurrent Cleanup for Next Mark 6.731ms
[2020-09-21T16:02:01.090+0500][gc           ] GC(6) Concurrent Cycle 41.122ms
[2020-09-21T16:06:39.175+0500][gc,start     ] GC(7) Pause Young (Normal) (G1 Evacuation Pause)
[2020-09-21T16:06:39.175+0500][gc,task      ] GC(7) Using 13 workers of 13 for evacuation
[2020-09-21T16:06:39.187+0500][gc,phases    ] GC(7)   Pre Evacuate Collection Set: 0.1ms
[2020-09-21T16:06:39.187+0500][gc,phases    ] GC(7)   Merge Heap Roots: 0.1ms
[2020-09-21T16:06:39.187+0500][gc,phases    ] GC(7)   Evacuate Collection Set: 10.2ms
[2020-09-21T16:06:39.187+0500][gc,phases    ] GC(7)   Post Evacuate Collection Set: 0.6ms
[2020-09-21T16:06:39.187+0500][gc,phases    ] GC(7)   Other: 0.5ms
[2020-09-21T16:06:39.187+0500][gc,heap      ] GC(7) Eden regions: 49->0(46)
[2020-09-21T16:06:39.187+0500][gc,heap      ] GC(7) Survivor regions: 2->5(7)
[2020-09-21T16:06:39.187+0500][gc,heap      ] GC(7) Old regions: 11->11
[2020-09-21T16:06:39.187+0500][gc,heap      ] GC(7) Archive regions: 2->2
[2020-09-21T16:06:39.187+0500][gc,heap      ] GC(7) Humongous regions: 129->129
[2020-09-21T16:06:39.187+0500][gc,metaspace ] GC(7) Metaspace: 38974K(40960K)->38974K(40960K) NonClass: 34281K(35328K)->34281K(35328K) Class: 4692K(5632K)->4692K(5632K)
[2020-09-21T16:06:39.187+0500][gc           ] GC(7) Pause Young (Normal) (G1 Evacuation Pause) 190M->144M(1024M) 11.678ms
[2020-09-21T16:06:39.187+0500][gc,cpu       ] GC(7) User=0.03s Sys=0.06s Real=0.01s
[2020-09-21T16:20:49.065+0500][gc,start     ] GC(8) Pause Young (Normal) (G1 Evacuation Pause)
[2020-09-21T16:20:49.066+0500][gc,task      ] GC(8) Using 13 workers of 13 for evacuation
[2020-09-21T16:20:49.069+0500][gc,phases    ] GC(8)   Pre Evacuate Collection Set: 0.1ms
[2020-09-21T16:20:49.069+0500][gc,phases    ] GC(8)   Merge Heap Roots: 0.1ms
[2020-09-21T16:20:49.069+0500][gc,phases    ] GC(8)   Evacuate Collection Set: 3.1ms
[2020-09-21T16:20:49.069+0500][gc,phases    ] GC(8)   Post Evacuate Collection Set: 0.4ms
[2020-09-21T16:20:49.069+0500][gc,phases    ] GC(8)   Other: 0.6ms
[2020-09-21T16:20:49.069+0500][gc,heap      ] GC(8) Eden regions: 46->0(47)
[2020-09-21T16:20:49.070+0500][gc,heap      ] GC(8) Survivor regions: 5->4(7)
[2020-09-21T16:20:49.070+0500][gc,heap      ] GC(8) Old regions: 11->12
[2020-09-21T16:20:49.070+0500][gc,heap      ] GC(8) Archive regions: 2->2
[2020-09-21T16:20:49.070+0500][gc,heap      ] GC(8) Humongous regions: 129->129
[2020-09-21T16:20:49.070+0500][gc,metaspace ] GC(8) Metaspace: 39210K(41216K)->39210K(41216K) NonClass: 34494K(35584K)->34494K(35584K) Class: 4715K(5632K)->4715K(5632K)
[2020-09-21T16:20:49.070+0500][gc           ] GC(8) Pause Young (Normal) (G1 Evacuation Pause) 190M->145M(1024M) 4.491ms
[2020-09-21T16:20:49.070+0500][gc,cpu       ] GC(8) User=0.03s Sys=0.01s Real=0.01s
[2020-09-21T16:36:32.745+0500][gc,start     ] GC(9) Pause Young (Normal) (G1 Evacuation Pause)
[2020-09-21T16:36:32.746+0500][gc,task      ] GC(9) Using 13 workers of 13 for evacuation
[2020-09-21T16:36:32.750+0500][gc,phases    ] GC(9)   Pre Evacuate Collection Set: 0.1ms
[2020-09-21T16:36:32.750+0500][gc,phases    ] GC(9)   Merge Heap Roots: 0.1ms
[2020-09-21T16:36:32.750+0500][gc,phases    ] GC(9)   Evacuate Collection Set: 3.1ms
[2020-09-21T16:36:32.750+0500][gc,phases    ] GC(9)   Post Evacuate Collection Set: 0.4ms
[2020-09-21T16:36:32.750+0500][gc,phases    ] GC(9)   Other: 1.0ms
[2020-09-21T16:36:32.750+0500][gc,heap      ] GC(9) Eden regions: 47->0(77)
[2020-09-21T16:36:32.750+0500][gc,heap      ] GC(9) Survivor regions: 4->2(7)
[2020-09-21T16:36:32.750+0500][gc,heap      ] GC(9) Old regions: 12->14
[2020-09-21T16:36:32.750+0500][gc,heap      ] GC(9) Archive regions: 2->2
[2020-09-21T16:36:32.750+0500][gc,heap      ] GC(9) Humongous regions: 129->129
[2020-09-21T16:36:32.750+0500][gc,metaspace ] GC(9) Metaspace: 39246K(41216K)->39246K(41216K) NonClass: 34530K(35584K)->34530K(35584K) Class: 4715K(5632K)->4715K(5632K)
[2020-09-21T16:36:32.751+0500][gc           ] GC(9) Pause Young (Normal) (G1 Evacuation Pause) 192M->145M(1024M) 5.469ms
[2020-09-21T16:36:32.751+0500][gc,cpu       ] GC(9) User=0.03s Sys=0.01s Real=0.01s
[2020-09-21T16:54:03.028+0500][gc,start     ] GC(10) Pause Young (Normal) (G1 Evacuation Pause)
[2020-09-21T16:54:03.029+0500][gc,task      ] GC(10) Using 13 workers of 13 for evacuation
[2020-09-21T16:54:03.035+0500][gc,phases    ] GC(10)   Pre Evacuate Collection Set: 2.2ms
[2020-09-21T16:54:03.035+0500][gc,phases    ] GC(10)   Merge Heap Roots: 0.1ms
[2020-09-21T16:54:03.035+0500][gc,phases    ] GC(10)   Evacuate Collection Set: 3.1ms
[2020-09-21T16:54:03.035+0500][gc,phases    ] GC(10)   Post Evacuate Collection Set: 0.6ms
[2020-09-21T16:54:03.035+0500][gc,phases    ] GC(10)   Other: 1.2ms
[2020-09-21T16:54:03.035+0500][gc,heap      ] GC(10) Eden regions: 77->0(186)
[2020-09-21T16:54:03.035+0500][gc,heap      ] GC(10) Survivor regions: 2->3(10)
[2020-09-21T16:54:03.035+0500][gc,heap      ] GC(10) Old regions: 14->14
[2020-09-21T16:54:03.035+0500][gc,heap      ] GC(10) Archive regions: 2->2
[2020-09-21T16:54:03.035+0500][gc,heap      ] GC(10) Humongous regions: 129->129
[2020-09-21T16:54:03.035+0500][gc,metaspace ] GC(10) Metaspace: 39409K(41472K)->39409K(41472K) NonClass: 34677K(35840K)->34677K(35840K) Class: 4731K(5632K)->4731K(5632K)
[2020-09-21T16:54:03.035+0500][gc           ] GC(10) Pause Young (Normal) (G1 Evacuation Pause) 222M->145M(1024M) 7.417ms
[2020-09-21T16:54:03.035+0500][gc,cpu       ] GC(10) User=0.01s Sys=0.03s Real=0.01s
[2020-09-21T17:41:15.250+0500][gc,start     ] GC(11) Pause Young (Normal) (G1 Evacuation Pause)
[2020-09-21T17:41:15.251+0500][gc,task      ] GC(11) Using 13 workers of 13 for evacuation
[2020-09-21T17:41:15.259+0500][gc,phases    ] GC(11)   Pre Evacuate Collection Set: 2.6ms
[2020-09-21T17:41:15.259+0500][gc,phases    ] GC(11)   Merge Heap Roots: 0.1ms
[2020-09-21T17:41:15.259+0500][gc,phases    ] GC(11)   Evacuate Collection Set: 4.7ms
[2020-09-21T17:41:15.259+0500][gc,phases    ] GC(11)   Post Evacuate Collection Set: 0.7ms
[2020-09-21T17:41:15.260+0500][gc,phases    ] GC(11)   Other: 1.0ms
[2020-09-21T17:41:15.260+0500][gc,heap      ] GC(11) Eden regions: 186->0(256)
[2020-09-21T17:41:15.260+0500][gc,heap      ] GC(11) Survivor regions: 3->4(24)
[2020-09-21T17:41:15.260+0500][gc,heap      ] GC(11) Old regions: 14->14
[2020-09-21T17:41:15.260+0500][gc,heap      ] GC(11) Archive regions: 2->2
[2020-09-21T17:41:15.260+0500][gc,heap      ] GC(11) Humongous regions: 129->129
[2020-09-21T17:41:15.260+0500][gc,metaspace ] GC(11) Metaspace: 39472K(41472K)->39472K(41472K) NonClass: 34740K(35840K)->34740K(35840K) Class: 4731K(5632K)->4731K(5632K)
[2020-09-21T17:41:15.260+0500][gc           ] GC(11) Pause Young (Normal) (G1 Evacuation Pause) 331M->146M(1024M) 9.290ms
[2020-09-21T17:41:15.260+0500][gc,cpu       ] GC(11) User=0.02s Sys=0.05s Real=0.01s
[2020-09-21T17:42:40.752+0500][gc,heap,exit ] Heap
[2020-09-21T17:42:40.752+0500][gc,heap,exit ]  garbage-first heap   total 1048576K, used 167905K [0x00000007c0000000, 0x0000000800000000)
[2020-09-21T17:42:40.752+0500][gc,heap,exit ]   region size 1024K, 22 young (22528K), 4 survivors (4096K)
[2020-09-21T17:42:40.752+0500][gc,heap,exit ]  Metaspace       used 40103K, capacity 42192K, committed 42240K, reserved 1085440K
[2020-09-21T17:42:40.752+0500][gc,heap,exit ]   class space    used 4895K, capacity 5858K, committed 5888K, reserved 1048576K
