[2020-09-21T18:32:19.693+0500][gc,heap] Heap region size: 1M
[2020-09-21T18:32:19.693+0500][gc,heap,coops] Heap address: 0x00000007c0000000, size: 1024 MB, Compressed Oops mode: Zero based, Oop shift amount: 3
[2020-09-21T18:32:19.701+0500][gc           ] Using G1
[2020-09-21T18:32:19.702+0500][gc,cds       ] Mark closed archive regions in map: [0x00000007fff00000, 0x00000007fff7aff8]
[2020-09-21T18:32:19.702+0500][gc,cds       ] Mark open archive regions in map: [0x00000007ffe00000, 0x00000007ffe50ff8]
[2020-09-21T18:32:19.716+0500][gc           ] Periodic GC disabled
[2020-09-21T18:32:20.688+0500][gc,start     ] GC(0) Pause Young (Normal) (G1 Evacuation Pause)
[2020-09-21T18:32:20.688+0500][gc,task      ] GC(0) Using 13 workers of 13 for evacuation
[2020-09-21T18:32:20.693+0500][gc,phases    ] GC(0)   Pre Evacuate Collection Set: 0.1ms
[2020-09-21T18:32:20.693+0500][gc,phases    ] GC(0)   Merge Heap Roots: 0.0ms
[2020-09-21T18:32:20.693+0500][gc,phases    ] GC(0)   Evacuate Collection Set: 4.2ms
[2020-09-21T18:32:20.693+0500][gc,phases    ] GC(0)   Post Evacuate Collection Set: 0.5ms
[2020-09-21T18:32:20.693+0500][gc,phases    ] GC(0)   Other: 0.5ms
[2020-09-21T18:32:20.693+0500][gc,heap      ] GC(0) Eden regions: 51->0(44)
[2020-09-21T18:32:20.693+0500][gc,heap      ] GC(0) Survivor regions: 0->7(7)
[2020-09-21T18:32:20.693+0500][gc,heap      ] GC(0) Old regions: 0->0
[2020-09-21T18:32:20.693+0500][gc,heap      ] GC(0) Archive regions: 2->2
[2020-09-21T18:32:20.693+0500][gc,heap      ] GC(0) Humongous regions: 0->0
[2020-09-21T18:32:20.693+0500][gc,metaspace ] GC(0) Metaspace: 15160K(15616K)->15160K(15616K) NonClass: 13269K(13568K)->13269K(13568K) Class: 1891K(2048K)->1891K(2048K)
[2020-09-21T18:32:20.693+0500][gc           ] GC(0) Pause Young (Normal) (G1 Evacuation Pause) 51M->6M(1024M) 5.454ms
[2020-09-21T18:32:20.693+0500][gc,cpu       ] GC(0) User=0.02s Sys=0.02s Real=0.01s
[2020-09-21T18:32:20.932+0500][gc,start     ] GC(1) Pause Young (Concurrent Start) (Metadata GC Threshold)
[2020-09-21T18:32:20.933+0500][gc,task      ] GC(1) Using 13 workers of 13 for evacuation
[2020-09-21T18:32:20.937+0500][gc,phases    ] GC(1)   Pre Evacuate Collection Set: 0.1ms
[2020-09-21T18:32:20.937+0500][gc,phases    ] GC(1)   Merge Heap Roots: 0.0ms
[2020-09-21T18:32:20.937+0500][gc,phases    ] GC(1)   Evacuate Collection Set: 4.0ms
[2020-09-21T18:32:20.937+0500][gc,phases    ] GC(1)   Post Evacuate Collection Set: 0.3ms
[2020-09-21T18:32:20.937+0500][gc,phases    ] GC(1)   Other: 0.2ms
[2020-09-21T18:32:20.937+0500][gc,heap      ] GC(1) Eden regions: 23->0(49)
[2020-09-21T18:32:20.937+0500][gc,heap      ] GC(1) Survivor regions: 7->2(7)
[2020-09-21T18:32:20.937+0500][gc,heap      ] GC(1) Old regions: 0->7
[2020-09-21T18:32:20.937+0500][gc,heap      ] GC(1) Archive regions: 2->2
[2020-09-21T18:32:20.937+0500][gc,heap      ] GC(1) Humongous regions: 0->0
[2020-09-21T18:32:20.937+0500][gc,metaspace ] GC(1) Metaspace: 20627K(21248K)->20627K(21248K) NonClass: 18090K(18432K)->18090K(18432K) Class: 2537K(2816K)->2537K(2816K)
[2020-09-21T18:32:20.937+0500][gc           ] GC(1) Pause Young (Concurrent Start) (Metadata GC Threshold) 29M->7M(1024M) 4.904ms
[2020-09-21T18:32:20.937+0500][gc,cpu       ] GC(1) User=0.03s Sys=0.02s Real=0.00s
[2020-09-21T18:32:20.937+0500][gc           ] GC(2) Concurrent Cycle
[2020-09-21T18:32:20.938+0500][gc,marking   ] GC(2) Concurrent Clear Claimed Marks
[2020-09-21T18:32:20.938+0500][gc,marking   ] GC(2) Concurrent Clear Claimed Marks 0.072ms
[2020-09-21T18:32:20.938+0500][gc,marking   ] GC(2) Concurrent Scan Root Regions
[2020-09-21T18:32:20.940+0500][gc,marking   ] GC(2) Concurrent Scan Root Regions 2.099ms
[2020-09-21T18:32:20.940+0500][gc,marking   ] GC(2) Concurrent Mark (1.253s)
[2020-09-21T18:32:20.940+0500][gc,marking   ] GC(2) Concurrent Mark From Roots
[2020-09-21T18:32:20.940+0500][gc,task      ] GC(2) Using 3 workers of 3 for marking
[2020-09-21T18:32:20.941+0500][gc,marking   ] GC(2) Concurrent Mark From Roots 1.395ms
[2020-09-21T18:32:20.941+0500][gc,marking   ] GC(2) Concurrent Preclean
[2020-09-21T18:32:20.941+0500][gc,marking   ] GC(2) Concurrent Preclean 0.067ms
[2020-09-21T18:32:20.941+0500][gc,marking   ] GC(2) Concurrent Mark (1.253s, 1.255s) 1.534ms
[2020-09-21T18:32:20.941+0500][gc,start     ] GC(2) Pause Remark
[2020-09-21T18:32:20.942+0500][gc           ] GC(2) Pause Remark 8M->8M(1024M) 0.856ms
[2020-09-21T18:32:20.942+0500][gc,cpu       ] GC(2) User=0.01s Sys=0.01s Real=0.00s
[2020-09-21T18:32:20.942+0500][gc,marking   ] GC(2) Concurrent Rebuild Remembered Sets
[2020-09-21T18:32:20.944+0500][gc,marking   ] GC(2) Concurrent Rebuild Remembered Sets 1.332ms
[2020-09-21T18:32:20.944+0500][gc,start     ] GC(2) Pause Cleanup
[2020-09-21T18:32:20.944+0500][gc           ] GC(2) Pause Cleanup 8M->8M(1024M) 0.072ms
[2020-09-21T18:32:20.944+0500][gc,cpu       ] GC(2) User=0.00s Sys=0.00s Real=0.00s
[2020-09-21T18:32:20.944+0500][gc,marking   ] GC(2) Concurrent Cleanup for Next Mark
[2020-09-21T18:32:20.951+0500][gc,marking   ] GC(2) Concurrent Cleanup for Next Mark 7.285ms
[2020-09-21T18:32:20.952+0500][gc           ] GC(2) Concurrent Cycle 14.065ms
[2020-09-21T18:32:21.594+0500][gc,start     ] GC(3) Pause Young (Normal) (G1 Evacuation Pause)
[2020-09-21T18:32:21.594+0500][gc,task      ] GC(3) Using 13 workers of 13 for evacuation
[2020-09-21T18:32:21.596+0500][gc,phases    ] GC(3)   Pre Evacuate Collection Set: 0.1ms
[2020-09-21T18:32:21.596+0500][gc,phases    ] GC(3)   Merge Heap Roots: 0.1ms
[2020-09-21T18:32:21.596+0500][gc,phases    ] GC(3)   Evacuate Collection Set: 1.4ms
[2020-09-21T18:32:21.596+0500][gc,phases    ] GC(3)   Post Evacuate Collection Set: 0.4ms
[2020-09-21T18:32:21.596+0500][gc,phases    ] GC(3)   Other: 0.1ms
[2020-09-21T18:32:21.596+0500][gc,heap      ] GC(3) Eden regions: 49->0(46)
[2020-09-21T18:32:21.596+0500][gc,heap      ] GC(3) Survivor regions: 2->5(7)
[2020-09-21T18:32:21.596+0500][gc,heap      ] GC(3) Old regions: 7->7
[2020-09-21T18:32:21.596+0500][gc,heap      ] GC(3) Archive regions: 2->2
[2020-09-21T18:32:21.596+0500][gc,heap      ] GC(3) Humongous regions: 129->129
[2020-09-21T18:32:21.596+0500][gc,metaspace ] GC(3) Metaspace: 28381K(29568K)->28381K(29568K) NonClass: 25102K(25856K)->25102K(25856K) Class: 3279K(3712K)->3279K(3712K)
[2020-09-21T18:32:21.596+0500][gc           ] GC(3) Pause Young (Normal) (G1 Evacuation Pause) 185M->140M(1024M) 2.173ms
[2020-09-21T18:32:21.596+0500][gc,cpu       ] GC(3) User=0.01s Sys=0.00s Real=0.00s
[2020-09-21T18:32:21.849+0500][gc,start     ] GC(4) Pause Young (Concurrent Start) (Metadata GC Threshold)
[2020-09-21T18:32:21.849+0500][gc,task      ] GC(4) Using 13 workers of 13 for evacuation
[2020-09-21T18:32:21.851+0500][gc,phases    ] GC(4)   Pre Evacuate Collection Set: 0.1ms
[2020-09-21T18:32:21.851+0500][gc,phases    ] GC(4)   Merge Heap Roots: 0.0ms
[2020-09-21T18:32:21.852+0500][gc,phases    ] GC(4)   Evacuate Collection Set: 2.2ms
[2020-09-21T18:32:21.852+0500][gc,phases    ] GC(4)   Post Evacuate Collection Set: 0.3ms
[2020-09-21T18:32:21.852+0500][gc,phases    ] GC(4)   Other: 0.2ms
[2020-09-21T18:32:21.852+0500][gc,heap      ] GC(4) Eden regions: 33->0(45)
[2020-09-21T18:32:21.852+0500][gc,heap      ] GC(4) Survivor regions: 5->6(7)
[2020-09-21T18:32:21.852+0500][gc,heap      ] GC(4) Old regions: 7->7
[2020-09-21T18:32:21.852+0500][gc,heap      ] GC(4) Archive regions: 2->2
[2020-09-21T18:32:21.852+0500][gc,heap      ] GC(4) Humongous regions: 129->129
[2020-09-21T18:32:21.852+0500][gc,metaspace ] GC(4) Metaspace: 34598K(35840K)->34598K(35840K) NonClass: 30590K(31232K)->30590K(31232K) Class: 4008K(4608K)->4008K(4608K)
[2020-09-21T18:32:21.852+0500][gc           ] GC(4) Pause Young (Concurrent Start) (Metadata GC Threshold) 173M->142M(1024M) 3.047ms
[2020-09-21T18:32:21.852+0500][gc,cpu       ] GC(4) User=0.03s Sys=0.00s Real=0.01s
[2020-09-21T18:32:21.852+0500][gc           ] GC(5) Concurrent Cycle
[2020-09-21T18:32:21.852+0500][gc,marking   ] GC(5) Concurrent Clear Claimed Marks
[2020-09-21T18:32:21.852+0500][gc,marking   ] GC(5) Concurrent Clear Claimed Marks 0.077ms
[2020-09-21T18:32:21.852+0500][gc,marking   ] GC(5) Concurrent Scan Root Regions
[2020-09-21T18:32:21.854+0500][gc,marking   ] GC(5) Concurrent Scan Root Regions 2.539ms
[2020-09-21T18:32:21.854+0500][gc,marking   ] GC(5) Concurrent Mark (2.168s)
[2020-09-21T18:32:21.854+0500][gc,marking   ] GC(5) Concurrent Mark From Roots
[2020-09-21T18:32:21.854+0500][gc,task      ] GC(5) Using 3 workers of 3 for marking
[2020-09-21T18:32:21.858+0500][gc,marking   ] GC(5) Concurrent Mark From Roots 3.417ms
[2020-09-21T18:32:21.858+0500][gc,marking   ] GC(5) Concurrent Preclean
[2020-09-21T18:32:21.858+0500][gc,marking   ] GC(5) Concurrent Preclean 0.071ms
[2020-09-21T18:32:21.858+0500][gc,marking   ] GC(5) Concurrent Mark (2.168s, 2.171s) 3.536ms
[2020-09-21T18:32:21.858+0500][gc,start     ] GC(5) Pause Remark
[2020-09-21T18:32:21.859+0500][gc           ] GC(5) Pause Remark 143M->143M(1024M) 0.920ms
[2020-09-21T18:32:21.859+0500][gc,cpu       ] GC(5) User=0.00s Sys=0.00s Real=0.00s
[2020-09-21T18:32:21.859+0500][gc,marking   ] GC(5) Concurrent Rebuild Remembered Sets
[2020-09-21T18:32:21.861+0500][gc,marking   ] GC(5) Concurrent Rebuild Remembered Sets 2.115ms
[2020-09-21T18:32:21.861+0500][gc,start     ] GC(5) Pause Cleanup
[2020-09-21T18:32:21.862+0500][gc           ] GC(5) Pause Cleanup 143M->143M(1024M) 0.088ms
[2020-09-21T18:32:21.862+0500][gc,cpu       ] GC(5) User=0.00s Sys=0.00s Real=0.00s
[2020-09-21T18:32:21.862+0500][gc,marking   ] GC(5) Concurrent Cleanup for Next Mark
[2020-09-21T18:32:21.869+0500][gc,marking   ] GC(5) Concurrent Cleanup for Next Mark 7.755ms
[2020-09-21T18:32:21.869+0500][gc           ] GC(5) Concurrent Cycle 17.725ms
[2020-09-21T18:38:16.265+0500][gc,start     ] GC(6) Pause Young (Normal) (G1 Evacuation Pause)
[2020-09-21T18:38:16.266+0500][gc,task      ] GC(6) Using 13 workers of 13 for evacuation
[2020-09-21T18:38:16.272+0500][gc,phases    ] GC(6)   Pre Evacuate Collection Set: 0.2ms
[2020-09-21T18:38:16.272+0500][gc,phases    ] GC(6)   Merge Heap Roots: 0.2ms
[2020-09-21T18:38:16.272+0500][gc,phases    ] GC(6)   Evacuate Collection Set: 4.8ms
[2020-09-21T18:38:16.272+0500][gc,phases    ] GC(6)   Post Evacuate Collection Set: 0.7ms
[2020-09-21T18:38:16.272+0500][gc,phases    ] GC(6)   Other: 1.2ms
[2020-09-21T18:38:16.272+0500][gc,heap      ] GC(6) Eden regions: 45->0(46)
[2020-09-21T18:38:16.273+0500][gc,heap      ] GC(6) Survivor regions: 6->5(7)
[2020-09-21T18:38:16.273+0500][gc,heap      ] GC(6) Old regions: 7->11
[2020-09-21T18:38:16.273+0500][gc,heap      ] GC(6) Archive regions: 2->2
[2020-09-21T18:38:16.273+0500][gc,heap      ] GC(6) Humongous regions: 177->129
[2020-09-21T18:38:16.273+0500][gc,metaspace ] GC(6) Metaspace: 38101K(39884K)->38101K(39884K) NonClass: 33576K(34560K)->33576K(34560K) Class: 4525K(5324K)->4525K(5324K)
[2020-09-21T18:38:16.273+0500][gc           ] GC(6) Pause Young (Normal) (G1 Evacuation Pause) 235M->145M(1024M) 7.278ms
[2020-09-21T18:38:16.273+0500][gc,cpu       ] GC(6) User=0.05s Sys=0.01s Real=0.01s
[2020-09-21T18:47:51.440+0500][gc,start     ] GC(7) Pause Young (Normal) (G1 Evacuation Pause)
[2020-09-21T18:47:51.440+0500][gc,task      ] GC(7) Using 13 workers of 13 for evacuation
[2020-09-21T18:47:51.448+0500][gc,phases    ] GC(7)   Pre Evacuate Collection Set: 0.1ms
[2020-09-21T18:47:51.448+0500][gc,phases    ] GC(7)   Merge Heap Roots: 0.0ms
[2020-09-21T18:47:51.448+0500][gc,phases    ] GC(7)   Evacuate Collection Set: 6.9ms
[2020-09-21T18:47:51.448+0500][gc,phases    ] GC(7)   Post Evacuate Collection Set: 0.5ms
[2020-09-21T18:47:51.448+0500][gc,phases    ] GC(7)   Other: 0.5ms
[2020-09-21T18:47:51.448+0500][gc,heap      ] GC(7) Eden regions: 46->0(48)
[2020-09-21T18:47:51.448+0500][gc,heap      ] GC(7) Survivor regions: 5->3(7)
[2020-09-21T18:47:51.448+0500][gc,heap      ] GC(7) Old regions: 11->13
[2020-09-21T18:47:51.448+0500][gc,heap      ] GC(7) Archive regions: 2->2
[2020-09-21T18:47:51.448+0500][gc,heap      ] GC(7) Humongous regions: 129->129
[2020-09-21T18:47:51.448+0500][gc,metaspace ] GC(7) Metaspace: 39288K(41420K)->39288K(41420K) NonClass: 34492K(35584K)->34492K(35584K) Class: 4796K(5836K)->4796K(5836K)
[2020-09-21T18:47:51.448+0500][gc           ] GC(7) Pause Young (Normal) (G1 Evacuation Pause) 191M->145M(1024M) 8.178ms
[2020-09-21T18:47:51.448+0500][gc,cpu       ] GC(7) User=0.03s Sys=0.01s Real=0.00s
[2020-09-21T19:03:21.590+0500][gc,start     ] GC(8) Pause Young (Normal) (G1 Evacuation Pause)
[2020-09-21T19:03:21.591+0500][gc,task      ] GC(8) Using 13 workers of 13 for evacuation
[2020-09-21T19:03:21.596+0500][gc,phases    ] GC(8)   Pre Evacuate Collection Set: 0.2ms
[2020-09-21T19:03:21.596+0500][gc,phases    ] GC(8)   Merge Heap Roots: 0.1ms
[2020-09-21T19:03:21.596+0500][gc,phases    ] GC(8)   Evacuate Collection Set: 3.7ms
[2020-09-21T19:03:21.596+0500][gc,phases    ] GC(8)   Post Evacuate Collection Set: 0.6ms
[2020-09-21T19:03:21.596+0500][gc,phases    ] GC(8)   Other: 1.2ms
[2020-09-21T19:03:21.596+0500][gc,heap      ] GC(8) Eden regions: 48->0(48)
[2020-09-21T19:03:21.596+0500][gc,heap      ] GC(8) Survivor regions: 3->5(7)
[2020-09-21T19:03:21.596+0500][gc,heap      ] GC(8) Old regions: 13->13
[2020-09-21T19:03:21.596+0500][gc,heap      ] GC(8) Archive regions: 2->2
[2020-09-21T19:03:21.596+0500][gc,heap      ] GC(8) Humongous regions: 129->129
[2020-09-21T19:03:21.596+0500][gc,metaspace ] GC(8) Metaspace: 39406K(41676K)->39406K(41676K) NonClass: 34608K(35840K)->34608K(35840K) Class: 4798K(5836K)->4798K(5836K)
[2020-09-21T19:03:21.596+0500][gc           ] GC(8) Pause Young (Normal) (G1 Evacuation Pause) 193M->146M(1024M) 5.977ms
[2020-09-21T19:03:21.596+0500][gc,cpu       ] GC(8) User=0.05s Sys=0.01s Real=0.00s
[2020-09-21T19:19:45.703+0500][gc,start     ] GC(9) Pause Young (Normal) (G1 Evacuation Pause)
[2020-09-21T19:19:45.704+0500][gc,task      ] GC(9) Using 13 workers of 13 for evacuation
[2020-09-21T19:19:45.708+0500][gc,phases    ] GC(9)   Pre Evacuate Collection Set: 0.1ms
[2020-09-21T19:19:45.708+0500][gc,phases    ] GC(9)   Merge Heap Roots: 0.1ms
[2020-09-21T19:19:45.708+0500][gc,phases    ] GC(9)   Evacuate Collection Set: 2.9ms
[2020-09-21T19:19:45.708+0500][gc,phases    ] GC(9)   Post Evacuate Collection Set: 0.6ms
[2020-09-21T19:19:45.708+0500][gc,phases    ] GC(9)   Other: 1.1ms
[2020-09-21T19:19:45.708+0500][gc,heap      ] GC(9) Eden regions: 48->0(100)
[2020-09-21T19:19:45.708+0500][gc,heap      ] GC(9) Survivor regions: 5->3(7)
[2020-09-21T19:19:45.708+0500][gc,heap      ] GC(9) Old regions: 13->14
[2020-09-21T19:19:45.708+0500][gc,heap      ] GC(9) Archive regions: 2->2
[2020-09-21T19:19:45.708+0500][gc,heap      ] GC(9) Humongous regions: 129->129
[2020-09-21T19:19:45.708+0500][gc,metaspace ] GC(9) Metaspace: 39537K(41676K)->39537K(41676K) NonClass: 34737K(35840K)->34737K(35840K) Class: 4799K(5836K)->4799K(5836K)
[2020-09-21T19:19:45.708+0500][gc           ] GC(9) Pause Young (Normal) (G1 Evacuation Pause) 194M->145M(1024M) 5.092ms
[2020-09-21T19:19:45.708+0500][gc,cpu       ] GC(9) User=0.03s Sys=0.01s Real=0.00s
[2020-09-21T19:50:11.985+0500][gc,start     ] GC(10) Pause Young (Normal) (G1 Evacuation Pause)
[2020-09-21T19:50:11.986+0500][gc,task      ] GC(10) Using 13 workers of 13 for evacuation
[2020-09-21T19:50:12.002+0500][gc,phases    ] GC(10)   Pre Evacuate Collection Set: 2.6ms
[2020-09-21T19:50:12.002+0500][gc,phases    ] GC(10)   Merge Heap Roots: 0.2ms
[2020-09-21T19:50:12.002+0500][gc,phases    ] GC(10)   Evacuate Collection Set: 12.4ms
[2020-09-21T19:50:12.002+0500][gc,phases    ] GC(10)   Post Evacuate Collection Set: 0.8ms
[2020-09-21T19:50:12.002+0500][gc,phases    ] GC(10)   Other: 1.3ms
[2020-09-21T19:50:12.002+0500][gc,heap      ] GC(10) Eden regions: 100->0(71)
[2020-09-21T19:50:12.002+0500][gc,heap      ] GC(10) Survivor regions: 3->4(13)
[2020-09-21T19:50:12.002+0500][gc,heap      ] GC(10) Old regions: 14->14
[2020-09-21T19:50:12.002+0500][gc,heap      ] GC(10) Archive regions: 2->2
[2020-09-21T19:50:12.002+0500][gc,heap      ] GC(10) Humongous regions: 129->129
[2020-09-21T19:50:12.002+0500][gc,metaspace ] GC(10) Metaspace: 39719K(41932K)->39719K(41932K) NonClass: 34904K(36096K)->34904K(36096K) Class: 4814K(5836K)->4814K(5836K)
[2020-09-21T19:50:12.002+0500][gc           ] GC(10) Pause Young (Normal) (G1 Evacuation Pause) 245M->147M(1024M) 17.333ms
[2020-09-21T19:50:12.002+0500][gc,cpu       ] GC(10) User=0.03s Sys=0.10s Real=0.02s
[2020-09-21T20:04:01.979+0500][gc,start     ] GC(11) Pause Young (Normal) (G1 Evacuation Pause)
[2020-09-21T20:04:01.980+0500][gc,task      ] GC(11) Using 13 workers of 13 for evacuation
[2020-09-21T20:04:01.991+0500][gc,phases    ] GC(11)   Pre Evacuate Collection Set: 0.3ms
[2020-09-21T20:04:01.992+0500][gc,phases    ] GC(11)   Merge Heap Roots: 0.1ms
[2020-09-21T20:04:01.992+0500][gc,phases    ] GC(11)   Evacuate Collection Set: 10.0ms
[2020-09-21T20:04:01.992+0500][gc,phases    ] GC(11)   Post Evacuate Collection Set: 0.4ms
[2020-09-21T20:04:01.992+0500][gc,phases    ] GC(11)   Other: 1.3ms
[2020-09-21T20:04:01.992+0500][gc,heap      ] GC(11) Eden regions: 71->0(77)
[2020-09-21T20:04:01.992+0500][gc,heap      ] GC(11) Survivor regions: 4->5(10)
[2020-09-21T20:04:01.992+0500][gc,heap      ] GC(11) Old regions: 14->14
[2020-09-21T20:04:01.992+0500][gc,heap      ] GC(11) Archive regions: 2->2
[2020-09-21T20:04:01.992+0500][gc,heap      ] GC(11) Humongous regions: 129->129
[2020-09-21T20:04:01.992+0500][gc,metaspace ] GC(11) Metaspace: 39824K(41932K)->39824K(41932K) NonClass: 35010K(36096K)->35010K(36096K) Class: 4814K(5836K)->4814K(5836K)
[2020-09-21T20:04:01.992+0500][gc           ] GC(11) Pause Young (Normal) (G1 Evacuation Pause) 218M->147M(1024M) 12.271ms
[2020-09-21T20:04:01.992+0500][gc,cpu       ] GC(11) User=0.04s Sys=0.05s Real=0.02s
[2020-09-21T20:16:05.244+0500][gc,start     ] GC(12) Pause Young (Normal) (G1 Evacuation Pause)
[2020-09-21T20:16:05.244+0500][gc,task      ] GC(12) Using 13 workers of 13 for evacuation
[2020-09-21T20:16:05.258+0500][gc,phases    ] GC(12)   Pre Evacuate Collection Set: 0.2ms
[2020-09-21T20:16:05.258+0500][gc,phases    ] GC(12)   Merge Heap Roots: 0.1ms
[2020-09-21T20:16:05.258+0500][gc,phases    ] GC(12)   Evacuate Collection Set: 12.2ms
[2020-09-21T20:16:05.258+0500][gc,phases    ] GC(12)   Post Evacuate Collection Set: 0.4ms
[2020-09-21T20:16:05.258+0500][gc,phases    ] GC(12)   Other: 1.6ms
[2020-09-21T20:16:05.258+0500][gc,heap      ] GC(12) Eden regions: 77->0(76)
[2020-09-21T20:16:05.258+0500][gc,heap      ] GC(12) Survivor regions: 5->6(11)
[2020-09-21T20:16:05.258+0500][gc,heap      ] GC(12) Old regions: 14->14
[2020-09-21T20:16:05.258+0500][gc,heap      ] GC(12) Archive regions: 2->2
[2020-09-21T20:16:05.258+0500][gc,heap      ] GC(12) Humongous regions: 129->129
[2020-09-21T20:16:05.258+0500][gc,metaspace ] GC(12) Metaspace: 39845K(42188K)->39845K(42188K) NonClass: 35031K(36352K)->35031K(36352K) Class: 4814K(5836K)->4814K(5836K)
[2020-09-21T20:16:05.258+0500][gc           ] GC(12) Pause Young (Normal) (G1 Evacuation Pause) 224M->148M(1024M) 13.792ms
[2020-09-21T20:16:05.258+0500][gc,cpu       ] GC(12) User=0.03s Sys=0.07s Real=0.01s
[2020-09-21T20:27:49.025+0500][gc,start     ] GC(13) Pause Young (Normal) (G1 Evacuation Pause)
[2020-09-21T20:27:49.026+0500][gc,task      ] GC(13) Using 13 workers of 13 for evacuation
[2020-09-21T20:27:49.029+0500][gc,phases    ] GC(13)   Pre Evacuate Collection Set: 0.1ms
[2020-09-21T20:27:49.029+0500][gc,phases    ] GC(13)   Merge Heap Roots: 0.1ms
[2020-09-21T20:27:49.029+0500][gc,phases    ] GC(13)   Evacuate Collection Set: 2.3ms
[2020-09-21T20:27:49.029+0500][gc,phases    ] GC(13)   Post Evacuate Collection Set: 0.5ms
[2020-09-21T20:27:49.029+0500][gc,phases    ] GC(13)   Other: 0.9ms
[2020-09-21T20:27:49.029+0500][gc,heap      ] GC(13) Eden regions: 76->0(228)
[2020-09-21T20:27:49.029+0500][gc,heap      ] GC(13) Survivor regions: 6->5(11)
[2020-09-21T20:27:49.029+0500][gc,heap      ] GC(13) Old regions: 14->14
[2020-09-21T20:27:49.029+0500][gc,heap      ] GC(13) Archive regions: 2->2
[2020-09-21T20:27:49.029+0500][gc,heap      ] GC(13) Humongous regions: 129->129
[2020-09-21T20:27:49.029+0500][gc,metaspace ] GC(13) Metaspace: 39881K(42188K)->39881K(42188K) NonClass: 35065K(36352K)->35065K(36352K) Class: 4815K(5836K)->4815K(5836K)
[2020-09-21T20:27:49.030+0500][gc           ] GC(13) Pause Young (Normal) (G1 Evacuation Pause) 224M->147M(1024M) 4.600ms
[2020-09-21T20:27:49.030+0500][gc,cpu       ] GC(13) User=0.03s Sys=0.00s Real=0.01s
[2020-09-21T20:57:46.964+0500][gc,start     ] GC(14) Pause Young (Normal) (G1 Evacuation Pause)
[2020-09-21T20:57:46.965+0500][gc,task      ] GC(14) Using 13 workers of 13 for evacuation
[2020-09-21T20:57:46.982+0500][gc,phases    ] GC(14)   Pre Evacuate Collection Set: 6.4ms
[2020-09-21T20:57:46.983+0500][gc,phases    ] GC(14)   Merge Heap Roots: 0.7ms
[2020-09-21T20:57:46.983+0500][gc,phases    ] GC(14)   Evacuate Collection Set: 8.9ms
[2020-09-21T20:57:46.983+0500][gc,phases    ] GC(14)   Post Evacuate Collection Set: 1.5ms
[2020-09-21T20:57:46.983+0500][gc,phases    ] GC(14)   Other: 1.1ms
[2020-09-21T20:57:46.983+0500][gc,heap      ] GC(14) Eden regions: 228->0(234)
[2020-09-21T20:57:46.983+0500][gc,heap      ] GC(14) Survivor regions: 5->6(30)
[2020-09-21T20:57:46.983+0500][gc,heap      ] GC(14) Old regions: 14->14
[2020-09-21T20:57:46.983+0500][gc,heap      ] GC(14) Archive regions: 2->2
[2020-09-21T20:57:46.983+0500][gc,heap      ] GC(14) Humongous regions: 129->129
[2020-09-21T20:57:46.983+0500][gc,metaspace ] GC(14) Metaspace: 40020K(42188K)->40020K(42188K) NonClass: 35204K(36352K)->35204K(36352K) Class: 4815K(5836K)->4815K(5836K)
[2020-09-21T20:57:46.983+0500][gc           ] GC(14) Pause Young (Normal) (G1 Evacuation Pause) 375M->148M(1024M) 18.168ms
[2020-09-21T20:57:46.983+0500][gc,cpu       ] GC(14) User=0.02s Sys=0.06s Real=0.02s
[2020-09-21T21:21:19.267+0500][gc,start     ] GC(15) Pause Young (Normal) (G1 Evacuation Pause)
[2020-09-21T21:21:19.272+0500][gc,task      ] GC(15) Using 13 workers of 13 for evacuation
[2020-09-21T21:21:19.289+0500][gc,phases    ] GC(15)   Pre Evacuate Collection Set: 4.0ms
[2020-09-21T21:21:19.289+0500][gc,phases    ] GC(15)   Merge Heap Roots: 0.3ms
[2020-09-21T21:21:19.289+0500][gc,phases    ] GC(15)   Evacuate Collection Set: 9.3ms
[2020-09-21T21:21:19.289+0500][gc,phases    ] GC(15)   Post Evacuate Collection Set: 3.1ms
[2020-09-21T21:21:19.289+0500][gc,phases    ] GC(15)   Other: 5.6ms
[2020-09-21T21:21:19.289+0500][gc,heap      ] GC(15) Eden regions: 234->0(287)
[2020-09-21T21:21:19.289+0500][gc,heap      ] GC(15) Survivor regions: 6->5(30)
[2020-09-21T21:21:19.289+0500][gc,heap      ] GC(15) Old regions: 14->14
[2020-09-21T21:21:19.289+0500][gc,heap      ] GC(15) Archive regions: 2->2
[2020-09-21T21:21:19.289+0500][gc,heap      ] GC(15) Humongous regions: 129->129
[2020-09-21T21:21:19.289+0500][gc,metaspace ] GC(15) Metaspace: 40066K(42188K)->40066K(42188K) NonClass: 35250K(36352K)->35250K(36352K) Class: 4815K(5836K)->4815K(5836K)
[2020-09-21T21:21:19.289+0500][gc           ] GC(15) Pause Young (Normal) (G1 Evacuation Pause) 382M->148M(1024M) 22.845ms
[2020-09-21T21:21:19.289+0500][gc,cpu       ] GC(15) User=0.03s Sys=0.08s Real=0.02s
[2020-09-21T21:49:41.503+0500][gc,start     ] GC(16) Pause Young (Normal) (G1 Evacuation Pause)
[2020-09-21T21:49:41.504+0500][gc,task      ] GC(16) Using 13 workers of 13 for evacuation
[2020-09-21T21:49:41.517+0500][gc,phases    ] GC(16)   Pre Evacuate Collection Set: 3.0ms
[2020-09-21T21:49:41.518+0500][gc,phases    ] GC(16)   Merge Heap Roots: 0.7ms
[2020-09-21T21:49:41.518+0500][gc,phases    ] GC(16)   Evacuate Collection Set: 6.8ms
[2020-09-21T21:49:41.518+0500][gc,phases    ] GC(16)   Post Evacuate Collection Set: 1.6ms
[2020-09-21T21:49:41.518+0500][gc,phases    ] GC(16)   Other: 2.6ms
[2020-09-21T21:49:41.518+0500][gc,heap      ] GC(16) Eden regions: 287->0(609)
[2020-09-21T21:49:41.518+0500][gc,heap      ] GC(16) Survivor regions: 5->5(37)
[2020-09-21T21:49:41.518+0500][gc,heap      ] GC(16) Old regions: 14->14
[2020-09-21T21:49:41.518+0500][gc,heap      ] GC(16) Archive regions: 2->2
[2020-09-21T21:49:41.518+0500][gc,heap      ] GC(16) Humongous regions: 129->129
[2020-09-21T21:49:41.518+0500][gc,metaspace ] GC(16) Metaspace: 40120K(42188K)->40120K(42188K) NonClass: 35305K(36352K)->35305K(36352K) Class: 4815K(5836K)->4815K(5836K)
[2020-09-21T21:49:41.518+0500][gc           ] GC(16) Pause Young (Normal) (G1 Evacuation Pause) 435M->148M(1024M) 14.761ms
[2020-09-21T21:49:41.518+0500][gc,cpu       ] GC(16) User=0.03s Sys=0.06s Real=0.01s
[2020-09-21T23:03:08.251+0500][gc,start     ] GC(17) Pause Young (Normal) (G1 Evacuation Pause)
[2020-09-21T23:03:08.252+0500][gc,task      ] GC(17) Using 13 workers of 13 for evacuation
[2020-09-21T23:03:08.274+0500][gc,mmu       ] GC(17) MMU target violated: 21.0ms (20.0ms/21.0ms)
[2020-09-21T23:03:08.274+0500][gc,phases    ] GC(17)   Pre Evacuate Collection Set: 4.8ms
[2020-09-21T23:03:08.274+0500][gc,phases    ] GC(17)   Merge Heap Roots: 0.9ms
[2020-09-21T23:03:08.274+0500][gc,phases    ] GC(17)   Evacuate Collection Set: 10.3ms
[2020-09-21T23:03:08.274+0500][gc,phases    ] GC(17)   Post Evacuate Collection Set: 5.3ms
[2020-09-21T23:03:08.274+0500][gc,phases    ] GC(17)   Other: 1.6ms
[2020-09-21T23:03:08.274+0500][gc,heap      ] GC(17) Eden regions: 609->0(497)
[2020-09-21T23:03:08.274+0500][gc,heap      ] GC(17) Survivor regions: 5->5(77)
[2020-09-21T23:03:08.274+0500][gc,heap      ] GC(17) Old regions: 14->14
[2020-09-21T23:03:08.274+0500][gc,heap      ] GC(17) Archive regions: 2->2
[2020-09-21T23:03:08.274+0500][gc,heap      ] GC(17) Humongous regions: 129->129
[2020-09-21T23:03:08.274+0500][gc,metaspace ] GC(17) Metaspace: 40173K(42444K)->40173K(42444K) NonClass: 35357K(36608K)->35357K(36608K) Class: 4815K(5836K)->4815K(5836K)
[2020-09-21T23:03:08.274+0500][gc           ] GC(17) Pause Young (Normal) (G1 Evacuation Pause) 757M->147M(1024M) 23.475ms
[2020-09-21T23:03:08.274+0500][gc,cpu       ] GC(17) User=0.03s Sys=0.08s Real=0.02s
[2020-09-21T23:53:53.837+0500][gc,start     ] GC(18) Pause Young (Normal) (G1 Evacuation Pause)
[2020-09-21T23:53:53.838+0500][gc,task      ] GC(18) Using 13 workers of 13 for evacuation
[2020-09-21T23:53:53.858+0500][gc,phases    ] GC(18)   Pre Evacuate Collection Set: 4.0ms
[2020-09-21T23:53:53.858+0500][gc,phases    ] GC(18)   Merge Heap Roots: 0.2ms
[2020-09-21T23:53:53.858+0500][gc,phases    ] GC(18)   Evacuate Collection Set: 13.1ms
[2020-09-21T23:53:53.858+0500][gc,phases    ] GC(18)   Post Evacuate Collection Set: 1.3ms
[2020-09-21T23:53:53.858+0500][gc,phases    ] GC(18)   Other: 3.0ms
[2020-09-21T23:53:53.858+0500][gc,heap      ] GC(18) Eden regions: 497->0(570)
[2020-09-21T23:53:53.858+0500][gc,heap      ] GC(18) Survivor regions: 5->5(63)
[2020-09-21T23:53:53.858+0500][gc,heap      ] GC(18) Old regions: 14->14
[2020-09-21T23:53:53.858+0500][gc,heap      ] GC(18) Archive regions: 2->2
[2020-09-21T23:53:53.858+0500][gc,heap      ] GC(18) Humongous regions: 129->129
[2020-09-21T23:53:53.858+0500][gc,metaspace ] GC(18) Metaspace: 40182K(42444K)->40182K(42444K) NonClass: 35366K(36608K)->35366K(36608K) Class: 4815K(5836K)->4815K(5836K)
[2020-09-21T23:53:53.858+0500][gc           ] GC(18) Pause Young (Normal) (G1 Evacuation Pause) 644M->148M(1024M) 20.883ms
[2020-09-21T23:53:53.858+0500][gc,cpu       ] GC(18) User=0.03s Sys=0.10s Real=0.02s
[2020-09-22T00:51:56.448+0500][gc,start     ] GC(19) Pause Young (Normal) (G1 Evacuation Pause)
[2020-09-22T00:51:56.449+0500][gc,task      ] GC(19) Using 13 workers of 13 for evacuation
[2020-09-22T00:51:56.467+0500][gc,phases    ] GC(19)   Pre Evacuate Collection Set: 2.7ms
[2020-09-22T00:51:56.468+0500][gc,phases    ] GC(19)   Merge Heap Roots: 0.6ms
[2020-09-22T00:51:56.468+0500][gc,phases    ] GC(19)   Evacuate Collection Set: 13.2ms
[2020-09-22T00:51:56.468+0500][gc,phases    ] GC(19)   Post Evacuate Collection Set: 2.1ms
[2020-09-22T00:51:56.468+0500][gc,phases    ] GC(19)   Other: 1.6ms
[2020-09-22T00:51:56.468+0500][gc,heap      ] GC(19) Eden regions: 570->0(485)
[2020-09-22T00:51:56.468+0500][gc,heap      ] GC(19) Survivor regions: 5->6(72)
[2020-09-22T00:51:56.468+0500][gc,heap      ] GC(19) Old regions: 14->14
[2020-09-22T00:51:56.468+0500][gc,heap      ] GC(19) Archive regions: 2->2
[2020-09-22T00:51:56.468+0500][gc,heap      ] GC(19) Humongous regions: 129->129
[2020-09-22T00:51:56.468+0500][gc,metaspace ] GC(19) Metaspace: 40183K(42444K)->40183K(42444K) NonClass: 35367K(36608K)->35367K(36608K) Class: 4815K(5836K)->4815K(5836K)
[2020-09-22T00:51:56.468+0500][gc           ] GC(19) Pause Young (Normal) (G1 Evacuation Pause) 718M->148M(1024M) 20.337ms
[2020-09-22T00:51:56.468+0500][gc,cpu       ] GC(19) User=0.02s Sys=0.07s Real=0.02s
[2020-09-22T01:41:21.898+0500][gc,start     ] GC(20) Pause Young (Normal) (G1 Evacuation Pause)
[2020-09-22T01:41:21.900+0500][gc,task      ] GC(20) Using 13 workers of 13 for evacuation
[2020-09-22T01:41:21.925+0500][gc,mmu       ] GC(20) MMU target violated: 21.0ms (20.0ms/21.0ms)
[2020-09-22T01:41:21.925+0500][gc,phases    ] GC(20)   Pre Evacuate Collection Set: 7.1ms
[2020-09-22T01:41:21.925+0500][gc,phases    ] GC(20)   Merge Heap Roots: 0.2ms
[2020-09-22T01:41:21.925+0500][gc,phases    ] GC(20)   Evacuate Collection Set: 14.2ms
[2020-09-22T01:41:21.925+0500][gc,phases    ] GC(20)   Post Evacuate Collection Set: 3.2ms
[2020-09-22T01:41:21.925+0500][gc,phases    ] GC(20)   Other: 3.0ms
[2020-09-22T01:41:21.925+0500][gc,heap      ] GC(20) Eden regions: 485->0(277)
[2020-09-22T01:41:21.925+0500][gc,heap      ] GC(20) Survivor regions: 6->5(62)
[2020-09-22T01:41:21.925+0500][gc,heap      ] GC(20) Old regions: 14->14
[2020-09-22T01:41:21.925+0500][gc,heap      ] GC(20) Archive regions: 2->2
[2020-09-22T01:41:21.925+0500][gc,heap      ] GC(20) Humongous regions: 129->129
[2020-09-22T01:41:21.925+0500][gc,metaspace ] GC(20) Metaspace: 40197K(42444K)->40197K(42444K) NonClass: 35382K(36608K)->35382K(36608K) Class: 4815K(5836K)->4815K(5836K)
[2020-09-22T01:41:21.925+0500][gc           ] GC(20) Pause Young (Normal) (G1 Evacuation Pause) 633M->148M(1024M) 26.913ms
[2020-09-22T01:41:21.925+0500][gc,cpu       ] GC(20) User=0.03s Sys=0.10s Real=0.03s
[2020-09-22T02:09:36.517+0500][gc,start     ] GC(21) Pause Young (Normal) (G1 Evacuation Pause)
[2020-09-22T02:09:36.517+0500][gc,task      ] GC(21) Using 13 workers of 13 for evacuation
[2020-09-22T02:09:36.533+0500][gc,phases    ] GC(21)   Pre Evacuate Collection Set: 2.4ms
[2020-09-22T02:09:36.533+0500][gc,phases    ] GC(21)   Merge Heap Roots: 0.1ms
[2020-09-22T02:09:36.533+0500][gc,phases    ] GC(21)   Evacuate Collection Set: 12.0ms
[2020-09-22T02:09:36.533+0500][gc,phases    ] GC(21)   Post Evacuate Collection Set: 1.0ms
[2020-09-22T02:09:36.533+0500][gc,phases    ] GC(21)   Other: 0.7ms
[2020-09-22T02:09:36.533+0500][gc,heap      ] GC(21) Eden regions: 277->0(156)
[2020-09-22T02:09:36.533+0500][gc,heap      ] GC(21) Survivor regions: 5->6(36)
[2020-09-22T02:09:36.533+0500][gc,heap      ] GC(21) Old regions: 14->14
[2020-09-22T02:09:36.533+0500][gc,heap      ] GC(21) Archive regions: 2->2
[2020-09-22T02:09:36.533+0500][gc,heap      ] GC(21) Humongous regions: 129->129
[2020-09-22T02:09:36.533+0500][gc,metaspace ] GC(21) Metaspace: 40197K(42444K)->40197K(42444K) NonClass: 35382K(36608K)->35382K(36608K) Class: 4815K(5836K)->4815K(5836K)
[2020-09-22T02:09:36.533+0500][gc           ] GC(21) Pause Young (Normal) (G1 Evacuation Pause) 425M->148M(1024M) 16.449ms
[2020-09-22T02:09:36.533+0500][gc,cpu       ] GC(21) User=0.03s Sys=0.07s Real=0.02s
[2020-09-22T02:25:23.383+0500][gc,start     ] GC(22) Pause Young (Normal) (G1 Evacuation Pause)
[2020-09-22T02:25:23.384+0500][gc,task      ] GC(22) Using 13 workers of 13 for evacuation
[2020-09-22T02:25:23.388+0500][gc,phases    ] GC(22)   Pre Evacuate Collection Set: 0.2ms
[2020-09-22T02:25:23.388+0500][gc,phases    ] GC(22)   Merge Heap Roots: 0.1ms
[2020-09-22T02:25:23.388+0500][gc,phases    ] GC(22)   Evacuate Collection Set: 3.5ms
[2020-09-22T02:25:23.388+0500][gc,phases    ] GC(22)   Post Evacuate Collection Set: 0.5ms
[2020-09-22T02:25:23.388+0500][gc,phases    ] GC(22)   Other: 2.4ms
[2020-09-22T02:25:23.388+0500][gc,heap      ] GC(22) Eden regions: 156->0(609)
[2020-09-22T02:25:23.388+0500][gc,heap      ] GC(22) Survivor regions: 6->5(21)
[2020-09-22T02:25:23.388+0500][gc,heap      ] GC(22) Old regions: 14->14
[2020-09-22T02:25:23.388+0500][gc,heap      ] GC(22) Archive regions: 2->2
[2020-09-22T02:25:23.388+0500][gc,heap      ] GC(22) Humongous regions: 129->129
[2020-09-22T02:25:23.388+0500][gc,metaspace ] GC(22) Metaspace: 40197K(42444K)->40197K(42444K) NonClass: 35382K(36608K)->35382K(36608K) Class: 4815K(5836K)->4815K(5836K)
[2020-09-22T02:25:23.388+0500][gc           ] GC(22) Pause Young (Normal) (G1 Evacuation Pause) 304M->148M(1024M) 5.749ms
[2020-09-22T02:25:23.388+0500][gc,cpu       ] GC(22) User=0.04s Sys=0.00s Real=0.00s
[2020-09-22T03:27:21.957+0500][gc,start     ] GC(23) Pause Young (Normal) (G1 Evacuation Pause)
[2020-09-22T03:27:21.958+0500][gc,task      ] GC(23) Using 13 workers of 13 for evacuation
[2020-09-22T03:27:21.978+0500][gc,mmu       ] GC(23) MMU target violated: 20.1ms (20.0ms/21.0ms)
[2020-09-22T03:27:21.978+0500][gc,phases    ] GC(23)   Pre Evacuate Collection Set: 4.3ms
[2020-09-22T03:27:21.978+0500][gc,phases    ] GC(23)   Merge Heap Roots: 0.9ms
[2020-09-22T03:27:21.978+0500][gc,phases    ] GC(23)   Evacuate Collection Set: 12.5ms
[2020-09-22T03:27:21.978+0500][gc,phases    ] GC(23)   Post Evacuate Collection Set: 2.2ms
[2020-09-22T03:27:21.978+0500][gc,phases    ] GC(23)   Other: 1.4ms
[2020-09-22T03:27:21.978+0500][gc,heap      ] GC(23) Eden regions: 609->0(609)
[2020-09-22T03:27:21.978+0500][gc,heap      ] GC(23) Survivor regions: 5->5(77)
[2020-09-22T03:27:21.978+0500][gc,heap      ] GC(23) Old regions: 14->15
[2020-09-22T03:27:21.978+0500][gc,heap      ] GC(23) Archive regions: 2->2
[2020-09-22T03:27:21.978+0500][gc,heap      ] GC(23) Humongous regions: 129->129
[2020-09-22T03:27:21.978+0500][gc,metaspace ] GC(23) Metaspace: 40206K(42444K)->40206K(42444K) NonClass: 35391K(36608K)->35391K(36608K) Class: 4815K(5836K)->4815K(5836K)
[2020-09-22T03:27:21.979+0500][gc           ] GC(23) Pause Young (Normal) (G1 Evacuation Pause) 757M->148M(1024M) 21.794ms
[2020-09-22T03:27:21.979+0500][gc,cpu       ] GC(23) User=0.02s Sys=0.08s Real=0.02s
[2020-09-22T04:29:25.839+0500][gc,start     ] GC(24) Pause Young (Normal) (G1 Evacuation Pause)
[2020-09-22T04:29:25.840+0500][gc,task      ] GC(24) Using 13 workers of 13 for evacuation
[2020-09-22T04:29:25.859+0500][gc,phases    ] GC(24)   Pre Evacuate Collection Set: 2.8ms
[2020-09-22T04:29:25.859+0500][gc,phases    ] GC(24)   Merge Heap Roots: 0.8ms
[2020-09-22T04:29:25.859+0500][gc,phases    ] GC(24)   Evacuate Collection Set: 13.6ms
[2020-09-22T04:29:25.859+0500][gc,phases    ] GC(24)   Post Evacuate Collection Set: 1.3ms
[2020-09-22T04:29:25.859+0500][gc,phases    ] GC(24)   Other: 2.0ms
[2020-09-22T04:29:25.859+0500][gc,heap      ] GC(24) Eden regions: 609->0(609)
[2020-09-22T04:29:25.859+0500][gc,heap      ] GC(24) Survivor regions: 5->5(77)
[2020-09-22T04:29:25.859+0500][gc,heap      ] GC(24) Old regions: 15->15
[2020-09-22T04:29:25.859+0500][gc,heap      ] GC(24) Archive regions: 2->2
[2020-09-22T04:29:25.859+0500][gc,heap      ] GC(24) Humongous regions: 129->129
[2020-09-22T04:29:25.859+0500][gc,metaspace ] GC(24) Metaspace: 40210K(42444K)->40210K(42444K) NonClass: 35394K(36608K)->35394K(36608K) Class: 4816K(5836K)->4816K(5836K)
[2020-09-22T04:29:25.859+0500][gc           ] GC(24) Pause Young (Normal) (G1 Evacuation Pause) 757M->148M(1024M) 19.723ms
[2020-09-22T04:29:25.859+0500][gc,cpu       ] GC(24) User=0.03s Sys=0.09s Real=0.02s
[2020-09-22T05:31:23.483+0500][gc,start     ] GC(25) Pause Young (Normal) (G1 Evacuation Pause)
[2020-09-22T05:31:23.485+0500][gc,task      ] GC(25) Using 13 workers of 13 for evacuation
[2020-09-22T05:31:23.509+0500][gc,mmu       ] GC(25) MMU target violated: 21.0ms (20.0ms/21.0ms)
[2020-09-22T05:31:23.509+0500][gc,phases    ] GC(25)   Pre Evacuate Collection Set: 6.3ms
[2020-09-22T05:31:23.509+0500][gc,phases    ] GC(25)   Merge Heap Roots: 1.1ms
[2020-09-22T05:31:23.509+0500][gc,phases    ] GC(25)   Evacuate Collection Set: 14.4ms
[2020-09-22T05:31:23.509+0500][gc,phases    ] GC(25)   Post Evacuate Collection Set: 1.6ms
[2020-09-22T05:31:23.509+0500][gc,phases    ] GC(25)   Other: 2.0ms
[2020-09-22T05:31:23.509+0500][gc,heap      ] GC(25) Eden regions: 609->0(610)
[2020-09-22T05:31:23.509+0500][gc,heap      ] GC(25) Survivor regions: 5->4(77)
[2020-09-22T05:31:23.509+0500][gc,heap      ] GC(25) Old regions: 15->16
[2020-09-22T05:31:23.509+0500][gc,heap      ] GC(25) Archive regions: 2->2
[2020-09-22T05:31:23.509+0500][gc,heap      ] GC(25) Humongous regions: 129->129
[2020-09-22T05:31:23.509+0500][gc,metaspace ] GC(25) Metaspace: 40219K(42444K)->40219K(42444K) NonClass: 35402K(36608K)->35402K(36608K) Class: 4816K(5836K)->4816K(5836K)
[2020-09-22T05:31:23.509+0500][gc           ] GC(25) Pause Young (Normal) (G1 Evacuation Pause) 757M->148M(1024M) 25.965ms
[2020-09-22T05:31:23.509+0500][gc,cpu       ] GC(25) User=0.03s Sys=0.09s Real=0.02s
[2020-09-22T06:33:28.115+0500][gc,start     ] GC(26) Pause Young (Normal) (G1 Evacuation Pause)
[2020-09-22T06:33:28.117+0500][gc,task      ] GC(26) Using 13 workers of 13 for evacuation
[2020-09-22T06:33:28.133+0500][gc,phases    ] GC(26)   Pre Evacuate Collection Set: 3.2ms
[2020-09-22T06:33:28.133+0500][gc,phases    ] GC(26)   Merge Heap Roots: 0.3ms
[2020-09-22T06:33:28.133+0500][gc,phases    ] GC(26)   Evacuate Collection Set: 9.8ms
[2020-09-22T06:33:28.133+0500][gc,phases    ] GC(26)   Post Evacuate Collection Set: 1.5ms
[2020-09-22T06:33:28.133+0500][gc,phases    ] GC(26)   Other: 3.1ms
[2020-09-22T06:33:28.133+0500][gc,heap      ] GC(26) Eden regions: 610->0(611)
[2020-09-22T06:33:28.133+0500][gc,heap      ] GC(26) Survivor regions: 4->3(77)
[2020-09-22T06:33:28.133+0500][gc,heap      ] GC(26) Old regions: 16->16
[2020-09-22T06:33:28.133+0500][gc,heap      ] GC(26) Archive regions: 2->2
[2020-09-22T06:33:28.133+0500][gc,heap      ] GC(26) Humongous regions: 129->129
[2020-09-22T06:33:28.133+0500][gc,metaspace ] GC(26) Metaspace: 40219K(42444K)->40219K(42444K) NonClass: 35402K(36608K)->35402K(36608K) Class: 4816K(5836K)->4816K(5836K)
[2020-09-22T06:33:28.133+0500][gc           ] GC(26) Pause Young (Normal) (G1 Evacuation Pause) 758M->148M(1024M) 17.901ms
[2020-09-22T06:33:28.133+0500][gc,cpu       ] GC(26) User=0.02s Sys=0.07s Real=0.02s
[2020-09-22T07:35:43.722+0500][gc,start     ] GC(27) Pause Young (Normal) (G1 Evacuation Pause)
[2020-09-22T07:35:43.724+0500][gc,task      ] GC(27) Using 13 workers of 13 for evacuation
[2020-09-22T07:35:43.748+0500][gc,mmu       ] GC(27) MMU target violated: 21.0ms (20.0ms/21.0ms)
[2020-09-22T07:35:43.748+0500][gc,phases    ] GC(27)   Pre Evacuate Collection Set: 6.7ms
[2020-09-22T07:35:43.748+0500][gc,phases    ] GC(27)   Merge Heap Roots: 1.5ms
[2020-09-22T07:35:43.748+0500][gc,phases    ] GC(27)   Evacuate Collection Set: 13.3ms
[2020-09-22T07:35:43.748+0500][gc,phases    ] GC(27)   Post Evacuate Collection Set: 1.8ms
[2020-09-22T07:35:43.748+0500][gc,phases    ] GC(27)   Other: 2.4ms
[2020-09-22T07:35:43.748+0500][gc,heap      ] GC(27) Eden regions: 611->0(180)
[2020-09-22T07:35:43.748+0500][gc,heap      ] GC(27) Survivor regions: 3->5(77)
[2020-09-22T07:35:43.748+0500][gc,heap      ] GC(27) Old regions: 16->16
[2020-09-22T07:35:43.748+0500][gc,heap      ] GC(27) Archive regions: 2->2
[2020-09-22T07:35:43.748+0500][gc,heap      ] GC(27) Humongous regions: 129->129
[2020-09-22T07:35:43.748+0500][gc,metaspace ] GC(27) Metaspace: 40220K(42444K)->40220K(42444K) NonClass: 35403K(36608K)->35403K(36608K) Class: 4816K(5836K)->4816K(5836K)
[2020-09-22T07:35:43.749+0500][gc           ] GC(27) Pause Young (Normal) (G1 Evacuation Pause) 759M->149M(1024M) 26.197ms
[2020-09-22T07:35:43.749+0500][gc,cpu       ] GC(27) User=0.03s Sys=0.08s Real=0.02s
[2020-09-22T07:53:42.050+0500][gc,start     ] GC(28) Pause Young (Normal) (G1 Evacuation Pause)
[2020-09-22T07:53:42.053+0500][gc,task      ] GC(28) Using 13 workers of 13 for evacuation
[2020-09-22T07:53:42.064+0500][gc,phases    ] GC(28)   Pre Evacuate Collection Set: 2.1ms
[2020-09-22T07:53:42.064+0500][gc,phases    ] GC(28)   Merge Heap Roots: 0.1ms
[2020-09-22T07:53:42.064+0500][gc,phases    ] GC(28)   Evacuate Collection Set: 6.5ms
[2020-09-22T07:53:42.064+0500][gc,phases    ] GC(28)   Post Evacuate Collection Set: 0.4ms
[2020-09-22T07:53:42.064+0500][gc,phases    ] GC(28)   Other: 4.4ms
[2020-09-22T07:53:42.064+0500][gc,heap      ] GC(28) Eden regions: 180->0(610)
[2020-09-22T07:53:42.064+0500][gc,heap      ] GC(28) Survivor regions: 5->4(24)
[2020-09-22T07:53:42.064+0500][gc,heap      ] GC(28) Old regions: 16->16
[2020-09-22T07:53:42.064+0500][gc,heap      ] GC(28) Archive regions: 2->2
[2020-09-22T07:53:42.064+0500][gc,heap      ] GC(28) Humongous regions: 129->129
[2020-09-22T07:53:42.064+0500][gc,metaspace ] GC(28) Metaspace: 40222K(42444K)->40222K(42444K) NonClass: 35405K(36608K)->35405K(36608K) Class: 4816K(5836K)->4816K(5836K)
[2020-09-22T07:53:42.064+0500][gc           ] GC(28) Pause Young (Normal) (G1 Evacuation Pause) 329M->148M(1024M) 13.669ms
[2020-09-22T07:53:42.064+0500][gc,cpu       ] GC(28) User=0.01s Sys=0.04s Real=0.01s
[2020-09-22T08:55:48.129+0500][gc,start     ] GC(29) Pause Young (Normal) (G1 Evacuation Pause)
[2020-09-22T08:55:48.130+0500][gc,task      ] GC(29) Using 13 workers of 13 for evacuation
[2020-09-22T08:55:48.151+0500][gc,phases    ] GC(29)   Pre Evacuate Collection Set: 4.5ms
[2020-09-22T08:55:48.151+0500][gc,phases    ] GC(29)   Merge Heap Roots: 0.4ms
[2020-09-22T08:55:48.151+0500][gc,phases    ] GC(29)   Evacuate Collection Set: 11.7ms
[2020-09-22T08:55:48.151+0500][gc,phases    ] GC(29)   Post Evacuate Collection Set: 2.4ms
[2020-09-22T08:55:48.151+0500][gc,phases    ] GC(29)   Other: 5.3ms
[2020-09-22T08:55:48.151+0500][gc,heap      ] GC(29) Eden regions: 610->0(610)
[2020-09-22T08:55:48.151+0500][gc,heap      ] GC(29) Survivor regions: 4->4(77)
[2020-09-22T08:55:48.151+0500][gc,heap      ] GC(29) Old regions: 16->16
[2020-09-22T08:55:48.151+0500][gc,heap      ] GC(29) Archive regions: 2->2
[2020-09-22T08:55:48.151+0500][gc,heap      ] GC(29) Humongous regions: 129->129
[2020-09-22T08:55:48.151+0500][gc,metaspace ] GC(29) Metaspace: 40237K(42444K)->40237K(42444K) NonClass: 35420K(36608K)->35420K(36608K) Class: 4816K(5836K)->4816K(5836K)
[2020-09-22T08:55:48.151+0500][gc           ] GC(29) Pause Young (Normal) (G1 Evacuation Pause) 758M->148M(1024M) 22.181ms
[2020-09-22T08:55:48.151+0500][gc,cpu       ] GC(29) User=0.03s Sys=0.08s Real=0.03s
[2020-09-22T09:56:18.646+0500][gc,start     ] GC(30) Pause Young (Normal) (G1 Evacuation Pause)
[2020-09-22T09:56:18.646+0500][gc,task      ] GC(30) Using 13 workers of 13 for evacuation
[2020-09-22T09:56:18.664+0500][gc,phases    ] GC(30)   Pre Evacuate Collection Set: 3.0ms
[2020-09-22T09:56:18.664+0500][gc,phases    ] GC(30)   Merge Heap Roots: 0.8ms
[2020-09-22T09:56:18.664+0500][gc,phases    ] GC(30)   Evacuate Collection Set: 12.0ms
[2020-09-22T09:56:18.664+0500][gc,phases    ] GC(30)   Post Evacuate Collection Set: 1.3ms
[2020-09-22T09:56:18.664+0500][gc,phases    ] GC(30)   Other: 1.3ms
[2020-09-22T09:56:18.664+0500][gc,heap      ] GC(30) Eden regions: 610->0(611)
[2020-09-22T09:56:18.664+0500][gc,heap      ] GC(30) Survivor regions: 4->3(77)
[2020-09-22T09:56:18.664+0500][gc,heap      ] GC(30) Old regions: 16->16
[2020-09-22T09:56:18.664+0500][gc,heap      ] GC(30) Archive regions: 2->2
[2020-09-22T09:56:18.664+0500][gc,heap      ] GC(30) Humongous regions: 129->129
[2020-09-22T09:56:18.664+0500][gc,metaspace ] GC(30) Metaspace: 40281K(42444K)->40281K(42444K) NonClass: 35464K(36608K)->35464K(36608K) Class: 4816K(5836K)->4816K(5836K)
[2020-09-22T09:56:18.664+0500][gc           ] GC(30) Pause Young (Normal) (G1 Evacuation Pause) 758M->148M(1024M) 18.477ms
[2020-09-22T09:56:18.664+0500][gc,cpu       ] GC(30) User=0.02s Sys=0.07s Real=0.02s
[2020-09-22T10:58:54.152+0500][gc,start     ] GC(31) Pause Young (Normal) (G1 Evacuation Pause)
[2020-09-22T10:58:54.153+0500][gc,task      ] GC(31) Using 13 workers of 13 for evacuation
[2020-09-22T10:58:54.177+0500][gc,mmu       ] GC(31) MMU target violated: 21.0ms (20.0ms/21.0ms)
[2020-09-22T10:58:54.177+0500][gc,phases    ] GC(31)   Pre Evacuate Collection Set: 5.5ms
[2020-09-22T10:58:54.177+0500][gc,phases    ] GC(31)   Merge Heap Roots: 0.8ms
[2020-09-22T10:58:54.177+0500][gc,phases    ] GC(31)   Evacuate Collection Set: 13.7ms
[2020-09-22T10:58:54.177+0500][gc,phases    ] GC(31)   Post Evacuate Collection Set: 3.4ms
[2020-09-22T10:58:54.177+0500][gc,phases    ] GC(31)   Other: 1.7ms
[2020-09-22T10:58:54.177+0500][gc,heap      ] GC(31) Eden regions: 611->0(611)
[2020-09-22T10:58:54.177+0500][gc,heap      ] GC(31) Survivor regions: 3->3(77)
[2020-09-22T10:58:54.177+0500][gc,heap      ] GC(31) Old regions: 16->16
[2020-09-22T10:58:54.177+0500][gc,heap      ] GC(31) Archive regions: 2->2
[2020-09-22T10:58:54.177+0500][gc,heap      ] GC(31) Humongous regions: 129->129
[2020-09-22T10:58:54.177+0500][gc,metaspace ] GC(31) Metaspace: 40326K(42444K)->40326K(42444K) NonClass: 35506K(36608K)->35506K(36608K) Class: 4820K(5836K)->4820K(5836K)
[2020-09-22T10:58:54.177+0500][gc           ] GC(31) Pause Young (Normal) (G1 Evacuation Pause) 759M->148M(1024M) 25.286ms
[2020-09-22T10:58:54.177+0500][gc,cpu       ] GC(31) User=0.02s Sys=0.06s Real=0.02s
[2020-09-22T12:10:33.759+0500][gc,start     ] GC(32) Pause Young (Normal) (G1 Evacuation Pause)
[2020-09-22T12:10:33.762+0500][gc,task      ] GC(32) Using 13 workers of 13 for evacuation
[2020-09-22T12:10:33.784+0500][gc,mmu       ] GC(32) MMU target violated: 21.0ms (20.0ms/21.0ms)
[2020-09-22T12:10:33.784+0500][gc,phases    ] GC(32)   Pre Evacuate Collection Set: 5.9ms
[2020-09-22T12:10:33.784+0500][gc,phases    ] GC(32)   Merge Heap Roots: 1.6ms
[2020-09-22T12:10:33.784+0500][gc,phases    ] GC(32)   Evacuate Collection Set: 13.4ms
[2020-09-22T12:10:33.784+0500][gc,phases    ] GC(32)   Post Evacuate Collection Set: 1.1ms
[2020-09-22T12:10:33.784+0500][gc,phases    ] GC(32)   Other: 4.2ms
[2020-09-22T12:10:33.784+0500][gc,heap      ] GC(32) Eden regions: 611->0(408)
[2020-09-22T12:10:33.784+0500][gc,heap      ] GC(32) Survivor regions: 3->4(77)
[2020-09-22T12:10:33.784+0500][gc,heap      ] GC(32) Old regions: 16->16
[2020-09-22T12:10:33.784+0500][gc,heap      ] GC(32) Archive regions: 2->2
[2020-09-22T12:10:33.784+0500][gc,heap      ] GC(32) Humongous regions: 129->129
[2020-09-22T12:10:33.784+0500][gc,metaspace ] GC(32) Metaspace: 40332K(42444K)->40332K(42444K) NonClass: 35512K(36608K)->35512K(36608K) Class: 4820K(5836K)->4820K(5836K)
[2020-09-22T12:10:33.784+0500][gc           ] GC(32) Pause Young (Normal) (G1 Evacuation Pause) 759M->148M(1024M) 25.338ms
[2020-09-22T12:10:33.784+0500][gc,cpu       ] GC(32) User=0.03s Sys=0.09s Real=0.03s
[2020-09-22T12:58:40.542+0500][gc,start     ] GC(33) Pause Young (Normal) (G1 Evacuation Pause)
[2020-09-22T12:58:40.544+0500][gc,task      ] GC(33) Using 13 workers of 13 for evacuation
[2020-09-22T12:58:40.567+0500][gc,mmu       ] GC(33) MMU target violated: 21.0ms (20.0ms/21.0ms)
[2020-09-22T12:58:40.567+0500][gc,phases    ] GC(33)   Pre Evacuate Collection Set: 3.0ms
[2020-09-22T12:58:40.567+0500][gc,phases    ] GC(33)   Merge Heap Roots: 0.6ms
[2020-09-22T12:58:40.567+0500][gc,phases    ] GC(33)   Evacuate Collection Set: 17.7ms
[2020-09-22T12:58:40.567+0500][gc,phases    ] GC(33)   Post Evacuate Collection Set: 1.4ms
[2020-09-22T12:58:40.567+0500][gc,phases    ] GC(33)   Other: 2.4ms
[2020-09-22T12:58:40.567+0500][gc,heap      ] GC(33) Eden regions: 408->0(302)
[2020-09-22T12:58:40.567+0500][gc,heap      ] GC(33) Survivor regions: 4->3(52)
[2020-09-22T12:58:40.567+0500][gc,heap      ] GC(33) Old regions: 16->16
[2020-09-22T12:58:40.567+0500][gc,heap      ] GC(33) Archive regions: 2->2
[2020-09-22T12:58:40.567+0500][gc,heap      ] GC(33) Humongous regions: 129->129
[2020-09-22T12:58:40.567+0500][gc,metaspace ] GC(33) Metaspace: 40332K(42444K)->40332K(42444K) NonClass: 35512K(36608K)->35512K(36608K) Class: 4820K(5836K)->4820K(5836K)
[2020-09-22T12:58:40.568+0500][gc           ] GC(33) Pause Young (Normal) (G1 Evacuation Pause) 556M->148M(1024M) 25.765ms
[2020-09-22T12:58:40.568+0500][gc,cpu       ] GC(33) User=0.02s Sys=0.09s Real=0.02s
[2020-09-22T13:34:22.523+0500][gc,start     ] GC(34) Pause Young (Normal) (G1 Evacuation Pause)
[2020-09-22T13:34:22.524+0500][gc,task      ] GC(34) Using 13 workers of 13 for evacuation
[2020-09-22T13:34:22.537+0500][gc,phases    ] GC(34)   Pre Evacuate Collection Set: 2.9ms
[2020-09-22T13:34:22.537+0500][gc,phases    ] GC(34)   Merge Heap Roots: 0.2ms
[2020-09-22T13:34:22.537+0500][gc,phases    ] GC(34)   Evacuate Collection Set: 8.7ms
[2020-09-22T13:34:22.537+0500][gc,phases    ] GC(34)   Post Evacuate Collection Set: 1.5ms
[2020-09-22T13:34:22.537+0500][gc,phases    ] GC(34)   Other: 1.3ms
[2020-09-22T13:34:22.537+0500][gc,heap      ] GC(34) Eden regions: 302->0(611)
[2020-09-22T13:34:22.537+0500][gc,heap      ] GC(34) Survivor regions: 3->3(39)
[2020-09-22T13:34:22.537+0500][gc,heap      ] GC(34) Old regions: 16->16
[2020-09-22T13:34:22.537+0500][gc,heap      ] GC(34) Archive regions: 2->2
[2020-09-22T13:34:22.537+0500][gc,heap      ] GC(34) Humongous regions: 129->129
[2020-09-22T13:34:22.537+0500][gc,metaspace ] GC(34) Metaspace: 40334K(42444K)->40334K(42444K) NonClass: 35514K(36608K)->35514K(36608K) Class: 4820K(5836K)->4820K(5836K)
[2020-09-22T13:34:22.537+0500][gc           ] GC(34) Pause Young (Normal) (G1 Evacuation Pause) 450M->148M(1024M) 14.718ms
[2020-09-22T13:34:22.537+0500][gc,cpu       ] GC(34) User=0.02s Sys=0.09s Real=0.01s
[2020-09-22T14:36:45.992+0500][gc,start     ] GC(35) Pause Young (Normal) (G1 Evacuation Pause)
[2020-09-22T14:36:45.995+0500][gc,task      ] GC(35) Using 13 workers of 13 for evacuation
[2020-09-22T14:36:46.058+0500][gc,mmu       ] GC(35) MMU target violated: 21.0ms (20.0ms/21.0ms)
[2020-09-22T14:36:46.058+0500][gc,phases    ] GC(35)   Pre Evacuate Collection Set: 16.8ms
[2020-09-22T14:36:46.058+0500][gc,phases    ] GC(35)   Merge Heap Roots: 1.6ms
[2020-09-22T14:36:46.058+0500][gc,phases    ] GC(35)   Evacuate Collection Set: 35.9ms
[2020-09-22T14:36:46.058+0500][gc,phases    ] GC(35)   Post Evacuate Collection Set: 3.1ms
[2020-09-22T14:36:46.058+0500][gc,phases    ] GC(35)   Other: 9.8ms
[2020-09-22T14:36:46.058+0500][gc,heap      ] GC(35) Eden regions: 611->0(47)
[2020-09-22T14:36:46.058+0500][gc,heap      ] GC(35) Survivor regions: 3->4(77)
[2020-09-22T14:36:46.058+0500][gc,heap      ] GC(35) Old regions: 16->16
[2020-09-22T14:36:46.058+0500][gc,heap      ] GC(35) Archive regions: 2->2
[2020-09-22T14:36:46.058+0500][gc,heap      ] GC(35) Humongous regions: 129->129
[2020-09-22T14:36:46.058+0500][gc,metaspace ] GC(35) Metaspace: 40364K(42700K)->40364K(42700K) NonClass: 35544K(36864K)->35544K(36864K) Class: 4820K(5836K)->4820K(5836K)
[2020-09-22T14:36:46.058+0500][gc           ] GC(35) Pause Young (Normal) (G1 Evacuation Pause) 759M->148M(1024M) 66.532ms
[2020-09-22T14:36:46.059+0500][gc,cpu       ] GC(35) User=0.03s Sys=0.11s Real=0.06s
[2020-09-22T14:41:08.076+0500][gc,start     ] GC(36) Pause Young (Normal) (G1 Evacuation Pause)
[2020-09-22T14:41:08.076+0500][gc,task      ] GC(36) Using 13 workers of 13 for evacuation
[2020-09-22T14:41:08.099+0500][gc,mmu       ] GC(36) MMU target violated: 21.0ms (20.0ms/21.0ms)
[2020-09-22T14:41:08.099+0500][gc,phases    ] GC(36)   Pre Evacuate Collection Set: 2.0ms
[2020-09-22T14:41:08.099+0500][gc,phases    ] GC(36)   Merge Heap Roots: 1.0ms
[2020-09-22T14:41:08.099+0500][gc,phases    ] GC(36)   Evacuate Collection Set: 19.0ms
[2020-09-22T14:41:08.099+0500][gc,phases    ] GC(36)   Post Evacuate Collection Set: 1.1ms
[2020-09-22T14:41:08.099+0500][gc,phases    ] GC(36)   Other: 0.7ms
[2020-09-22T14:41:08.099+0500][gc,heap      ] GC(36) Eden regions: 47->0(47)
[2020-09-22T14:41:08.099+0500][gc,heap      ] GC(36) Survivor regions: 4->4(7)
[2020-09-22T14:41:08.100+0500][gc,heap      ] GC(36) Old regions: 16->16
[2020-09-22T14:41:08.100+0500][gc,heap      ] GC(36) Archive regions: 2->2
[2020-09-22T14:41:08.100+0500][gc,heap      ] GC(36) Humongous regions: 129->129
[2020-09-22T14:41:08.100+0500][gc,metaspace ] GC(36) Metaspace: 40381K(42700K)->40381K(42700K) NonClass: 35561K(36864K)->35561K(36864K) Class: 4820K(5836K)->4820K(5836K)
[2020-09-22T14:41:08.100+0500][gc           ] GC(36) Pause Young (Normal) (G1 Evacuation Pause) 195M->148M(1024M) 23.921ms
[2020-09-22T14:41:08.100+0500][gc,cpu       ] GC(36) User=0.02s Sys=0.05s Real=0.03s
[2020-09-22T14:45:34.215+0500][gc,start     ] GC(37) Pause Young (Normal) (G1 Evacuation Pause)
[2020-09-22T14:45:34.216+0500][gc,task      ] GC(37) Using 13 workers of 13 for evacuation
[2020-09-22T14:45:34.231+0500][gc,phases    ] GC(37)   Pre Evacuate Collection Set: 0.2ms
[2020-09-22T14:45:34.231+0500][gc,phases    ] GC(37)   Merge Heap Roots: 0.1ms
[2020-09-22T14:45:34.231+0500][gc,phases    ] GC(37)   Evacuate Collection Set: 13.1ms
[2020-09-22T14:45:34.231+0500][gc,phases    ] GC(37)   Post Evacuate Collection Set: 1.1ms
[2020-09-22T14:45:34.231+0500][gc,phases    ] GC(37)   Other: 1.1ms
[2020-09-22T14:45:34.231+0500][gc,heap      ] GC(37) Eden regions: 47->0(47)
[2020-09-22T14:45:34.231+0500][gc,heap      ] GC(37) Survivor regions: 4->4(7)
[2020-09-22T14:45:34.231+0500][gc,heap      ] GC(37) Old regions: 16->16
[2020-09-22T14:45:34.231+0500][gc,heap      ] GC(37) Archive regions: 2->2
[2020-09-22T14:45:34.231+0500][gc,heap      ] GC(37) Humongous regions: 129->129
[2020-09-22T14:45:34.231+0500][gc,metaspace ] GC(37) Metaspace: 40382K(42700K)->40382K(42700K) NonClass: 35562K(36864K)->35562K(36864K) Class: 4820K(5836K)->4820K(5836K)
[2020-09-22T14:45:34.231+0500][gc           ] GC(37) Pause Young (Normal) (G1 Evacuation Pause) 195M->148M(1024M) 16.109ms
[2020-09-22T14:45:34.231+0500][gc,cpu       ] GC(37) User=0.02s Sys=0.04s Real=0.02s
[2020-09-22T14:50:04.976+0500][gc,start     ] GC(38) Pause Young (Normal) (G1 Evacuation Pause)
[2020-09-22T14:50:04.977+0500][gc,task      ] GC(38) Using 13 workers of 13 for evacuation
[2020-09-22T14:50:04.983+0500][gc,phases    ] GC(38)   Pre Evacuate Collection Set: 0.1ms
[2020-09-22T14:50:04.983+0500][gc,phases    ] GC(38)   Merge Heap Roots: 0.1ms
[2020-09-22T14:50:04.983+0500][gc,phases    ] GC(38)   Evacuate Collection Set: 5.8ms
[2020-09-22T14:50:04.983+0500][gc,phases    ] GC(38)   Post Evacuate Collection Set: 0.3ms
[2020-09-22T14:50:04.983+0500][gc,phases    ] GC(38)   Other: 0.8ms
[2020-09-22T14:50:04.983+0500][gc,heap      ] GC(38) Eden regions: 47->0(54)
[2020-09-22T14:50:04.983+0500][gc,heap      ] GC(38) Survivor regions: 4->3(7)
[2020-09-22T14:50:04.983+0500][gc,heap      ] GC(38) Old regions: 16->16
[2020-09-22T14:50:04.983+0500][gc,heap      ] GC(38) Archive regions: 2->2
[2020-09-22T14:50:04.983+0500][gc,heap      ] GC(38) Humongous regions: 129->129
[2020-09-22T14:50:04.983+0500][gc,metaspace ] GC(38) Metaspace: 40382K(42700K)->40382K(42700K) NonClass: 35562K(36864K)->35562K(36864K) Class: 4820K(5836K)->4820K(5836K)
[2020-09-22T14:50:04.983+0500][gc           ] GC(38) Pause Young (Normal) (G1 Evacuation Pause) 195M->148M(1024M) 7.202ms
[2020-09-22T14:50:04.983+0500][gc,cpu       ] GC(38) User=0.02s Sys=0.01s Real=0.01s
[2020-09-22T14:55:12.038+0500][gc,start     ] GC(39) Pause Young (Normal) (G1 Evacuation Pause)
[2020-09-22T14:55:12.039+0500][gc,task      ] GC(39) Using 13 workers of 13 for evacuation
[2020-09-22T14:55:12.055+0500][gc,phases    ] GC(39)   Pre Evacuate Collection Set: 2.2ms
[2020-09-22T14:55:12.055+0500][gc,phases    ] GC(39)   Merge Heap Roots: 0.2ms
[2020-09-22T14:55:12.055+0500][gc,phases    ] GC(39)   Evacuate Collection Set: 12.1ms
[2020-09-22T14:55:12.055+0500][gc,phases    ] GC(39)   Post Evacuate Collection Set: 1.4ms
[2020-09-22T14:55:12.055+0500][gc,phases    ] GC(39)   Other: 1.8ms
[2020-09-22T14:55:12.055+0500][gc,heap      ] GC(39) Eden regions: 54->0(57)
[2020-09-22T14:55:12.055+0500][gc,heap      ] GC(39) Survivor regions: 3->3(8)
[2020-09-22T14:55:12.055+0500][gc,heap      ] GC(39) Old regions: 16->16
[2020-09-22T14:55:12.055+0500][gc,heap      ] GC(39) Archive regions: 2->2
[2020-09-22T14:55:12.055+0500][gc,heap      ] GC(39) Humongous regions: 129->129
[2020-09-22T14:55:12.055+0500][gc,metaspace ] GC(39) Metaspace: 40382K(42700K)->40382K(42700K) NonClass: 35562K(36864K)->35562K(36864K) Class: 4820K(5836K)->4820K(5836K)
[2020-09-22T14:55:12.055+0500][gc           ] GC(39) Pause Young (Normal) (G1 Evacuation Pause) 202M->148M(1024M) 17.852ms
[2020-09-22T14:55:12.055+0500][gc,cpu       ] GC(39) User=0.02s Sys=0.08s Real=0.02s
[2020-09-22T15:00:35.385+0500][gc,start     ] GC(40) Pause Young (Normal) (G1 Evacuation Pause)
[2020-09-22T15:00:35.386+0500][gc,task      ] GC(40) Using 13 workers of 13 for evacuation
[2020-09-22T15:00:35.397+0500][gc,phases    ] GC(40)   Pre Evacuate Collection Set: 0.1ms
[2020-09-22T15:00:35.397+0500][gc,phases    ] GC(40)   Merge Heap Roots: 0.1ms
[2020-09-22T15:00:35.397+0500][gc,phases    ] GC(40)   Evacuate Collection Set: 10.9ms
[2020-09-22T15:00:35.397+0500][gc,phases    ] GC(40)   Post Evacuate Collection Set: 0.3ms
[2020-09-22T15:00:35.397+0500][gc,phases    ] GC(40)   Other: 0.7ms
[2020-09-22T15:00:35.398+0500][gc,heap      ] GC(40) Eden regions: 57->0(60)
[2020-09-22T15:00:35.398+0500][gc,heap      ] GC(40) Survivor regions: 3->4(8)
[2020-09-22T15:00:35.398+0500][gc,heap      ] GC(40) Old regions: 16->16
[2020-09-22T15:00:35.398+0500][gc,heap      ] GC(40) Archive regions: 2->2
[2020-09-22T15:00:35.398+0500][gc,heap      ] GC(40) Humongous regions: 129->129
[2020-09-22T15:00:35.398+0500][gc,metaspace ] GC(40) Metaspace: 40382K(42700K)->40382K(42700K) NonClass: 35562K(36864K)->35562K(36864K) Class: 4820K(5836K)->4820K(5836K)
[2020-09-22T15:00:35.398+0500][gc           ] GC(40) Pause Young (Normal) (G1 Evacuation Pause) 205M->148M(1024M) 12.143ms
[2020-09-22T15:00:35.398+0500][gc,cpu       ] GC(40) User=0.01s Sys=0.03s Real=0.01s
[2020-09-22T15:06:18.147+0500][gc,start     ] GC(41) Pause Young (Normal) (G1 Evacuation Pause)
[2020-09-22T15:06:18.148+0500][gc,task      ] GC(41) Using 13 workers of 13 for evacuation
[2020-09-22T15:06:18.174+0500][gc,mmu       ] GC(41) MMU target violated: 21.0ms (20.0ms/21.0ms)
[2020-09-22T15:06:18.174+0500][gc,phases    ] GC(41)   Pre Evacuate Collection Set: 3.1ms
[2020-09-22T15:06:18.174+0500][gc,phases    ] GC(41)   Merge Heap Roots: 0.3ms
[2020-09-22T15:06:18.174+0500][gc,phases    ] GC(41)   Evacuate Collection Set: 21.1ms
[2020-09-22T15:06:18.174+0500][gc,phases    ] GC(41)   Post Evacuate Collection Set: 1.4ms
[2020-09-22T15:06:18.174+0500][gc,phases    ] GC(41)   Other: 1.0ms
[2020-09-22T15:06:18.174+0500][gc,heap      ] GC(41) Eden regions: 60->0(47)
[2020-09-22T15:06:18.174+0500][gc,heap      ] GC(41) Survivor regions: 4->4(8)
[2020-09-22T15:06:18.174+0500][gc,heap      ] GC(41) Old regions: 16->16
[2020-09-22T15:06:18.174+0500][gc,heap      ] GC(41) Archive regions: 2->2
[2020-09-22T15:06:18.174+0500][gc,heap      ] GC(41) Humongous regions: 129->129
[2020-09-22T15:06:18.174+0500][gc,metaspace ] GC(41) Metaspace: 40384K(42700K)->40384K(42700K) NonClass: 35564K(36864K)->35564K(36864K) Class: 4820K(5836K)->4820K(5836K)
[2020-09-22T15:06:18.174+0500][gc           ] GC(41) Pause Young (Normal) (G1 Evacuation Pause) 208M->148M(1024M) 26.900ms
[2020-09-22T15:06:18.174+0500][gc,cpu       ] GC(41) User=0.01s Sys=0.09s Real=0.03s
[2020-09-22T15:10:46.611+0500][gc,start     ] GC(42) Pause Young (Normal) (G1 Evacuation Pause)
[2020-09-22T15:10:46.613+0500][gc,task      ] GC(42) Using 13 workers of 13 for evacuation
[2020-09-22T15:10:46.616+0500][gc,phases    ] GC(42)   Pre Evacuate Collection Set: 0.2ms
[2020-09-22T15:10:46.616+0500][gc,phases    ] GC(42)   Merge Heap Roots: 0.1ms
[2020-09-22T15:10:46.616+0500][gc,phases    ] GC(42)   Evacuate Collection Set: 1.7ms
[2020-09-22T15:10:46.616+0500][gc,phases    ] GC(42)   Post Evacuate Collection Set: 0.9ms
[2020-09-22T15:10:46.616+0500][gc,phases    ] GC(42)   Other: 1.4ms
[2020-09-22T15:10:46.616+0500][gc,heap      ] GC(42) Eden regions: 47->0(78)
[2020-09-22T15:10:46.616+0500][gc,heap      ] GC(42) Survivor regions: 4->4(7)
[2020-09-22T15:10:46.616+0500][gc,heap      ] GC(42) Old regions: 16->16
[2020-09-22T15:10:46.616+0500][gc,heap      ] GC(42) Archive regions: 2->2
[2020-09-22T15:10:46.616+0500][gc,heap      ] GC(42) Humongous regions: 129->129
[2020-09-22T15:10:46.616+0500][gc,metaspace ] GC(42) Metaspace: 40384K(42700K)->40384K(42700K) NonClass: 35564K(36864K)->35564K(36864K) Class: 4820K(5836K)->4820K(5836K)
[2020-09-22T15:10:46.616+0500][gc           ] GC(42) Pause Young (Normal) (G1 Evacuation Pause) 195M->148M(1024M) 4.554ms
[2020-09-22T15:10:46.616+0500][gc,cpu       ] GC(42) User=0.02s Sys=0.00s Real=0.00s
[2020-09-22T15:19:25.008+0500][gc,start     ] GC(43) Pause Young (Normal) (G1 Evacuation Pause)
[2020-09-22T15:19:25.010+0500][gc,task      ] GC(43) Using 13 workers of 13 for evacuation
[2020-09-22T15:19:25.038+0500][gc,mmu       ] GC(43) MMU target violated: 21.0ms (20.0ms/21.0ms)
[2020-09-22T15:19:25.038+0500][gc,phases    ] GC(43)   Pre Evacuate Collection Set: 5.1ms
[2020-09-22T15:19:25.038+0500][gc,phases    ] GC(43)   Merge Heap Roots: 0.8ms
[2020-09-22T15:19:25.038+0500][gc,phases    ] GC(43)   Evacuate Collection Set: 20.6ms
[2020-09-22T15:19:25.038+0500][gc,phases    ] GC(43)   Post Evacuate Collection Set: 1.4ms
[2020-09-22T15:19:25.038+0500][gc,phases    ] GC(43)   Other: 2.8ms
[2020-09-22T15:19:25.038+0500][gc,heap      ] GC(43) Eden regions: 78->0(48)
[2020-09-22T15:19:25.039+0500][gc,heap      ] GC(43) Survivor regions: 4->4(11)
[2020-09-22T15:19:25.039+0500][gc,heap      ] GC(43) Old regions: 16->16
[2020-09-22T15:19:25.039+0500][gc,heap      ] GC(43) Archive regions: 2->2
[2020-09-22T15:19:25.039+0500][gc,heap      ] GC(43) Humongous regions: 129->129
[2020-09-22T15:19:25.039+0500][gc,metaspace ] GC(43) Metaspace: 40386K(42700K)->40386K(42700K) NonClass: 35566K(36864K)->35566K(36864K) Class: 4820K(5836K)->4820K(5836K)
[2020-09-22T15:19:25.039+0500][gc           ] GC(43) Pause Young (Normal) (G1 Evacuation Pause) 226M->148M(1024M) 31.132ms
[2020-09-22T15:19:25.039+0500][gc,cpu       ] GC(43) User=0.02s Sys=0.08s Real=0.03s
[2020-09-22T15:24:58.875+0500][gc,start     ] GC(44) Pause Young (Normal) (G1 Evacuation Pause)
[2020-09-22T15:24:58.876+0500][gc,task      ] GC(44) Using 13 workers of 13 for evacuation
[2020-09-22T15:24:58.885+0500][gc,phases    ] GC(44)   Pre Evacuate Collection Set: 0.2ms
[2020-09-22T15:24:58.885+0500][gc,phases    ] GC(44)   Merge Heap Roots: 0.2ms
[2020-09-22T15:24:58.885+0500][gc,phases    ] GC(44)   Evacuate Collection Set: 8.2ms
[2020-09-22T15:24:58.885+0500][gc,phases    ] GC(44)   Post Evacuate Collection Set: 0.3ms
[2020-09-22T15:24:58.885+0500][gc,phases    ] GC(44)   Other: 1.3ms
[2020-09-22T15:24:58.885+0500][gc,heap      ] GC(44) Eden regions: 48->0(78)
[2020-09-22T15:24:58.885+0500][gc,heap      ] GC(44) Survivor regions: 4->4(7)
[2020-09-22T15:24:58.885+0500][gc,heap      ] GC(44) Old regions: 16->16
[2020-09-22T15:24:58.885+0500][gc,heap      ] GC(44) Archive regions: 2->2
[2020-09-22T15:24:58.885+0500][gc,heap      ] GC(44) Humongous regions: 129->129
[2020-09-22T15:24:58.885+0500][gc,metaspace ] GC(44) Metaspace: 40392K(42700K)->40392K(42700K) NonClass: 35572K(36864K)->35572K(36864K) Class: 4820K(5836K)->4820K(5836K)
[2020-09-22T15:24:58.885+0500][gc           ] GC(44) Pause Young (Normal) (G1 Evacuation Pause) 196M->148M(1024M) 10.352ms
[2020-09-22T15:24:58.885+0500][gc,cpu       ] GC(44) User=0.03s Sys=0.04s Real=0.01s
[2020-09-22T15:33:59.976+0500][gc,start     ] GC(45) Pause Young (Normal) (G1 Evacuation Pause)
[2020-09-22T15:33:59.977+0500][gc,task      ] GC(45) Using 13 workers of 13 for evacuation
[2020-09-22T15:33:59.994+0500][gc,phases    ] GC(45)   Pre Evacuate Collection Set: 3.1ms
[2020-09-22T15:33:59.994+0500][gc,phases    ] GC(45)   Merge Heap Roots: 0.3ms
[2020-09-22T15:33:59.994+0500][gc,phases    ] GC(45)   Evacuate Collection Set: 12.0ms
[2020-09-22T15:33:59.994+0500][gc,phases    ] GC(45)   Post Evacuate Collection Set: 1.4ms
[2020-09-22T15:33:59.994+0500][gc,phases    ] GC(45)   Other: 1.5ms
[2020-09-22T15:33:59.994+0500][gc,heap      ] GC(45) Eden regions: 78->0(91)
[2020-09-22T15:33:59.994+0500][gc,heap      ] GC(45) Survivor regions: 4->4(11)
[2020-09-22T15:33:59.994+0500][gc,heap      ] GC(45) Old regions: 16->16
[2020-09-22T15:33:59.994+0500][gc,heap      ] GC(45) Archive regions: 2->2
[2020-09-22T15:33:59.994+0500][gc,heap      ] GC(45) Humongous regions: 129->129
[2020-09-22T15:33:59.994+0500][gc,metaspace ] GC(45) Metaspace: 40392K(42700K)->40392K(42700K) NonClass: 35572K(36864K)->35572K(36864K) Class: 4820K(5836K)->4820K(5836K)
[2020-09-22T15:33:59.994+0500][gc           ] GC(45) Pause Young (Normal) (G1 Evacuation Pause) 226M->148M(1024M) 18.494ms
[2020-09-22T15:33:59.994+0500][gc,cpu       ] GC(45) User=0.03s Sys=0.09s Real=0.02s
[2020-09-22T15:44:13.430+0500][gc,start     ] GC(46) Pause Young (Normal) (G1 Evacuation Pause)
[2020-09-22T15:44:13.432+0500][gc,task      ] GC(46) Using 13 workers of 13 for evacuation
[2020-09-22T15:44:13.452+0500][gc,mmu       ] GC(46) MMU target violated: 20.2ms (20.0ms/21.0ms)
[2020-09-22T15:44:13.452+0500][gc,phases    ] GC(46)   Pre Evacuate Collection Set: 2.7ms
[2020-09-22T15:44:13.452+0500][gc,phases    ] GC(46)   Merge Heap Roots: 0.2ms
[2020-09-22T15:44:13.452+0500][gc,phases    ] GC(46)   Evacuate Collection Set: 15.0ms
[2020-09-22T15:44:13.452+0500][gc,phases    ] GC(46)   Post Evacuate Collection Set: 2.2ms
[2020-09-22T15:44:13.452+0500][gc,phases    ] GC(46)   Other: 1.5ms
[2020-09-22T15:44:13.452+0500][gc,heap      ] GC(46) Eden regions: 91->0(81)
[2020-09-22T15:44:13.452+0500][gc,heap      ] GC(46) Survivor regions: 4->4(12)
[2020-09-22T15:44:13.452+0500][gc,heap      ] GC(46) Old regions: 16->16
[2020-09-22T15:44:13.452+0500][gc,heap      ] GC(46) Archive regions: 2->2
[2020-09-22T15:44:13.452+0500][gc,heap      ] GC(46) Humongous regions: 129->129
[2020-09-22T15:44:13.452+0500][gc,metaspace ] GC(46) Metaspace: 40395K(42700K)->40395K(42700K) NonClass: 35575K(36864K)->35575K(36864K) Class: 4820K(5836K)->4820K(5836K)
[2020-09-22T15:44:13.452+0500][gc           ] GC(46) Pause Young (Normal) (G1 Evacuation Pause) 239M->148M(1024M) 21.699ms
[2020-09-22T15:44:13.452+0500][gc,cpu       ] GC(46) User=0.02s Sys=0.10s Real=0.02s
[2020-09-22T15:53:18.894+0500][gc,start     ] GC(47) Pause Young (Normal) (G1 Evacuation Pause)
[2020-09-22T15:53:18.895+0500][gc,task      ] GC(47) Using 13 workers of 13 for evacuation
[2020-09-22T15:53:18.903+0500][gc,phases    ] GC(47)   Pre Evacuate Collection Set: 1.2ms
[2020-09-22T15:53:18.903+0500][gc,phases    ] GC(47)   Merge Heap Roots: 0.2ms
[2020-09-22T15:53:18.903+0500][gc,phases    ] GC(47)   Evacuate Collection Set: 6.3ms
[2020-09-22T15:53:18.903+0500][gc,phases    ] GC(47)   Post Evacuate Collection Set: 0.3ms
[2020-09-22T15:53:18.904+0500][gc,phases    ] GC(47)   Other: 1.8ms
[2020-09-22T15:53:18.904+0500][gc,heap      ] GC(47) Eden regions: 81->0(126)
[2020-09-22T15:53:18.904+0500][gc,heap      ] GC(47) Survivor regions: 4->4(11)
[2020-09-22T15:53:18.904+0500][gc,heap      ] GC(47) Old regions: 16->16
[2020-09-22T15:53:18.904+0500][gc,heap      ] GC(47) Archive regions: 2->2
[2020-09-22T15:53:18.904+0500][gc,heap      ] GC(47) Humongous regions: 129->129
[2020-09-22T15:53:18.904+0500][gc,metaspace ] GC(47) Metaspace: 40398K(42700K)->40398K(42700K) NonClass: 35578K(36864K)->35578K(36864K) Class: 4820K(5836K)->4820K(5836K)
[2020-09-22T15:53:18.904+0500][gc           ] GC(47) Pause Young (Normal) (G1 Evacuation Pause) 229M->149M(1024M) 10.027ms
[2020-09-22T15:53:18.904+0500][gc,cpu       ] GC(47) User=0.03s Sys=0.03s Real=0.01s
[2020-09-22T16:05:34.762+0500][gc,start     ] GC(48) Pause Young (Normal) (G1 Evacuation Pause)
[2020-09-22T16:05:34.763+0500][gc,task      ] GC(48) Using 13 workers of 13 for evacuation
[2020-09-22T16:05:34.788+0500][gc,mmu       ] GC(48) MMU target violated: 21.0ms (20.0ms/21.0ms)
[2020-09-22T16:05:34.788+0500][gc,phases    ] GC(48)   Pre Evacuate Collection Set: 4.5ms
[2020-09-22T16:05:34.788+0500][gc,phases    ] GC(48)   Merge Heap Roots: 1.7ms
[2020-09-22T16:05:34.788+0500][gc,phases    ] GC(48)   Evacuate Collection Set: 17.5ms
[2020-09-22T16:05:34.789+0500][gc,phases    ] GC(48)   Post Evacuate Collection Set: 1.5ms
[2020-09-22T16:05:34.789+0500][gc,phases    ] GC(48)   Other: 1.6ms
[2020-09-22T16:05:34.789+0500][gc,heap      ] GC(48) Eden regions: 126->0(68)
[2020-09-22T16:05:34.789+0500][gc,heap      ] GC(48) Survivor regions: 4->4(17)
[2020-09-22T16:05:34.789+0500][gc,heap      ] GC(48) Old regions: 16->16
[2020-09-22T16:05:34.789+0500][gc,heap      ] GC(48) Archive regions: 2->2
[2020-09-22T16:05:34.789+0500][gc,heap      ] GC(48) Humongous regions: 129->129
[2020-09-22T16:05:34.789+0500][gc,metaspace ] GC(48) Metaspace: 40441K(42700K)->40441K(42700K) NonClass: 35621K(36864K)->35621K(36864K) Class: 4820K(5836K)->4820K(5836K)
[2020-09-22T16:05:34.789+0500][gc           ] GC(48) Pause Young (Normal) (G1 Evacuation Pause) 275M->149M(1024M) 26.816ms
[2020-09-22T16:05:34.789+0500][gc,cpu       ] GC(48) User=0.02s Sys=0.11s Real=0.02s
[2020-09-22T16:11:58.923+0500][gc,start     ] GC(49) Pause Young (Normal) (G1 Evacuation Pause)
[2020-09-22T16:11:58.924+0500][gc,task      ] GC(49) Using 13 workers of 13 for evacuation
[2020-09-22T16:11:58.935+0500][gc,phases    ] GC(49)   Pre Evacuate Collection Set: 0.5ms
[2020-09-22T16:11:58.935+0500][gc,phases    ] GC(49)   Merge Heap Roots: 0.1ms
[2020-09-22T16:11:58.935+0500][gc,phases    ] GC(49)   Evacuate Collection Set: 9.7ms
[2020-09-22T16:11:58.935+0500][gc,phases    ] GC(49)   Post Evacuate Collection Set: 0.4ms
[2020-09-22T16:11:58.935+0500][gc,phases    ] GC(49)   Other: 1.3ms
[2020-09-22T16:11:58.935+0500][gc,heap      ] GC(49) Eden regions: 68->0(120)
[2020-09-22T16:11:58.935+0500][gc,heap      ] GC(49) Survivor regions: 4->4(9)
[2020-09-22T16:11:58.935+0500][gc,heap      ] GC(49) Old regions: 16->16
[2020-09-22T16:11:58.935+0500][gc,heap      ] GC(49) Archive regions: 2->2
[2020-09-22T16:11:58.935+0500][gc,heap      ] GC(49) Humongous regions: 129->129
[2020-09-22T16:11:58.936+0500][gc,metaspace ] GC(49) Metaspace: 40494K(42700K)->40494K(42700K) NonClass: 35674K(36864K)->35674K(36864K) Class: 4820K(5836K)->4820K(5836K)
[2020-09-22T16:11:58.936+0500][gc           ] GC(49) Pause Young (Normal) (G1 Evacuation Pause) 217M->149M(1024M) 12.142ms
[2020-09-22T16:11:58.936+0500][gc,cpu       ] GC(49) User=0.02s Sys=0.06s Real=0.01s
[2020-09-22T16:23:47.833+0500][gc,start     ] GC(50) Pause Young (Normal) (G1 Evacuation Pause)
[2020-09-22T16:23:47.835+0500][gc,task      ] GC(50) Using 13 workers of 13 for evacuation
[2020-09-22T16:23:47.857+0500][gc,mmu       ] GC(50) MMU target violated: 21.0ms (20.0ms/21.0ms)
[2020-09-22T16:23:47.857+0500][gc,phases    ] GC(50)   Pre Evacuate Collection Set: 3.7ms
[2020-09-22T16:23:47.857+0500][gc,phases    ] GC(50)   Merge Heap Roots: 0.8ms
[2020-09-22T16:23:47.857+0500][gc,phases    ] GC(50)   Evacuate Collection Set: 14.5ms
[2020-09-22T16:23:47.857+0500][gc,phases    ] GC(50)   Post Evacuate Collection Set: 2.3ms
[2020-09-22T16:23:47.857+0500][gc,phases    ] GC(50)   Other: 3.1ms
[2020-09-22T16:23:47.857+0500][gc,heap      ] GC(50) Eden regions: 120->0(89)
[2020-09-22T16:23:47.857+0500][gc,heap      ] GC(50) Survivor regions: 4->4(16)
[2020-09-22T16:23:47.857+0500][gc,heap      ] GC(50) Old regions: 16->16
[2020-09-22T16:23:47.857+0500][gc,heap      ] GC(50) Archive regions: 2->2
[2020-09-22T16:23:47.857+0500][gc,heap      ] GC(50) Humongous regions: 129->129
[2020-09-22T16:23:47.857+0500][gc,metaspace ] GC(50) Metaspace: 40495K(42700K)->40495K(42700K) NonClass: 35675K(36864K)->35675K(36864K) Class: 4820K(5836K)->4820K(5836K)
[2020-09-22T16:23:47.857+0500][gc           ] GC(50) Pause Young (Normal) (G1 Evacuation Pause) 269M->148M(1024M) 23.849ms
[2020-09-22T16:23:47.857+0500][gc,cpu       ] GC(50) User=0.02s Sys=0.08s Real=0.02s
[2020-09-22T16:32:14.947+0500][gc,start     ] GC(51) Pause Young (Normal) (G1 Evacuation Pause)
[2020-09-22T16:32:14.948+0500][gc,task      ] GC(51) Using 13 workers of 13 for evacuation
[2020-09-22T16:32:14.970+0500][gc,mmu       ] GC(51) MMU target violated: 21.0ms (20.0ms/21.0ms)
[2020-09-22T16:32:14.970+0500][gc,phases    ] GC(51)   Pre Evacuate Collection Set: 5.7ms
[2020-09-22T16:32:14.970+0500][gc,phases    ] GC(51)   Merge Heap Roots: 0.8ms
[2020-09-22T16:32:14.970+0500][gc,phases    ] GC(51)   Evacuate Collection Set: 13.6ms
[2020-09-22T16:32:14.970+0500][gc,phases    ] GC(51)   Post Evacuate Collection Set: 1.8ms
[2020-09-22T16:32:14.970+0500][gc,phases    ] GC(51)   Other: 2.3ms
[2020-09-22T16:32:14.970+0500][gc,heap      ] GC(51) Eden regions: 89->0(59)
[2020-09-22T16:32:14.970+0500][gc,heap      ] GC(51) Survivor regions: 4->4(12)
[2020-09-22T16:32:14.970+0500][gc,heap      ] GC(51) Old regions: 16->16
[2020-09-22T16:32:14.970+0500][gc,heap      ] GC(51) Archive regions: 2->2
[2020-09-22T16:32:14.970+0500][gc,heap      ] GC(51) Humongous regions: 129->129
[2020-09-22T16:32:14.970+0500][gc,metaspace ] GC(51) Metaspace: 40499K(42700K)->40499K(42700K) NonClass: 35679K(36864K)->35679K(36864K) Class: 4820K(5836K)->4820K(5836K)
[2020-09-22T16:32:14.971+0500][gc           ] GC(51) Pause Young (Normal) (G1 Evacuation Pause) 237M->148M(1024M) 23.512ms
[2020-09-22T16:32:14.971+0500][gc,cpu       ] GC(51) User=0.03s Sys=0.09s Real=0.03s
[2020-09-22T16:37:48.937+0500][gc,start     ] GC(52) Pause Young (Normal) (G1 Evacuation Pause)
[2020-09-22T16:37:48.938+0500][gc,task      ] GC(52) Using 13 workers of 13 for evacuation
[2020-09-22T16:37:48.955+0500][gc,phases    ] GC(52)   Pre Evacuate Collection Set: 3.2ms
[2020-09-22T16:37:48.955+0500][gc,phases    ] GC(52)   Merge Heap Roots: 0.2ms
[2020-09-22T16:37:48.955+0500][gc,phases    ] GC(52)   Evacuate Collection Set: 12.2ms
[2020-09-22T16:37:48.955+0500][gc,phases    ] GC(52)   Post Evacuate Collection Set: 1.0ms
[2020-09-22T16:37:48.955+0500][gc,phases    ] GC(52)   Other: 2.2ms
[2020-09-22T16:37:48.955+0500][gc,heap      ] GC(52) Eden regions: 59->0(83)
[2020-09-22T16:37:48.955+0500][gc,heap      ] GC(52) Survivor regions: 4->4(8)
[2020-09-22T16:37:48.955+0500][gc,heap      ] GC(52) Old regions: 16->16
[2020-09-22T16:37:48.955+0500][gc,heap      ] GC(52) Archive regions: 2->2
[2020-09-22T16:37:48.955+0500][gc,heap      ] GC(52) Humongous regions: 129->129
[2020-09-22T16:37:48.955+0500][gc,metaspace ] GC(52) Metaspace: 40509K(42700K)->40509K(42700K) NonClass: 35689K(36864K)->35689K(36864K) Class: 4820K(5836K)->4820K(5836K)
[2020-09-22T16:37:48.955+0500][gc           ] GC(52) Pause Young (Normal) (G1 Evacuation Pause) 207M->148M(1024M) 18.230ms
[2020-09-22T16:37:48.955+0500][gc,cpu       ] GC(52) User=0.02s Sys=0.08s Real=0.02s
[2020-09-22T16:45:18.229+0500][gc,start     ] GC(53) Pause Young (Normal) (G1 Evacuation Pause)
[2020-09-22T16:45:18.230+0500][gc,task      ] GC(53) Using 13 workers of 13 for evacuation
[2020-09-22T16:45:18.247+0500][gc,phases    ] GC(53)   Pre Evacuate Collection Set: 2.2ms
[2020-09-22T16:45:18.247+0500][gc,phases    ] GC(53)   Merge Heap Roots: 0.3ms
[2020-09-22T16:45:18.247+0500][gc,phases    ] GC(53)   Evacuate Collection Set: 12.7ms
[2020-09-22T16:45:18.247+0500][gc,phases    ] GC(53)   Post Evacuate Collection Set: 1.0ms
[2020-09-22T16:45:18.247+0500][gc,phases    ] GC(53)   Other: 1.2ms
[2020-09-22T16:45:18.247+0500][gc,heap      ] GC(53) Eden regions: 83->0(105)
[2020-09-22T16:45:18.247+0500][gc,heap      ] GC(53) Survivor regions: 4->4(11)
[2020-09-22T16:45:18.247+0500][gc,heap      ] GC(53) Old regions: 16->16
[2020-09-22T16:45:18.247+0500][gc,heap      ] GC(53) Archive regions: 2->2
[2020-09-22T16:45:18.247+0500][gc,heap      ] GC(53) Humongous regions: 129->129
[2020-09-22T16:45:18.247+0500][gc,metaspace ] GC(53) Metaspace: 40531K(42700K)->40531K(42700K) NonClass: 35711K(36864K)->35711K(36864K) Class: 4820K(5836K)->4820K(5836K)
[2020-09-22T16:45:18.247+0500][gc           ] GC(53) Pause Young (Normal) (G1 Evacuation Pause) 231M->149M(1024M) 17.942ms
[2020-09-22T16:45:18.247+0500][gc,cpu       ] GC(53) User=0.02s Sys=0.08s Real=0.02s
[2020-09-22T16:58:03.937+0500][gc,start     ] GC(54) Pause Young (Normal) (G1 Evacuation Pause)
[2020-09-22T16:58:03.938+0500][gc,task      ] GC(54) Using 13 workers of 13 for evacuation
[2020-09-22T16:58:03.965+0500][gc,mmu       ] GC(54) MMU target violated: 21.0ms (20.0ms/21.0ms)
[2020-09-22T16:58:03.965+0500][gc,phases    ] GC(54)   Pre Evacuate Collection Set: 2.5ms
[2020-09-22T16:58:03.965+0500][gc,phases    ] GC(54)   Merge Heap Roots: 1.4ms
[2020-09-22T16:58:03.965+0500][gc,phases    ] GC(54)   Evacuate Collection Set: 20.5ms
[2020-09-22T16:58:03.965+0500][gc,phases    ] GC(54)   Post Evacuate Collection Set: 2.3ms
[2020-09-22T16:58:03.965+0500][gc,phases    ] GC(54)   Other: 1.7ms
[2020-09-22T16:58:03.965+0500][gc,heap      ] GC(54) Eden regions: 105->0(47)
[2020-09-22T16:58:03.965+0500][gc,heap      ] GC(54) Survivor regions: 4->4(14)
[2020-09-22T16:58:03.965+0500][gc,heap      ] GC(54) Old regions: 16->16
[2020-09-22T16:58:03.965+0500][gc,heap      ] GC(54) Archive regions: 2->2
[2020-09-22T16:58:03.965+0500][gc,heap      ] GC(54) Humongous regions: 129->129
[2020-09-22T16:58:03.965+0500][gc,metaspace ] GC(54) Metaspace: 40538K(42700K)->40538K(42700K) NonClass: 35717K(36864K)->35717K(36864K) Class: 4820K(5836K)->4820K(5836K)
[2020-09-22T16:58:03.965+0500][gc           ] GC(54) Pause Young (Normal) (G1 Evacuation Pause) 254M->148M(1024M) 28.361ms
[2020-09-22T16:58:03.965+0500][gc,cpu       ] GC(54) User=0.02s Sys=0.10s Real=0.03s
[2020-09-22T17:02:20.742+0500][gc,start     ] GC(55) Pause Young (Normal) (G1 Evacuation Pause)
[2020-09-22T17:02:20.743+0500][gc,task      ] GC(55) Using 13 workers of 13 for evacuation
[2020-09-22T17:02:20.751+0500][gc,phases    ] GC(55)   Pre Evacuate Collection Set: 0.6ms
[2020-09-22T17:02:20.751+0500][gc,phases    ] GC(55)   Merge Heap Roots: 0.1ms
[2020-09-22T17:02:20.751+0500][gc,phases    ] GC(55)   Evacuate Collection Set: 5.5ms
[2020-09-22T17:02:20.751+0500][gc,phases    ] GC(55)   Post Evacuate Collection Set: 0.7ms
[2020-09-22T17:02:20.751+0500][gc,phases    ] GC(55)   Other: 2.1ms
[2020-09-22T17:02:20.751+0500][gc,heap      ] GC(55) Eden regions: 47->0(96)
[2020-09-22T17:02:20.751+0500][gc,heap      ] GC(55) Survivor regions: 4->4(7)
[2020-09-22T17:02:20.751+0500][gc,heap      ] GC(55) Old regions: 16->16
[2020-09-22T17:02:20.751+0500][gc,heap      ] GC(55) Archive regions: 2->2
[2020-09-22T17:02:20.751+0500][gc,heap      ] GC(55) Humongous regions: 129->129
[2020-09-22T17:02:20.751+0500][gc,metaspace ] GC(55) Metaspace: 40548K(42700K)->40548K(42700K) NonClass: 35728K(36864K)->35728K(36864K) Class: 4820K(5836K)->4820K(5836K)
[2020-09-22T17:02:20.751+0500][gc           ] GC(55) Pause Young (Normal) (G1 Evacuation Pause) 195M->149M(1024M) 9.111ms
[2020-09-22T17:02:20.751+0500][gc,cpu       ] GC(55) User=0.02s Sys=0.03s Real=0.01s
[2020-09-22T17:11:15.714+0500][gc,start     ] GC(56) Pause Young (Normal) (G1 Evacuation Pause)
[2020-09-22T17:11:15.715+0500][gc,task      ] GC(56) Using 13 workers of 13 for evacuation
[2020-09-22T17:11:15.731+0500][gc,phases    ] GC(56)   Pre Evacuate Collection Set: 4.3ms
[2020-09-22T17:11:15.731+0500][gc,phases    ] GC(56)   Merge Heap Roots: 1.2ms
[2020-09-22T17:11:15.731+0500][gc,phases    ] GC(56)   Evacuate Collection Set: 9.5ms
[2020-09-22T17:11:15.731+0500][gc,phases    ] GC(56)   Post Evacuate Collection Set: 0.7ms
[2020-09-22T17:11:15.731+0500][gc,phases    ] GC(56)   Other: 1.4ms
[2020-09-22T17:11:15.731+0500][gc,heap      ] GC(56) Eden regions: 96->0(138)
[2020-09-22T17:11:15.731+0500][gc,heap      ] GC(56) Survivor regions: 4->4(13)
[2020-09-22T17:11:15.731+0500][gc,heap      ] GC(56) Old regions: 16->16
[2020-09-22T17:11:15.731+0500][gc,heap      ] GC(56) Archive regions: 2->2
[2020-09-22T17:11:15.731+0500][gc,heap      ] GC(56) Humongous regions: 129->129
[2020-09-22T17:11:15.731+0500][gc,metaspace ] GC(56) Metaspace: 40575K(42700K)->40575K(42700K) NonClass: 35754K(36864K)->35754K(36864K) Class: 4820K(5836K)->4820K(5836K)
[2020-09-22T17:11:15.731+0500][gc           ] GC(56) Pause Young (Normal) (G1 Evacuation Pause) 245M->148M(1024M) 16.628ms
[2020-09-22T17:11:15.731+0500][gc,cpu       ] GC(56) User=0.02s Sys=0.07s Real=0.02s
[2020-09-22T17:24:18.232+0500][gc,start     ] GC(57) Pause Young (Normal) (G1 Evacuation Pause)
[2020-09-22T17:24:18.232+0500][gc,task      ] GC(57) Using 13 workers of 13 for evacuation
[2020-09-22T17:24:18.262+0500][gc,mmu       ] GC(57) MMU target violated: 21.0ms (20.0ms/21.0ms)
[2020-09-22T17:24:18.263+0500][gc,phases    ] GC(57)   Pre Evacuate Collection Set: 4.0ms
[2020-09-22T17:24:18.263+0500][gc,phases    ] GC(57)   Merge Heap Roots: 1.2ms
[2020-09-22T17:24:18.263+0500][gc,phases    ] GC(57)   Evacuate Collection Set: 22.3ms
[2020-09-22T17:24:18.263+0500][gc,phases    ] GC(57)   Post Evacuate Collection Set: 2.1ms
[2020-09-22T17:24:18.263+0500][gc,phases    ] GC(57)   Other: 1.6ms
[2020-09-22T17:24:18.263+0500][gc,heap      ] GC(57) Eden regions: 138->0(46)
[2020-09-22T17:24:18.263+0500][gc,heap      ] GC(57) Survivor regions: 4->5(18)
[2020-09-22T17:24:18.263+0500][gc,heap      ] GC(57) Old regions: 16->16
[2020-09-22T17:24:18.263+0500][gc,heap      ] GC(57) Archive regions: 2->2
[2020-09-22T17:24:18.263+0500][gc,heap      ] GC(57) Humongous regions: 129->129
[2020-09-22T17:24:18.263+0500][gc,metaspace ] GC(57) Metaspace: 40575K(42700K)->40575K(42700K) NonClass: 35754K(36864K)->35754K(36864K) Class: 4820K(5836K)->4820K(5836K)
[2020-09-22T17:24:18.263+0500][gc           ] GC(57) Pause Young (Normal) (G1 Evacuation Pause) 286M->149M(1024M) 31.022ms
[2020-09-22T17:24:18.263+0500][gc,cpu       ] GC(57) User=0.03s Sys=0.11s Real=0.03s
[2020-09-22T17:29:02.037+0500][gc,start     ] GC(58) Pause Young (Normal) (G1 Evacuation Pause)
[2020-09-22T17:29:02.037+0500][gc,task      ] GC(58) Using 13 workers of 13 for evacuation
[2020-09-22T17:29:02.045+0500][gc,phases    ] GC(58)   Pre Evacuate Collection Set: 0.4ms
[2020-09-22T17:29:02.045+0500][gc,phases    ] GC(58)   Merge Heap Roots: 0.1ms
[2020-09-22T17:29:02.045+0500][gc,phases    ] GC(58)   Evacuate Collection Set: 6.3ms
[2020-09-22T17:29:02.045+0500][gc,phases    ] GC(58)   Post Evacuate Collection Set: 0.3ms
[2020-09-22T17:29:02.045+0500][gc,phases    ] GC(58)   Other: 0.8ms
[2020-09-22T17:29:02.045+0500][gc,heap      ] GC(58) Eden regions: 46->0(290)
[2020-09-22T17:29:02.045+0500][gc,heap      ] GC(58) Survivor regions: 5->3(7)
[2020-09-22T17:29:02.045+0500][gc,heap      ] GC(58) Old regions: 16->17
[2020-09-22T17:29:02.045+0500][gc,heap      ] GC(58) Archive regions: 2->2
[2020-09-22T17:29:02.045+0500][gc,heap      ] GC(58) Humongous regions: 129->129
[2020-09-22T17:29:02.045+0500][gc,metaspace ] GC(58) Metaspace: 40575K(42700K)->40575K(42700K) NonClass: 35754K(36864K)->35754K(36864K) Class: 4820K(5836K)->4820K(5836K)
[2020-09-22T17:29:02.045+0500][gc           ] GC(58) Pause Young (Normal) (G1 Evacuation Pause) 195M->149M(1024M) 8.110ms
[2020-09-22T17:29:02.045+0500][gc,cpu       ] GC(58) User=0.03s Sys=0.04s Real=0.01s
[2020-09-22T18:01:56.469+0500][gc,start     ] GC(59) Pause Young (Normal) (G1 Evacuation Pause)
[2020-09-22T18:01:56.470+0500][gc,task      ] GC(59) Using 13 workers of 13 for evacuation
[2020-09-22T18:01:56.497+0500][gc,mmu       ] GC(59) MMU target violated: 21.0ms (20.0ms/21.0ms)
[2020-09-22T18:01:56.497+0500][gc,phases    ] GC(59)   Pre Evacuate Collection Set: 2.7ms
[2020-09-22T18:01:56.497+0500][gc,phases    ] GC(59)   Merge Heap Roots: 0.2ms
[2020-09-22T18:01:56.497+0500][gc,phases    ] GC(59)   Evacuate Collection Set: 20.2ms
[2020-09-22T18:01:56.497+0500][gc,phases    ] GC(59)   Post Evacuate Collection Set: 3.1ms
[2020-09-22T18:01:56.497+0500][gc,phases    ] GC(59)   Other: 1.7ms
[2020-09-22T18:01:56.497+0500][gc,heap      ] GC(59) Eden regions: 285->0(88)
[2020-09-22T18:01:56.497+0500][gc,heap      ] GC(59) Survivor regions: 3->3(36)
[2020-09-22T18:01:56.497+0500][gc,heap      ] GC(59) Old regions: 17->17
[2020-09-22T18:01:56.497+0500][gc,heap      ] GC(59) Archive regions: 2->2
[2020-09-22T18:01:56.497+0500][gc,heap      ] GC(59) Humongous regions: 129->129
[2020-09-22T18:01:56.497+0500][gc,metaspace ] GC(59) Metaspace: 40577K(42700K)->40577K(42700K) NonClass: 35757K(36864K)->35757K(36864K) Class: 4820K(5836K)->4820K(5836K)
[2020-09-22T18:01:56.497+0500][gc           ] GC(59) Pause Young (Normal) (G1 Evacuation Pause) 434M->149M(1024M) 28.305ms
[2020-09-22T18:01:56.497+0500][gc,cpu       ] GC(59) User=0.02s Sys=0.11s Real=0.03s
[2020-09-22T18:09:18.263+0500][gc,start     ] GC(60) Pause Young (Normal) (G1 Evacuation Pause)
[2020-09-22T18:09:18.264+0500][gc,task      ] GC(60) Using 13 workers of 13 for evacuation
[2020-09-22T18:09:18.276+0500][gc,phases    ] GC(60)   Pre Evacuate Collection Set: 0.9ms
[2020-09-22T18:09:18.276+0500][gc,phases    ] GC(60)   Merge Heap Roots: 0.7ms
[2020-09-22T18:09:18.276+0500][gc,phases    ] GC(60)   Evacuate Collection Set: 9.3ms
[2020-09-22T18:09:18.276+0500][gc,phases    ] GC(60)   Post Evacuate Collection Set: 0.8ms
[2020-09-22T18:09:18.276+0500][gc,phases    ] GC(60)   Other: 1.3ms
[2020-09-22T18:09:18.276+0500][gc,heap      ] GC(60) Eden regions: 80->0(75)
[2020-09-22T18:09:18.276+0500][gc,heap      ] GC(60) Survivor regions: 3->4(11)
[2020-09-22T18:09:18.276+0500][gc,heap      ] GC(60) Old regions: 17->17
[2020-09-22T18:09:18.276+0500][gc,heap      ] GC(60) Archive regions: 2->2
[2020-09-22T18:09:18.276+0500][gc,heap      ] GC(60) Humongous regions: 129->129
[2020-09-22T18:09:18.276+0500][gc,metaspace ] GC(60) Metaspace: 40577K(42700K)->40577K(42700K) NonClass: 35757K(36864K)->35757K(36864K) Class: 4820K(5836K)->4820K(5836K)
[2020-09-22T18:09:18.276+0500][gc           ] GC(60) Pause Young (Normal) (G1 Evacuation Pause) 229M->150M(1024M) 13.141ms
[2020-09-22T18:09:18.277+0500][gc,cpu       ] GC(60) User=0.02s Sys=0.05s Real=0.01s
[2020-09-22T18:15:47.193+0500][gc,start     ] GC(61) Pause Young (Normal) (G1 Evacuation Pause)
[2020-09-22T18:15:47.193+0500][gc,task      ] GC(61) Using 13 workers of 13 for evacuation
[2020-09-22T18:15:47.196+0500][gc,phases    ] GC(61)   Pre Evacuate Collection Set: 0.1ms
[2020-09-22T18:15:47.196+0500][gc,phases    ] GC(61)   Merge Heap Roots: 0.1ms
[2020-09-22T18:15:47.197+0500][gc,phases    ] GC(61)   Evacuate Collection Set: 2.4ms
[2020-09-22T18:15:47.197+0500][gc,phases    ] GC(61)   Post Evacuate Collection Set: 0.3ms
[2020-09-22T18:15:47.197+0500][gc,phases    ] GC(61)   Other: 0.2ms
[2020-09-22T18:15:47.197+0500][gc,heap      ] GC(61) Eden regions: 71->0(271)
[2020-09-22T18:15:47.197+0500][gc,heap      ] GC(61) Survivor regions: 4->4(10)
[2020-09-22T18:15:47.197+0500][gc,heap      ] GC(61) Old regions: 17->17
[2020-09-22T18:15:47.197+0500][gc,heap      ] GC(61) Archive regions: 2->2
[2020-09-22T18:15:47.197+0500][gc,heap      ] GC(61) Humongous regions: 129->129
[2020-09-22T18:15:47.197+0500][gc,metaspace ] GC(61) Metaspace: 40577K(42700K)->40577K(42700K) NonClass: 35757K(36864K)->35757K(36864K) Class: 4820K(5836K)->4820K(5836K)
[2020-09-22T18:15:47.197+0500][gc           ] GC(61) Pause Young (Normal) (G1 Evacuation Pause) 221M->149M(1024M) 3.341ms
[2020-09-22T18:15:47.197+0500][gc,cpu       ] GC(61) User=0.02s Sys=0.00s Real=0.00s
[2020-09-22T18:40:53.995+0500][gc,start     ] GC(62) Pause Young (Normal) (G1 Evacuation Pause)
[2020-09-22T18:40:53.996+0500][gc,task      ] GC(62) Using 13 workers of 13 for evacuation
[2020-09-22T18:40:54.008+0500][gc,phases    ] GC(62)   Pre Evacuate Collection Set: 2.2ms
[2020-09-22T18:40:54.008+0500][gc,phases    ] GC(62)   Merge Heap Roots: 0.1ms
[2020-09-22T18:40:54.008+0500][gc,phases    ] GC(62)   Evacuate Collection Set: 8.0ms
[2020-09-22T18:40:54.008+0500][gc,phases    ] GC(62)   Post Evacuate Collection Set: 1.3ms
[2020-09-22T18:40:54.008+0500][gc,phases    ] GC(62)   Other: 1.3ms
[2020-09-22T18:40:54.009+0500][gc,heap      ] GC(62) Eden regions: 271->0(432)
[2020-09-22T18:40:54.009+0500][gc,heap      ] GC(62) Survivor regions: 4->4(35)
[2020-09-22T18:40:54.009+0500][gc,heap      ] GC(62) Old regions: 17->17
[2020-09-22T18:40:54.009+0500][gc,heap      ] GC(62) Archive regions: 2->2
[2020-09-22T18:40:54.009+0500][gc,heap      ] GC(62) Humongous regions: 129->129
[2020-09-22T18:40:54.009+0500][gc,metaspace ] GC(62) Metaspace: 40577K(42700K)->40577K(42700K) NonClass: 35757K(36864K)->35757K(36864K) Class: 4820K(5836K)->4820K(5836K)
[2020-09-22T18:40:54.009+0500][gc           ] GC(62) Pause Young (Normal) (G1 Evacuation Pause) 420M->150M(1024M) 13.107ms
[2020-09-22T18:40:54.009+0500][gc,cpu       ] GC(62) User=0.02s Sys=0.08s Real=0.01s
[2020-09-22T19:21:14.042+0500][gc,start     ] GC(63) Pause Young (Normal) (G1 Evacuation Pause)
[2020-09-22T19:21:14.044+0500][gc,task      ] GC(63) Using 13 workers of 13 for evacuation
[2020-09-22T19:21:14.092+0500][gc,mmu       ] GC(63) MMU target violated: 21.0ms (20.0ms/21.0ms)
[2020-09-22T19:21:14.092+0500][gc,phases    ] GC(63)   Pre Evacuate Collection Set: 7.4ms
[2020-09-22T19:21:14.092+0500][gc,phases    ] GC(63)   Merge Heap Roots: 1.3ms
[2020-09-22T19:21:14.092+0500][gc,phases    ] GC(63)   Evacuate Collection Set: 31.9ms
[2020-09-22T19:21:14.092+0500][gc,phases    ] GC(63)   Post Evacuate Collection Set: 4.4ms
[2020-09-22T19:21:14.092+0500][gc,phases    ] GC(63)   Other: 5.7ms
[2020-09-22T19:21:14.092+0500][gc,heap      ] GC(63) Eden regions: 432->0(47)
[2020-09-22T19:21:14.092+0500][gc,heap      ] GC(63) Survivor regions: 4->4(55)
[2020-09-22T19:21:14.092+0500][gc,heap      ] GC(63) Old regions: 17->17
[2020-09-22T19:21:14.092+0500][gc,heap      ] GC(63) Archive regions: 2->2
[2020-09-22T19:21:14.092+0500][gc,heap      ] GC(63) Humongous regions: 129->129
[2020-09-22T19:21:14.092+0500][gc,metaspace ] GC(63) Metaspace: 40577K(42700K)->40577K(42700K) NonClass: 35757K(36864K)->35757K(36864K) Class: 4820K(5836K)->4820K(5836K)
[2020-09-22T19:21:14.092+0500][gc           ] GC(63) Pause Young (Normal) (G1 Evacuation Pause) 582M->149M(1024M) 49.878ms
[2020-09-22T19:21:14.092+0500][gc,cpu       ] GC(63) User=0.02s Sys=0.10s Real=0.05s
[2020-09-22T19:25:35.920+0500][gc,start     ] GC(64) Pause Young (Normal) (G1 Evacuation Pause)
[2020-09-22T19:25:35.921+0500][gc,task      ] GC(64) Using 13 workers of 13 for evacuation
[2020-09-22T19:25:35.959+0500][gc,mmu       ] GC(64) MMU target violated: 21.0ms (20.0ms/21.0ms)
[2020-09-22T19:25:35.959+0500][gc,phases    ] GC(64)   Pre Evacuate Collection Set: 5.6ms
[2020-09-22T19:25:35.959+0500][gc,phases    ] GC(64)   Merge Heap Roots: 1.8ms
[2020-09-22T19:25:35.959+0500][gc,phases    ] GC(64)   Evacuate Collection Set: 27.7ms
[2020-09-22T19:25:35.959+0500][gc,phases    ] GC(64)   Post Evacuate Collection Set: 1.8ms
[2020-09-22T19:25:35.959+0500][gc,phases    ] GC(64)   Other: 3.7ms
[2020-09-22T19:25:35.959+0500][gc,heap      ] GC(64) Eden regions: 47->0(46)
[2020-09-22T19:25:35.959+0500][gc,heap      ] GC(64) Survivor regions: 4->5(7)
[2020-09-22T19:25:35.959+0500][gc,heap      ] GC(64) Old regions: 17->17
[2020-09-22T19:25:35.959+0500][gc,heap      ] GC(64) Archive regions: 2->2
[2020-09-22T19:25:35.959+0500][gc,heap      ] GC(64) Humongous regions: 129->129
[2020-09-22T19:25:35.959+0500][gc,metaspace ] GC(64) Metaspace: 40577K(42700K)->40577K(42700K) NonClass: 35757K(36864K)->35757K(36864K) Class: 4820K(5836K)->4820K(5836K)
[2020-09-22T19:25:35.959+0500][gc           ] GC(64) Pause Young (Normal) (G1 Evacuation Pause) 196M->150M(1024M) 39.721ms
[2020-09-22T19:25:35.959+0500][gc,cpu       ] GC(64) User=0.02s Sys=0.10s Real=0.04s
[2020-09-22T19:29:54.137+0500][gc,start     ] GC(65) Pause Young (Normal) (G1 Evacuation Pause)
[2020-09-22T19:29:54.138+0500][gc,task      ] GC(65) Using 13 workers of 13 for evacuation
[2020-09-22T19:29:54.148+0500][gc,phases    ] GC(65)   Pre Evacuate Collection Set: 0.2ms
[2020-09-22T19:29:54.148+0500][gc,phases    ] GC(65)   Merge Heap Roots: 0.1ms
[2020-09-22T19:29:54.148+0500][gc,phases    ] GC(65)   Evacuate Collection Set: 9.2ms
[2020-09-22T19:29:54.148+0500][gc,phases    ] GC(65)   Post Evacuate Collection Set: 0.3ms
[2020-09-22T19:29:54.148+0500][gc,phases    ] GC(65)   Other: 1.2ms
[2020-09-22T19:29:54.148+0500][gc,heap      ] GC(65) Eden regions: 46->0(48)
[2020-09-22T19:29:54.148+0500][gc,heap      ] GC(65) Survivor regions: 5->3(7)
[2020-09-22T19:29:54.148+0500][gc,heap      ] GC(65) Old regions: 17->18
[2020-09-22T19:29:54.148+0500][gc,heap      ] GC(65) Archive regions: 2->2
[2020-09-22T19:29:54.148+0500][gc,heap      ] GC(65) Humongous regions: 129->129
[2020-09-22T19:29:54.148+0500][gc,metaspace ] GC(65) Metaspace: 40577K(42700K)->40577K(42700K) NonClass: 35757K(36864K)->35757K(36864K) Class: 4820K(5836K)->4820K(5836K)
[2020-09-22T19:29:54.149+0500][gc           ] GC(65) Pause Young (Normal) (G1 Evacuation Pause) 196M->149M(1024M) 11.645ms
[2020-09-22T19:29:54.149+0500][gc,cpu       ] GC(65) User=0.02s Sys=0.03s Real=0.01s
[2020-09-22T19:34:25.313+0500][gc,start     ] GC(66) Pause Young (Normal) (G1 Evacuation Pause)
[2020-09-22T19:34:25.314+0500][gc,task      ] GC(66) Using 13 workers of 13 for evacuation
[2020-09-22T19:34:25.322+0500][gc,phases    ] GC(66)   Pre Evacuate Collection Set: 0.2ms
[2020-09-22T19:34:25.323+0500][gc,phases    ] GC(66)   Merge Heap Roots: 0.1ms
[2020-09-22T19:34:25.323+0500][gc,phases    ] GC(66)   Evacuate Collection Set: 7.0ms
[2020-09-22T19:34:25.323+0500][gc,phases    ] GC(66)   Post Evacuate Collection Set: 0.8ms
[2020-09-22T19:34:25.323+0500][gc,phases    ] GC(66)   Other: 1.3ms
[2020-09-22T19:34:25.323+0500][gc,heap      ] GC(66) Eden regions: 48->0(56)
[2020-09-22T19:34:25.323+0500][gc,heap      ] GC(66) Survivor regions: 3->4(7)
[2020-09-22T19:34:25.323+0500][gc,heap      ] GC(66) Old regions: 18->18
[2020-09-22T19:34:25.323+0500][gc,heap      ] GC(66) Archive regions: 2->2
[2020-09-22T19:34:25.323+0500][gc,heap      ] GC(66) Humongous regions: 129->129
[2020-09-22T19:34:25.323+0500][gc,metaspace ] GC(66) Metaspace: 40577K(42700K)->40577K(42700K) NonClass: 35757K(36864K)->35757K(36864K) Class: 4820K(5836K)->4820K(5836K)
[2020-09-22T19:34:25.323+0500][gc           ] GC(66) Pause Young (Normal) (G1 Evacuation Pause) 197M->150M(1024M) 9.575ms
[2020-09-22T19:34:25.323+0500][gc,cpu       ] GC(66) User=0.02s Sys=0.02s Real=0.01s
[2020-09-22T19:39:43.584+0500][gc,start     ] GC(67) Pause Young (Normal) (G1 Evacuation Pause)
[2020-09-22T19:39:43.585+0500][gc,task      ] GC(67) Using 13 workers of 13 for evacuation
[2020-09-22T19:39:43.595+0500][gc,phases    ] GC(67)   Pre Evacuate Collection Set: 0.2ms
[2020-09-22T19:39:43.595+0500][gc,phases    ] GC(67)   Merge Heap Roots: 0.1ms
[2020-09-22T19:39:43.595+0500][gc,phases    ] GC(67)   Evacuate Collection Set: 9.2ms
[2020-09-22T19:39:43.595+0500][gc,phases    ] GC(67)   Post Evacuate Collection Set: 0.4ms
[2020-09-22T19:39:43.595+0500][gc,phases    ] GC(67)   Other: 1.1ms
[2020-09-22T19:39:43.595+0500][gc,heap      ] GC(67) Eden regions: 56->0(141)
[2020-09-22T19:39:43.595+0500][gc,heap      ] GC(67) Survivor regions: 4->4(8)
[2020-09-22T19:39:43.595+0500][gc,heap      ] GC(67) Old regions: 18->18
[2020-09-22T19:39:43.595+0500][gc,heap      ] GC(67) Archive regions: 2->2
[2020-09-22T19:39:43.595+0500][gc,heap      ] GC(67) Humongous regions: 129->129
[2020-09-22T19:39:43.595+0500][gc,metaspace ] GC(67) Metaspace: 40577K(42700K)->40577K(42700K) NonClass: 35757K(36864K)->35757K(36864K) Class: 4820K(5836K)->4820K(5836K)
[2020-09-22T19:39:43.595+0500][gc           ] GC(67) Pause Young (Normal) (G1 Evacuation Pause) 206M->150M(1024M) 11.146ms
[2020-09-22T19:39:43.595+0500][gc,cpu       ] GC(67) User=0.02s Sys=0.06s Real=0.01s
[2020-09-22T19:52:53.115+0500][gc,start     ] GC(68) Pause Young (Normal) (G1 Evacuation Pause)
[2020-09-22T19:52:53.115+0500][gc,task      ] GC(68) Using 13 workers of 13 for evacuation
[2020-09-22T19:52:53.130+0500][gc,phases    ] GC(68)   Pre Evacuate Collection Set: 2.5ms
[2020-09-22T19:52:53.130+0500][gc,phases    ] GC(68)   Merge Heap Roots: 1.5ms
[2020-09-22T19:52:53.130+0500][gc,phases    ] GC(68)   Evacuate Collection Set: 8.7ms
[2020-09-22T19:52:53.130+0500][gc,phases    ] GC(68)   Post Evacuate Collection Set: 1.7ms
[2020-09-22T19:52:53.130+0500][gc,phases    ] GC(68)   Other: 1.3ms
[2020-09-22T19:52:53.130+0500][gc,heap      ] GC(68) Eden regions: 141->0(139)
[2020-09-22T19:52:53.130+0500][gc,heap      ] GC(68) Survivor regions: 4->4(19)
[2020-09-22T19:52:53.130+0500][gc,heap      ] GC(68) Old regions: 18->18
[2020-09-22T19:52:53.130+0500][gc,heap      ] GC(68) Archive regions: 2->2
[2020-09-22T19:52:53.130+0500][gc,heap      ] GC(68) Humongous regions: 129->129
[2020-09-22T19:52:53.130+0500][gc,metaspace ] GC(68) Metaspace: 40577K(42700K)->40577K(42700K) NonClass: 35757K(36864K)->35757K(36864K) Class: 4820K(5836K)->4820K(5836K)
[2020-09-22T19:52:53.130+0500][gc           ] GC(68) Pause Young (Normal) (G1 Evacuation Pause) 291M->150M(1024M) 15.755ms
[2020-09-22T19:52:53.130+0500][gc,cpu       ] GC(68) User=0.01s Sys=0.06s Real=0.02s
[2020-09-22T20:06:01.590+0500][gc,start     ] GC(69) Pause Young (Normal) (G1 Evacuation Pause)
[2020-09-22T20:06:01.591+0500][gc,task      ] GC(69) Using 13 workers of 13 for evacuation
[2020-09-22T20:06:01.598+0500][gc,phases    ] GC(69)   Pre Evacuate Collection Set: 1.0ms
[2020-09-22T20:06:01.598+0500][gc,phases    ] GC(69)   Merge Heap Roots: 0.1ms
[2020-09-22T20:06:01.598+0500][gc,phases    ] GC(69)   Evacuate Collection Set: 4.1ms
[2020-09-22T20:06:01.598+0500][gc,phases    ] GC(69)   Post Evacuate Collection Set: 1.1ms
[2020-09-22T20:06:01.598+0500][gc,phases    ] GC(69)   Other: 1.2ms
[2020-09-22T20:06:01.598+0500][gc,heap      ] GC(69) Eden regions: 139->0(602)
[2020-09-22T20:06:01.598+0500][gc,heap      ] GC(69) Survivor regions: 4->3(18)
[2020-09-22T20:06:01.598+0500][gc,heap      ] GC(69) Old regions: 18->18
[2020-09-22T20:06:01.598+0500][gc,heap      ] GC(69) Archive regions: 2->2
[2020-09-22T20:06:01.598+0500][gc,heap      ] GC(69) Humongous regions: 129->129
[2020-09-22T20:06:01.598+0500][gc,metaspace ] GC(69) Metaspace: 40577K(42700K)->40577K(42700K) NonClass: 35757K(36864K)->35757K(36864K) Class: 4820K(5836K)->4820K(5836K)
[2020-09-22T20:06:01.598+0500][gc           ] GC(69) Pause Young (Normal) (G1 Evacuation Pause) 289M->149M(1024M) 8.338ms
[2020-09-22T20:06:01.598+0500][gc,cpu       ] GC(69) User=0.02s Sys=0.01s Real=0.00s
[2020-09-22T21:11:13.613+0500][gc,start     ] GC(70) Pause Young (Normal) (G1 Evacuation Pause)
[2020-09-22T21:11:13.614+0500][gc,task      ] GC(70) Using 13 workers of 13 for evacuation
[2020-09-22T21:11:13.661+0500][gc,mmu       ] GC(70) MMU target violated: 21.0ms (20.0ms/21.0ms)
[2020-09-22T21:11:13.661+0500][gc,phases    ] GC(70)   Pre Evacuate Collection Set: 6.7ms
[2020-09-22T21:11:13.661+0500][gc,phases    ] GC(70)   Merge Heap Roots: 2.2ms
[2020-09-22T21:11:13.661+0500][gc,phases    ] GC(70)   Evacuate Collection Set: 32.8ms
[2020-09-22T21:11:13.661+0500][gc,phases    ] GC(70)   Post Evacuate Collection Set: 3.6ms
[2020-09-22T21:11:13.661+0500][gc,phases    ] GC(70)   Other: 3.3ms
[2020-09-22T21:11:13.661+0500][gc,heap      ] GC(70) Eden regions: 602->0(47)
[2020-09-22T21:11:13.661+0500][gc,heap      ] GC(70) Survivor regions: 3->4(76)
[2020-09-22T21:11:13.661+0500][gc,heap      ] GC(70) Old regions: 18->18
[2020-09-22T21:11:13.661+0500][gc,heap      ] GC(70) Archive regions: 2->2
[2020-09-22T21:11:13.661+0500][gc,heap      ] GC(70) Humongous regions: 129->129
[2020-09-22T21:11:13.661+0500][gc,metaspace ] GC(70) Metaspace: 40577K(42700K)->40577K(42700K) NonClass: 35757K(36864K)->35757K(36864K) Class: 4820K(5836K)->4820K(5836K)
[2020-09-22T21:11:13.661+0500][gc           ] GC(70) Pause Young (Normal) (G1 Evacuation Pause) 751M->150M(1024M) 48.167ms
[2020-09-22T21:11:13.661+0500][gc,cpu       ] GC(70) User=0.03s Sys=0.13s Real=0.05s
[2020-09-22T21:16:24.101+0500][gc,start     ] GC(71) Pause Young (Normal) (G1 Evacuation Pause)
[2020-09-22T21:16:24.101+0500][gc,task      ] GC(71) Using 13 workers of 13 for evacuation
[2020-09-22T21:16:24.112+0500][gc,phases    ] GC(71)   Pre Evacuate Collection Set: 1.1ms
[2020-09-22T21:16:24.112+0500][gc,phases    ] GC(71)   Merge Heap Roots: 0.1ms
[2020-09-22T21:16:24.112+0500][gc,phases    ] GC(71)   Evacuate Collection Set: 9.0ms
[2020-09-22T21:16:24.112+0500][gc,phases    ] GC(71)   Post Evacuate Collection Set: 0.2ms
[2020-09-22T21:16:24.112+0500][gc,phases    ] GC(71)   Other: 0.7ms
[2020-09-22T21:16:24.112+0500][gc,heap      ] GC(71) Eden regions: 47->0(77)
[2020-09-22T21:16:24.112+0500][gc,heap      ] GC(71) Survivor regions: 4->3(7)
[2020-09-22T21:16:24.112+0500][gc,heap      ] GC(71) Old regions: 18->18
[2020-09-22T21:16:24.112+0500][gc,heap      ] GC(71) Archive regions: 2->2
[2020-09-22T21:16:24.112+0500][gc,heap      ] GC(71) Humongous regions: 129->129
[2020-09-22T21:16:24.112+0500][gc,metaspace ] GC(71) Metaspace: 40577K(42700K)->40577K(42700K) NonClass: 35757K(36864K)->35757K(36864K) Class: 4820K(5836K)->4820K(5836K)
[2020-09-22T21:16:24.112+0500][gc           ] GC(71) Pause Young (Normal) (G1 Evacuation Pause) 197M->149M(1024M) 11.246ms
[2020-09-22T21:16:24.112+0500][gc,cpu       ] GC(71) User=0.01s Sys=0.03s Real=0.01s
[2020-09-22T21:24:56.455+0500][gc,start     ] GC(72) Pause Young (Normal) (G1 Evacuation Pause)
[2020-09-22T21:24:56.458+0500][gc,task      ] GC(72) Using 13 workers of 13 for evacuation
[2020-09-22T21:24:56.472+0500][gc,phases    ] GC(72)   Pre Evacuate Collection Set: 1.2ms
[2020-09-22T21:24:56.472+0500][gc,phases    ] GC(72)   Merge Heap Roots: 0.1ms
[2020-09-22T21:24:56.472+0500][gc,phases    ] GC(72)   Evacuate Collection Set: 12.0ms
