[2020-09-26T11:37:44.734+0500][gc,heap] Heap region size: 1M
[2020-09-26T11:37:44.734+0500][gc,heap,coops] Heap address: 0x00000007c0000000, size: 1024 MB, Compressed Oops mode: Zero based, Oop shift amount: 3
[2020-09-26T11:37:44.742+0500][gc           ] Using G1
[2020-09-26T11:37:44.742+0500][gc,cds       ] Mark closed archive regions in map: [0x00000007fff00000, 0x00000007fff7aff8]
[2020-09-26T11:37:44.742+0500][gc,cds       ] Mark open archive regions in map: [0x00000007ffe00000, 0x00000007ffe50ff8]
[2020-09-26T11:37:44.757+0500][gc           ] Periodic GC disabled
[2020-09-26T11:37:45.899+0500][gc,start     ] GC(0) Pause Young (Normal) (G1 Evacuation Pause)
[2020-09-26T11:37:45.906+0500][gc,task      ] GC(0) Using 13 workers of 13 for evacuation
[2020-09-26T11:37:45.913+0500][gc,phases    ] GC(0)   Pre Evacuate Collection Set: 0.2ms
[2020-09-26T11:37:45.913+0500][gc,phases    ] GC(0)   Merge Heap Roots: 0.1ms
[2020-09-26T11:37:45.913+0500][gc,phases    ] GC(0)   Evacuate Collection Set: 6.1ms
[2020-09-26T11:37:45.913+0500][gc,phases    ] GC(0)   Post Evacuate Collection Set: 0.4ms
[2020-09-26T11:37:45.913+0500][gc,phases    ] GC(0)   Other: 6.4ms
[2020-09-26T11:37:45.913+0500][gc,heap      ] GC(0) Eden regions: 51->0(44)
[2020-09-26T11:37:45.913+0500][gc,heap      ] GC(0) Survivor regions: 0->7(7)
[2020-09-26T11:37:45.913+0500][gc,heap      ] GC(0) Old regions: 0->0
[2020-09-26T11:37:45.913+0500][gc,heap      ] GC(0) Archive regions: 2->2
[2020-09-26T11:37:45.913+0500][gc,heap      ] GC(0) Humongous regions: 0->0
[2020-09-26T11:37:45.913+0500][gc,metaspace ] GC(0) Metaspace: 15212K(15872K)->15212K(15872K) NonClass: 13319K(13824K)->13319K(13824K) Class: 1892K(2048K)->1892K(2048K)
[2020-09-26T11:37:45.913+0500][gc           ] GC(0) Pause Young (Normal) (G1 Evacuation Pause) 51M->6M(1024M) 13.386ms
[2020-09-26T11:37:45.913+0500][gc,cpu       ] GC(0) User=0.03s Sys=0.03s Real=0.02s
[2020-09-26T11:37:46.183+0500][gc,start     ] GC(1) Pause Young (Concurrent Start) (Metadata GC Threshold)
[2020-09-26T11:37:46.183+0500][gc,task      ] GC(1) Using 13 workers of 13 for evacuation
[2020-09-26T11:37:46.189+0500][gc,phases    ] GC(1)   Pre Evacuate Collection Set: 0.1ms
[2020-09-26T11:37:46.189+0500][gc,phases    ] GC(1)   Merge Heap Roots: 0.0ms
[2020-09-26T11:37:46.189+0500][gc,phases    ] GC(1)   Evacuate Collection Set: 5.1ms
[2020-09-26T11:37:46.189+0500][gc,phases    ] GC(1)   Post Evacuate Collection Set: 0.4ms
[2020-09-26T11:37:46.189+0500][gc,phases    ] GC(1)   Other: 0.3ms
[2020-09-26T11:37:46.189+0500][gc,heap      ] GC(1) Eden regions: 23->0(49)
[2020-09-26T11:37:46.189+0500][gc,heap      ] GC(1) Survivor regions: 7->2(7)
[2020-09-26T11:37:46.189+0500][gc,heap      ] GC(1) Old regions: 0->6
[2020-09-26T11:37:46.189+0500][gc,heap      ] GC(1) Archive regions: 2->2
[2020-09-26T11:37:46.189+0500][gc,heap      ] GC(1) Humongous regions: 0->0
[2020-09-26T11:37:46.189+0500][gc,metaspace ] GC(1) Metaspace: 20634K(21248K)->20634K(21248K) NonClass: 18100K(18432K)->18100K(18432K) Class: 2534K(2816K)->2534K(2816K)
[2020-09-26T11:37:46.189+0500][gc           ] GC(1) Pause Young (Concurrent Start) (Metadata GC Threshold) 29M->8M(1024M) 6.100ms
[2020-09-26T11:37:46.189+0500][gc,cpu       ] GC(1) User=0.03s Sys=0.02s Real=0.00s
[2020-09-26T11:37:46.189+0500][gc           ] GC(2) Concurrent Cycle
[2020-09-26T11:37:46.189+0500][gc,marking   ] GC(2) Concurrent Clear Claimed Marks
[2020-09-26T11:37:46.189+0500][gc,marking   ] GC(2) Concurrent Clear Claimed Marks 0.052ms
[2020-09-26T11:37:46.189+0500][gc,marking   ] GC(2) Concurrent Scan Root Regions
[2020-09-26T11:37:46.192+0500][gc,marking   ] GC(2) Concurrent Scan Root Regions 2.805ms
[2020-09-26T11:37:46.192+0500][gc,marking   ] GC(2) Concurrent Mark (1.465s)
[2020-09-26T11:37:46.192+0500][gc,marking   ] GC(2) Concurrent Mark From Roots
[2020-09-26T11:37:46.192+0500][gc,task      ] GC(2) Using 3 workers of 3 for marking
[2020-09-26T11:37:46.194+0500][gc,marking   ] GC(2) Concurrent Mark From Roots 1.654ms
[2020-09-26T11:37:46.194+0500][gc,marking   ] GC(2) Concurrent Preclean
[2020-09-26T11:37:46.194+0500][gc,marking   ] GC(2) Concurrent Preclean 0.058ms
[2020-09-26T11:37:46.194+0500][gc,marking   ] GC(2) Concurrent Mark (1.465s, 1.467s) 1.844ms
[2020-09-26T11:37:46.194+0500][gc,start     ] GC(2) Pause Remark
[2020-09-26T11:37:46.196+0500][gc           ] GC(2) Pause Remark 8M->8M(1024M) 1.097ms
[2020-09-26T11:37:46.196+0500][gc,cpu       ] GC(2) User=0.00s Sys=0.00s Real=0.00s
[2020-09-26T11:37:46.196+0500][gc,marking   ] GC(2) Concurrent Rebuild Remembered Sets
[2020-09-26T11:37:46.198+0500][gc,marking   ] GC(2) Concurrent Rebuild Remembered Sets 2.015ms
[2020-09-26T11:37:46.198+0500][gc,start     ] GC(2) Pause Cleanup
[2020-09-26T11:37:46.198+0500][gc           ] GC(2) Pause Cleanup 8M->8M(1024M) 0.211ms
[2020-09-26T11:37:46.199+0500][gc,cpu       ] GC(2) User=0.00s Sys=0.00s Real=0.00s
[2020-09-26T11:37:46.199+0500][gc,marking   ] GC(2) Concurrent Cleanup for Next Mark
[2020-09-26T11:37:46.206+0500][gc,marking   ] GC(2) Concurrent Cleanup for Next Mark 7.293ms
[2020-09-26T11:37:46.206+0500][gc           ] GC(2) Concurrent Cycle 16.539ms
[2020-09-26T11:37:46.933+0500][gc,start     ] GC(3) Pause Young (Normal) (G1 Evacuation Pause)
[2020-09-26T11:37:46.933+0500][gc,task      ] GC(3) Using 13 workers of 13 for evacuation
[2020-09-26T11:37:46.935+0500][gc,phases    ] GC(3)   Pre Evacuate Collection Set: 0.1ms
[2020-09-26T11:37:46.935+0500][gc,phases    ] GC(3)   Merge Heap Roots: 0.1ms
[2020-09-26T11:37:46.935+0500][gc,phases    ] GC(3)   Evacuate Collection Set: 1.5ms
[2020-09-26T11:37:46.935+0500][gc,phases    ] GC(3)   Post Evacuate Collection Set: 0.5ms
[2020-09-26T11:37:46.935+0500][gc,phases    ] GC(3)   Other: 0.1ms
[2020-09-26T11:37:46.935+0500][gc,heap      ] GC(3) Eden regions: 49->0(46)
[2020-09-26T11:37:46.935+0500][gc,heap      ] GC(3) Survivor regions: 2->5(7)
[2020-09-26T11:37:46.935+0500][gc,heap      ] GC(3) Old regions: 6->6
[2020-09-26T11:37:46.935+0500][gc,heap      ] GC(3) Archive regions: 2->2
[2020-09-26T11:37:46.935+0500][gc,heap      ] GC(3) Humongous regions: 129->129
[2020-09-26T11:37:46.935+0500][gc,metaspace ] GC(3) Metaspace: 28232K(29312K)->28232K(29312K) NonClass: 24989K(25600K)->24989K(25600K) Class: 3242K(3712K)->3242K(3712K)
[2020-09-26T11:37:46.935+0500][gc           ] GC(3) Pause Young (Normal) (G1 Evacuation Pause) 186M->140M(1024M) 2.449ms
[2020-09-26T11:37:46.935+0500][gc,cpu       ] GC(3) User=0.02s Sys=0.00s Real=0.00s
[2020-09-26T11:37:47.196+0500][gc,start     ] GC(4) Pause Young (Concurrent Start) (Metadata GC Threshold)
[2020-09-26T11:37:47.196+0500][gc,task      ] GC(4) Using 13 workers of 13 for evacuation
[2020-09-26T11:37:47.199+0500][gc,phases    ] GC(4)   Pre Evacuate Collection Set: 0.2ms
[2020-09-26T11:37:47.199+0500][gc,phases    ] GC(4)   Merge Heap Roots: 0.0ms
[2020-09-26T11:37:47.199+0500][gc,phases    ] GC(4)   Evacuate Collection Set: 2.6ms
[2020-09-26T11:37:47.199+0500][gc,phases    ] GC(4)   Post Evacuate Collection Set: 0.4ms
[2020-09-26T11:37:47.199+0500][gc,phases    ] GC(4)   Other: 0.2ms
[2020-09-26T11:37:47.199+0500][gc,heap      ] GC(4) Eden regions: 30->0(45)
[2020-09-26T11:37:47.199+0500][gc,heap      ] GC(4) Survivor regions: 5->6(7)
[2020-09-26T11:37:47.199+0500][gc,heap      ] GC(4) Old regions: 6->7
[2020-09-26T11:37:47.199+0500][gc,heap      ] GC(4) Archive regions: 2->2
[2020-09-26T11:37:47.199+0500][gc,heap      ] GC(4) Humongous regions: 129->129
[2020-09-26T11:37:47.199+0500][gc,metaspace ] GC(4) Metaspace: 34485K(35840K)->34485K(35840K) NonClass: 30521K(31232K)->30521K(31232K) Class: 3963K(4608K)->3963K(4608K)
[2020-09-26T11:37:47.199+0500][gc           ] GC(4) Pause Young (Concurrent Start) (Metadata GC Threshold) 169M->142M(1024M) 3.501ms
[2020-09-26T11:37:47.199+0500][gc,cpu       ] GC(4) User=0.03s Sys=0.01s Real=0.00s
[2020-09-26T11:37:47.199+0500][gc           ] GC(5) Concurrent Cycle
[2020-09-26T11:37:47.199+0500][gc,marking   ] GC(5) Concurrent Clear Claimed Marks
[2020-09-26T11:37:47.199+0500][gc,marking   ] GC(5) Concurrent Clear Claimed Marks 0.103ms
[2020-09-26T11:37:47.199+0500][gc,marking   ] GC(5) Concurrent Scan Root Regions
[2020-09-26T11:37:47.202+0500][gc,marking   ] GC(5) Concurrent Scan Root Regions 2.234ms
[2020-09-26T11:37:47.202+0500][gc,marking   ] GC(5) Concurrent Mark (2.475s)
[2020-09-26T11:37:47.202+0500][gc,marking   ] GC(5) Concurrent Mark From Roots
[2020-09-26T11:37:47.202+0500][gc,task      ] GC(5) Using 3 workers of 3 for marking
[2020-09-26T11:37:47.205+0500][gc,marking   ] GC(5) Concurrent Mark From Roots 3.124ms
[2020-09-26T11:37:47.205+0500][gc,marking   ] GC(5) Concurrent Preclean
[2020-09-26T11:37:47.205+0500][gc,marking   ] GC(5) Concurrent Preclean 0.067ms
[2020-09-26T11:37:47.205+0500][gc,marking   ] GC(5) Concurrent Mark (2.475s, 2.478s) 3.243ms
[2020-09-26T11:37:47.205+0500][gc,start     ] GC(5) Pause Remark
[2020-09-26T11:37:47.206+0500][gc           ] GC(5) Pause Remark 142M->142M(1024M) 1.114ms
[2020-09-26T11:37:47.206+0500][gc,cpu       ] GC(5) User=0.02s Sys=0.00s Real=0.00s
[2020-09-26T11:37:47.206+0500][gc,marking   ] GC(5) Concurrent Rebuild Remembered Sets
[2020-09-26T11:37:47.209+0500][gc,marking   ] GC(5) Concurrent Rebuild Remembered Sets 2.375ms
[2020-09-26T11:37:47.209+0500][gc,start     ] GC(5) Pause Cleanup
[2020-09-26T11:37:47.209+0500][gc           ] GC(5) Pause Cleanup 142M->142M(1024M) 0.127ms
[2020-09-26T11:37:47.209+0500][gc,cpu       ] GC(5) User=0.00s Sys=0.00s Real=0.00s
[2020-09-26T11:37:47.209+0500][gc,marking   ] GC(5) Concurrent Cleanup for Next Mark
[2020-09-26T11:37:47.218+0500][gc,marking   ] GC(5) Concurrent Cleanup for Next Mark 9.023ms
[2020-09-26T11:37:47.218+0500][gc           ] GC(5) Concurrent Cycle 18.957ms
[2020-09-26T11:47:28.628+0500][gc,start     ] GC(6) Pause Young (Normal) (G1 Evacuation Pause)
[2020-09-26T11:47:28.629+0500][gc,task      ] GC(6) Using 13 workers of 13 for evacuation
[2020-09-26T11:47:28.680+0500][gc,mmu       ] GC(6) MMU target violated: 21.0ms (20.0ms/21.0ms)
[2020-09-26T11:47:28.680+0500][gc,phases    ] GC(6)   Pre Evacuate Collection Set: 3.1ms
[2020-09-26T11:47:28.680+0500][gc,phases    ] GC(6)   Merge Heap Roots: 0.1ms
[2020-09-26T11:47:28.680+0500][gc,phases    ] GC(6)   Evacuate Collection Set: 46.1ms
[2020-09-26T11:47:28.680+0500][gc,phases    ] GC(6)   Post Evacuate Collection Set: 1.4ms
[2020-09-26T11:47:28.680+0500][gc,phases    ] GC(6)   Other: 1.4ms
[2020-09-26T11:47:28.680+0500][gc,heap      ] GC(6) Eden regions: 45->0(46)
[2020-09-26T11:47:28.680+0500][gc,heap      ] GC(6) Survivor regions: 6->5(7)
[2020-09-26T11:47:28.680+0500][gc,heap      ] GC(6) Old regions: 7->11
[2020-09-26T11:47:28.680+0500][gc,heap      ] GC(6) Archive regions: 2->2
[2020-09-26T11:47:28.680+0500][gc,heap      ] GC(6) Humongous regions: 345->129
[2020-09-26T11:47:28.680+0500][gc,metaspace ] GC(6) Metaspace: 38128K(39936K)->38128K(39936K) NonClass: 33624K(34560K)->33624K(34560K) Class: 4503K(5376K)->4503K(5376K)
[2020-09-26T11:47:28.680+0500][gc           ] GC(6) Pause Young (Normal) (G1 Evacuation Pause) 403M->144M(1024M) 52.101ms
[2020-09-26T11:47:28.680+0500][gc,cpu       ] GC(6) User=0.05s Sys=0.28s Real=0.06s
[2020-09-26T12:01:22.304+0500][gc,start     ] GC(7) Pause Young (Normal) (G1 Evacuation Pause)
[2020-09-26T12:01:22.305+0500][gc,task      ] GC(7) Using 13 workers of 13 for evacuation
[2020-09-26T12:01:22.322+0500][gc,phases    ] GC(7)   Pre Evacuate Collection Set: 2.4ms
[2020-09-26T12:01:22.322+0500][gc,phases    ] GC(7)   Merge Heap Roots: 0.3ms
[2020-09-26T12:01:22.322+0500][gc,phases    ] GC(7)   Evacuate Collection Set: 13.0ms
[2020-09-26T12:01:22.322+0500][gc,phases    ] GC(7)   Post Evacuate Collection Set: 0.7ms
[2020-09-26T12:01:22.322+0500][gc,phases    ] GC(7)   Other: 1.8ms
[2020-09-26T12:01:22.322+0500][gc,heap      ] GC(7) Eden regions: 46->0(47)
[2020-09-26T12:01:22.322+0500][gc,heap      ] GC(7) Survivor regions: 5->4(7)
[2020-09-26T12:01:22.322+0500][gc,heap      ] GC(7) Old regions: 11->13
[2020-09-26T12:01:22.322+0500][gc,heap      ] GC(7) Archive regions: 2->2
[2020-09-26T12:01:22.322+0500][gc,heap      ] GC(7) Humongous regions: 129->129
[2020-09-26T12:01:22.322+0500][gc,metaspace ] GC(7) Metaspace: 38400K(40448K)->38400K(40448K) NonClass: 33871K(35072K)->33871K(35072K) Class: 4529K(5376K)->4529K(5376K)
[2020-09-26T12:01:22.322+0500][gc           ] GC(7) Pause Young (Normal) (G1 Evacuation Pause) 190M->145M(1024M) 18.207ms
[2020-09-26T12:01:22.322+0500][gc,cpu       ] GC(7) User=0.03s Sys=0.09s Real=0.02s
[2020-09-26T12:16:54.076+0500][gc,start     ] GC(8) Pause Young (Normal) (G1 Evacuation Pause)
[2020-09-26T12:16:54.076+0500][gc,task      ] GC(8) Using 13 workers of 13 for evacuation
[2020-09-26T12:16:54.082+0500][gc,phases    ] GC(8)   Pre Evacuate Collection Set: 0.2ms
[2020-09-26T12:16:54.082+0500][gc,phases    ] GC(8)   Merge Heap Roots: 0.1ms
[2020-09-26T12:16:54.082+0500][gc,phases    ] GC(8)   Evacuate Collection Set: 5.0ms
[2020-09-26T12:16:54.082+0500][gc,phases    ] GC(8)   Post Evacuate Collection Set: 0.7ms
[2020-09-26T12:16:54.082+0500][gc,phases    ] GC(8)   Other: 0.5ms
[2020-09-26T12:16:54.083+0500][gc,heap      ] GC(8) Eden regions: 47->0(47)
[2020-09-26T12:16:54.083+0500][gc,heap      ] GC(8) Survivor regions: 4->4(7)
[2020-09-26T12:16:54.083+0500][gc,heap      ] GC(8) Old regions: 13->13
[2020-09-26T12:16:54.083+0500][gc,heap      ] GC(8) Archive regions: 2->2
[2020-09-26T12:16:54.083+0500][gc,heap      ] GC(8) Humongous regions: 129->129
[2020-09-26T12:16:54.083+0500][gc,metaspace ] GC(8) Metaspace: 38482K(40448K)->38482K(40448K) NonClass: 33953K(35072K)->33953K(35072K) Class: 4529K(5376K)->4529K(5376K)
[2020-09-26T12:16:54.083+0500][gc           ] GC(8) Pause Young (Normal) (G1 Evacuation Pause) 192M->145M(1024M) 6.573ms
[2020-09-26T12:16:54.083+0500][gc,cpu       ] GC(8) User=0.02s Sys=0.02s Real=0.01s
[2020-09-26T12:33:16.118+0500][gc,start     ] GC(9) Pause Young (Normal) (G1 Evacuation Pause)
[2020-09-26T12:33:16.119+0500][gc,task      ] GC(9) Using 13 workers of 13 for evacuation
[2020-09-26T12:33:16.126+0500][gc,phases    ] GC(9)   Pre Evacuate Collection Set: 0.2ms
[2020-09-26T12:33:16.126+0500][gc,phases    ] GC(9)   Merge Heap Roots: 0.1ms
[2020-09-26T12:33:16.126+0500][gc,phases    ] GC(9)   Evacuate Collection Set: 6.2ms
[2020-09-26T12:33:16.126+0500][gc,phases    ] GC(9)   Post Evacuate Collection Set: 0.5ms
[2020-09-26T12:33:16.126+0500][gc,phases    ] GC(9)   Other: 2.0ms
[2020-09-26T12:33:16.126+0500][gc,heap      ] GC(9) Eden regions: 47->0(47)
[2020-09-26T12:33:16.126+0500][gc,heap      ] GC(9) Survivor regions: 4->4(7)
[2020-09-26T12:33:16.126+0500][gc,heap      ] GC(9) Old regions: 13->13
[2020-09-26T12:33:16.126+0500][gc,heap      ] GC(9) Archive regions: 2->2
[2020-09-26T12:33:16.126+0500][gc,heap      ] GC(9) Humongous regions: 129->129
[2020-09-26T12:33:16.126+0500][gc,metaspace ] GC(9) Metaspace: 38523K(40448K)->38523K(40448K) NonClass: 33993K(35072K)->33993K(35072K) Class: 4529K(5376K)->4529K(5376K)
[2020-09-26T12:33:16.126+0500][gc           ] GC(9) Pause Young (Normal) (G1 Evacuation Pause) 192M->145M(1024M) 7.959ms
[2020-09-26T12:33:16.126+0500][gc,cpu       ] GC(9) User=0.03s Sys=0.03s Real=0.01s
[2020-09-26T12:48:47.315+0500][gc,start     ] GC(10) Pause Young (Normal) (G1 Evacuation Pause)
[2020-09-26T12:48:47.316+0500][gc,task      ] GC(10) Using 13 workers of 13 for evacuation
[2020-09-26T12:48:47.322+0500][gc,phases    ] GC(10)   Pre Evacuate Collection Set: 0.1ms
[2020-09-26T12:48:47.322+0500][gc,phases    ] GC(10)   Merge Heap Roots: 0.1ms
[2020-09-26T12:48:47.322+0500][gc,phases    ] GC(10)   Evacuate Collection Set: 5.1ms
[2020-09-26T12:48:47.322+0500][gc,phases    ] GC(10)   Post Evacuate Collection Set: 0.4ms
[2020-09-26T12:48:47.322+0500][gc,phases    ] GC(10)   Other: 1.0ms
[2020-09-26T12:48:47.322+0500][gc,heap      ] GC(10) Eden regions: 47->0(52)
[2020-09-26T12:48:47.322+0500][gc,heap      ] GC(10) Survivor regions: 4->5(7)
[2020-09-26T12:48:47.322+0500][gc,heap      ] GC(10) Old regions: 13->13
[2020-09-26T12:48:47.322+0500][gc,heap      ] GC(10) Archive regions: 2->2
[2020-09-26T12:48:47.322+0500][gc,heap      ] GC(10) Humongous regions: 129->129
[2020-09-26T12:48:47.322+0500][gc,metaspace ] GC(10) Metaspace: 38624K(40704K)->38624K(40704K) NonClass: 34082K(35328K)->34082K(35328K) Class: 4541K(5376K)->4541K(5376K)
[2020-09-26T12:48:47.323+0500][gc           ] GC(10) Pause Young (Normal) (G1 Evacuation Pause) 192M->146M(1024M) 7.480ms
[2020-09-26T12:48:47.323+0500][gc,cpu       ] GC(10) User=0.03s Sys=0.02s Real=0.01s
[2020-09-26T13:07:05.564+0500][gc,start     ] GC(11) Pause Young (Normal) (G1 Evacuation Pause)
[2020-09-26T13:07:05.565+0500][gc,task      ] GC(11) Using 13 workers of 13 for evacuation
[2020-09-26T13:07:05.575+0500][gc,phases    ] GC(11)   Pre Evacuate Collection Set: 2.5ms
[2020-09-26T13:07:05.575+0500][gc,phases    ] GC(11)   Merge Heap Roots: 0.2ms
[2020-09-26T13:07:05.575+0500][gc,phases    ] GC(11)   Evacuate Collection Set: 6.2ms
[2020-09-26T13:07:05.575+0500][gc,phases    ] GC(11)   Post Evacuate Collection Set: 0.7ms
[2020-09-26T13:07:05.575+0500][gc,phases    ] GC(11)   Other: 1.1ms
[2020-09-26T13:07:05.575+0500][gc,heap      ] GC(11) Eden regions: 52->0(304)
[2020-09-26T13:07:05.575+0500][gc,heap      ] GC(11) Survivor regions: 5->3(8)
[2020-09-26T13:07:05.575+0500][gc,heap      ] GC(11) Old regions: 13->14
[2020-09-26T13:07:05.575+0500][gc,heap      ] GC(11) Archive regions: 2->2
[2020-09-26T13:07:05.575+0500][gc,heap      ] GC(11) Humongous regions: 129->129
[2020-09-26T13:07:05.575+0500][gc,metaspace ] GC(11) Metaspace: 38636K(40704K)->38636K(40704K) NonClass: 34095K(35328K)->34095K(35328K) Class: 4541K(5376K)->4541K(5376K)
[2020-09-26T13:07:05.575+0500][gc           ] GC(11) Pause Young (Normal) (G1 Evacuation Pause) 198M->145M(1024M) 10.858ms
[2020-09-26T13:07:05.575+0500][gc,cpu       ] GC(11) User=0.03s Sys=0.04s Real=0.01s
[2020-09-26T14:54:13.805+0500][gc,start     ] GC(12) Pause Young (Normal) (G1 Evacuation Pause)
[2020-09-26T14:54:13.806+0500][gc,task      ] GC(12) Using 13 workers of 13 for evacuation
[2020-09-26T14:54:13.814+0500][gc,phases    ] GC(12)   Pre Evacuate Collection Set: 2.9ms
[2020-09-26T14:54:13.814+0500][gc,phases    ] GC(12)   Merge Heap Roots: 0.2ms
[2020-09-26T14:54:13.814+0500][gc,phases    ] GC(12)   Evacuate Collection Set: 3.4ms
[2020-09-26T14:54:13.814+0500][gc,phases    ] GC(12)   Post Evacuate Collection Set: 1.7ms
[2020-09-26T14:54:13.815+0500][gc,phases    ] GC(12)   Other: 1.3ms
[2020-09-26T14:54:13.815+0500][gc,heap      ] GC(12) Eden regions: 304->0(610)
[2020-09-26T14:54:13.815+0500][gc,heap      ] GC(12) Survivor regions: 3->4(39)
[2020-09-26T14:54:13.815+0500][gc,heap      ] GC(12) Old regions: 14->14
[2020-09-26T14:54:13.815+0500][gc,heap      ] GC(12) Archive regions: 2->2
[2020-09-26T14:54:13.815+0500][gc,heap      ] GC(12) Humongous regions: 129->129
[2020-09-26T14:54:13.815+0500][gc,metaspace ] GC(12) Metaspace: 38736K(40704K)->38736K(40704K) NonClass: 34195K(35328K)->34195K(35328K) Class: 4541K(5376K)->4541K(5376K)
[2020-09-26T14:54:13.815+0500][gc           ] GC(12) Pause Young (Normal) (G1 Evacuation Pause) 449M->146M(1024M) 9.722ms
[2020-09-26T14:54:13.815+0500][gc,cpu       ] GC(12) User=0.03s Sys=0.03s Real=0.01s
[2020-09-26T19:06:40.552+0500][gc,start     ] GC(13) Pause Young (Normal) (G1 Evacuation Pause)
[2020-09-26T19:06:40.553+0500][gc,task      ] GC(13) Using 13 workers of 13 for evacuation
[2020-09-26T19:06:40.571+0500][gc,phases    ] GC(13)   Pre Evacuate Collection Set: 5.8ms
[2020-09-26T19:06:40.571+0500][gc,phases    ] GC(13)   Merge Heap Roots: 0.8ms
[2020-09-26T19:06:40.571+0500][gc,phases    ] GC(13)   Evacuate Collection Set: 7.2ms
[2020-09-26T19:06:40.571+0500][gc,phases    ] GC(13)   Post Evacuate Collection Set: 1.9ms
[2020-09-26T19:06:40.571+0500][gc,phases    ] GC(13)   Other: 3.5ms
[2020-09-26T19:06:40.571+0500][gc,heap      ] GC(13) Eden regions: 610->0(610)
[2020-09-26T19:06:40.571+0500][gc,heap      ] GC(13) Survivor regions: 4->4(77)
[2020-09-26T19:06:40.571+0500][gc,heap      ] GC(13) Old regions: 14->14
[2020-09-26T19:06:40.571+0500][gc,heap      ] GC(13) Archive regions: 2->2
[2020-09-26T19:06:40.571+0500][gc,heap      ] GC(13) Humongous regions: 129->129
[2020-09-26T19:06:40.571+0500][gc,metaspace ] GC(13) Metaspace: 38810K(40704K)->38810K(40704K) NonClass: 34268K(35328K)->34268K(35328K) Class: 4542K(5376K)->4542K(5376K)
[2020-09-26T19:06:40.571+0500][gc           ] GC(13) Pause Young (Normal) (G1 Evacuation Pause) 756M->146M(1024M) 18.638ms
[2020-09-26T19:06:40.571+0500][gc,cpu       ] GC(13) User=0.03s Sys=0.04s Real=0.02s
[2020-09-27T12:22:35.968+0500][gc,start     ] GC(14) Pause Young (Normal) (G1 Evacuation Pause)
[2020-09-27T12:22:35.969+0500][gc,task      ] GC(14) Using 13 workers of 13 for evacuation
[2020-09-27T12:22:36.012+0500][gc,mmu       ] GC(14) MMU target violated: 21.0ms (20.0ms/21.0ms)
[2020-09-27T12:22:36.012+0500][gc,phases    ] GC(14)   Pre Evacuate Collection Set: 3.3ms
[2020-09-27T12:22:36.012+0500][gc,phases    ] GC(14)   Merge Heap Roots: 0.7ms
[2020-09-27T12:22:36.012+0500][gc,phases    ] GC(14)   Evacuate Collection Set: 32.7ms
[2020-09-27T12:22:36.012+0500][gc,phases    ] GC(14)   Post Evacuate Collection Set: 6.3ms
[2020-09-27T12:22:36.013+0500][gc,phases    ] GC(14)   Other: 1.5ms
[2020-09-27T12:22:36.013+0500][gc,heap      ] GC(14) Eden regions: 610->0(565)
[2020-09-27T12:22:36.013+0500][gc,heap      ] GC(14) Survivor regions: 4->3(77)
[2020-09-27T12:22:36.013+0500][gc,heap      ] GC(14) Old regions: 14->14
[2020-09-27T12:22:36.013+0500][gc,heap      ] GC(14) Archive regions: 2->2
[2020-09-27T12:22:36.013+0500][gc,heap      ] GC(14) Humongous regions: 129->129
[2020-09-27T12:22:36.013+0500][gc,metaspace ] GC(14) Metaspace: 38934K(40960K)->38934K(40960K) NonClass: 34383K(35584K)->34383K(35584K) Class: 4550K(5376K)->4550K(5376K)
[2020-09-27T12:22:36.013+0500][gc           ] GC(14) Pause Young (Normal) (G1 Evacuation Pause) 756M->145M(1024M) 44.504ms
[2020-09-27T12:22:36.013+0500][gc,cpu       ] GC(14) User=0.04s Sys=0.07s Real=0.05s
[2020-09-27T15:44:57.856+0500][gc,start     ] GC(15) Pause Young (Normal) (G1 Evacuation Pause)
[2020-09-27T15:44:57.857+0500][gc,task      ] GC(15) Using 13 workers of 13 for evacuation
[2020-09-27T15:44:57.873+0500][gc,phases    ] GC(15)   Pre Evacuate Collection Set: 3.5ms
[2020-09-27T15:44:57.873+0500][gc,phases    ] GC(15)   Merge Heap Roots: 0.2ms
[2020-09-27T15:44:57.873+0500][gc,phases    ] GC(15)   Evacuate Collection Set: 10.2ms
[2020-09-27T15:44:57.873+0500][gc,phases    ] GC(15)   Post Evacuate Collection Set: 1.7ms
[2020-09-27T15:44:57.873+0500][gc,phases    ] GC(15)   Other: 2.4ms
[2020-09-27T15:44:57.873+0500][gc,heap      ] GC(15) Eden regions: 565->0(611)
[2020-09-27T15:44:57.873+0500][gc,heap      ] GC(15) Survivor regions: 3->3(71)
[2020-09-27T15:44:57.873+0500][gc,heap      ] GC(15) Old regions: 14->14
[2020-09-27T15:44:57.873+0500][gc,heap      ] GC(15) Archive regions: 2->2
[2020-09-27T15:44:57.873+0500][gc,heap      ] GC(15) Humongous regions: 129->129
[2020-09-27T15:44:57.873+0500][gc,metaspace ] GC(15) Metaspace: 38961K(40960K)->38961K(40960K) NonClass: 34410K(35584K)->34410K(35584K) Class: 4550K(5376K)->4550K(5376K)
[2020-09-27T15:44:57.873+0500][gc           ] GC(15) Pause Young (Normal) (G1 Evacuation Pause) 710M->145M(1024M) 17.050ms
[2020-09-27T15:44:57.873+0500][gc,cpu       ] GC(15) User=0.02s Sys=0.05s Real=0.02s
[2020-09-27T19:25:14.375+0500][gc,start     ] GC(16) Pause Young (Normal) (G1 Evacuation Pause)
[2020-09-27T19:25:14.375+0500][gc,task      ] GC(16) Using 13 workers of 13 for evacuation
[2020-09-27T19:25:14.395+0500][gc,phases    ] GC(16)   Pre Evacuate Collection Set: 2.9ms
[2020-09-27T19:25:14.395+0500][gc,phases    ] GC(16)   Merge Heap Roots: 0.2ms
[2020-09-27T19:25:14.395+0500][gc,phases    ] GC(16)   Evacuate Collection Set: 14.4ms
[2020-09-27T19:25:14.395+0500][gc,phases    ] GC(16)   Post Evacuate Collection Set: 1.8ms
[2020-09-27T19:25:14.395+0500][gc,phases    ] GC(16)   Other: 0.9ms
[2020-09-27T19:25:14.395+0500][gc,heap      ] GC(16) Eden regions: 611->0(482)
[2020-09-27T19:25:14.395+0500][gc,heap      ] GC(16) Survivor regions: 3->3(77)
[2020-09-27T19:25:14.395+0500][gc,heap      ] GC(16) Old regions: 14->14
[2020-09-27T19:25:14.395+0500][gc,heap      ] GC(16) Archive regions: 2->2
[2020-09-27T19:25:14.395+0500][gc,heap      ] GC(16) Humongous regions: 129->129
[2020-09-27T19:25:14.395+0500][gc,metaspace ] GC(16) Metaspace: 38990K(40960K)->38990K(40960K) NonClass: 34439K(35584K)->34439K(35584K) Class: 4550K(5376K)->4550K(5376K)
[2020-09-27T19:25:14.395+0500][gc           ] GC(16) Pause Young (Normal) (G1 Evacuation Pause) 756M->146M(1024M) 20.431ms
[2020-09-27T19:25:14.395+0500][gc,cpu       ] GC(16) User=0.02s Sys=0.07s Real=0.02s
[2020-09-27T22:19:54.935+0500][gc,start     ] GC(17) Pause Young (Normal) (G1 Evacuation Pause)
[2020-09-27T22:19:54.936+0500][gc,task      ] GC(17) Using 13 workers of 13 for evacuation
[2020-09-27T22:19:54.950+0500][gc,phases    ] GC(17)   Pre Evacuate Collection Set: 5.4ms
[2020-09-27T22:19:54.950+0500][gc,phases    ] GC(17)   Merge Heap Roots: 0.3ms
[2020-09-27T22:19:54.950+0500][gc,phases    ] GC(17)   Evacuate Collection Set: 6.1ms
[2020-09-27T22:19:54.950+0500][gc,phases    ] GC(17)   Post Evacuate Collection Set: 2.8ms
[2020-09-27T22:19:54.951+0500][gc,phases    ] GC(17)   Other: 1.5ms
[2020-09-27T22:19:54.951+0500][gc,heap      ] GC(17) Eden regions: 482->0(611)
[2020-09-27T22:19:54.951+0500][gc,heap      ] GC(17) Survivor regions: 3->3(61)
[2020-09-27T22:19:54.951+0500][gc,heap      ] GC(17) Old regions: 14->14
[2020-09-27T22:19:54.951+0500][gc,heap      ] GC(17) Archive regions: 2->2
[2020-09-27T22:19:54.951+0500][gc,heap      ] GC(17) Humongous regions: 129->129
[2020-09-27T22:19:54.951+0500][gc,metaspace ] GC(17) Metaspace: 39036K(40960K)->39036K(40960K) NonClass: 34486K(35584K)->34486K(35584K) Class: 4550K(5376K)->4550K(5376K)
[2020-09-27T22:19:54.951+0500][gc           ] GC(17) Pause Young (Normal) (G1 Evacuation Pause) 628M->145M(1024M) 15.446ms
[2020-09-27T22:19:54.951+0500][gc,cpu       ] GC(17) User=0.01s Sys=0.05s Real=0.02s
[2020-09-28T02:03:12.895+0500][gc,start     ] GC(18) Pause Young (Normal) (G1 Evacuation Pause)
[2020-09-28T02:03:12.896+0500][gc,task      ] GC(18) Using 13 workers of 13 for evacuation
[2020-09-28T02:03:12.910+0500][gc,phases    ] GC(18)   Pre Evacuate Collection Set: 2.9ms
[2020-09-28T02:03:12.910+0500][gc,phases    ] GC(18)   Merge Heap Roots: 0.7ms
[2020-09-28T02:03:12.910+0500][gc,phases    ] GC(18)   Evacuate Collection Set: 7.7ms
[2020-09-28T02:03:12.910+0500][gc,phases    ] GC(18)   Post Evacuate Collection Set: 1.1ms
[2020-09-28T02:03:12.910+0500][gc,phases    ] GC(18)   Other: 2.1ms
[2020-09-28T02:03:12.910+0500][gc,heap      ] GC(18) Eden regions: 611->0(610)
[2020-09-28T02:03:12.910+0500][gc,heap      ] GC(18) Survivor regions: 3->4(77)
[2020-09-28T02:03:12.910+0500][gc,heap      ] GC(18) Old regions: 14->14
[2020-09-28T02:03:12.910+0500][gc,heap      ] GC(18) Archive regions: 2->2
[2020-09-28T02:03:12.910+0500][gc,heap      ] GC(18) Humongous regions: 129->129
[2020-09-28T02:03:12.910+0500][gc,metaspace ] GC(18) Metaspace: 39087K(40960K)->39087K(40960K) NonClass: 34536K(35584K)->34536K(35584K) Class: 4550K(5376K)->4550K(5376K)
[2020-09-28T02:03:12.910+0500][gc           ] GC(18) Pause Young (Normal) (G1 Evacuation Pause) 756M->146M(1024M) 14.672ms
[2020-09-28T02:03:12.910+0500][gc,cpu       ] GC(18) User=0.02s Sys=0.05s Real=0.02s
[2020-09-28T05:46:29.121+0500][gc,start     ] GC(19) Pause Young (Normal) (G1 Evacuation Pause)
[2020-09-28T05:46:29.122+0500][gc,task      ] GC(19) Using 13 workers of 13 for evacuation
[2020-09-28T05:46:29.135+0500][gc,phases    ] GC(19)   Pre Evacuate Collection Set: 0.2ms
[2020-09-28T05:46:29.136+0500][gc,phases    ] GC(19)   Merge Heap Roots: 0.8ms
[2020-09-28T05:46:29.136+0500][gc,phases    ] GC(19)   Evacuate Collection Set: 10.3ms
[2020-09-28T05:46:29.136+0500][gc,phases    ] GC(19)   Post Evacuate Collection Set: 1.2ms
[2020-09-28T05:46:29.136+0500][gc,phases    ] GC(19)   Other: 2.7ms
[2020-09-28T05:46:29.136+0500][gc,heap      ] GC(19) Eden regions: 610->0(610)
[2020-09-28T05:46:29.136+0500][gc,heap      ] GC(19) Survivor regions: 4->4(77)
[2020-09-28T05:46:29.136+0500][gc,heap      ] GC(19) Old regions: 14->14
[2020-09-28T05:46:29.136+0500][gc,heap      ] GC(19) Archive regions: 2->2
[2020-09-28T05:46:29.136+0500][gc,heap      ] GC(19) Humongous regions: 129->129
[2020-09-28T05:46:29.136+0500][gc,metaspace ] GC(19) Metaspace: 39089K(40960K)->39089K(40960K) NonClass: 34538K(35584K)->34538K(35584K) Class: 4550K(5376K)->4550K(5376K)
[2020-09-28T05:46:29.136+0500][gc           ] GC(19) Pause Young (Normal) (G1 Evacuation Pause) 756M->146M(1024M) 14.192ms
[2020-09-28T05:46:29.136+0500][gc,cpu       ] GC(19) User=0.02s Sys=0.03s Real=0.01s
[2020-09-28T09:28:04.717+0500][gc,start     ] GC(20) Pause Young (Normal) (G1 Evacuation Pause)
[2020-09-28T09:28:04.719+0500][gc,task      ] GC(20) Using 13 workers of 13 for evacuation
[2020-09-28T09:28:04.759+0500][gc,mmu       ] GC(20) MMU target violated: 21.0ms (20.0ms/21.0ms)
[2020-09-28T09:28:04.759+0500][gc,phases    ] GC(20)   Pre Evacuate Collection Set: 5.1ms
[2020-09-28T09:28:04.759+0500][gc,phases    ] GC(20)   Merge Heap Roots: 1.3ms
[2020-09-28T09:28:04.759+0500][gc,phases    ] GC(20)   Evacuate Collection Set: 25.6ms
[2020-09-28T09:28:04.759+0500][gc,phases    ] GC(20)   Post Evacuate Collection Set: 4.9ms
[2020-09-28T09:28:04.759+0500][gc,phases    ] GC(20)   Other: 5.6ms
[2020-09-28T09:28:04.759+0500][gc,heap      ] GC(20) Eden regions: 610->0(47)
[2020-09-28T09:28:04.759+0500][gc,heap      ] GC(20) Survivor regions: 4->4(77)
[2020-09-28T09:28:04.759+0500][gc,heap      ] GC(20) Old regions: 14->14
[2020-09-28T09:28:04.759+0500][gc,heap      ] GC(20) Archive regions: 2->2
[2020-09-28T09:28:04.759+0500][gc,heap      ] GC(20) Humongous regions: 129->129
[2020-09-28T09:28:04.759+0500][gc,metaspace ] GC(20) Metaspace: 39149K(41216K)->39149K(41216K) NonClass: 34598K(35840K)->34598K(35840K) Class: 4550K(5376K)->4550K(5376K)
[2020-09-28T09:28:04.759+0500][gc           ] GC(20) Pause Young (Normal) (G1 Evacuation Pause) 756M->146M(1024M) 42.298ms
[2020-09-28T09:28:04.759+0500][gc,cpu       ] GC(20) User=0.03s Sys=0.10s Real=0.04s
[2020-09-28T09:44:51.883+0500][gc,start     ] GC(21) Pause Young (Normal) (G1 Evacuation Pause)
[2020-09-28T09:44:51.884+0500][gc,task      ] GC(21) Using 13 workers of 13 for evacuation
[2020-09-28T09:44:51.894+0500][gc,phases    ] GC(21)   Pre Evacuate Collection Set: 0.1ms
[2020-09-28T09:44:51.894+0500][gc,phases    ] GC(21)   Merge Heap Roots: 0.1ms
[2020-09-28T09:44:51.894+0500][gc,phases    ] GC(21)   Evacuate Collection Set: 8.7ms
[2020-09-28T09:44:51.894+0500][gc,phases    ] GC(21)   Post Evacuate Collection Set: 0.7ms
[2020-09-28T09:44:51.894+0500][gc,phases    ] GC(21)   Other: 0.5ms
[2020-09-28T09:44:51.894+0500][gc,heap      ] GC(21) Eden regions: 47->0(196)
[2020-09-28T09:44:51.894+0500][gc,heap      ] GC(21) Survivor regions: 4->3(7)
[2020-09-28T09:44:51.894+0500][gc,heap      ] GC(21) Old regions: 14->14
[2020-09-28T09:44:51.894+0500][gc,heap      ] GC(21) Archive regions: 2->2
[2020-09-28T09:44:51.894+0500][gc,heap      ] GC(21) Humongous regions: 129->129
[2020-09-28T09:44:51.894+0500][gc,metaspace ] GC(21) Metaspace: 39164K(41216K)->39164K(41216K) NonClass: 34613K(35840K)->34613K(35840K) Class: 4550K(5376K)->4550K(5376K)
[2020-09-28T09:44:51.894+0500][gc           ] GC(21) Pause Young (Normal) (G1 Evacuation Pause) 193M->146M(1024M) 10.311ms
[2020-09-28T09:44:51.894+0500][gc,cpu       ] GC(21) User=0.02s Sys=0.03s Real=0.01s
[2020-09-28T10:53:46.289+0500][gc,start     ] GC(22) Pause Young (Normal) (G1 Evacuation Pause)
[2020-09-28T10:53:46.290+0500][gc,task      ] GC(22) Using 13 workers of 13 for evacuation
[2020-09-28T10:53:46.310+0500][gc,mmu       ] GC(22) MMU target violated: 20.2ms (20.0ms/21.0ms)
[2020-09-28T10:53:46.310+0500][gc,phases    ] GC(22)   Pre Evacuate Collection Set: 3.0ms
[2020-09-28T10:53:46.310+0500][gc,phases    ] GC(22)   Merge Heap Roots: 0.2ms
[2020-09-28T10:53:46.310+0500][gc,phases    ] GC(22)   Evacuate Collection Set: 15.6ms
[2020-09-28T10:53:46.310+0500][gc,phases    ] GC(22)   Post Evacuate Collection Set: 1.3ms
[2020-09-28T10:53:46.310+0500][gc,phases    ] GC(22)   Other: 1.0ms
[2020-09-28T10:53:46.310+0500][gc,heap      ] GC(22) Eden regions: 196->0(101)
[2020-09-28T10:53:46.310+0500][gc,heap      ] GC(22) Survivor regions: 3->4(25)
[2020-09-28T10:53:46.310+0500][gc,heap      ] GC(22) Old regions: 14->14
[2020-09-28T10:53:46.310+0500][gc,heap      ] GC(22) Archive regions: 2->2
[2020-09-28T10:53:46.310+0500][gc,heap      ] GC(22) Humongous regions: 129->129
[2020-09-28T10:53:46.311+0500][gc,metaspace ] GC(22) Metaspace: 39164K(41216K)->39164K(41216K) NonClass: 34613K(35840K)->34613K(35840K) Class: 4550K(5376K)->4550K(5376K)
[2020-09-28T10:53:46.311+0500][gc           ] GC(22) Pause Young (Normal) (G1 Evacuation Pause) 342M->146M(1024M) 21.329ms
[2020-09-28T10:53:46.311+0500][gc,cpu       ] GC(22) User=0.02s Sys=0.08s Real=0.03s
[2020-09-28T11:30:01.088+0500][gc,start     ] GC(23) Pause Young (Normal) (G1 Evacuation Pause)
[2020-09-28T11:30:01.089+0500][gc,task      ] GC(23) Using 13 workers of 13 for evacuation
[2020-09-28T11:30:01.096+0500][gc,phases    ] GC(23)   Pre Evacuate Collection Set: 0.3ms
[2020-09-28T11:30:01.096+0500][gc,phases    ] GC(23)   Merge Heap Roots: 0.1ms
[2020-09-28T11:30:01.096+0500][gc,phases    ] GC(23)   Evacuate Collection Set: 6.5ms
[2020-09-28T11:30:01.096+0500][gc,phases    ] GC(23)   Post Evacuate Collection Set: 0.9ms
[2020-09-28T11:30:01.096+0500][gc,phases    ] GC(23)   Other: 1.2ms
[2020-09-28T11:30:01.097+0500][gc,heap      ] GC(23) Eden regions: 101->0(611)
[2020-09-28T11:30:01.097+0500][gc,heap      ] GC(23) Survivor regions: 4->3(14)
[2020-09-28T11:30:01.097+0500][gc,heap      ] GC(23) Old regions: 14->14
[2020-09-28T11:30:01.097+0500][gc,heap      ] GC(23) Archive regions: 2->2
[2020-09-28T11:30:01.097+0500][gc,heap      ] GC(23) Humongous regions: 129->129
[2020-09-28T11:30:01.097+0500][gc,metaspace ] GC(23) Metaspace: 39164K(41216K)->39164K(41216K) NonClass: 34613K(35840K)->34613K(35840K) Class: 4550K(5376K)->4550K(5376K)
[2020-09-28T11:30:01.097+0500][gc           ] GC(23) Pause Young (Normal) (G1 Evacuation Pause) 247M->145M(1024M) 8.412ms
[2020-09-28T11:30:01.097+0500][gc,cpu       ] GC(23) User=0.02s Sys=0.03s Real=0.01s
[2020-09-28T15:08:29.729+0500][gc,start     ] GC(24) Pause Young (Normal) (G1 Evacuation Pause)
[2020-09-28T15:08:29.729+0500][gc,task      ] GC(24) Using 13 workers of 13 for evacuation
[2020-09-28T15:08:29.751+0500][gc,mmu       ] GC(24) MMU target violated: 21.0ms (20.0ms/21.0ms)
[2020-09-28T15:08:29.751+0500][gc,phases    ] GC(24)   Pre Evacuate Collection Set: 3.9ms
[2020-09-28T15:08:29.751+0500][gc,phases    ] GC(24)   Merge Heap Roots: 1.3ms
[2020-09-28T15:08:29.751+0500][gc,phases    ] GC(24)   Evacuate Collection Set: 12.3ms
[2020-09-28T15:08:29.751+0500][gc,phases    ] GC(24)   Post Evacuate Collection Set: 2.5ms
[2020-09-28T15:08:29.751+0500][gc,phases    ] GC(24)   Other: 2.3ms
[2020-09-28T15:08:29.751+0500][gc,heap      ] GC(24) Eden regions: 611->0(611)
[2020-09-28T15:08:29.751+0500][gc,heap      ] GC(24) Survivor regions: 3->3(77)
[2020-09-28T15:08:29.751+0500][gc,heap      ] GC(24) Old regions: 14->14
[2020-09-28T15:08:29.751+0500][gc,heap      ] GC(24) Archive regions: 2->2
[2020-09-28T15:08:29.751+0500][gc,heap      ] GC(24) Humongous regions: 129->129
[2020-09-28T15:08:29.751+0500][gc,metaspace ] GC(24) Metaspace: 39164K(41216K)->39164K(41216K) NonClass: 34613K(35840K)->34613K(35840K) Class: 4550K(5376K)->4550K(5376K)
[2020-09-28T15:08:29.751+0500][gc           ] GC(24) Pause Young (Normal) (G1 Evacuation Pause) 756M->145M(1024M) 22.298ms
[2020-09-28T15:08:29.751+0500][gc,cpu       ] GC(24) User=0.02s Sys=0.07s Real=0.03s
[2020-09-28T16:09:22.435+0500][gc,heap,exit ] Heap
[2020-09-28T16:09:22.436+0500][gc,heap,exit ]  garbage-first heap   total 1048576K, used 331523K [0x00000007c0000000, 0x0000000800000000)
[2020-09-28T16:09:22.436+0500][gc,heap,exit ]   region size 1024K, 183 young (187392K), 3 survivors (3072K)
[2020-09-28T16:09:22.436+0500][gc,heap,exit ]  Metaspace       used 39784K, capacity 41718K, committed 41984K, reserved 1085440K
[2020-09-28T16:09:22.436+0500][gc,heap,exit ]   class space    used 4694K, capacity 5560K, committed 5632K, reserved 1048576K
