[2020-09-23T14:32:18.192+0500][gc,heap] Heap region size: 1M
[2020-09-23T14:32:18.193+0500][gc,heap,coops] Heap address: 0x00000007c0000000, size: 1024 MB, Compressed Oops mode: Zero based, Oop shift amount: 3
[2020-09-23T14:32:18.201+0500][gc           ] Using G1
[2020-09-23T14:32:18.201+0500][gc,cds       ] Mark closed archive regions in map: [0x00000007fff00000, 0x00000007fff7aff8]
[2020-09-23T14:32:18.201+0500][gc,cds       ] Mark open archive regions in map: [0x00000007ffe00000, 0x00000007ffe50ff8]
[2020-09-23T14:32:18.215+0500][gc           ] Periodic GC disabled
[2020-09-23T14:32:19.328+0500][gc,start     ] GC(0) Pause Young (Normal) (G1 Evacuation Pause)
[2020-09-23T14:32:19.329+0500][gc,task      ] GC(0) Using 13 workers of 13 for evacuation
[2020-09-23T14:32:19.333+0500][gc,phases    ] GC(0)   Pre Evacuate Collection Set: 0.1ms
[2020-09-23T14:32:19.333+0500][gc,phases    ] GC(0)   Merge Heap Roots: 0.0ms
[2020-09-23T14:32:19.333+0500][gc,phases    ] GC(0)   Evacuate Collection Set: 3.9ms
[2020-09-23T14:32:19.333+0500][gc,phases    ] GC(0)   Post Evacuate Collection Set: 0.4ms
[2020-09-23T14:32:19.333+0500][gc,phases    ] GC(0)   Other: 0.5ms
[2020-09-23T14:32:19.333+0500][gc,heap      ] GC(0) Eden regions: 51->0(44)
[2020-09-23T14:32:19.333+0500][gc,heap      ] GC(0) Survivor regions: 0->7(7)
[2020-09-23T14:32:19.333+0500][gc,heap      ] GC(0) Old regions: 0->0
[2020-09-23T14:32:19.333+0500][gc,heap      ] GC(0) Archive regions: 2->2
[2020-09-23T14:32:19.333+0500][gc,heap      ] GC(0) Humongous regions: 0->0
[2020-09-23T14:32:19.333+0500][gc,metaspace ] GC(0) Metaspace: 14800K(15360K)->14800K(15360K) NonClass: 12932K(13312K)->12932K(13312K) Class: 1867K(2048K)->1867K(2048K)
[2020-09-23T14:32:19.333+0500][gc           ] GC(0) Pause Young (Normal) (G1 Evacuation Pause) 51M->7M(1024M) 5.074ms
[2020-09-23T14:32:19.333+0500][gc,cpu       ] GC(0) User=0.02s Sys=0.02s Real=0.01s
[2020-09-23T14:32:19.609+0500][gc,start     ] GC(1) Pause Young (Concurrent Start) (Metadata GC Threshold)
[2020-09-23T14:32:19.609+0500][gc,task      ] GC(1) Using 13 workers of 13 for evacuation
[2020-09-23T14:32:19.614+0500][gc,phases    ] GC(1)   Pre Evacuate Collection Set: 0.1ms
[2020-09-23T14:32:19.614+0500][gc,phases    ] GC(1)   Merge Heap Roots: 0.0ms
[2020-09-23T14:32:19.614+0500][gc,phases    ] GC(1)   Evacuate Collection Set: 3.9ms
[2020-09-23T14:32:19.614+0500][gc,phases    ] GC(1)   Post Evacuate Collection Set: 0.4ms
[2020-09-23T14:32:19.614+0500][gc,phases    ] GC(1)   Other: 0.2ms
[2020-09-23T14:32:19.614+0500][gc,heap      ] GC(1) Eden regions: 25->0(49)
[2020-09-23T14:32:19.614+0500][gc,heap      ] GC(1) Survivor regions: 7->2(7)
[2020-09-23T14:32:19.614+0500][gc,heap      ] GC(1) Old regions: 0->6
[2020-09-23T14:32:19.614+0500][gc,heap      ] GC(1) Archive regions: 2->2
[2020-09-23T14:32:19.614+0500][gc,heap      ] GC(1) Humongous regions: 0->0
[2020-09-23T14:32:19.614+0500][gc,metaspace ] GC(1) Metaspace: 20590K(21248K)->20590K(21248K) NonClass: 18066K(18432K)->18066K(18432K) Class: 2523K(2816K)->2523K(2816K)
[2020-09-23T14:32:19.614+0500][gc           ] GC(1) Pause Young (Concurrent Start) (Metadata GC Threshold) 32M->7M(1024M) 4.789ms
[2020-09-23T14:32:19.614+0500][gc,cpu       ] GC(1) User=0.03s Sys=0.02s Real=0.01s
[2020-09-23T14:32:19.614+0500][gc           ] GC(2) Concurrent Cycle
[2020-09-23T14:32:19.614+0500][gc,marking   ] GC(2) Concurrent Clear Claimed Marks
[2020-09-23T14:32:19.614+0500][gc,marking   ] GC(2) Concurrent Clear Claimed Marks 0.040ms
[2020-09-23T14:32:19.614+0500][gc,marking   ] GC(2) Concurrent Scan Root Regions
[2020-09-23T14:32:19.616+0500][gc,marking   ] GC(2) Concurrent Scan Root Regions 1.732ms
[2020-09-23T14:32:19.616+0500][gc,marking   ] GC(2) Concurrent Mark (1.429s)
[2020-09-23T14:32:19.616+0500][gc,marking   ] GC(2) Concurrent Mark From Roots
[2020-09-23T14:32:19.616+0500][gc,task      ] GC(2) Using 3 workers of 3 for marking
[2020-09-23T14:32:19.617+0500][gc,marking   ] GC(2) Concurrent Mark From Roots 1.078ms
[2020-09-23T14:32:19.617+0500][gc,marking   ] GC(2) Concurrent Preclean
[2020-09-23T14:32:19.617+0500][gc,marking   ] GC(2) Concurrent Preclean 0.032ms
[2020-09-23T14:32:19.617+0500][gc,marking   ] GC(2) Concurrent Mark (1.429s, 1.430s) 1.179ms
[2020-09-23T14:32:19.617+0500][gc,start     ] GC(2) Pause Remark
[2020-09-23T14:32:19.618+0500][gc           ] GC(2) Pause Remark 8M->8M(1024M) 0.647ms
[2020-09-23T14:32:19.618+0500][gc,cpu       ] GC(2) User=0.00s Sys=0.00s Real=0.00s
[2020-09-23T14:32:19.618+0500][gc,marking   ] GC(2) Concurrent Rebuild Remembered Sets
[2020-09-23T14:32:19.619+0500][gc,marking   ] GC(2) Concurrent Rebuild Remembered Sets 1.475ms
[2020-09-23T14:32:19.620+0500][gc,start     ] GC(2) Pause Cleanup
[2020-09-23T14:32:19.620+0500][gc           ] GC(2) Pause Cleanup 8M->8M(1024M) 0.079ms
[2020-09-23T14:32:19.620+0500][gc,cpu       ] GC(2) User=0.00s Sys=0.00s Real=0.00s
[2020-09-23T14:32:19.620+0500][gc,marking   ] GC(2) Concurrent Cleanup for Next Mark
[2020-09-23T14:32:19.624+0500][gc,marking   ] GC(2) Concurrent Cleanup for Next Mark 4.649ms
[2020-09-23T14:32:19.625+0500][gc           ] GC(2) Concurrent Cycle 10.572ms
[2020-09-23T14:32:20.257+0500][gc,start     ] GC(3) Pause Young (Normal) (G1 Evacuation Pause)
[2020-09-23T14:32:20.257+0500][gc,task      ] GC(3) Using 13 workers of 13 for evacuation
[2020-09-23T14:32:20.259+0500][gc,phases    ] GC(3)   Pre Evacuate Collection Set: 0.1ms
[2020-09-23T14:32:20.259+0500][gc,phases    ] GC(3)   Merge Heap Roots: 0.0ms
[2020-09-23T14:32:20.259+0500][gc,phases    ] GC(3)   Evacuate Collection Set: 1.5ms
[2020-09-23T14:32:20.259+0500][gc,phases    ] GC(3)   Post Evacuate Collection Set: 0.4ms
[2020-09-23T14:32:20.259+0500][gc,phases    ] GC(3)   Other: 0.1ms
[2020-09-23T14:32:20.259+0500][gc,heap      ] GC(3) Eden regions: 49->0(46)
[2020-09-23T14:32:20.259+0500][gc,heap      ] GC(3) Survivor regions: 2->5(7)
[2020-09-23T14:32:20.259+0500][gc,heap      ] GC(3) Old regions: 6->6
[2020-09-23T14:32:20.259+0500][gc,heap      ] GC(3) Archive regions: 2->2
[2020-09-23T14:32:20.259+0500][gc,heap      ] GC(3) Humongous regions: 129->129
[2020-09-23T14:32:20.259+0500][gc,metaspace ] GC(3) Metaspace: 27984K(28928K)->27984K(28928K) NonClass: 24791K(25344K)->24791K(25344K) Class: 3193K(3584K)->3193K(3584K)
[2020-09-23T14:32:20.259+0500][gc           ] GC(3) Pause Young (Normal) (G1 Evacuation Pause) 185M->140M(1024M) 2.303ms
[2020-09-23T14:32:20.259+0500][gc,cpu       ] GC(3) User=0.02s Sys=0.00s Real=0.00s
[2020-09-23T14:32:20.606+0500][gc,start     ] GC(4) Pause Young (Concurrent Start) (Metadata GC Threshold)
[2020-09-23T14:32:20.606+0500][gc,task      ] GC(4) Using 13 workers of 13 for evacuation
[2020-09-23T14:32:20.610+0500][gc,phases    ] GC(4)   Pre Evacuate Collection Set: 0.2ms
[2020-09-23T14:32:20.610+0500][gc,phases    ] GC(4)   Merge Heap Roots: 0.1ms
[2020-09-23T14:32:20.610+0500][gc,phases    ] GC(4)   Evacuate Collection Set: 2.4ms
[2020-09-23T14:32:20.610+0500][gc,phases    ] GC(4)   Post Evacuate Collection Set: 0.4ms
[2020-09-23T14:32:20.610+0500][gc,phases    ] GC(4)   Other: 0.2ms
[2020-09-23T14:32:20.610+0500][gc,heap      ] GC(4) Eden regions: 30->0(45)
[2020-09-23T14:32:20.610+0500][gc,heap      ] GC(4) Survivor regions: 5->6(7)
[2020-09-23T14:32:20.610+0500][gc,heap      ] GC(4) Old regions: 6->7
[2020-09-23T14:32:20.610+0500][gc,heap      ] GC(4) Archive regions: 2->2
[2020-09-23T14:32:20.610+0500][gc,heap      ] GC(4) Humongous regions: 129->129
[2020-09-23T14:32:20.610+0500][gc,metaspace ] GC(4) Metaspace: 34494K(35840K)->34494K(35840K) NonClass: 30554K(31360K)->30554K(31360K) Class: 3940K(4480K)->3940K(4480K)
[2020-09-23T14:32:20.610+0500][gc           ] GC(4) Pause Young (Concurrent Start) (Metadata GC Threshold) 169M->142M(1024M) 3.368ms
[2020-09-23T14:32:20.610+0500][gc,cpu       ] GC(4) User=0.04s Sys=0.00s Real=0.01s
[2020-09-23T14:32:20.610+0500][gc           ] GC(5) Concurrent Cycle
[2020-09-23T14:32:20.610+0500][gc,marking   ] GC(5) Concurrent Clear Claimed Marks
[2020-09-23T14:32:20.610+0500][gc,marking   ] GC(5) Concurrent Clear Claimed Marks 0.094ms
[2020-09-23T14:32:20.610+0500][gc,marking   ] GC(5) Concurrent Scan Root Regions
[2020-09-23T14:32:20.612+0500][gc,marking   ] GC(5) Concurrent Scan Root Regions 2.238ms
[2020-09-23T14:32:20.612+0500][gc,marking   ] GC(5) Concurrent Mark (2.425s)
[2020-09-23T14:32:20.612+0500][gc,marking   ] GC(5) Concurrent Mark From Roots
[2020-09-23T14:32:20.612+0500][gc,task      ] GC(5) Using 3 workers of 3 for marking
[2020-09-23T14:32:20.616+0500][gc,marking   ] GC(5) Concurrent Mark From Roots 4.140ms
[2020-09-23T14:32:20.616+0500][gc,marking   ] GC(5) Concurrent Preclean
[2020-09-23T14:32:20.616+0500][gc,marking   ] GC(5) Concurrent Preclean 0.074ms
[2020-09-23T14:32:20.616+0500][gc,marking   ] GC(5) Concurrent Mark (2.425s, 2.429s) 4.281ms
[2020-09-23T14:32:20.617+0500][gc,start     ] GC(5) Pause Remark
[2020-09-23T14:32:20.618+0500][gc           ] GC(5) Pause Remark 142M->142M(1024M) 1.091ms
[2020-09-23T14:32:20.618+0500][gc,cpu       ] GC(5) User=0.01s Sys=0.01s Real=0.00s
[2020-09-23T14:32:20.618+0500][gc,marking   ] GC(5) Concurrent Rebuild Remembered Sets
[2020-09-23T14:32:20.620+0500][gc,marking   ] GC(5) Concurrent Rebuild Remembered Sets 2.704ms
[2020-09-23T14:32:20.621+0500][gc,start     ] GC(5) Pause Cleanup
[2020-09-23T14:32:20.621+0500][gc           ] GC(5) Pause Cleanup 143M->143M(1024M) 0.149ms
[2020-09-23T14:32:20.621+0500][gc,cpu       ] GC(5) User=0.00s Sys=0.00s Real=0.00s
[2020-09-23T14:32:20.621+0500][gc,marking   ] GC(5) Concurrent Cleanup for Next Mark
[2020-09-23T14:32:20.627+0500][gc,marking   ] GC(5) Concurrent Cleanup for Next Mark 6.408ms
[2020-09-23T14:32:20.627+0500][gc           ] GC(5) Concurrent Cycle 17.696ms
[2020-09-23T14:32:20.880+0500][gc,start     ] GC(6) Pause Young (Concurrent Start) (G1 Humongous Allocation)
[2020-09-23T14:32:20.880+0500][gc,task      ] GC(6) Using 13 workers of 13 for evacuation
[2020-09-23T14:32:20.883+0500][gc,phases    ] GC(6)   Pre Evacuate Collection Set: 0.2ms
[2020-09-23T14:32:20.883+0500][gc,phases    ] GC(6)   Merge Heap Roots: 0.0ms
[2020-09-23T14:32:20.883+0500][gc,phases    ] GC(6)   Evacuate Collection Set: 2.7ms
[2020-09-23T14:32:20.883+0500][gc,phases    ] GC(6)   Post Evacuate Collection Set: 0.4ms
[2020-09-23T14:32:20.883+0500][gc,phases    ] GC(6)   Other: 0.2ms
[2020-09-23T14:32:20.883+0500][gc,heap      ] GC(6) Eden regions: 17->0(47)
[2020-09-23T14:32:20.883+0500][gc,heap      ] GC(6) Survivor regions: 6->4(7)
[2020-09-23T14:32:20.883+0500][gc,heap      ] GC(6) Old regions: 7->11
[2020-09-23T14:32:20.883+0500][gc,heap      ] GC(6) Archive regions: 2->2
[2020-09-23T14:32:20.883+0500][gc,heap      ] GC(6) Humongous regions: 345->129
[2020-09-23T14:32:20.883+0500][gc,metaspace ] GC(6) Metaspace: 36072K(37632K)->36072K(37632K) NonClass: 31825K(32640K)->31825K(32640K) Class: 4246K(4992K)->4246K(4992K)
[2020-09-23T14:32:20.883+0500][gc           ] GC(6) Pause Young (Concurrent Start) (G1 Humongous Allocation) 374M->142M(1024M) 3.627ms
[2020-09-23T14:32:20.884+0500][gc,cpu       ] GC(6) User=0.03s Sys=0.00s Real=0.00s
[2020-09-23T14:32:20.884+0500][gc           ] GC(7) Concurrent Cycle
[2020-09-23T14:32:20.884+0500][gc,marking   ] GC(7) Concurrent Clear Claimed Marks
[2020-09-23T14:32:20.884+0500][gc,marking   ] GC(7) Concurrent Clear Claimed Marks 0.118ms
[2020-09-23T14:32:20.884+0500][gc,marking   ] GC(7) Concurrent Scan Root Regions
[2020-09-23T14:32:20.886+0500][gc,marking   ] GC(7) Concurrent Scan Root Regions 2.230ms
[2020-09-23T14:32:20.886+0500][gc,marking   ] GC(7) Concurrent Mark (2.699s)
[2020-09-23T14:32:20.886+0500][gc,marking   ] GC(7) Concurrent Mark From Roots
[2020-09-23T14:32:20.886+0500][gc,task      ] GC(7) Using 3 workers of 3 for marking
[2020-09-23T14:32:20.890+0500][gc,marking   ] GC(7) Concurrent Mark From Roots 3.782ms
[2020-09-23T14:32:20.890+0500][gc,marking   ] GC(7) Concurrent Preclean
[2020-09-23T14:32:20.890+0500][gc,marking   ] GC(7) Concurrent Preclean 0.059ms
[2020-09-23T14:32:20.890+0500][gc,marking   ] GC(7) Concurrent Mark (2.699s, 2.703s) 3.884ms
[2020-09-23T14:32:20.890+0500][gc,start     ] GC(7) Pause Remark
[2020-09-23T14:32:20.891+0500][gc           ] GC(7) Pause Remark 148M->148M(1024M) 1.055ms
[2020-09-23T14:32:20.891+0500][gc,cpu       ] GC(7) User=0.01s Sys=0.00s Real=0.00s
[2020-09-23T14:32:20.891+0500][gc,marking   ] GC(7) Concurrent Rebuild Remembered Sets
[2020-09-23T14:32:20.894+0500][gc,marking   ] GC(7) Concurrent Rebuild Remembered Sets 3.235ms
[2020-09-23T14:32:20.895+0500][gc,start     ] GC(7) Pause Cleanup
[2020-09-23T14:32:20.895+0500][gc           ] GC(7) Pause Cleanup 148M->148M(1024M) 0.092ms
[2020-09-23T14:32:20.895+0500][gc,cpu       ] GC(7) User=0.00s Sys=0.00s Real=0.00s
[2020-09-23T14:32:20.895+0500][gc,marking   ] GC(7) Concurrent Cleanup for Next Mark
[2020-09-23T14:32:20.896+0500][gc,marking   ] GC(7) Concurrent Cleanup for Next Mark 1.067ms
[2020-09-23T14:32:20.896+0500][gc           ] GC(7) Concurrent Cycle 12.286ms
[2020-09-23T14:44:07.139+0500][gc,start     ] GC(8) Pause Young (Normal) (G1 Evacuation Pause)
[2020-09-23T14:44:07.141+0500][gc,task      ] GC(8) Using 13 workers of 13 for evacuation
[2020-09-23T14:44:07.174+0500][gc,mmu       ] GC(8) MMU target violated: 21.0ms (20.0ms/21.0ms)
[2020-09-23T14:44:07.174+0500][gc,phases    ] GC(8)   Pre Evacuate Collection Set: 5.8ms
[2020-09-23T14:44:07.174+0500][gc,phases    ] GC(8)   Merge Heap Roots: 2.9ms
[2020-09-23T14:44:07.174+0500][gc,phases    ] GC(8)   Evacuate Collection Set: 23.1ms
[2020-09-23T14:44:07.174+0500][gc,phases    ] GC(8)   Post Evacuate Collection Set: 0.9ms
[2020-09-23T14:44:07.174+0500][gc,phases    ] GC(8)   Other: 3.4ms
[2020-09-23T14:44:07.174+0500][gc,heap      ] GC(8) Eden regions: 47->0(45)
[2020-09-23T14:44:07.174+0500][gc,heap      ] GC(8) Survivor regions: 4->6(7)
[2020-09-23T14:44:07.174+0500][gc,heap      ] GC(8) Old regions: 11->11
[2020-09-23T14:44:07.174+0500][gc,heap      ] GC(8) Archive regions: 2->2
[2020-09-23T14:44:07.174+0500][gc,heap      ] GC(8) Humongous regions: 135->129
[2020-09-23T14:44:07.174+0500][gc,metaspace ] GC(8) Metaspace: 38365K(40192K)->38365K(40192K) NonClass: 33827K(34816K)->33827K(34816K) Class: 4537K(5376K)->4537K(5376K)
[2020-09-23T14:44:07.174+0500][gc           ] GC(8) Pause Young (Normal) (G1 Evacuation Pause) 195M->144M(1024M) 35.749ms
[2020-09-23T14:44:07.174+0500][gc,cpu       ] GC(8) User=0.03s Sys=0.13s Real=0.04s
[2020-09-23T14:58:25.555+0500][gc,start     ] GC(9) Pause Young (Normal) (G1 Evacuation Pause)
[2020-09-23T14:58:25.556+0500][gc,task      ] GC(9) Using 13 workers of 13 for evacuation
[2020-09-23T14:58:25.581+0500][gc,mmu       ] GC(9) MMU target violated: 21.0ms (20.0ms/21.0ms)
[2020-09-23T14:58:25.581+0500][gc,phases    ] GC(9)   Pre Evacuate Collection Set: 3.5ms
[2020-09-23T14:58:25.581+0500][gc,phases    ] GC(9)   Merge Heap Roots: 0.1ms
[2020-09-23T14:58:25.581+0500][gc,phases    ] GC(9)   Evacuate Collection Set: 21.2ms
[2020-09-23T14:58:25.581+0500][gc,phases    ] GC(9)   Post Evacuate Collection Set: 0.6ms
[2020-09-23T14:58:25.581+0500][gc,phases    ] GC(9)   Other: 0.9ms
[2020-09-23T14:58:25.581+0500][gc,heap      ] GC(9) Eden regions: 45->0(47)
[2020-09-23T14:58:25.582+0500][gc,heap      ] GC(9) Survivor regions: 6->4(7)
[2020-09-23T14:58:25.582+0500][gc,heap      ] GC(9) Old regions: 11->12
[2020-09-23T14:58:25.582+0500][gc,heap      ] GC(9) Archive regions: 2->2
[2020-09-23T14:58:25.582+0500][gc,heap      ] GC(9) Humongous regions: 129->129
[2020-09-23T14:58:25.582+0500][gc,metaspace ] GC(9) Metaspace: 38517K(40448K)->38517K(40448K) NonClass: 33979K(35072K)->33979K(35072K) Class: 4537K(5376K)->4537K(5376K)
[2020-09-23T14:58:25.582+0500][gc           ] GC(9) Pause Young (Normal) (G1 Evacuation Pause) 189M->144M(1024M) 26.402ms
[2020-09-23T14:58:25.582+0500][gc,cpu       ] GC(9) User=0.03s Sys=0.09s Real=0.03s
[2020-09-23T15:14:36.827+0500][gc,start     ] GC(10) Pause Young (Normal) (G1 Evacuation Pause)
[2020-09-23T15:14:36.827+0500][gc,task      ] GC(10) Using 13 workers of 13 for evacuation
[2020-09-23T15:14:36.850+0500][gc,mmu       ] GC(10) MMU target violated: 21.0ms (20.0ms/21.0ms)
[2020-09-23T15:14:36.850+0500][gc,phases    ] GC(10)   Pre Evacuate Collection Set: 3.9ms
[2020-09-23T15:14:36.850+0500][gc,phases    ] GC(10)   Merge Heap Roots: 0.6ms
[2020-09-23T15:14:36.850+0500][gc,phases    ] GC(10)   Evacuate Collection Set: 17.0ms
[2020-09-23T15:14:36.850+0500][gc,phases    ] GC(10)   Post Evacuate Collection Set: 0.7ms
[2020-09-23T15:14:36.850+0500][gc,phases    ] GC(10)   Other: 0.7ms
[2020-09-23T15:14:36.850+0500][gc,heap      ] GC(10) Eden regions: 47->0(47)
[2020-09-23T15:14:36.850+0500][gc,heap      ] GC(10) Survivor regions: 4->4(7)
[2020-09-23T15:14:36.850+0500][gc,heap      ] GC(10) Old regions: 12->12
[2020-09-23T15:14:36.850+0500][gc,heap      ] GC(10) Archive regions: 2->2
[2020-09-23T15:14:36.850+0500][gc,heap      ] GC(10) Humongous regions: 129->129
[2020-09-23T15:14:36.850+0500][gc,metaspace ] GC(10) Metaspace: 38578K(40448K)->38578K(40448K) NonClass: 34040K(35072K)->34040K(35072K) Class: 4537K(5376K)->4537K(5376K)
[2020-09-23T15:14:36.850+0500][gc           ] GC(10) Pause Young (Normal) (G1 Evacuation Pause) 191M->145M(1024M) 23.494ms
[2020-09-23T15:14:36.851+0500][gc,cpu       ] GC(10) User=0.03s Sys=0.08s Real=0.03s
[2020-09-23T15:31:00.737+0500][gc,start     ] GC(11) Pause Young (Normal) (G1 Evacuation Pause)
[2020-09-23T15:31:00.738+0500][gc,task      ] GC(11) Using 13 workers of 13 for evacuation
[2020-09-23T15:31:00.760+0500][gc,mmu       ] GC(11) MMU target violated: 21.0ms (20.0ms/21.0ms)
[2020-09-23T15:31:00.760+0500][gc,phases    ] GC(11)   Pre Evacuate Collection Set: 4.2ms
[2020-09-23T15:31:00.760+0500][gc,phases    ] GC(11)   Merge Heap Roots: 0.1ms
[2020-09-23T15:31:00.760+0500][gc,phases    ] GC(11)   Evacuate Collection Set: 16.7ms
[2020-09-23T15:31:00.760+0500][gc,phases    ] GC(11)   Post Evacuate Collection Set: 0.8ms
[2020-09-23T15:31:00.760+0500][gc,phases    ] GC(11)   Other: 1.3ms
[2020-09-23T15:31:00.760+0500][gc,heap      ] GC(11) Eden regions: 47->0(47)
[2020-09-23T15:31:00.760+0500][gc,heap      ] GC(11) Survivor regions: 4->4(7)
[2020-09-23T15:31:00.760+0500][gc,heap      ] GC(11) Old regions: 12->12
[2020-09-23T15:31:00.760+0500][gc,heap      ] GC(11) Archive regions: 2->2
[2020-09-23T15:31:00.760+0500][gc,heap      ] GC(11) Humongous regions: 129->129
[2020-09-23T15:31:00.760+0500][gc,metaspace ] GC(11) Metaspace: 38616K(40448K)->38616K(40448K) NonClass: 34078K(35072K)->34078K(35072K) Class: 4537K(5376K)->4537K(5376K)
[2020-09-23T15:31:00.760+0500][gc           ] GC(11) Pause Young (Normal) (G1 Evacuation Pause) 192M->145M(1024M) 23.119ms
[2020-09-23T15:31:00.760+0500][gc,cpu       ] GC(11) User=0.03s Sys=0.09s Real=0.03s
[2020-09-23T15:46:35.739+0500][gc,start     ] GC(12) Pause Young (Normal) (G1 Evacuation Pause)
[2020-09-23T15:46:35.740+0500][gc,task      ] GC(12) Using 13 workers of 13 for evacuation
[2020-09-23T15:46:35.766+0500][gc,mmu       ] GC(12) MMU target violated: 21.0ms (20.0ms/21.0ms)
[2020-09-23T15:46:35.766+0500][gc,phases    ] GC(12)   Pre Evacuate Collection Set: 2.7ms
[2020-09-23T15:46:35.766+0500][gc,phases    ] GC(12)   Merge Heap Roots: 0.2ms
[2020-09-23T15:46:35.766+0500][gc,phases    ] GC(12)   Evacuate Collection Set: 21.9ms
[2020-09-23T15:46:35.766+0500][gc,phases    ] GC(12)   Post Evacuate Collection Set: 1.1ms
[2020-09-23T15:46:35.766+0500][gc,phases    ] GC(12)   Other: 0.9ms
[2020-09-23T15:46:35.766+0500][gc,heap      ] GC(12) Eden regions: 47->0(46)
[2020-09-23T15:46:35.766+0500][gc,heap      ] GC(12) Survivor regions: 4->5(7)
[2020-09-23T15:46:35.766+0500][gc,heap      ] GC(12) Old regions: 12->12
[2020-09-23T15:46:35.766+0500][gc,heap      ] GC(12) Archive regions: 2->2
[2020-09-23T15:46:35.766+0500][gc,heap      ] GC(12) Humongous regions: 129->129
[2020-09-23T15:46:35.766+0500][gc,metaspace ] GC(12) Metaspace: 38716K(40704K)->38716K(40704K) NonClass: 34168K(35328K)->34168K(35328K) Class: 4548K(5376K)->4548K(5376K)
[2020-09-23T15:46:35.766+0500][gc           ] GC(12) Pause Young (Normal) (G1 Evacuation Pause) 192M->146M(1024M) 26.924ms
[2020-09-23T15:46:35.766+0500][gc,cpu       ] GC(12) User=0.03s Sys=0.12s Real=0.03s
[2020-09-23T16:05:20.763+0500][gc,start     ] GC(13) Pause Young (Normal) (G1 Evacuation Pause)
[2020-09-23T16:05:20.764+0500][gc,task      ] GC(13) Using 13 workers of 13 for evacuation
[2020-09-23T16:05:20.794+0500][gc,mmu       ] GC(13) MMU target violated: 21.0ms (20.0ms/21.0ms)
[2020-09-23T16:05:20.794+0500][gc,phases    ] GC(13)   Pre Evacuate Collection Set: 3.5ms
[2020-09-23T16:05:20.794+0500][gc,phases    ] GC(13)   Merge Heap Roots: 0.2ms
[2020-09-23T16:05:20.794+0500][gc,phases    ] GC(13)   Evacuate Collection Set: 24.8ms
[2020-09-23T16:05:20.794+0500][gc,phases    ] GC(13)   Post Evacuate Collection Set: 0.8ms
[2020-09-23T16:05:20.794+0500][gc,phases    ] GC(13)   Other: 2.1ms
[2020-09-23T16:05:20.794+0500][gc,heap      ] GC(13) Eden regions: 46->0(47)
[2020-09-23T16:05:20.794+0500][gc,heap      ] GC(13) Survivor regions: 5->4(7)
[2020-09-23T16:05:20.794+0500][gc,heap      ] GC(13) Old regions: 12->13
[2020-09-23T16:05:20.794+0500][gc,heap      ] GC(13) Archive regions: 2->2
[2020-09-23T16:05:20.794+0500][gc,heap      ] GC(13) Humongous regions: 129->129
[2020-09-23T16:05:20.794+0500][gc,metaspace ] GC(13) Metaspace: 38827K(40832K)->38827K(40832K) NonClass: 34255K(35328K)->34255K(35328K) Class: 4571K(5504K)->4571K(5504K)
[2020-09-23T16:05:20.794+0500][gc           ] GC(13) Pause Young (Normal) (G1 Evacuation Pause) 192M->145M(1024M) 30.566ms
[2020-09-23T16:05:20.794+0500][gc,cpu       ] GC(13) User=0.04s Sys=0.10s Real=0.03s
[2020-09-23T16:39:15.791+0500][gc,start     ] GC(14) Pause Young (Normal) (G1 Evacuation Pause)
[2020-09-23T16:39:15.793+0500][gc,task      ] GC(14) Using 13 workers of 13 for evacuation
[2020-09-23T16:39:15.855+0500][gc,mmu       ] GC(14) MMU target violated: 21.0ms (20.0ms/21.0ms)
[2020-09-23T16:39:15.855+0500][gc,phases    ] GC(14)   Pre Evacuate Collection Set: 6.4ms
[2020-09-23T16:39:15.855+0500][gc,phases    ] GC(14)   Merge Heap Roots: 1.8ms
[2020-09-23T16:39:15.855+0500][gc,phases    ] GC(14)   Evacuate Collection Set: 49.8ms
[2020-09-23T16:39:15.855+0500][gc,phases    ] GC(14)   Post Evacuate Collection Set: 2.3ms
[2020-09-23T16:39:15.855+0500][gc,phases    ] GC(14)   Other: 3.4ms
[2020-09-23T16:39:15.855+0500][gc,heap      ] GC(14) Eden regions: 47->0(47)
[2020-09-23T16:39:15.855+0500][gc,heap      ] GC(14) Survivor regions: 4->4(7)
[2020-09-23T16:39:15.855+0500][gc,heap      ] GC(14) Old regions: 13->13
[2020-09-23T16:39:15.855+0500][gc,heap      ] GC(14) Archive regions: 2->2
[2020-09-23T16:39:15.855+0500][gc,heap      ] GC(14) Humongous regions: 129->129
[2020-09-23T16:39:15.855+0500][gc,metaspace ] GC(14) Metaspace: 38878K(40832K)->38878K(40832K) NonClass: 34307K(35328K)->34307K(35328K) Class: 4571K(5504K)->4571K(5504K)
[2020-09-23T16:39:15.855+0500][gc           ] GC(14) Pause Young (Normal) (G1 Evacuation Pause) 192M->145M(1024M) 64.199ms
[2020-09-23T16:39:15.855+0500][gc,cpu       ] GC(14) User=0.06s Sys=0.13s Real=0.06s
[2020-09-23T17:05:19.555+0500][gc,start     ] GC(15) Pause Young (Normal) (G1 Evacuation Pause)
[2020-09-23T17:05:19.556+0500][gc,task      ] GC(15) Using 13 workers of 13 for evacuation
[2020-09-23T17:05:19.640+0500][gc,mmu       ] GC(15) MMU target violated: 21.0ms (20.0ms/21.0ms)
[2020-09-23T17:05:19.640+0500][gc,phases    ] GC(15)   Pre Evacuate Collection Set: 5.5ms
[2020-09-23T17:05:19.640+0500][gc,phases    ] GC(15)   Merge Heap Roots: 0.2ms
[2020-09-23T17:05:19.640+0500][gc,phases    ] GC(15)   Evacuate Collection Set: 76.0ms
[2020-09-23T17:05:19.640+0500][gc,phases    ] GC(15)   Post Evacuate Collection Set: 1.9ms
[2020-09-23T17:05:19.640+0500][gc,phases    ] GC(15)   Other: 1.8ms
[2020-09-23T17:05:19.640+0500][gc,heap      ] GC(15) Eden regions: 47->0(46)
[2020-09-23T17:05:19.640+0500][gc,heap      ] GC(15) Survivor regions: 4->5(7)
[2020-09-23T17:05:19.640+0500][gc,heap      ] GC(15) Old regions: 13->13
[2020-09-23T17:05:19.640+0500][gc,heap      ] GC(15) Archive regions: 2->2
[2020-09-23T17:05:19.640+0500][gc,heap      ] GC(15) Humongous regions: 129->129
[2020-09-23T17:05:19.640+0500][gc,metaspace ] GC(15) Metaspace: 39169K(41344K)->39169K(41344K) NonClass: 34534K(35840K)->34534K(35840K) Class: 4634K(5504K)->4634K(5504K)
[2020-09-23T17:05:19.640+0500][gc           ] GC(15) Pause Young (Normal) (G1 Evacuation Pause) 192M->146M(1024M) 84.557ms
[2020-09-23T17:05:19.640+0500][gc,cpu       ] GC(15) User=0.08s Sys=0.10s Real=0.09s
[2020-09-23T17:20:29.871+0500][gc,start     ] GC(16) Pause Young (Normal) (G1 Evacuation Pause)
[2020-09-23T17:20:29.874+0500][gc,task      ] GC(16) Using 13 workers of 13 for evacuation
[2020-09-23T17:20:29.923+0500][gc,mmu       ] GC(16) MMU target violated: 21.0ms (20.0ms/21.0ms)
[2020-09-23T17:20:29.923+0500][gc,phases    ] GC(16)   Pre Evacuate Collection Set: 7.2ms
[2020-09-23T17:20:29.923+0500][gc,phases    ] GC(16)   Merge Heap Roots: 2.2ms
[2020-09-23T17:20:29.923+0500][gc,phases    ] GC(16)   Evacuate Collection Set: 36.7ms
[2020-09-23T17:20:29.923+0500][gc,phases    ] GC(16)   Post Evacuate Collection Set: 1.8ms
[2020-09-23T17:20:29.923+0500][gc,phases    ] GC(16)   Other: 4.2ms
[2020-09-23T17:20:29.923+0500][gc,heap      ] GC(16) Eden regions: 46->0(47)
[2020-09-23T17:20:29.923+0500][gc,heap      ] GC(16) Survivor regions: 5->4(7)
[2020-09-23T17:20:29.923+0500][gc,heap      ] GC(16) Old regions: 13->14
[2020-09-23T17:20:29.923+0500][gc,heap      ] GC(16) Archive regions: 2->2
[2020-09-23T17:20:29.923+0500][gc,heap      ] GC(16) Humongous regions: 129->129
[2020-09-23T17:20:29.923+0500][gc,metaspace ] GC(16) Metaspace: 39237K(41344K)->39237K(41344K) NonClass: 34599K(35840K)->34599K(35840K) Class: 4638K(5504K)->4638K(5504K)
[2020-09-23T17:20:29.924+0500][gc           ] GC(16) Pause Young (Normal) (G1 Evacuation Pause) 192M->146M(1024M) 52.583ms
[2020-09-23T17:20:29.924+0500][gc,cpu       ] GC(16) User=0.04s Sys=0.11s Real=0.05s
[2020-09-23T17:36:45.811+0500][gc,start     ] GC(17) Pause Young (Normal) (G1 Evacuation Pause)
[2020-09-23T17:36:45.812+0500][gc,task      ] GC(17) Using 13 workers of 13 for evacuation
[2020-09-23T17:36:45.839+0500][gc,mmu       ] GC(17) MMU target violated: 21.0ms (20.0ms/21.0ms)
[2020-09-23T17:36:45.839+0500][gc,phases    ] GC(17)   Pre Evacuate Collection Set: 5.2ms
[2020-09-23T17:36:45.839+0500][gc,phases    ] GC(17)   Merge Heap Roots: 0.2ms
[2020-09-23T17:36:45.839+0500][gc,phases    ] GC(17)   Evacuate Collection Set: 20.0ms
[2020-09-23T17:36:45.839+0500][gc,phases    ] GC(17)   Post Evacuate Collection Set: 0.9ms
[2020-09-23T17:36:45.839+0500][gc,phases    ] GC(17)   Other: 2.0ms
[2020-09-23T17:36:45.839+0500][gc,heap      ] GC(17) Eden regions: 47->0(47)
[2020-09-23T17:36:45.839+0500][gc,heap      ] GC(17) Survivor regions: 4->4(7)
[2020-09-23T17:36:45.839+0500][gc,heap      ] GC(17) Old regions: 14->14
[2020-09-23T17:36:45.839+0500][gc,heap      ] GC(17) Archive regions: 2->2
[2020-09-23T17:36:45.839+0500][gc,heap      ] GC(17) Humongous regions: 129->129
[2020-09-23T17:36:45.839+0500][gc,metaspace ] GC(17) Metaspace: 39241K(41344K)->39241K(41344K) NonClass: 34602K(35840K)->34602K(35840K) Class: 4638K(5504K)->4638K(5504K)
[2020-09-23T17:36:45.839+0500][gc           ] GC(17) Pause Young (Normal) (G1 Evacuation Pause) 193M->146M(1024M) 28.274ms
[2020-09-23T17:36:45.839+0500][gc,cpu       ] GC(17) User=0.03s Sys=0.09s Real=0.02s
[2020-09-23T17:52:26.104+0500][gc,start     ] GC(18) Pause Young (Normal) (G1 Evacuation Pause)
[2020-09-23T17:52:26.105+0500][gc,task      ] GC(18) Using 13 workers of 13 for evacuation
[2020-09-23T17:52:26.125+0500][gc,phases    ] GC(18)   Pre Evacuate Collection Set: 2.0ms
[2020-09-23T17:52:26.125+0500][gc,phases    ] GC(18)   Merge Heap Roots: 0.2ms
[2020-09-23T17:52:26.125+0500][gc,phases    ] GC(18)   Evacuate Collection Set: 16.9ms
[2020-09-23T17:52:26.125+0500][gc,phases    ] GC(18)   Post Evacuate Collection Set: 0.8ms
[2020-09-23T17:52:26.125+0500][gc,phases    ] GC(18)   Other: 1.3ms
[2020-09-23T17:52:26.125+0500][gc,heap      ] GC(18) Eden regions: 47->0(47)
[2020-09-23T17:52:26.125+0500][gc,heap      ] GC(18) Survivor regions: 4->4(7)
[2020-09-23T17:52:26.125+0500][gc,heap      ] GC(18) Old regions: 14->14
[2020-09-23T17:52:26.125+0500][gc,heap      ] GC(18) Archive regions: 2->2
[2020-09-23T17:52:26.125+0500][gc,heap      ] GC(18) Humongous regions: 129->129
[2020-09-23T17:52:26.125+0500][gc,metaspace ] GC(18) Metaspace: 39344K(41344K)->39344K(41344K) NonClass: 34706K(35840K)->34706K(35840K) Class: 4638K(5504K)->4638K(5504K)
[2020-09-23T17:52:26.125+0500][gc           ] GC(18) Pause Young (Normal) (G1 Evacuation Pause) 193M->145M(1024M) 21.776ms
[2020-09-23T17:52:26.125+0500][gc,cpu       ] GC(18) User=0.03s Sys=0.10s Real=0.02s
[2020-09-23T18:07:13.668+0500][gc,start     ] GC(19) Pause Young (Normal) (G1 Evacuation Pause)
[2020-09-23T18:07:13.668+0500][gc,task      ] GC(19) Using 13 workers of 13 for evacuation
[2020-09-23T18:07:13.674+0500][gc,phases    ] GC(19)   Pre Evacuate Collection Set: 0.1ms
[2020-09-23T18:07:13.674+0500][gc,phases    ] GC(19)   Merge Heap Roots: 0.1ms
[2020-09-23T18:07:13.674+0500][gc,phases    ] GC(19)   Evacuate Collection Set: 5.3ms
[2020-09-23T18:07:13.674+0500][gc,phases    ] GC(19)   Post Evacuate Collection Set: 0.4ms
[2020-09-23T18:07:13.674+0500][gc,phases    ] GC(19)   Other: 0.7ms
[2020-09-23T18:07:13.674+0500][gc,heap      ] GC(19) Eden regions: 47->0(90)
[2020-09-23T18:07:13.674+0500][gc,heap      ] GC(19) Survivor regions: 4->3(7)
[2020-09-23T18:07:13.674+0500][gc,heap      ] GC(19) Old regions: 14->14
[2020-09-23T18:07:13.674+0500][gc,heap      ] GC(19) Archive regions: 2->2
[2020-09-23T18:07:13.674+0500][gc,heap      ] GC(19) Humongous regions: 129->129
[2020-09-23T18:07:13.674+0500][gc,metaspace ] GC(19) Metaspace: 39348K(41344K)->39348K(41344K) NonClass: 34709K(35840K)->34709K(35840K) Class: 4638K(5504K)->4638K(5504K)
[2020-09-23T18:07:13.674+0500][gc           ] GC(19) Pause Young (Normal) (G1 Evacuation Pause) 192M->145M(1024M) 6.720ms
[2020-09-23T18:07:13.674+0500][gc,cpu       ] GC(19) User=0.02s Sys=0.02s Real=0.01s
[2020-09-23T18:37:45.862+0500][gc,start     ] GC(20) Pause Young (Normal) (G1 Evacuation Pause)
[2020-09-23T18:37:45.863+0500][gc,task      ] GC(20) Using 13 workers of 13 for evacuation
[2020-09-23T18:37:45.884+0500][gc,mmu       ] GC(20) MMU target violated: 21.0ms (20.0ms/21.0ms)
[2020-09-23T18:37:45.884+0500][gc,phases    ] GC(20)   Pre Evacuate Collection Set: 2.6ms
[2020-09-23T18:37:45.884+0500][gc,phases    ] GC(20)   Merge Heap Roots: 1.1ms
[2020-09-23T18:37:45.884+0500][gc,phases    ] GC(20)   Evacuate Collection Set: 15.9ms
[2020-09-23T18:37:45.884+0500][gc,phases    ] GC(20)   Post Evacuate Collection Set: 1.1ms
[2020-09-23T18:37:45.884+0500][gc,phases    ] GC(20)   Other: 1.6ms
[2020-09-23T18:37:45.884+0500][gc,heap      ] GC(20) Eden regions: 90->0(89)
[2020-09-23T18:37:45.884+0500][gc,heap      ] GC(20) Survivor regions: 3->4(12)
[2020-09-23T18:37:45.884+0500][gc,heap      ] GC(20) Old regions: 14->14
[2020-09-23T18:37:45.884+0500][gc,heap      ] GC(20) Archive regions: 2->2
[2020-09-23T18:37:45.884+0500][gc,heap      ] GC(20) Humongous regions: 129->129
[2020-09-23T18:37:45.884+0500][gc,metaspace ] GC(20) Metaspace: 39366K(41344K)->39366K(41344K) NonClass: 34727K(35840K)->34727K(35840K) Class: 4638K(5504K)->4638K(5504K)
[2020-09-23T18:37:45.885+0500][gc           ] GC(20) Pause Young (Normal) (G1 Evacuation Pause) 235M->146M(1024M) 22.881ms
[2020-09-23T18:37:45.885+0500][gc,cpu       ] GC(20) User=0.03s Sys=0.09s Real=0.02s
[2020-09-23T19:06:58.765+0500][gc,start     ] GC(21) Pause Young (Normal) (G1 Evacuation Pause)
[2020-09-23T19:06:58.766+0500][gc,task      ] GC(21) Using 13 workers of 13 for evacuation
[2020-09-23T19:06:58.842+0500][gc,mmu       ] GC(21) MMU target violated: 21.0ms (20.0ms/21.0ms)
[2020-09-23T19:06:58.842+0500][gc,phases    ] GC(21)   Pre Evacuate Collection Set: 6.0ms
[2020-09-23T19:06:58.842+0500][gc,phases    ] GC(21)   Merge Heap Roots: 0.2ms
[2020-09-23T19:06:58.842+0500][gc,phases    ] GC(21)   Evacuate Collection Set: 67.0ms
[2020-09-23T19:06:58.842+0500][gc,phases    ] GC(21)   Post Evacuate Collection Set: 2.3ms
[2020-09-23T19:06:58.842+0500][gc,phases    ] GC(21)   Other: 2.9ms
[2020-09-23T19:06:58.842+0500][gc,heap      ] GC(21) Eden regions: 89->0(47)
[2020-09-23T19:06:58.842+0500][gc,heap      ] GC(21) Survivor regions: 4->4(12)
[2020-09-23T19:06:58.842+0500][gc,heap      ] GC(21) Old regions: 14->14
[2020-09-23T19:06:58.842+0500][gc,heap      ] GC(21) Archive regions: 2->2
[2020-09-23T19:06:58.842+0500][gc,heap      ] GC(21) Humongous regions: 129->129
[2020-09-23T19:06:58.842+0500][gc,metaspace ] GC(21) Metaspace: 39383K(41344K)->39383K(41344K) NonClass: 34745K(35840K)->34745K(35840K) Class: 4638K(5504K)->4638K(5504K)
[2020-09-23T19:06:58.842+0500][gc           ] GC(21) Pause Young (Normal) (G1 Evacuation Pause) 235M->146M(1024M) 77.197ms
[2020-09-23T19:06:58.842+0500][gc,cpu       ] GC(21) User=0.07s Sys=0.12s Real=0.08s
[2020-09-23T19:22:52.398+0500][gc,start     ] GC(22) Pause Young (Normal) (G1 Evacuation Pause)
[2020-09-23T19:22:52.399+0500][gc,task      ] GC(22) Using 13 workers of 13 for evacuation
[2020-09-23T19:22:52.419+0500][gc,phases    ] GC(22)   Pre Evacuate Collection Set: 3.0ms
[2020-09-23T19:22:52.419+0500][gc,phases    ] GC(22)   Merge Heap Roots: 0.2ms
[2020-09-23T19:22:52.419+0500][gc,phases    ] GC(22)   Evacuate Collection Set: 15.2ms
[2020-09-23T19:22:52.419+0500][gc,phases    ] GC(22)   Post Evacuate Collection Set: 0.9ms
[2020-09-23T19:22:52.419+0500][gc,phases    ] GC(22)   Other: 1.4ms
[2020-09-23T19:22:52.419+0500][gc,heap      ] GC(22) Eden regions: 47->0(131)
[2020-09-23T19:22:52.419+0500][gc,heap      ] GC(22) Survivor regions: 4->3(7)
[2020-09-23T19:22:52.419+0500][gc,heap      ] GC(22) Old regions: 14->14
[2020-09-23T19:22:52.419+0500][gc,heap      ] GC(22) Archive regions: 2->2
[2020-09-23T19:22:52.419+0500][gc,heap      ] GC(22) Humongous regions: 129->129
[2020-09-23T19:22:52.419+0500][gc,metaspace ] GC(22) Metaspace: 39384K(41344K)->39384K(41344K) NonClass: 34745K(35840K)->34745K(35840K) Class: 4638K(5504K)->4638K(5504K)
[2020-09-23T19:22:52.419+0500][gc           ] GC(22) Pause Young (Normal) (G1 Evacuation Pause) 193M->145M(1024M) 20.808ms
[2020-09-23T19:22:52.419+0500][gc,cpu       ] GC(22) User=0.03s Sys=0.07s Real=0.02s
[2020-09-23T20:06:50.146+0500][gc,start     ] GC(23) Pause Young (Normal) (G1 Evacuation Pause)
[2020-09-23T20:06:50.148+0500][gc,task      ] GC(23) Using 13 workers of 13 for evacuation
[2020-09-23T20:06:50.221+0500][gc,mmu       ] GC(23) MMU target violated: 21.0ms (20.0ms/21.0ms)
[2020-09-23T20:06:50.221+0500][gc,phases    ] GC(23)   Pre Evacuate Collection Set: 3.6ms
[2020-09-23T20:06:50.221+0500][gc,phases    ] GC(23)   Merge Heap Roots: 0.6ms
[2020-09-23T20:06:50.221+0500][gc,phases    ] GC(23)   Evacuate Collection Set: 66.2ms
[2020-09-23T20:06:50.221+0500][gc,phases    ] GC(23)   Post Evacuate Collection Set: 2.0ms
[2020-09-23T20:06:50.221+0500][gc,phases    ] GC(23)   Other: 3.6ms
[2020-09-23T20:06:50.221+0500][gc,heap      ] GC(23) Eden regions: 131->0(115)
[2020-09-23T20:06:50.221+0500][gc,heap      ] GC(23) Survivor regions: 3->4(17)
[2020-09-23T20:06:50.221+0500][gc,heap      ] GC(23) Old regions: 14->14
[2020-09-23T20:06:50.221+0500][gc,heap      ] GC(23) Archive regions: 2->2
[2020-09-23T20:06:50.221+0500][gc,heap      ] GC(23) Humongous regions: 129->129
[2020-09-23T20:06:50.221+0500][gc,metaspace ] GC(23) Metaspace: 39387K(41344K)->39387K(41344K) NonClass: 34749K(35840K)->34749K(35840K) Class: 4638K(5504K)->4638K(5504K)
[2020-09-23T20:06:50.221+0500][gc           ] GC(23) Pause Young (Normal) (G1 Evacuation Pause) 276M->146M(1024M) 75.573ms
[2020-09-23T20:06:50.221+0500][gc,cpu       ] GC(23) User=0.09s Sys=0.08s Real=0.08s
[2020-09-23T20:46:26.788+0500][gc,start     ] GC(24) Pause Young (Normal) (G1 Evacuation Pause)
[2020-09-23T20:46:26.789+0500][gc,task      ] GC(24) Using 13 workers of 13 for evacuation
[2020-09-23T20:46:26.810+0500][gc,mmu       ] GC(24) MMU target violated: 20.3ms (20.0ms/21.0ms)
[2020-09-23T20:46:26.810+0500][gc,phases    ] GC(24)   Pre Evacuate Collection Set: 2.5ms
[2020-09-23T20:46:26.810+0500][gc,phases    ] GC(24)   Merge Heap Roots: 0.2ms
[2020-09-23T20:46:26.810+0500][gc,phases    ] GC(24)   Evacuate Collection Set: 15.9ms
[2020-09-23T20:46:26.810+0500][gc,phases    ] GC(24)   Post Evacuate Collection Set: 1.5ms
[2020-09-23T20:46:26.810+0500][gc,phases    ] GC(24)   Other: 1.2ms
[2020-09-23T20:46:26.810+0500][gc,heap      ] GC(24) Eden regions: 115->0(88)
[2020-09-23T20:46:26.810+0500][gc,heap      ] GC(24) Survivor regions: 4->5(15)
[2020-09-23T20:46:26.810+0500][gc,heap      ] GC(24) Old regions: 14->14
[2020-09-23T20:46:26.810+0500][gc,heap      ] GC(24) Archive regions: 2->2
[2020-09-23T20:46:26.810+0500][gc,heap      ] GC(24) Humongous regions: 129->129
[2020-09-23T20:46:26.810+0500][gc,metaspace ] GC(24) Metaspace: 39390K(41344K)->39390K(41344K) NonClass: 34752K(35840K)->34752K(35840K) Class: 4638K(5504K)->4638K(5504K)
[2020-09-23T20:46:26.810+0500][gc           ] GC(24) Pause Young (Normal) (G1 Evacuation Pause) 261M->147M(1024M) 21.417ms
[2020-09-23T20:46:26.810+0500][gc,cpu       ] GC(24) User=0.03s Sys=0.10s Real=0.03s
[2020-09-23T21:15:50.181+0500][gc,start     ] GC(25) Pause Young (Normal) (G1 Evacuation Pause)
[2020-09-23T21:15:50.182+0500][gc,task      ] GC(25) Using 13 workers of 13 for evacuation
[2020-09-23T21:15:50.187+0500][gc,phases    ] GC(25)   Pre Evacuate Collection Set: 0.2ms
[2020-09-23T21:15:50.187+0500][gc,phases    ] GC(25)   Merge Heap Roots: 0.8ms
[2020-09-23T21:15:50.187+0500][gc,phases    ] GC(25)   Evacuate Collection Set: 3.7ms
[2020-09-23T21:15:50.187+0500][gc,phases    ] GC(25)   Post Evacuate Collection Set: 0.5ms
[2020-09-23T21:15:50.187+0500][gc,phases    ] GC(25)   Other: 1.1ms
[2020-09-23T21:15:50.187+0500][gc,heap      ] GC(25) Eden regions: 88->0(463)
[2020-09-23T21:15:50.187+0500][gc,heap      ] GC(25) Survivor regions: 5->4(12)
[2020-09-23T21:15:50.187+0500][gc,heap      ] GC(25) Old regions: 14->14
[2020-09-23T21:15:50.187+0500][gc,heap      ] GC(25) Archive regions: 2->2
[2020-09-23T21:15:50.187+0500][gc,heap      ] GC(25) Humongous regions: 129->129
[2020-09-23T21:15:50.187+0500][gc,metaspace ] GC(25) Metaspace: 39404K(41344K)->39404K(41344K) NonClass: 34765K(35840K)->34765K(35840K) Class: 4638K(5504K)->4638K(5504K)
[2020-09-23T21:15:50.187+0500][gc           ] GC(25) Pause Young (Normal) (G1 Evacuation Pause) 235M->146M(1024M) 6.311ms
[2020-09-23T21:15:50.187+0500][gc,cpu       ] GC(25) User=0.02s Sys=0.00s Real=0.00s
[2020-09-23T23:55:23.545+0500][gc,start     ] GC(26) Pause Young (Normal) (G1 Evacuation Pause)
[2020-09-23T23:55:23.547+0500][gc,task      ] GC(26) Using 13 workers of 13 for evacuation
[2020-09-23T23:55:23.812+0500][gc,mmu       ] GC(26) MMU target violated: 21.0ms (20.0ms/21.0ms)
[2020-09-23T23:55:23.812+0500][gc,phases    ] GC(26)   Pre Evacuate Collection Set: 8.7ms
[2020-09-23T23:55:23.812+0500][gc,phases    ] GC(26)   Merge Heap Roots: 3.5ms
[2020-09-23T23:55:23.812+0500][gc,phases    ] GC(26)   Evacuate Collection Set: 247.9ms
[2020-09-23T23:55:23.813+0500][gc,phases    ] GC(26)   Post Evacuate Collection Set: 2.5ms
[2020-09-23T23:55:23.813+0500][gc,phases    ] GC(26)   Other: 7.0ms
[2020-09-23T23:55:23.813+0500][gc,heap      ] GC(26) Eden regions: 463->0(46)
[2020-09-23T23:55:23.813+0500][gc,heap      ] GC(26) Survivor regions: 4->5(59)
[2020-09-23T23:55:23.813+0500][gc,heap      ] GC(26) Old regions: 14->14
[2020-09-23T23:55:23.813+0500][gc,heap      ] GC(26) Archive regions: 2->2
[2020-09-23T23:55:23.813+0500][gc,heap      ] GC(26) Humongous regions: 129->129
[2020-09-23T23:55:23.813+0500][gc,metaspace ] GC(26) Metaspace: 39508K(41600K)->39508K(41600K) NonClass: 34865K(36096K)->34865K(36096K) Class: 4642K(5504K)->4642K(5504K)
[2020-09-23T23:55:23.813+0500][gc           ] GC(26) Pause Young (Normal) (G1 Evacuation Pause) 609M->147M(1024M) 267.730ms
[2020-09-23T23:55:23.813+0500][gc,cpu       ] GC(26) User=0.27s Sys=0.19s Real=0.27s
[2020-09-24T00:09:46.072+0500][gc,start     ] GC(27) Pause Young (Normal) (G1 Evacuation Pause)
[2020-09-24T00:09:46.073+0500][gc,task      ] GC(27) Using 13 workers of 13 for evacuation
[2020-09-24T00:09:46.086+0500][gc,phases    ] GC(27)   Pre Evacuate Collection Set: 1.5ms
[2020-09-24T00:09:46.086+0500][gc,phases    ] GC(27)   Merge Heap Roots: 0.1ms
[2020-09-24T00:09:46.086+0500][gc,phases    ] GC(27)   Evacuate Collection Set: 11.0ms
[2020-09-24T00:09:46.086+0500][gc,phases    ] GC(27)   Post Evacuate Collection Set: 0.4ms
[2020-09-24T00:09:46.086+0500][gc,phases    ] GC(27)   Other: 1.5ms
[2020-09-24T00:09:46.086+0500][gc,heap      ] GC(27) Eden regions: 46->0(47)
[2020-09-24T00:09:46.086+0500][gc,heap      ] GC(27) Survivor regions: 5->4(7)
[2020-09-24T00:09:46.086+0500][gc,heap      ] GC(27) Old regions: 14->15
[2020-09-24T00:09:46.086+0500][gc,heap      ] GC(27) Archive regions: 2->2
[2020-09-24T00:09:46.086+0500][gc,heap      ] GC(27) Humongous regions: 129->129
[2020-09-24T00:09:46.086+0500][gc,metaspace ] GC(27) Metaspace: 39508K(41600K)->39508K(41600K) NonClass: 34866K(36096K)->34866K(36096K) Class: 4642K(5504K)->4642K(5504K)
[2020-09-24T00:09:46.086+0500][gc           ] GC(27) Pause Young (Normal) (G1 Evacuation Pause) 193M->147M(1024M) 14.628ms
[2020-09-24T00:09:46.086+0500][gc,cpu       ] GC(27) User=0.03s Sys=0.05s Real=0.01s
[2020-09-24T00:25:22.860+0500][gc,start     ] GC(28) Pause Young (Normal) (G1 Evacuation Pause)
[2020-09-24T00:25:22.861+0500][gc,task      ] GC(28) Using 13 workers of 13 for evacuation
[2020-09-24T00:25:22.882+0500][gc,mmu       ] GC(28) MMU target violated: 20.7ms (20.0ms/21.0ms)
[2020-09-24T00:25:22.882+0500][gc,phases    ] GC(28)   Pre Evacuate Collection Set: 0.9ms
[2020-09-24T00:25:22.882+0500][gc,phases    ] GC(28)   Merge Heap Roots: 0.1ms
[2020-09-24T00:25:22.882+0500][gc,phases    ] GC(28)   Evacuate Collection Set: 18.9ms
[2020-09-24T00:25:22.882+0500][gc,phases    ] GC(28)   Post Evacuate Collection Set: 0.8ms
[2020-09-24T00:25:22.882+0500][gc,phases    ] GC(28)   Other: 1.5ms
[2020-09-24T00:25:22.882+0500][gc,heap      ] GC(28) Eden regions: 47->0(47)
[2020-09-24T00:25:22.882+0500][gc,heap      ] GC(28) Survivor regions: 4->4(7)
[2020-09-24T00:25:22.882+0500][gc,heap      ] GC(28) Old regions: 15->15
[2020-09-24T00:25:22.882+0500][gc,heap      ] GC(28) Archive regions: 2->2
[2020-09-24T00:25:22.882+0500][gc,heap      ] GC(28) Humongous regions: 129->129
[2020-09-24T00:25:22.882+0500][gc,metaspace ] GC(28) Metaspace: 39511K(41600K)->39511K(41600K) NonClass: 34868K(36096K)->34868K(36096K) Class: 4642K(5504K)->4642K(5504K)
[2020-09-24T00:25:22.882+0500][gc           ] GC(28) Pause Young (Normal) (G1 Evacuation Pause) 194M->147M(1024M) 22.688ms
[2020-09-24T00:25:22.883+0500][gc,cpu       ] GC(28) User=0.02s Sys=0.04s Real=0.02s
[2020-09-24T00:40:58.782+0500][gc,start     ] GC(29) Pause Young (Normal) (G1 Evacuation Pause)
[2020-09-24T00:40:58.783+0500][gc,task      ] GC(29) Using 13 workers of 13 for evacuation
[2020-09-24T00:40:58.798+0500][gc,phases    ] GC(29)   Pre Evacuate Collection Set: 3.3ms
[2020-09-24T00:40:58.798+0500][gc,phases    ] GC(29)   Merge Heap Roots: 0.2ms
[2020-09-24T00:40:58.798+0500][gc,phases    ] GC(29)   Evacuate Collection Set: 10.6ms
[2020-09-24T00:40:58.798+0500][gc,phases    ] GC(29)   Post Evacuate Collection Set: 0.9ms
[2020-09-24T00:40:58.798+0500][gc,phases    ] GC(29)   Other: 1.6ms
[2020-09-24T00:40:58.798+0500][gc,heap      ] GC(29) Eden regions: 47->0(156)
[2020-09-24T00:40:58.798+0500][gc,heap      ] GC(29) Survivor regions: 4->4(7)
[2020-09-24T00:40:58.798+0500][gc,heap      ] GC(29) Old regions: 15->15
[2020-09-24T00:40:58.798+0500][gc,heap      ] GC(29) Archive regions: 2->2
[2020-09-24T00:40:58.798+0500][gc,heap      ] GC(29) Humongous regions: 129->129
[2020-09-24T00:40:58.798+0500][gc,metaspace ] GC(29) Metaspace: 39516K(41600K)->39516K(41600K) NonClass: 34873K(36096K)->34873K(36096K) Class: 4642K(5504K)->4642K(5504K)
[2020-09-24T00:40:58.798+0500][gc           ] GC(29) Pause Young (Normal) (G1 Evacuation Pause) 194M->146M(1024M) 16.650ms
[2020-09-24T00:40:58.798+0500][gc,cpu       ] GC(29) User=0.02s Sys=0.06s Real=0.01s
[2020-09-24T01:32:30.169+0500][gc,start     ] GC(30) Pause Young (Normal) (G1 Evacuation Pause)
[2020-09-24T01:32:30.170+0500][gc,task      ] GC(30) Using 13 workers of 13 for evacuation
[2020-09-24T01:32:30.195+0500][gc,mmu       ] GC(30) MMU target violated: 21.0ms (20.0ms/21.0ms)
[2020-09-24T01:32:30.195+0500][gc,phases    ] GC(30)   Pre Evacuate Collection Set: 2.8ms
[2020-09-24T01:32:30.195+0500][gc,phases    ] GC(30)   Merge Heap Roots: 0.3ms
[2020-09-24T01:32:30.195+0500][gc,phases    ] GC(30)   Evacuate Collection Set: 19.9ms
[2020-09-24T01:32:30.195+0500][gc,phases    ] GC(30)   Post Evacuate Collection Set: 1.4ms
[2020-09-24T01:32:30.195+0500][gc,phases    ] GC(30)   Other: 1.5ms
[2020-09-24T01:32:30.195+0500][gc,heap      ] GC(30) Eden regions: 156->0(183)
[2020-09-24T01:32:30.195+0500][gc,heap      ] GC(30) Survivor regions: 4->3(20)
[2020-09-24T01:32:30.195+0500][gc,heap      ] GC(30) Old regions: 15->15
[2020-09-24T01:32:30.195+0500][gc,heap      ] GC(30) Archive regions: 2->2
[2020-09-24T01:32:30.195+0500][gc,heap      ] GC(30) Humongous regions: 129->129
[2020-09-24T01:32:30.195+0500][gc,metaspace ] GC(30) Metaspace: 39528K(41600K)->39528K(41600K) NonClass: 34885K(36096K)->34885K(36096K) Class: 4642K(5504K)->4642K(5504K)
[2020-09-24T01:32:30.195+0500][gc           ] GC(30) Pause Young (Normal) (G1 Evacuation Pause) 302M->146M(1024M) 26.029ms
[2020-09-24T01:32:30.195+0500][gc,cpu       ] GC(30) User=0.03s Sys=0.08s Real=0.03s
[2020-09-24T02:33:19.404+0500][gc,start     ] GC(31) Pause Young (Normal) (G1 Evacuation Pause)
[2020-09-24T02:33:19.405+0500][gc,task      ] GC(31) Using 13 workers of 13 for evacuation
[2020-09-24T02:33:19.436+0500][gc,mmu       ] GC(31) MMU target violated: 21.0ms (20.0ms/21.0ms)
[2020-09-24T02:33:19.436+0500][gc,phases    ] GC(31)   Pre Evacuate Collection Set: 3.5ms
[2020-09-24T02:33:19.436+0500][gc,phases    ] GC(31)   Merge Heap Roots: 0.2ms
[2020-09-24T02:33:19.436+0500][gc,phases    ] GC(31)   Evacuate Collection Set: 25.0ms
[2020-09-24T02:33:19.436+0500][gc,phases    ] GC(31)   Post Evacuate Collection Set: 1.2ms
[2020-09-24T02:33:19.436+0500][gc,phases    ] GC(31)   Other: 2.3ms
[2020-09-24T02:33:19.436+0500][gc,heap      ] GC(31) Eden regions: 183->0(198)
[2020-09-24T02:33:19.436+0500][gc,heap      ] GC(31) Survivor regions: 3->4(24)
[2020-09-24T02:33:19.436+0500][gc,heap      ] GC(31) Old regions: 15->15
[2020-09-24T02:33:19.436+0500][gc,heap      ] GC(31) Archive regions: 2->2
[2020-09-24T02:33:19.436+0500][gc,heap      ] GC(31) Humongous regions: 129->129
[2020-09-24T02:33:19.436+0500][gc,metaspace ] GC(31) Metaspace: 39536K(41600K)->39536K(41600K) NonClass: 34893K(36096K)->34893K(36096K) Class: 4642K(5504K)->4642K(5504K)
[2020-09-24T02:33:19.436+0500][gc           ] GC(31) Pause Young (Normal) (G1 Evacuation Pause) 329M->147M(1024M) 32.278ms
[2020-09-24T02:33:19.437+0500][gc,cpu       ] GC(31) User=0.03s Sys=0.07s Real=0.03s
[2020-09-24T03:39:05.422+0500][gc,start     ] GC(32) Pause Young (Normal) (G1 Evacuation Pause)
[2020-09-24T03:39:05.423+0500][gc,task      ] GC(32) Using 13 workers of 13 for evacuation
[2020-09-24T03:39:05.473+0500][gc,mmu       ] GC(32) MMU target violated: 21.0ms (20.0ms/21.0ms)
[2020-09-24T03:39:05.473+0500][gc,phases    ] GC(32)   Pre Evacuate Collection Set: 4.4ms
[2020-09-24T03:39:05.473+0500][gc,phases    ] GC(32)   Merge Heap Roots: 0.7ms
[2020-09-24T03:39:05.473+0500][gc,phases    ] GC(32)   Evacuate Collection Set: 42.6ms
[2020-09-24T03:39:05.473+0500][gc,phases    ] GC(32)   Post Evacuate Collection Set: 1.5ms
[2020-09-24T03:39:05.473+0500][gc,phases    ] GC(32)   Other: 2.0ms
[2020-09-24T03:39:05.473+0500][gc,heap      ] GC(32) Eden regions: 198->0(169)
[2020-09-24T03:39:05.473+0500][gc,heap      ] GC(32) Survivor regions: 4->5(26)
[2020-09-24T03:39:05.473+0500][gc,heap      ] GC(32) Old regions: 15->15
[2020-09-24T03:39:05.473+0500][gc,heap      ] GC(32) Archive regions: 2->2
[2020-09-24T03:39:05.473+0500][gc,heap      ] GC(32) Humongous regions: 129->129
[2020-09-24T03:39:05.473+0500][gc,metaspace ] GC(32) Metaspace: 39536K(41600K)->39536K(41600K) NonClass: 34893K(36096K)->34893K(36096K) Class: 4642K(5504K)->4642K(5504K)
[2020-09-24T03:39:05.473+0500][gc           ] GC(32) Pause Young (Normal) (G1 Evacuation Pause) 345M->147M(1024M) 51.245ms
[2020-09-24T03:39:05.473+0500][gc,cpu       ] GC(32) User=0.06s Sys=0.10s Real=0.05s
[2020-09-24T04:35:03.996+0500][gc,start     ] GC(33) Pause Young (Normal) (G1 Evacuation Pause)
[2020-09-24T04:35:03.997+0500][gc,task      ] GC(33) Using 13 workers of 13 for evacuation
[2020-09-24T04:35:04.019+0500][gc,mmu       ] GC(33) MMU target violated: 21.0ms (20.0ms/21.0ms)
[2020-09-24T04:35:04.019+0500][gc,phases    ] GC(33)   Pre Evacuate Collection Set: 3.9ms
[2020-09-24T04:35:04.019+0500][gc,phases    ] GC(33)   Merge Heap Roots: 0.2ms
[2020-09-24T04:35:04.019+0500][gc,phases    ] GC(33)   Evacuate Collection Set: 15.7ms
[2020-09-24T04:35:04.019+0500][gc,phases    ] GC(33)   Post Evacuate Collection Set: 1.3ms
[2020-09-24T04:35:04.019+0500][gc,phases    ] GC(33)   Other: 3.7ms
[2020-09-24T04:35:04.019+0500][gc,heap      ] GC(33) Eden regions: 169->0(231)
[2020-09-24T04:35:04.019+0500][gc,heap      ] GC(33) Survivor regions: 5->4(22)
[2020-09-24T04:35:04.019+0500][gc,heap      ] GC(33) Old regions: 15->15
[2020-09-24T04:35:04.019+0500][gc,heap      ] GC(33) Archive regions: 2->2
[2020-09-24T04:35:04.019+0500][gc,heap      ] GC(33) Humongous regions: 129->129
[2020-09-24T04:35:04.019+0500][gc,metaspace ] GC(33) Metaspace: 39537K(41600K)->39537K(41600K) NonClass: 34894K(36096K)->34894K(36096K) Class: 4642K(5504K)->4642K(5504K)
[2020-09-24T04:35:04.019+0500][gc           ] GC(33) Pause Young (Normal) (G1 Evacuation Pause) 316M->147M(1024M) 23.491ms
[2020-09-24T04:35:04.019+0500][gc,cpu       ] GC(33) User=0.03s Sys=0.08s Real=0.02s
[2020-09-24T05:52:06.276+0500][gc,start     ] GC(34) Pause Young (Normal) (G1 Evacuation Pause)
[2020-09-24T05:52:06.277+0500][gc,task      ] GC(34) Using 13 workers of 13 for evacuation
[2020-09-24T05:52:06.312+0500][gc,mmu       ] GC(34) MMU target violated: 21.0ms (20.0ms/21.0ms)
[2020-09-24T05:52:06.312+0500][gc,phases    ] GC(34)   Pre Evacuate Collection Set: 3.0ms
[2020-09-24T05:52:06.312+0500][gc,phases    ] GC(34)   Merge Heap Roots: 0.3ms
[2020-09-24T05:52:06.312+0500][gc,phases    ] GC(34)   Evacuate Collection Set: 30.8ms
[2020-09-24T05:52:06.312+0500][gc,phases    ] GC(34)   Post Evacuate Collection Set: 1.5ms
[2020-09-24T05:52:06.312+0500][gc,phases    ] GC(34)   Other: 1.3ms
[2020-09-24T05:52:06.312+0500][gc,heap      ] GC(34) Eden regions: 231->0(232)
[2020-09-24T05:52:06.312+0500][gc,heap      ] GC(34) Survivor regions: 4->4(30)
[2020-09-24T05:52:06.312+0500][gc,heap      ] GC(34) Old regions: 15->15
[2020-09-24T05:52:06.312+0500][gc,heap      ] GC(34) Archive regions: 2->2
[2020-09-24T05:52:06.312+0500][gc,heap      ] GC(34) Humongous regions: 129->129
[2020-09-24T05:52:06.312+0500][gc,metaspace ] GC(34) Metaspace: 39561K(41600K)->39561K(41600K) NonClass: 34918K(36096K)->34918K(36096K) Class: 4642K(5504K)->4642K(5504K)
[2020-09-24T05:52:06.313+0500][gc           ] GC(34) Pause Young (Normal) (G1 Evacuation Pause) 378M->147M(1024M) 37.382ms
[2020-09-24T05:52:06.313+0500][gc,cpu       ] GC(34) User=0.04s Sys=0.08s Real=0.04s
[2020-09-24T07:08:38.991+0500][gc,start     ] GC(35) Pause Young (Normal) (G1 Evacuation Pause)
[2020-09-24T07:08:38.992+0500][gc,task      ] GC(35) Using 13 workers of 13 for evacuation
[2020-09-24T07:08:39.045+0500][gc,mmu       ] GC(35) MMU target violated: 21.0ms (20.0ms/21.0ms)
[2020-09-24T07:08:39.045+0500][gc,phases    ] GC(35)   Pre Evacuate Collection Set: 6.3ms
[2020-09-24T07:08:39.045+0500][gc,phases    ] GC(35)   Merge Heap Roots: 0.7ms
[2020-09-24T07:08:39.045+0500][gc,phases    ] GC(35)   Evacuate Collection Set: 44.0ms
[2020-09-24T07:08:39.045+0500][gc,phases    ] GC(35)   Post Evacuate Collection Set: 1.8ms
[2020-09-24T07:08:39.045+0500][gc,phases    ] GC(35)   Other: 3.8ms
[2020-09-24T07:08:39.045+0500][gc,heap      ] GC(35) Eden regions: 232->0(76)
[2020-09-24T07:08:39.045+0500][gc,heap      ] GC(35) Survivor regions: 4->5(30)
[2020-09-24T07:08:39.045+0500][gc,heap      ] GC(35) Old regions: 15->15
[2020-09-24T07:08:39.045+0500][gc,heap      ] GC(35) Archive regions: 2->2
[2020-09-24T07:08:39.045+0500][gc,heap      ] GC(35) Humongous regions: 129->129
[2020-09-24T07:08:39.045+0500][gc,metaspace ] GC(35) Metaspace: 39563K(41600K)->39563K(41600K) NonClass: 34920K(36096K)->34920K(36096K) Class: 4642K(5504K)->4642K(5504K)
[2020-09-24T07:08:39.045+0500][gc           ] GC(35) Pause Young (Normal) (G1 Evacuation Pause) 379M->148M(1024M) 54.303ms
[2020-09-24T07:08:39.045+0500][gc,cpu       ] GC(35) User=0.05s Sys=0.10s Real=0.05s
[2020-09-24T07:34:08.036+0500][gc,start     ] GC(36) Pause Young (Normal) (G1 Evacuation Pause)
[2020-09-24T07:34:08.037+0500][gc,task      ] GC(36) Using 13 workers of 13 for evacuation
[2020-09-24T07:34:08.053+0500][gc,phases    ] GC(36)   Pre Evacuate Collection Set: 1.5ms
[2020-09-24T07:34:08.053+0500][gc,phases    ] GC(36)   Merge Heap Roots: 0.1ms
[2020-09-24T07:34:08.053+0500][gc,phases    ] GC(36)   Evacuate Collection Set: 13.8ms
[2020-09-24T07:34:08.053+0500][gc,phases    ] GC(36)   Post Evacuate Collection Set: 0.4ms
[2020-09-24T07:34:08.053+0500][gc,phases    ] GC(36)   Other: 1.2ms
[2020-09-24T07:34:08.053+0500][gc,heap      ] GC(36) Eden regions: 76->0(170)
[2020-09-24T07:34:08.053+0500][gc,heap      ] GC(36) Survivor regions: 5->5(11)
[2020-09-24T07:34:08.053+0500][gc,heap      ] GC(36) Old regions: 15->15
[2020-09-24T07:34:08.053+0500][gc,heap      ] GC(36) Archive regions: 2->2
[2020-09-24T07:34:08.054+0500][gc,heap      ] GC(36) Humongous regions: 129->129
[2020-09-24T07:34:08.054+0500][gc,metaspace ] GC(36) Metaspace: 39563K(41600K)->39563K(41600K) NonClass: 34920K(36096K)->34920K(36096K) Class: 4642K(5504K)->4642K(5504K)
[2020-09-24T07:34:08.054+0500][gc           ] GC(36) Pause Young (Normal) (G1 Evacuation Pause) 224M->148M(1024M) 17.670ms
[2020-09-24T07:34:08.054+0500][gc,cpu       ] GC(36) User=0.03s Sys=0.05s Real=0.02s
[2020-09-24T08:30:26.368+0500][gc,start     ] GC(37) Pause Young (Normal) (G1 Evacuation Pause)
[2020-09-24T08:30:26.370+0500][gc,task      ] GC(37) Using 13 workers of 13 for evacuation
[2020-09-24T08:30:26.412+0500][gc,mmu       ] GC(37) MMU target violated: 21.0ms (20.0ms/21.0ms)
[2020-09-24T08:30:26.412+0500][gc,phases    ] GC(37)   Pre Evacuate Collection Set: 7.1ms
[2020-09-24T08:30:26.412+0500][gc,phases    ] GC(37)   Merge Heap Roots: 1.7ms
[2020-09-24T08:30:26.412+0500][gc,phases    ] GC(37)   Evacuate Collection Set: 30.1ms
[2020-09-24T08:30:26.412+0500][gc,phases    ] GC(37)   Post Evacuate Collection Set: 2.7ms
[2020-09-24T08:30:26.412+0500][gc,phases    ] GC(37)   Other: 2.1ms
[2020-09-24T08:30:26.412+0500][gc,heap      ] GC(37) Eden regions: 170->0(86)
[2020-09-24T08:30:26.412+0500][gc,heap      ] GC(37) Survivor regions: 5->4(22)
[2020-09-24T08:30:26.412+0500][gc,heap      ] GC(37) Old regions: 15->15
[2020-09-24T08:30:26.412+0500][gc,heap      ] GC(37) Archive regions: 2->2
[2020-09-24T08:30:26.412+0500][gc,heap      ] GC(37) Humongous regions: 129->129
[2020-09-24T08:30:26.412+0500][gc,metaspace ] GC(37) Metaspace: 39566K(41600K)->39566K(41600K) NonClass: 34923K(36096K)->34923K(36096K) Class: 4642K(5504K)->4642K(5504K)
[2020-09-24T08:30:26.412+0500][gc           ] GC(37) Pause Young (Normal) (G1 Evacuation Pause) 318M->147M(1024M) 43.769ms
[2020-09-24T08:30:26.412+0500][gc,cpu       ] GC(37) User=0.04s Sys=0.08s Real=0.05s
[2020-09-24T08:58:51.377+0500][gc,start     ] GC(38) Pause Young (Normal) (G1 Evacuation Pause)
[2020-09-24T08:58:51.378+0500][gc,task      ] GC(38) Using 13 workers of 13 for evacuation
[2020-09-24T08:58:51.399+0500][gc,mmu       ] GC(38) MMU target violated: 20.7ms (20.0ms/21.0ms)
[2020-09-24T08:58:51.399+0500][gc,phases    ] GC(38)   Pre Evacuate Collection Set: 3.8ms
[2020-09-24T08:58:51.399+0500][gc,phases    ] GC(38)   Merge Heap Roots: 0.2ms
[2020-09-24T08:58:51.399+0500][gc,phases    ] GC(38)   Evacuate Collection Set: 15.1ms
[2020-09-24T08:58:51.399+0500][gc,phases    ] GC(38)   Post Evacuate Collection Set: 1.4ms
[2020-09-24T08:58:51.399+0500][gc,phases    ] GC(38)   Other: 1.5ms
[2020-09-24T08:58:51.399+0500][gc,heap      ] GC(38) Eden regions: 86->0(144)
[2020-09-24T08:58:51.399+0500][gc,heap      ] GC(38) Survivor regions: 4->5(12)
[2020-09-24T08:58:51.399+0500][gc,heap      ] GC(38) Old regions: 15->15
[2020-09-24T08:58:51.399+0500][gc,heap      ] GC(38) Archive regions: 2->2
[2020-09-24T08:58:51.399+0500][gc,heap      ] GC(38) Humongous regions: 129->129
[2020-09-24T08:58:51.399+0500][gc,metaspace ] GC(38) Metaspace: 39566K(41600K)->39566K(41600K) NonClass: 34923K(36096K)->34923K(36096K) Class: 4642K(5504K)->4642K(5504K)
[2020-09-24T08:58:51.399+0500][gc           ] GC(38) Pause Young (Normal) (G1 Evacuation Pause) 233M->148M(1024M) 22.426ms
[2020-09-24T08:58:51.399+0500][gc,cpu       ] GC(38) User=0.03s Sys=0.08s Real=0.02s
[2020-09-24T09:45:26.411+0500][gc,start     ] GC(39) Pause Young (Normal) (G1 Evacuation Pause)
[2020-09-24T09:45:26.412+0500][gc,task      ] GC(39) Using 13 workers of 13 for evacuation
[2020-09-24T09:45:26.432+0500][gc,phases    ] GC(39)   Pre Evacuate Collection Set: 2.4ms
[2020-09-24T09:45:26.432+0500][gc,phases    ] GC(39)   Merge Heap Roots: 0.2ms
[2020-09-24T09:45:26.432+0500][gc,phases    ] GC(39)   Evacuate Collection Set: 15.8ms
[2020-09-24T09:45:26.432+0500][gc,phases    ] GC(39)   Post Evacuate Collection Set: 1.1ms
[2020-09-24T09:45:26.432+0500][gc,phases    ] GC(39)   Other: 1.5ms
[2020-09-24T09:45:26.432+0500][gc,heap      ] GC(39) Eden regions: 144->0(248)
[2020-09-24T09:45:26.432+0500][gc,heap      ] GC(39) Survivor regions: 5->4(19)
[2020-09-24T09:45:26.432+0500][gc,heap      ] GC(39) Old regions: 15->15
[2020-09-24T09:45:26.432+0500][gc,heap      ] GC(39) Archive regions: 2->2
[2020-09-24T09:45:26.432+0500][gc,heap      ] GC(39) Humongous regions: 129->129
[2020-09-24T09:45:26.432+0500][gc,metaspace ] GC(39) Metaspace: 39566K(41600K)->39566K(41600K) NonClass: 34923K(36096K)->34923K(36096K) Class: 4642K(5504K)->4642K(5504K)
[2020-09-24T09:45:26.432+0500][gc           ] GC(39) Pause Young (Normal) (G1 Evacuation Pause) 292M->147M(1024M) 21.131ms
[2020-09-24T09:45:26.432+0500][gc,cpu       ] GC(39) User=0.03s Sys=0.08s Real=0.02s
[2020-09-24T11:05:50.709+0500][gc,start     ] GC(40) Pause Young (Normal) (G1 Evacuation Pause)
[2020-09-24T11:05:50.709+0500][gc,task      ] GC(40) Using 13 workers of 13 for evacuation
[2020-09-24T11:05:50.726+0500][gc,phases    ] GC(40)   Pre Evacuate Collection Set: 2.5ms
[2020-09-24T11:05:50.727+0500][gc,phases    ] GC(40)   Merge Heap Roots: 0.2ms
[2020-09-24T11:05:50.727+0500][gc,phases    ] GC(40)   Evacuate Collection Set: 13.1ms
[2020-09-24T11:05:50.727+0500][gc,phases    ] GC(40)   Post Evacuate Collection Set: 1.2ms
[2020-09-24T11:05:50.727+0500][gc,phases    ] GC(40)   Other: 1.1ms
[2020-09-24T11:05:50.727+0500][gc,heap      ] GC(40) Eden regions: 248->0(511)
[2020-09-24T11:05:50.727+0500][gc,heap      ] GC(40) Survivor regions: 4->5(32)
[2020-09-24T11:05:50.727+0500][gc,heap      ] GC(40) Old regions: 15->15
[2020-09-24T11:05:50.727+0500][gc,heap      ] GC(40) Archive regions: 2->2
[2020-09-24T11:05:50.727+0500][gc,heap      ] GC(40) Humongous regions: 129->129
[2020-09-24T11:05:50.727+0500][gc,metaspace ] GC(40) Metaspace: 39587K(41600K)->39587K(41600K) NonClass: 34944K(36096K)->34944K(36096K) Class: 4642K(5504K)->4642K(5504K)
[2020-09-24T11:05:50.727+0500][gc           ] GC(40) Pause Young (Normal) (G1 Evacuation Pause) 395M->148M(1024M) 18.134ms
[2020-09-24T11:05:50.727+0500][gc,cpu       ] GC(40) User=0.03s Sys=0.06s Real=0.02s
[2020-09-24T13:53:57.330+0500][gc,start     ] GC(41) Pause Young (Normal) (G1 Evacuation Pause)
[2020-09-24T13:53:57.332+0500][gc,task      ] GC(41) Using 13 workers of 13 for evacuation
[2020-09-24T13:53:57.418+0500][gc,mmu       ] GC(41) MMU target violated: 21.0ms (20.0ms/21.0ms)
[2020-09-24T13:53:57.418+0500][gc,phases    ] GC(41)   Pre Evacuate Collection Set: 10.5ms
[2020-09-24T13:53:57.418+0500][gc,phases    ] GC(41)   Merge Heap Roots: 1.4ms
[2020-09-24T13:53:57.418+0500][gc,phases    ] GC(41)   Evacuate Collection Set: 67.3ms
[2020-09-24T13:53:57.418+0500][gc,phases    ] GC(41)   Post Evacuate Collection Set: 3.7ms
[2020-09-24T13:53:57.418+0500][gc,phases    ] GC(41)   Other: 6.8ms
[2020-09-24T13:53:57.418+0500][gc,heap      ] GC(41) Eden regions: 511->0(47)
[2020-09-24T13:53:57.419+0500][gc,heap      ] GC(41) Survivor regions: 5->4(65)
[2020-09-24T13:53:57.419+0500][gc,heap      ] GC(41) Old regions: 15->15
[2020-09-24T13:53:57.419+0500][gc,heap      ] GC(41) Archive regions: 2->2
[2020-09-24T13:53:57.419+0500][gc,heap      ] GC(41) Humongous regions: 129->129
[2020-09-24T13:53:57.419+0500][gc,metaspace ] GC(41) Metaspace: 39637K(41600K)->39637K(41600K) NonClass: 34994K(36096K)->34994K(36096K) Class: 4642K(5504K)->4642K(5504K)
[2020-09-24T13:53:57.419+0500][gc           ] GC(41) Pause Young (Normal) (G1 Evacuation Pause) 659M->148M(1024M) 88.203ms
[2020-09-24T13:53:57.419+0500][gc,cpu       ] GC(41) User=0.04s Sys=0.13s Real=0.08s
[2020-09-24T14:08:24.497+0500][gc,start     ] GC(42) Pause Young (Normal) (G1 Evacuation Pause)
[2020-09-24T14:08:24.497+0500][gc,task      ] GC(42) Using 13 workers of 13 for evacuation
[2020-09-24T14:08:24.516+0500][gc,phases    ] GC(42)   Pre Evacuate Collection Set: 2.7ms
[2020-09-24T14:08:24.516+0500][gc,phases    ] GC(42)   Merge Heap Roots: 0.2ms
[2020-09-24T14:08:24.516+0500][gc,phases    ] GC(42)   Evacuate Collection Set: 14.9ms
[2020-09-24T14:08:24.516+0500][gc,phases    ] GC(42)   Post Evacuate Collection Set: 1.1ms
[2020-09-24T14:08:24.516+0500][gc,phases    ] GC(42)   Other: 0.8ms
[2020-09-24T14:08:24.516+0500][gc,heap      ] GC(42) Eden regions: 47->0(47)
[2020-09-24T14:08:24.516+0500][gc,heap      ] GC(42) Survivor regions: 4->4(7)
[2020-09-24T14:08:24.516+0500][gc,heap      ] GC(42) Old regions: 15->15
[2020-09-24T14:08:24.516+0500][gc,heap      ] GC(42) Archive regions: 2->2
[2020-09-24T14:08:24.516+0500][gc,heap      ] GC(42) Humongous regions: 129->129
[2020-09-24T14:08:24.516+0500][gc,metaspace ] GC(42) Metaspace: 39637K(41600K)->39637K(41600K) NonClass: 34994K(36096K)->34994K(36096K) Class: 4642K(5504K)->4642K(5504K)
[2020-09-24T14:08:24.516+0500][gc           ] GC(42) Pause Young (Normal) (G1 Evacuation Pause) 195M->148M(1024M) 19.736ms
[2020-09-24T14:08:24.516+0500][gc,cpu       ] GC(42) User=0.02s Sys=0.07s Real=0.02s
[2020-09-24T14:23:43.493+0500][gc,start     ] GC(43) Pause Young (Normal) (G1 Evacuation Pause)
[2020-09-24T14:23:43.494+0500][gc,task      ] GC(43) Using 13 workers of 13 for evacuation
[2020-09-24T14:23:43.506+0500][gc,phases    ] GC(43)   Pre Evacuate Collection Set: 0.2ms
[2020-09-24T14:23:43.506+0500][gc,phases    ] GC(43)   Merge Heap Roots: 0.1ms
[2020-09-24T14:23:43.506+0500][gc,phases    ] GC(43)   Evacuate Collection Set: 11.0ms
[2020-09-24T14:23:43.506+0500][gc,phases    ] GC(43)   Post Evacuate Collection Set: 0.7ms
[2020-09-24T14:23:43.506+0500][gc,phases    ] GC(43)   Other: 1.9ms
[2020-09-24T14:23:43.506+0500][gc,heap      ] GC(43) Eden regions: 47->0(47)
[2020-09-24T14:23:43.506+0500][gc,heap      ] GC(43) Survivor regions: 4->4(7)
[2020-09-24T14:23:43.506+0500][gc,heap      ] GC(43) Old regions: 15->15
[2020-09-24T14:23:43.506+0500][gc,heap      ] GC(43) Archive regions: 2->2
[2020-09-24T14:23:43.506+0500][gc,heap      ] GC(43) Humongous regions: 129->129
[2020-09-24T14:23:43.506+0500][gc,metaspace ] GC(43) Metaspace: 39637K(41600K)->39637K(41600K) NonClass: 34994K(36096K)->34994K(36096K) Class: 4642K(5504K)->4642K(5504K)
[2020-09-24T14:23:43.506+0500][gc           ] GC(43) Pause Young (Normal) (G1 Evacuation Pause) 195M->147M(1024M) 13.043ms
[2020-09-24T14:23:43.506+0500][gc,cpu       ] GC(43) User=0.02s Sys=0.05s Real=0.01s
[2020-09-24T14:39:06.050+0500][gc,start     ] GC(44) Pause Young (Normal) (G1 Evacuation Pause)
[2020-09-24T14:39:06.050+0500][gc,task      ] GC(44) Using 13 workers of 13 for evacuation
[2020-09-24T14:39:06.070+0500][gc,phases    ] GC(44)   Pre Evacuate Collection Set: 2.3ms
[2020-09-24T14:39:06.070+0500][gc,phases    ] GC(44)   Merge Heap Roots: 0.2ms
[2020-09-24T14:39:06.070+0500][gc,phases    ] GC(44)   Evacuate Collection Set: 15.6ms
[2020-09-24T14:39:06.070+0500][gc,phases    ] GC(44)   Post Evacuate Collection Set: 1.4ms
[2020-09-24T14:39:06.070+0500][gc,phases    ] GC(44)   Other: 1.0ms
[2020-09-24T14:39:06.070+0500][gc,heap      ] GC(44) Eden regions: 47->0(48)
[2020-09-24T14:39:06.070+0500][gc,heap      ] GC(44) Survivor regions: 4->3(7)
[2020-09-24T14:39:06.070+0500][gc,heap      ] GC(44) Old regions: 15->15
[2020-09-24T14:39:06.070+0500][gc,heap      ] GC(44) Archive regions: 2->2
[2020-09-24T14:39:06.070+0500][gc,heap      ] GC(44) Humongous regions: 129->129
[2020-09-24T14:39:06.070+0500][gc,metaspace ] GC(44) Metaspace: 39637K(41600K)->39637K(41600K) NonClass: 34994K(36096K)->34994K(36096K) Class: 4642K(5504K)->4642K(5504K)
[2020-09-24T14:39:06.071+0500][gc           ] GC(44) Pause Young (Normal) (G1 Evacuation Pause) 194M->147M(1024M) 21.014ms
[2020-09-24T14:39:06.071+0500][gc,cpu       ] GC(44) User=0.03s Sys=0.07s Real=0.02s
[2020-09-24T14:54:46.658+0500][gc,start     ] GC(45) Pause Young (Normal) (G1 Evacuation Pause)
[2020-09-24T14:54:46.658+0500][gc,task      ] GC(45) Using 13 workers of 13 for evacuation
[2020-09-24T14:54:46.667+0500][gc,phases    ] GC(45)   Pre Evacuate Collection Set: 0.1ms
[2020-09-24T14:54:46.667+0500][gc,phases    ] GC(45)   Merge Heap Roots: 0.0ms
[2020-09-24T14:54:46.667+0500][gc,phases    ] GC(45)   Evacuate Collection Set: 8.5ms
[2020-09-24T14:54:46.667+0500][gc,phases    ] GC(45)   Post Evacuate Collection Set: 0.3ms
[2020-09-24T14:54:46.667+0500][gc,phases    ] GC(45)   Other: 0.2ms
[2020-09-24T14:54:46.667+0500][gc,heap      ] GC(45) Eden regions: 48->0(320)
[2020-09-24T14:54:46.667+0500][gc,heap      ] GC(45) Survivor regions: 3->3(7)
[2020-09-24T14:54:46.667+0500][gc,heap      ] GC(45) Old regions: 15->15
[2020-09-24T14:54:46.667+0500][gc,heap      ] GC(45) Archive regions: 2->2
[2020-09-24T14:54:46.667+0500][gc,heap      ] GC(45) Humongous regions: 129->129
[2020-09-24T14:54:46.667+0500][gc,metaspace ] GC(45) Metaspace: 39637K(41600K)->39637K(41600K) NonClass: 34994K(36096K)->34994K(36096K) Class: 4642K(5504K)->4642K(5504K)
[2020-09-24T14:54:46.667+0500][gc           ] GC(45) Pause Young (Normal) (G1 Evacuation Pause) 195M->147M(1024M) 9.305ms
[2020-09-24T14:54:46.667+0500][gc,cpu       ] GC(45) User=0.02s Sys=0.01s Real=0.01s
[2020-09-24T15:12:50.621+0500][gc,heap,exit ] Heap
[2020-09-24T15:12:50.628+0500][gc,heap,exit ]  garbage-first heap   total 1048576K, used 220587K [0x00000007c0000000, 0x0000000800000000)
[2020-09-24T15:12:50.628+0500][gc,heap,exit ]   region size 1024K, 72 young (73728K), 3 survivors (3072K)
[2020-09-24T15:12:50.628+0500][gc,heap,exit ]  Metaspace       used 40231K, capacity 42260K, committed 42368K, reserved 1085440K
[2020-09-24T15:12:50.628+0500][gc,heap,exit ]   class space    used 4798K, capacity 5724K, committed 5760K, reserved 1048576K
