[2020-09-28T22:02:27.083+0500][gc,heap] Heap region size: 1M
[2020-09-28T22:02:27.083+0500][gc,heap,coops] Heap address: 0x00000007c0000000, size: 1024 MB, Compressed Oops mode: Zero based, Oop shift amount: 3
[2020-09-28T22:02:27.091+0500][gc           ] Using G1
[2020-09-28T22:02:27.091+0500][gc,cds       ] Mark closed archive regions in map: [0x00000007fff00000, 0x00000007fff7aff8]
[2020-09-28T22:02:27.091+0500][gc,cds       ] Mark open archive regions in map: [0x00000007ffe00000, 0x00000007ffe50ff8]
[2020-09-28T22:02:27.105+0500][gc           ] Periodic GC disabled
[2020-09-28T22:02:28.043+0500][gc,start     ] GC(0) Pause Young (Normal) (G1 Evacuation Pause)
[2020-09-28T22:02:28.044+0500][gc,task      ] GC(0) Using 13 workers of 13 for evacuation
[2020-09-28T22:02:28.049+0500][gc,phases    ] GC(0)   Pre Evacuate Collection Set: 0.1ms
[2020-09-28T22:02:28.049+0500][gc,phases    ] GC(0)   Merge Heap Roots: 0.0ms
[2020-09-28T22:02:28.049+0500][gc,phases    ] GC(0)   Evacuate Collection Set: 4.1ms
[2020-09-28T22:02:28.049+0500][gc,phases    ] GC(0)   Post Evacuate Collection Set: 0.4ms
[2020-09-28T22:02:28.049+0500][gc,phases    ] GC(0)   Other: 0.6ms
[2020-09-28T22:02:28.049+0500][gc,heap      ] GC(0) Eden regions: 51->0(44)
[2020-09-28T22:02:28.049+0500][gc,heap      ] GC(0) Survivor regions: 0->7(7)
[2020-09-28T22:02:28.049+0500][gc,heap      ] GC(0) Old regions: 0->0
[2020-09-28T22:02:28.049+0500][gc,heap      ] GC(0) Archive regions: 2->2
[2020-09-28T22:02:28.049+0500][gc,heap      ] GC(0) Humongous regions: 0->0
[2020-09-28T22:02:28.049+0500][gc,metaspace ] GC(0) Metaspace: 14846K(15360K)->14846K(15360K) NonClass: 12972K(13312K)->12972K(13312K) Class: 1874K(2048K)->1874K(2048K)
[2020-09-28T22:02:28.049+0500][gc           ] GC(0) Pause Young (Normal) (G1 Evacuation Pause) 51M->7M(1024M) 5.324ms
[2020-09-28T22:02:28.049+0500][gc,cpu       ] GC(0) User=0.02s Sys=0.02s Real=0.00s
[2020-09-28T22:02:28.384+0500][gc,start     ] GC(1) Pause Young (Concurrent Start) (Metadata GC Threshold)
[2020-09-28T22:02:28.384+0500][gc,task      ] GC(1) Using 13 workers of 13 for evacuation
[2020-09-28T22:02:28.388+0500][gc,phases    ] GC(1)   Pre Evacuate Collection Set: 0.1ms
[2020-09-28T22:02:28.388+0500][gc,phases    ] GC(1)   Merge Heap Roots: 0.0ms
[2020-09-28T22:02:28.388+0500][gc,phases    ] GC(1)   Evacuate Collection Set: 3.6ms
[2020-09-28T22:02:28.388+0500][gc,phases    ] GC(1)   Post Evacuate Collection Set: 0.3ms
[2020-09-28T22:02:28.388+0500][gc,phases    ] GC(1)   Other: 0.3ms
[2020-09-28T22:02:28.388+0500][gc,heap      ] GC(1) Eden regions: 26->0(49)
[2020-09-28T22:02:28.388+0500][gc,heap      ] GC(1) Survivor regions: 7->2(7)
[2020-09-28T22:02:28.388+0500][gc,heap      ] GC(1) Old regions: 0->7
[2020-09-28T22:02:28.388+0500][gc,heap      ] GC(1) Archive regions: 2->2
[2020-09-28T22:02:28.388+0500][gc,heap      ] GC(1) Humongous regions: 129->129
[2020-09-28T22:02:28.388+0500][gc,metaspace ] GC(1) Metaspace: 20629K(21248K)->20629K(21248K) NonClass: 18081K(18432K)->18081K(18432K) Class: 2547K(2816K)->2547K(2816K)
[2020-09-28T22:02:28.389+0500][gc           ] GC(1) Pause Young (Concurrent Start) (Metadata GC Threshold) 161M->137M(1024M) 4.463ms
[2020-09-28T22:02:28.389+0500][gc,cpu       ] GC(1) User=0.03s Sys=0.02s Real=0.00s
[2020-09-28T22:02:28.389+0500][gc           ] GC(2) Concurrent Cycle
[2020-09-28T22:02:28.389+0500][gc,marking   ] GC(2) Concurrent Clear Claimed Marks
[2020-09-28T22:02:28.389+0500][gc,marking   ] GC(2) Concurrent Clear Claimed Marks 0.034ms
[2020-09-28T22:02:28.389+0500][gc,marking   ] GC(2) Concurrent Scan Root Regions
[2020-09-28T22:02:28.390+0500][gc,marking   ] GC(2) Concurrent Scan Root Regions 1.469ms
[2020-09-28T22:02:28.390+0500][gc,marking   ] GC(2) Concurrent Mark (1.314s)
[2020-09-28T22:02:28.390+0500][gc,marking   ] GC(2) Concurrent Mark From Roots
[2020-09-28T22:02:28.390+0500][gc,task      ] GC(2) Using 3 workers of 3 for marking
[2020-09-28T22:02:28.391+0500][gc,marking   ] GC(2) Concurrent Mark From Roots 1.002ms
[2020-09-28T22:02:28.391+0500][gc,marking   ] GC(2) Concurrent Preclean
[2020-09-28T22:02:28.391+0500][gc,marking   ] GC(2) Concurrent Preclean 0.053ms
[2020-09-28T22:02:28.391+0500][gc,marking   ] GC(2) Concurrent Mark (1.314s, 1.315s) 1.099ms
[2020-09-28T22:02:28.391+0500][gc,start     ] GC(2) Pause Remark
[2020-09-28T22:02:28.392+0500][gc           ] GC(2) Pause Remark 138M->138M(1024M) 0.654ms
[2020-09-28T22:02:28.392+0500][gc,cpu       ] GC(2) User=0.00s Sys=0.00s Real=0.00s
[2020-09-28T22:02:28.392+0500][gc,marking   ] GC(2) Concurrent Rebuild Remembered Sets
[2020-09-28T22:02:28.393+0500][gc,marking   ] GC(2) Concurrent Rebuild Remembered Sets 1.442ms
[2020-09-28T22:02:28.394+0500][gc,start     ] GC(2) Pause Cleanup
[2020-09-28T22:02:28.394+0500][gc           ] GC(2) Pause Cleanup 138M->138M(1024M) 0.078ms
[2020-09-28T22:02:28.394+0500][gc,cpu       ] GC(2) User=0.00s Sys=0.00s Real=0.00s
[2020-09-28T22:02:28.394+0500][gc,marking   ] GC(2) Concurrent Cleanup for Next Mark
[2020-09-28T22:02:28.399+0500][gc,marking   ] GC(2) Concurrent Cleanup for Next Mark 4.169ms
[2020-09-28T22:02:28.399+0500][gc           ] GC(2) Concurrent Cycle 10.001ms
[2020-09-28T22:02:28.845+0500][gc,start     ] GC(3) Pause Young (Normal) (GCLocker Initiated GC)
[2020-09-28T22:02:28.845+0500][gc,task      ] GC(3) Using 13 workers of 13 for evacuation
[2020-09-28T22:02:28.847+0500][gc,phases    ] GC(3)   Pre Evacuate Collection Set: 0.0ms
[2020-09-28T22:02:28.847+0500][gc,phases    ] GC(3)   Merge Heap Roots: 0.0ms
[2020-09-28T22:02:28.847+0500][gc,phases    ] GC(3)   Evacuate Collection Set: 1.5ms
[2020-09-28T22:02:28.847+0500][gc,phases    ] GC(3)   Post Evacuate Collection Set: 0.3ms
[2020-09-28T22:02:28.847+0500][gc,phases    ] GC(3)   Other: 0.1ms
[2020-09-28T22:02:28.847+0500][gc,heap      ] GC(3) Eden regions: 49->0(46)
[2020-09-28T22:02:28.847+0500][gc,heap      ] GC(3) Survivor regions: 2->5(7)
[2020-09-28T22:02:28.847+0500][gc,heap      ] GC(3) Old regions: 7->7
[2020-09-28T22:02:28.847+0500][gc,heap      ] GC(3) Archive regions: 2->2
[2020-09-28T22:02:28.847+0500][gc,heap      ] GC(3) Humongous regions: 129->129
[2020-09-28T22:02:28.847+0500][gc,metaspace ] GC(3) Metaspace: 29937K(30976K)->29937K(30976K) NonClass: 26540K(27136K)->26540K(27136K) Class: 3397K(3840K)->3397K(3840K)
[2020-09-28T22:02:28.847+0500][gc           ] GC(3) Pause Young (Normal) (GCLocker Initiated GC) 186M->140M(1024M) 2.064ms
[2020-09-28T22:02:28.847+0500][gc,cpu       ] GC(3) User=0.02s Sys=0.00s Real=0.00s
[2020-09-28T22:55:40.536+0500][gc,start     ] GC(4) Pause Young (Concurrent Start) (Metadata GC Threshold)
[2020-09-28T22:55:40.537+0500][gc,task      ] GC(4) Using 13 workers of 13 for evacuation
[2020-09-28T22:55:40.547+0500][gc,phases    ] GC(4)   Pre Evacuate Collection Set: 0.2ms
[2020-09-28T22:55:40.547+0500][gc,phases    ] GC(4)   Merge Heap Roots: 0.1ms
[2020-09-28T22:55:40.547+0500][gc,phases    ] GC(4)   Evacuate Collection Set: 9.3ms
[2020-09-28T22:55:40.547+0500][gc,phases    ] GC(4)   Post Evacuate Collection Set: 0.4ms
[2020-09-28T22:55:40.547+0500][gc,phases    ] GC(4)   Other: 0.6ms
[2020-09-28T22:55:40.547+0500][gc,heap      ] GC(4) Eden regions: 36->0(46)
[2020-09-28T22:55:40.547+0500][gc,heap      ] GC(4) Survivor regions: 5->5(7)
[2020-09-28T22:55:40.547+0500][gc,heap      ] GC(4) Old regions: 7->8
[2020-09-28T22:55:40.547+0500][gc,heap      ] GC(4) Archive regions: 2->2
[2020-09-28T22:55:40.547+0500][gc,heap      ] GC(4) Humongous regions: 129->129
[2020-09-28T22:55:40.547+0500][gc,metaspace ] GC(4) Metaspace: 34498K(35840K)->34498K(35840K) NonClass: 30429K(31104K)->30429K(31104K) Class: 4069K(4736K)->4069K(4736K)
[2020-09-28T22:55:40.547+0500][gc           ] GC(4) Pause Young (Concurrent Start) (Metadata GC Threshold) 176M->141M(1024M) 10.720ms
[2020-09-28T22:55:40.547+0500][gc,cpu       ] GC(4) User=0.04s Sys=0.05s Real=0.01s
[2020-09-28T22:55:40.547+0500][gc           ] GC(5) Concurrent Cycle
[2020-09-28T22:55:40.547+0500][gc,marking   ] GC(5) Concurrent Clear Claimed Marks
[2020-09-28T22:55:40.547+0500][gc,marking   ] GC(5) Concurrent Clear Claimed Marks 0.095ms
[2020-09-28T22:55:40.547+0500][gc,marking   ] GC(5) Concurrent Scan Root Regions
[2020-09-28T22:55:40.549+0500][gc,marking   ] GC(5) Concurrent Scan Root Regions 2.048ms
[2020-09-28T22:55:40.549+0500][gc,marking   ] GC(5) Concurrent Mark (3193.443s)
[2020-09-28T22:55:40.549+0500][gc,marking   ] GC(5) Concurrent Mark From Roots
[2020-09-28T22:55:40.549+0500][gc,task      ] GC(5) Using 3 workers of 3 for marking
[2020-09-28T22:55:40.553+0500][gc,marking   ] GC(5) Concurrent Mark From Roots 3.448ms
[2020-09-28T22:55:40.553+0500][gc,marking   ] GC(5) Concurrent Preclean
[2020-09-28T22:55:40.553+0500][gc,marking   ] GC(5) Concurrent Preclean 0.108ms
[2020-09-28T22:55:40.553+0500][gc,marking   ] GC(5) Concurrent Mark (3193.443s, 3193.447s) 3.602ms
[2020-09-28T22:55:40.553+0500][gc,start     ] GC(5) Pause Remark
[2020-09-28T22:55:40.563+0500][gc           ] GC(5) Pause Remark 142M->142M(1024M) 10.463ms
[2020-09-28T22:55:40.563+0500][gc,cpu       ] GC(5) User=0.03s Sys=0.06s Real=0.01s
[2020-09-28T22:55:40.564+0500][gc,marking   ] GC(5) Concurrent Rebuild Remembered Sets
[2020-09-28T22:55:40.566+0500][gc,marking   ] GC(5) Concurrent Rebuild Remembered Sets 2.683ms
[2020-09-28T22:55:40.567+0500][gc,start     ] GC(5) Pause Cleanup
[2020-09-28T22:55:40.567+0500][gc           ] GC(5) Pause Cleanup 142M->142M(1024M) 0.109ms
[2020-09-28T22:55:40.567+0500][gc,cpu       ] GC(5) User=0.00s Sys=0.00s Real=0.00s
[2020-09-28T22:55:40.567+0500][gc,marking   ] GC(5) Concurrent Cleanup for Next Mark
[2020-09-28T22:55:40.572+0500][gc,marking   ] GC(5) Concurrent Cleanup for Next Mark 5.419ms
[2020-09-28T22:55:40.572+0500][gc           ] GC(5) Concurrent Cycle 25.402ms
[2020-09-28T23:50:58.413+0500][gc,start     ] GC(6) Pause Young (Normal) (G1 Evacuation Pause)
[2020-09-28T23:50:58.414+0500][gc,task      ] GC(6) Using 13 workers of 13 for evacuation
[2020-09-28T23:50:58.438+0500][gc,mmu       ] GC(6) MMU target violated: 21.0ms (20.0ms/21.0ms)
[2020-09-28T23:50:58.438+0500][gc,phases    ] GC(6)   Pre Evacuate Collection Set: 3.2ms
[2020-09-28T23:50:58.438+0500][gc,phases    ] GC(6)   Merge Heap Roots: 0.2ms
[2020-09-28T23:50:58.438+0500][gc,phases    ] GC(6)   Evacuate Collection Set: 19.9ms
[2020-09-28T23:50:58.438+0500][gc,phases    ] GC(6)   Post Evacuate Collection Set: 0.8ms
[2020-09-28T23:50:58.439+0500][gc,phases    ] GC(6)   Other: 1.4ms
[2020-09-28T23:50:58.439+0500][gc,heap      ] GC(6) Eden regions: 46->0(49)
[2020-09-28T23:50:58.439+0500][gc,heap      ] GC(6) Survivor regions: 5->2(7)
[2020-09-28T23:50:58.439+0500][gc,heap      ] GC(6) Old regions: 8->11
[2020-09-28T23:50:58.439+0500][gc,heap      ] GC(6) Archive regions: 2->2
[2020-09-28T23:50:58.439+0500][gc,heap      ] GC(6) Humongous regions: 129->129
[2020-09-28T23:50:58.439+0500][gc,metaspace ] GC(6) Metaspace: 36188K(37888K)->36188K(37888K) NonClass: 31856K(32768K)->31856K(32768K) Class: 4331K(5120K)->4331K(5120K)
[2020-09-28T23:50:58.439+0500][gc           ] GC(6) Pause Young (Normal) (G1 Evacuation Pause) 187M->142M(1024M) 25.739ms
[2020-09-28T23:50:58.439+0500][gc,cpu       ] GC(6) User=0.04s Sys=0.14s Real=0.02s
[2020-09-29T00:18:36.863+0500][gc,start     ] GC(7) Pause Young (Normal) (G1 Evacuation Pause)
[2020-09-29T00:18:36.863+0500][gc,task      ] GC(7) Using 13 workers of 13 for evacuation
[2020-09-29T00:18:36.872+0500][gc,phases    ] GC(7)   Pre Evacuate Collection Set: 1.9ms
[2020-09-29T00:18:36.872+0500][gc,phases    ] GC(7)   Merge Heap Roots: 0.1ms
[2020-09-29T00:18:36.872+0500][gc,phases    ] GC(7)   Evacuate Collection Set: 6.5ms
[2020-09-29T00:18:36.872+0500][gc,phases    ] GC(7)   Post Evacuate Collection Set: 0.5ms
[2020-09-29T00:18:36.872+0500][gc,phases    ] GC(7)   Other: 0.4ms
[2020-09-29T00:18:36.872+0500][gc,heap      ] GC(7) Eden regions: 49->0(48)
[2020-09-29T00:18:36.872+0500][gc,heap      ] GC(7) Survivor regions: 2->3(7)
[2020-09-29T00:18:36.872+0500][gc,heap      ] GC(7) Old regions: 11->11
[2020-09-29T00:18:36.872+0500][gc,heap      ] GC(7) Archive regions: 2->2
[2020-09-29T00:18:36.872+0500][gc,heap      ] GC(7) Humongous regions: 129->129
[2020-09-29T00:18:36.872+0500][gc,metaspace ] GC(7) Metaspace: 37869K(39552K)->37869K(39552K) NonClass: 33383K(34304K)->33383K(34304K) Class: 4486K(5248K)->4486K(5248K)
[2020-09-29T00:18:36.872+0500][gc           ] GC(7) Pause Young (Normal) (G1 Evacuation Pause) 191M->143M(1024M) 9.556ms
[2020-09-29T00:18:36.872+0500][gc,cpu       ] GC(7) User=0.01s Sys=0.04s Real=0.01s
[2020-09-29T00:32:12.230+0500][gc,start     ] GC(8) Pause Young (Normal) (G1 Evacuation Pause)
[2020-09-29T00:32:12.230+0500][gc,task      ] GC(8) Using 13 workers of 13 for evacuation
[2020-09-29T00:32:12.251+0500][gc,phases    ] GC(8)   Pre Evacuate Collection Set: 2.8ms
[2020-09-29T00:32:12.251+0500][gc,phases    ] GC(8)   Merge Heap Roots: 0.1ms
[2020-09-29T00:32:12.251+0500][gc,phases    ] GC(8)   Evacuate Collection Set: 16.3ms
[2020-09-29T00:32:12.251+0500][gc,phases    ] GC(8)   Post Evacuate Collection Set: 0.7ms
[2020-09-29T00:32:12.251+0500][gc,phases    ] GC(8)   Other: 1.1ms
[2020-09-29T00:32:12.251+0500][gc,heap      ] GC(8) Eden regions: 48->0(46)
[2020-09-29T00:32:12.251+0500][gc,heap      ] GC(8) Survivor regions: 3->5(7)
[2020-09-29T00:32:12.251+0500][gc,heap      ] GC(8) Old regions: 11->11
[2020-09-29T00:32:12.251+0500][gc,heap      ] GC(8) Archive regions: 2->2
[2020-09-29T00:32:12.251+0500][gc,heap      ] GC(8) Humongous regions: 129->129
[2020-09-29T00:32:12.251+0500][gc,metaspace ] GC(8) Metaspace: 39522K(41472K)->39522K(41472K) NonClass: 34802K(35840K)->34802K(35840K) Class: 4719K(5632K)->4719K(5632K)
[2020-09-29T00:32:12.251+0500][gc           ] GC(8) Pause Young (Normal) (G1 Evacuation Pause) 191M->145M(1024M) 21.067ms
[2020-09-29T00:32:12.251+0500][gc,cpu       ] GC(8) User=0.02s Sys=0.10s Real=0.02s
[2020-09-29T00:55:03.728+0500][gc,start     ] GC(9) Pause Young (Normal) (G1 Evacuation Pause)
[2020-09-29T00:55:03.729+0500][gc,task      ] GC(9) Using 13 workers of 13 for evacuation
[2020-09-29T00:55:03.765+0500][gc,mmu       ] GC(9) MMU target violated: 21.0ms (20.0ms/21.0ms)
[2020-09-29T00:55:03.765+0500][gc,phases    ] GC(9)   Pre Evacuate Collection Set: 2.9ms
[2020-09-29T00:55:03.765+0500][gc,phases    ] GC(9)   Merge Heap Roots: 0.1ms
[2020-09-29T00:55:03.765+0500][gc,phases    ] GC(9)   Evacuate Collection Set: 32.2ms
[2020-09-29T00:55:03.765+0500][gc,phases    ] GC(9)   Post Evacuate Collection Set: 0.7ms
[2020-09-29T00:55:03.765+0500][gc,phases    ] GC(9)   Other: 1.1ms
[2020-09-29T00:55:03.765+0500][gc,heap      ] GC(9) Eden regions: 46->0(46)
[2020-09-29T00:55:03.765+0500][gc,heap      ] GC(9) Survivor regions: 5->5(7)
[2020-09-29T00:55:03.765+0500][gc,heap      ] GC(9) Old regions: 11->12
[2020-09-29T00:55:03.765+0500][gc,heap      ] GC(9) Archive regions: 2->2
[2020-09-29T00:55:03.765+0500][gc,heap      ] GC(9) Humongous regions: 129->129
[2020-09-29T00:55:03.765+0500][gc,metaspace ] GC(9) Metaspace: 39654K(41728K)->39654K(41728K) NonClass: 34917K(36096K)->34917K(36096K) Class: 4737K(5632K)->4737K(5632K)
[2020-09-29T00:55:03.765+0500][gc           ] GC(9) Pause Young (Normal) (G1 Evacuation Pause) 191M->145M(1024M) 37.465ms
[2020-09-29T00:55:03.765+0500][gc,cpu       ] GC(9) User=0.05s Sys=0.19s Real=0.04s
[2020-09-29T08:52:09.550+0500][gc,start     ] GC(10) Pause Young (Normal) (G1 Evacuation Pause)
[2020-09-29T08:52:09.551+0500][gc,task      ] GC(10) Using 13 workers of 13 for evacuation
[2020-09-29T08:52:09.572+0500][gc,mmu       ] GC(10) MMU target violated: 20.8ms (20.0ms/21.0ms)
[2020-09-29T08:52:09.572+0500][gc,phases    ] GC(10)   Pre Evacuate Collection Set: 4.1ms
[2020-09-29T08:52:09.572+0500][gc,phases    ] GC(10)   Merge Heap Roots: 0.3ms
[2020-09-29T08:52:09.572+0500][gc,phases    ] GC(10)   Evacuate Collection Set: 14.3ms
[2020-09-29T08:52:09.572+0500][gc,phases    ] GC(10)   Post Evacuate Collection Set: 2.1ms
[2020-09-29T08:52:09.572+0500][gc,phases    ] GC(10)   Other: 0.7ms
[2020-09-29T08:52:09.572+0500][gc,heap      ] GC(10) Eden regions: 46->0(48)
[2020-09-29T08:52:09.572+0500][gc,heap      ] GC(10) Survivor regions: 5->3(7)
[2020-09-29T08:52:09.572+0500][gc,heap      ] GC(10) Old regions: 12->14
[2020-09-29T08:52:09.572+0500][gc,heap      ] GC(10) Archive regions: 2->2
[2020-09-29T08:52:09.572+0500][gc,heap      ] GC(10) Humongous regions: 129->129
[2020-09-29T08:52:09.572+0500][gc,metaspace ] GC(10) Metaspace: 39751K(41856K)->39751K(41856K) NonClass: 35011K(36096K)->35011K(36096K) Class: 4740K(5760K)->4740K(5760K)
[2020-09-29T08:52:09.572+0500][gc           ] GC(10) Pause Young (Normal) (G1 Evacuation Pause) 191M->145M(1024M) 21.598ms
[2020-09-29T08:52:09.572+0500][gc,cpu       ] GC(10) User=0.04s Sys=0.09s Real=0.02s
[2020-09-29T09:08:00.255+0500][gc,start     ] GC(11) Pause Young (Normal) (G1 Evacuation Pause)
[2020-09-29T09:08:00.255+0500][gc,task      ] GC(11) Using 13 workers of 13 for evacuation
[2020-09-29T09:08:00.261+0500][gc,phases    ] GC(11)   Pre Evacuate Collection Set: 0.6ms
[2020-09-29T09:08:00.261+0500][gc,phases    ] GC(11)   Merge Heap Roots: 0.1ms
[2020-09-29T09:08:00.261+0500][gc,phases    ] GC(11)   Evacuate Collection Set: 4.1ms
[2020-09-29T09:08:00.261+0500][gc,phases    ] GC(11)   Post Evacuate Collection Set: 0.5ms
[2020-09-29T09:08:00.261+0500][gc,phases    ] GC(11)   Other: 0.5ms
[2020-09-29T09:08:00.261+0500][gc,heap      ] GC(11) Eden regions: 48->0(54)
[2020-09-29T09:08:00.261+0500][gc,heap      ] GC(11) Survivor regions: 3->3(7)
[2020-09-29T09:08:00.261+0500][gc,heap      ] GC(11) Old regions: 14->14
[2020-09-29T09:08:00.261+0500][gc,heap      ] GC(11) Archive regions: 2->2
[2020-09-29T09:08:00.261+0500][gc,heap      ] GC(11) Humongous regions: 129->129
[2020-09-29T09:08:00.261+0500][gc,metaspace ] GC(11) Metaspace: 39759K(41856K)->39759K(41856K) NonClass: 35018K(36096K)->35018K(36096K) Class: 4740K(5760K)->4740K(5760K)
[2020-09-29T09:08:00.261+0500][gc           ] GC(11) Pause Young (Normal) (G1 Evacuation Pause) 193M->145M(1024M) 5.891ms
[2020-09-29T09:08:00.261+0500][gc,cpu       ] GC(11) User=0.02s Sys=0.01s Real=0.01s
[2020-09-29T09:28:21.731+0500][gc,start     ] GC(12) Pause Young (Normal) (G1 Evacuation Pause)
[2020-09-29T09:28:21.732+0500][gc,task      ] GC(12) Using 13 workers of 13 for evacuation
[2020-09-29T09:28:21.743+0500][gc,phases    ] GC(12)   Pre Evacuate Collection Set: 3.9ms
[2020-09-29T09:28:21.743+0500][gc,phases    ] GC(12)   Merge Heap Roots: 0.2ms
[2020-09-29T09:28:21.743+0500][gc,phases    ] GC(12)   Evacuate Collection Set: 6.5ms
[2020-09-29T09:28:21.743+0500][gc,phases    ] GC(12)   Post Evacuate Collection Set: 0.8ms
[2020-09-29T09:28:21.743+0500][gc,phases    ] GC(12)   Other: 1.7ms
[2020-09-29T09:28:21.743+0500][gc,heap      ] GC(12) Eden regions: 54->0(107)
[2020-09-29T09:28:21.743+0500][gc,heap      ] GC(12) Survivor regions: 3->4(8)
[2020-09-29T09:28:21.743+0500][gc,heap      ] GC(12) Old regions: 14->14
[2020-09-29T09:28:21.743+0500][gc,heap      ] GC(12) Archive regions: 2->2
[2020-09-29T09:28:21.743+0500][gc,heap      ] GC(12) Humongous regions: 129->129
[2020-09-29T09:28:21.743+0500][gc,metaspace ] GC(12) Metaspace: 39788K(41856K)->39788K(41856K) NonClass: 35048K(36096K)->35048K(36096K) Class: 4740K(5760K)->4740K(5760K)
[2020-09-29T09:28:21.743+0500][gc           ] GC(12) Pause Young (Normal) (G1 Evacuation Pause) 199M->146M(1024M) 12.273ms
[2020-09-29T09:28:21.743+0500][gc,cpu       ] GC(12) User=0.02s Sys=0.05s Real=0.01s
[2020-09-29T10:05:35.083+0500][gc,start     ] GC(13) Pause Young (Normal) (G1 Evacuation Pause)
[2020-09-29T10:05:35.084+0500][gc,task      ] GC(13) Using 13 workers of 13 for evacuation
[2020-09-29T10:05:35.098+0500][gc,phases    ] GC(13)   Pre Evacuate Collection Set: 2.3ms
[2020-09-29T10:05:35.098+0500][gc,phases    ] GC(13)   Merge Heap Roots: 0.3ms
[2020-09-29T10:05:35.098+0500][gc,phases    ] GC(13)   Evacuate Collection Set: 8.9ms
[2020-09-29T10:05:35.098+0500][gc,phases    ] GC(13)   Post Evacuate Collection Set: 2.0ms
[2020-09-29T10:05:35.098+0500][gc,phases    ] GC(13)   Other: 1.1ms
[2020-09-29T10:05:35.098+0500][gc,heap      ] GC(13) Eden regions: 107->0(474)
[2020-09-29T10:05:35.098+0500][gc,heap      ] GC(13) Survivor regions: 4->4(14)
[2020-09-29T10:05:35.098+0500][gc,heap      ] GC(13) Old regions: 14->14
[2020-09-29T10:05:35.098+0500][gc,heap      ] GC(13) Archive regions: 2->2
[2020-09-29T10:05:35.098+0500][gc,heap      ] GC(13) Humongous regions: 129->129
[2020-09-29T10:05:35.098+0500][gc,metaspace ] GC(13) Metaspace: 39825K(42112K)->39825K(42112K) NonClass: 35084K(36352K)->35084K(36352K) Class: 4740K(5760K)->4740K(5760K)
[2020-09-29T10:05:35.098+0500][gc           ] GC(13) Pause Young (Normal) (G1 Evacuation Pause) 253M->146M(1024M) 14.693ms
[2020-09-29T10:05:35.098+0500][gc,cpu       ] GC(13) User=0.03s Sys=0.06s Real=0.01s
[2020-09-29T12:56:57.621+0500][gc,start     ] GC(14) Pause Young (Normal) (G1 Evacuation Pause)
[2020-09-29T12:56:57.625+0500][gc,task      ] GC(14) Using 13 workers of 13 for evacuation
[2020-09-29T12:56:57.672+0500][gc,mmu       ] GC(14) MMU target violated: 21.0ms (20.0ms/21.0ms)
[2020-09-29T12:56:57.672+0500][gc,phases    ] GC(14)   Pre Evacuate Collection Set: 4.1ms
[2020-09-29T12:56:57.672+0500][gc,phases    ] GC(14)   Merge Heap Roots: 0.9ms
[2020-09-29T12:56:57.672+0500][gc,phases    ] GC(14)   Evacuate Collection Set: 26.2ms
[2020-09-29T12:56:57.672+0500][gc,phases    ] GC(14)   Post Evacuate Collection Set: 14.8ms
[2020-09-29T12:56:57.672+0500][gc,phases    ] GC(14)   Other: 5.9ms
[2020-09-29T12:56:57.672+0500][gc,heap      ] GC(14) Eden regions: 474->0(47)
[2020-09-29T12:56:57.672+0500][gc,heap      ] GC(14) Survivor regions: 4->4(60)
[2020-09-29T12:56:57.672+0500][gc,heap      ] GC(14) Old regions: 14->14
[2020-09-29T12:56:57.672+0500][gc,heap      ] GC(14) Archive regions: 2->2
[2020-09-29T12:56:57.672+0500][gc,heap      ] GC(14) Humongous regions: 129->129
[2020-09-29T12:56:57.672+0500][gc,metaspace ] GC(14) Metaspace: 39848K(42112K)->39848K(42112K) NonClass: 35107K(36352K)->35107K(36352K) Class: 4740K(5760K)->4740K(5760K)
[2020-09-29T12:56:57.672+0500][gc           ] GC(14) Pause Young (Normal) (G1 Evacuation Pause) 620M->146M(1024M) 51.383ms
[2020-09-29T12:56:57.672+0500][gc,cpu       ] GC(14) User=0.03s Sys=0.10s Real=0.05s
[2020-09-29T13:12:40.791+0500][gc,start     ] GC(15) Pause Young (Normal) (G1 Evacuation Pause)
[2020-09-29T13:12:40.792+0500][gc,task      ] GC(15) Using 13 workers of 13 for evacuation
[2020-09-29T13:12:40.811+0500][gc,phases    ] GC(15)   Pre Evacuate Collection Set: 1.3ms
[2020-09-29T13:12:40.811+0500][gc,phases    ] GC(15)   Merge Heap Roots: 0.1ms
[2020-09-29T13:12:40.811+0500][gc,phases    ] GC(15)   Evacuate Collection Set: 17.2ms
[2020-09-29T13:12:40.811+0500][gc,phases    ] GC(15)   Post Evacuate Collection Set: 1.0ms
[2020-09-29T13:12:40.811+0500][gc,phases    ] GC(15)   Other: 0.6ms
[2020-09-29T13:12:40.811+0500][gc,heap      ] GC(15) Eden regions: 47->0(47)
[2020-09-29T13:12:40.811+0500][gc,heap      ] GC(15) Survivor regions: 4->4(7)
[2020-09-29T13:12:40.811+0500][gc,heap      ] GC(15) Old regions: 14->14
[2020-09-29T13:12:40.811+0500][gc,heap      ] GC(15) Archive regions: 2->2
[2020-09-29T13:12:40.811+0500][gc,heap      ] GC(15) Humongous regions: 129->129
[2020-09-29T13:12:40.811+0500][gc,metaspace ] GC(15) Metaspace: 39856K(42112K)->39856K(42112K) NonClass: 35115K(36352K)->35115K(36352K) Class: 4740K(5760K)->4740K(5760K)
[2020-09-29T13:12:40.811+0500][gc           ] GC(15) Pause Young (Normal) (G1 Evacuation Pause) 193M->146M(1024M) 20.292ms
[2020-09-29T13:12:40.811+0500][gc,cpu       ] GC(15) User=0.02s Sys=0.04s Real=0.02s
[2020-09-29T13:29:09.509+0500][gc,start     ] GC(16) Pause Young (Normal) (G1 Evacuation Pause)
[2020-09-29T13:29:09.510+0500][gc,task      ] GC(16) Using 13 workers of 13 for evacuation
[2020-09-29T13:29:09.532+0500][gc,mmu       ] GC(16) MMU target violated: 21.0ms (20.0ms/21.0ms)
[2020-09-29T13:29:09.532+0500][gc,phases    ] GC(16)   Pre Evacuate Collection Set: 3.9ms
[2020-09-29T13:29:09.532+0500][gc,phases    ] GC(16)   Merge Heap Roots: 0.2ms
[2020-09-29T13:29:09.532+0500][gc,phases    ] GC(16)   Evacuate Collection Set: 15.5ms
[2020-09-29T13:29:09.532+0500][gc,phases    ] GC(16)   Post Evacuate Collection Set: 1.9ms
[2020-09-29T13:29:09.532+0500][gc,phases    ] GC(16)   Other: 1.0ms
[2020-09-29T13:29:09.532+0500][gc,heap      ] GC(16) Eden regions: 47->0(47)
[2020-09-29T13:29:09.532+0500][gc,heap      ] GC(16) Survivor regions: 4->4(7)
[2020-09-29T13:29:09.532+0500][gc,heap      ] GC(16) Old regions: 14->14
[2020-09-29T13:29:09.532+0500][gc,heap      ] GC(16) Archive regions: 2->2
[2020-09-29T13:29:09.532+0500][gc,heap      ] GC(16) Humongous regions: 129->129
[2020-09-29T13:29:09.532+0500][gc,metaspace ] GC(16) Metaspace: 39856K(42112K)->39856K(42112K) NonClass: 35115K(36352K)->35115K(36352K) Class: 4740K(5760K)->4740K(5760K)
[2020-09-29T13:29:09.532+0500][gc           ] GC(16) Pause Young (Normal) (G1 Evacuation Pause) 193M->146M(1024M) 22.666ms
[2020-09-29T13:29:09.532+0500][gc,cpu       ] GC(16) User=0.01s Sys=0.07s Real=0.03s
[2020-09-29T13:45:54.260+0500][gc,start     ] GC(17) Pause Young (Normal) (G1 Evacuation Pause)
[2020-09-29T13:45:54.261+0500][gc,task      ] GC(17) Using 13 workers of 13 for evacuation
[2020-09-29T13:45:54.272+0500][gc,phases    ] GC(17)   Pre Evacuate Collection Set: 0.1ms
[2020-09-29T13:45:54.272+0500][gc,phases    ] GC(17)   Merge Heap Roots: 0.1ms
[2020-09-29T13:45:54.272+0500][gc,phases    ] GC(17)   Evacuate Collection Set: 9.4ms
[2020-09-29T13:45:54.272+0500][gc,phases    ] GC(17)   Post Evacuate Collection Set: 0.5ms
[2020-09-29T13:45:54.272+0500][gc,phases    ] GC(17)   Other: 2.2ms
[2020-09-29T13:45:54.272+0500][gc,heap      ] GC(17) Eden regions: 47->0(47)
[2020-09-29T13:45:54.272+0500][gc,heap      ] GC(17) Survivor regions: 4->4(7)
[2020-09-29T13:45:54.272+0500][gc,heap      ] GC(17) Old regions: 14->14
[2020-09-29T13:45:54.272+0500][gc,heap      ] GC(17) Archive regions: 2->2
[2020-09-29T13:45:54.272+0500][gc,heap      ] GC(17) Humongous regions: 129->129
[2020-09-29T13:45:54.272+0500][gc,metaspace ] GC(17) Metaspace: 39860K(42112K)->39860K(42112K) NonClass: 35118K(36352K)->35118K(36352K) Class: 4741K(5760K)->4741K(5760K)
[2020-09-29T13:45:54.273+0500][gc           ] GC(17) Pause Young (Normal) (G1 Evacuation Pause) 193M->147M(1024M) 12.972ms
[2020-09-29T13:45:54.273+0500][gc,cpu       ] GC(17) User=0.02s Sys=0.04s Real=0.01s
[2020-09-29T14:02:33.104+0500][gc,start     ] GC(18) Pause Young (Normal) (G1 Evacuation Pause)
[2020-09-29T14:02:33.105+0500][gc,task      ] GC(18) Using 13 workers of 13 for evacuation
[2020-09-29T14:02:33.119+0500][gc,phases    ] GC(18)   Pre Evacuate Collection Set: 1.9ms
[2020-09-29T14:02:33.119+0500][gc,phases    ] GC(18)   Merge Heap Roots: 0.2ms
[2020-09-29T14:02:33.119+0500][gc,phases    ] GC(18)   Evacuate Collection Set: 10.2ms
[2020-09-29T14:02:33.119+0500][gc,phases    ] GC(18)   Post Evacuate Collection Set: 1.3ms
[2020-09-29T14:02:33.119+0500][gc,phases    ] GC(18)   Other: 0.9ms
[2020-09-29T14:02:33.119+0500][gc,heap      ] GC(18) Eden regions: 47->0(145)
[2020-09-29T14:02:33.119+0500][gc,heap      ] GC(18) Survivor regions: 4->4(7)
[2020-09-29T14:02:33.119+0500][gc,heap      ] GC(18) Old regions: 14->14
[2020-09-29T14:02:33.119+0500][gc,heap      ] GC(18) Archive regions: 2->2
[2020-09-29T14:02:33.119+0500][gc,heap      ] GC(18) Humongous regions: 129->129
[2020-09-29T14:02:33.119+0500][gc,metaspace ] GC(18) Metaspace: 39860K(42112K)->39860K(42112K) NonClass: 35118K(36352K)->35118K(36352K) Class: 4741K(5760K)->4741K(5760K)
[2020-09-29T14:02:33.119+0500][gc           ] GC(18) Pause Young (Normal) (G1 Evacuation Pause) 194M->146M(1024M) 14.584ms
[2020-09-29T14:02:33.119+0500][gc,cpu       ] GC(18) User=0.02s Sys=0.07s Real=0.01s
[2020-09-29T14:53:24.976+0500][gc,start     ] GC(19) Pause Young (Normal) (G1 Evacuation Pause)
[2020-09-29T14:53:24.977+0500][gc,task      ] GC(19) Using 13 workers of 13 for evacuation
[2020-09-29T14:53:25.011+0500][gc,mmu       ] GC(19) MMU target violated: 21.0ms (20.0ms/21.0ms)
[2020-09-29T14:53:25.011+0500][gc,phases    ] GC(19)   Pre Evacuate Collection Set: 4.2ms
[2020-09-29T14:53:25.011+0500][gc,phases    ] GC(19)   Merge Heap Roots: 0.8ms
[2020-09-29T14:53:25.011+0500][gc,phases    ] GC(19)   Evacuate Collection Set: 25.6ms
[2020-09-29T14:53:25.011+0500][gc,phases    ] GC(19)   Post Evacuate Collection Set: 2.2ms
[2020-09-29T14:53:25.011+0500][gc,phases    ] GC(19)   Other: 1.4ms
[2020-09-29T14:53:25.011+0500][gc,heap      ] GC(19) Eden regions: 145->0(47)
[2020-09-29T14:53:25.011+0500][gc,heap      ] GC(19) Survivor regions: 4->4(19)
[2020-09-29T14:53:25.011+0500][gc,heap      ] GC(19) Old regions: 14->14
[2020-09-29T14:53:25.011+0500][gc,heap      ] GC(19) Archive regions: 2->2
[2020-09-29T14:53:25.011+0500][gc,heap      ] GC(19) Humongous regions: 129->129
[2020-09-29T14:53:25.011+0500][gc,metaspace ] GC(19) Metaspace: 39877K(42112K)->39877K(42112K) NonClass: 35136K(36352K)->35136K(36352K) Class: 4741K(5760K)->4741K(5760K)
[2020-09-29T14:53:25.011+0500][gc           ] GC(19) Pause Young (Normal) (G1 Evacuation Pause) 291M->146M(1024M) 34.710ms
[2020-09-29T14:53:25.011+0500][gc,cpu       ] GC(19) User=0.02s Sys=0.10s Real=0.04s
[2020-09-29T15:09:01.311+0500][gc,start     ] GC(20) Pause Young (Normal) (G1 Evacuation Pause)
[2020-09-29T15:09:01.313+0500][gc,task      ] GC(20) Using 13 workers of 13 for evacuation
[2020-09-29T15:09:01.337+0500][gc,mmu       ] GC(20) MMU target violated: 21.0ms (20.0ms/21.0ms)
[2020-09-29T15:09:01.337+0500][gc,phases    ] GC(20)   Pre Evacuate Collection Set: 3.3ms
[2020-09-29T15:09:01.337+0500][gc,phases    ] GC(20)   Merge Heap Roots: 0.3ms
[2020-09-29T15:09:01.337+0500][gc,phases    ] GC(20)   Evacuate Collection Set: 15.5ms
[2020-09-29T15:09:01.337+0500][gc,phases    ] GC(20)   Post Evacuate Collection Set: 5.3ms
[2020-09-29T15:09:01.337+0500][gc,phases    ] GC(20)   Other: 2.3ms
[2020-09-29T15:09:01.337+0500][gc,heap      ] GC(20) Eden regions: 47->0(47)
[2020-09-29T15:09:01.338+0500][gc,heap      ] GC(20) Survivor regions: 4->4(7)
[2020-09-29T15:09:01.338+0500][gc,heap      ] GC(20) Old regions: 14->14
[2020-09-29T15:09:01.338+0500][gc,heap      ] GC(20) Archive regions: 2->2
[2020-09-29T15:09:01.338+0500][gc,heap      ] GC(20) Humongous regions: 129->129
[2020-09-29T15:09:01.338+0500][gc,metaspace ] GC(20) Metaspace: 39878K(42112K)->39878K(42112K) NonClass: 35137K(36352K)->35137K(36352K) Class: 4741K(5760K)->4741K(5760K)
[2020-09-29T15:09:01.338+0500][gc           ] GC(20) Pause Young (Normal) (G1 Evacuation Pause) 193M->146M(1024M) 26.826ms
[2020-09-29T15:09:01.338+0500][gc,cpu       ] GC(20) User=0.02s Sys=0.08s Real=0.02s
[2020-09-29T15:25:36.194+0500][gc,start     ] GC(21) Pause Young (Normal) (G1 Evacuation Pause)
[2020-09-29T15:25:36.197+0500][gc,task      ] GC(21) Using 13 workers of 13 for evacuation
[2020-09-29T15:25:36.213+0500][gc,phases    ] GC(21)   Pre Evacuate Collection Set: 3.0ms
[2020-09-29T15:25:36.213+0500][gc,phases    ] GC(21)   Merge Heap Roots: 0.3ms
[2020-09-29T15:25:36.213+0500][gc,phases    ] GC(21)   Evacuate Collection Set: 11.9ms
[2020-09-29T15:25:36.213+0500][gc,phases    ] GC(21)   Post Evacuate Collection Set: 1.1ms
[2020-09-29T15:25:36.213+0500][gc,phases    ] GC(21)   Other: 2.6ms
[2020-09-29T15:25:36.213+0500][gc,heap      ] GC(21) Eden regions: 47->0(47)
[2020-09-29T15:25:36.213+0500][gc,heap      ] GC(21) Survivor regions: 4->4(7)
[2020-09-29T15:25:36.213+0500][gc,heap      ] GC(21) Old regions: 14->14
[2020-09-29T15:25:36.213+0500][gc,heap      ] GC(21) Archive regions: 2->2
[2020-09-29T15:25:36.213+0500][gc,heap      ] GC(21) Humongous regions: 129->129
[2020-09-29T15:25:36.213+0500][gc,metaspace ] GC(21) Metaspace: 39881K(42112K)->39881K(42112K) NonClass: 35140K(36352K)->35140K(36352K) Class: 4741K(5760K)->4741K(5760K)
[2020-09-29T15:25:36.213+0500][gc           ] GC(21) Pause Young (Normal) (G1 Evacuation Pause) 193M->146M(1024M) 18.977ms
[2020-09-29T15:25:36.213+0500][gc,cpu       ] GC(21) User=0.02s Sys=0.08s Real=0.02s
[2020-09-29T15:42:18.476+0500][gc,start     ] GC(22) Pause Young (Normal) (G1 Evacuation Pause)
[2020-09-29T15:42:18.478+0500][gc,task      ] GC(22) Using 13 workers of 13 for evacuation
[2020-09-29T15:42:18.495+0500][gc,phases    ] GC(22)   Pre Evacuate Collection Set: 3.2ms
[2020-09-29T15:42:18.495+0500][gc,phases    ] GC(22)   Merge Heap Roots: 1.2ms
[2020-09-29T15:42:18.496+0500][gc,phases    ] GC(22)   Evacuate Collection Set: 11.9ms
[2020-09-29T15:42:18.496+0500][gc,phases    ] GC(22)   Post Evacuate Collection Set: 1.2ms
[2020-09-29T15:42:18.496+0500][gc,phases    ] GC(22)   Other: 3.0ms
[2020-09-29T15:42:18.496+0500][gc,heap      ] GC(22) Eden regions: 47->0(74)
[2020-09-29T15:42:18.496+0500][gc,heap      ] GC(22) Survivor regions: 4->4(7)
[2020-09-29T15:42:18.496+0500][gc,heap      ] GC(22) Old regions: 14->14
[2020-09-29T15:42:18.496+0500][gc,heap      ] GC(22) Archive regions: 2->2
[2020-09-29T15:42:18.496+0500][gc,heap      ] GC(22) Humongous regions: 129->129
[2020-09-29T15:42:18.496+0500][gc,metaspace ] GC(22) Metaspace: 39881K(42112K)->39881K(42112K) NonClass: 35140K(36352K)->35140K(36352K) Class: 4741K(5760K)->4741K(5760K)
[2020-09-29T15:42:18.496+0500][gc           ] GC(22) Pause Young (Normal) (G1 Evacuation Pause) 193M->146M(1024M) 20.057ms
[2020-09-29T15:42:18.496+0500][gc,cpu       ] GC(22) User=0.02s Sys=0.08s Real=0.02s
[2020-09-29T16:07:35.019+0500][gc,start     ] GC(23) Pause Young (Normal) (G1 Evacuation Pause)
[2020-09-29T16:07:35.020+0500][gc,task      ] GC(23) Using 13 workers of 13 for evacuation
[2020-09-29T16:07:35.037+0500][gc,phases    ] GC(23)   Pre Evacuate Collection Set: 3.3ms
[2020-09-29T16:07:35.037+0500][gc,phases    ] GC(23)   Merge Heap Roots: 0.7ms
[2020-09-29T16:07:35.037+0500][gc,phases    ] GC(23)   Evacuate Collection Set: 11.6ms
[2020-09-29T16:07:35.037+0500][gc,phases    ] GC(23)   Post Evacuate Collection Set: 1.3ms
[2020-09-29T16:07:35.037+0500][gc,phases    ] GC(23)   Other: 0.8ms
[2020-09-29T16:07:35.037+0500][gc,heap      ] GC(23) Eden regions: 74->0(114)
[2020-09-29T16:07:35.037+0500][gc,heap      ] GC(23) Survivor regions: 4->4(10)
[2020-09-29T16:07:35.037+0500][gc,heap      ] GC(23) Old regions: 14->14
[2020-09-29T16:07:35.037+0500][gc,heap      ] GC(23) Archive regions: 2->2
[2020-09-29T16:07:35.037+0500][gc,heap      ] GC(23) Humongous regions: 129->129
[2020-09-29T16:07:35.037+0500][gc,metaspace ] GC(23) Metaspace: 39882K(42112K)->39882K(42112K) NonClass: 35141K(36352K)->35141K(36352K) Class: 4741K(5760K)->4741K(5760K)
[2020-09-29T16:07:35.037+0500][gc           ] GC(23) Pause Young (Normal) (G1 Evacuation Pause) 220M->146M(1024M) 17.700ms
[2020-09-29T16:07:35.037+0500][gc,cpu       ] GC(23) User=0.02s Sys=0.08s Real=0.02s
[2020-09-29T16:48:07.228+0500][gc,start     ] GC(24) Pause Young (Normal) (G1 Evacuation Pause)
[2020-09-29T16:48:07.229+0500][gc,task      ] GC(24) Using 13 workers of 13 for evacuation
[2020-09-29T16:48:07.301+0500][gc,mmu       ] GC(24) MMU target violated: 21.0ms (20.0ms/21.0ms)
[2020-09-29T16:48:07.301+0500][gc,phases    ] GC(24)   Pre Evacuate Collection Set: 12.0ms
[2020-09-29T16:48:07.302+0500][gc,phases    ] GC(24)   Merge Heap Roots: 1.1ms
[2020-09-29T16:48:07.302+0500][gc,phases    ] GC(24)   Evacuate Collection Set: 55.6ms
[2020-09-29T16:48:07.302+0500][gc,phases    ] GC(24)   Post Evacuate Collection Set: 3.2ms
[2020-09-29T16:48:07.302+0500][gc,phases    ] GC(24)   Other: 3.2ms
[2020-09-29T16:48:07.302+0500][gc,heap      ] GC(24) Eden regions: 114->0(47)
[2020-09-29T16:48:07.302+0500][gc,heap      ] GC(24) Survivor regions: 4->4(15)
[2020-09-29T16:48:07.302+0500][gc,heap      ] GC(24) Old regions: 14->14
[2020-09-29T16:48:07.302+0500][gc,heap      ] GC(24) Archive regions: 2->2
[2020-09-29T16:48:07.302+0500][gc,heap      ] GC(24) Humongous regions: 129->129
[2020-09-29T16:48:07.302+0500][gc,metaspace ] GC(24) Metaspace: 39890K(42112K)->39890K(42112K) NonClass: 35149K(36352K)->35149K(36352K) Class: 4741K(5760K)->4741K(5760K)
[2020-09-29T16:48:07.302+0500][gc           ] GC(24) Pause Young (Normal) (G1 Evacuation Pause) 260M->146M(1024M) 73.705ms
[2020-09-29T16:48:07.302+0500][gc,cpu       ] GC(24) User=0.02s Sys=0.15s Real=0.08s
[2020-09-29T17:03:55.053+0500][gc,start     ] GC(25) Pause Young (Normal) (G1 Evacuation Pause)
[2020-09-29T17:03:55.053+0500][gc,task      ] GC(25) Using 13 workers of 13 for evacuation
[2020-09-29T17:03:55.081+0500][gc,mmu       ] GC(25) MMU target violated: 21.0ms (20.0ms/21.0ms)
[2020-09-29T17:03:55.081+0500][gc,phases    ] GC(25)   Pre Evacuate Collection Set: 5.8ms
[2020-09-29T17:03:55.081+0500][gc,phases    ] GC(25)   Merge Heap Roots: 0.7ms
[2020-09-29T17:03:55.081+0500][gc,phases    ] GC(25)   Evacuate Collection Set: 19.6ms
[2020-09-29T17:03:55.081+0500][gc,phases    ] GC(25)   Post Evacuate Collection Set: 1.4ms
[2020-09-29T17:03:55.081+0500][gc,phases    ] GC(25)   Other: 1.3ms
[2020-09-29T17:03:55.081+0500][gc,heap      ] GC(25) Eden regions: 47->0(48)
[2020-09-29T17:03:55.081+0500][gc,heap      ] GC(25) Survivor regions: 4->3(7)
[2020-09-29T17:03:55.081+0500][gc,heap      ] GC(25) Old regions: 14->14
[2020-09-29T17:03:55.081+0500][gc,heap      ] GC(25) Archive regions: 2->2
[2020-09-29T17:03:55.081+0500][gc,heap      ] GC(25) Humongous regions: 129->129
[2020-09-29T17:03:55.081+0500][gc,metaspace ] GC(25) Metaspace: 39899K(42112K)->39899K(42112K) NonClass: 35156K(36352K)->35156K(36352K) Class: 4742K(5760K)->4742K(5760K)
[2020-09-29T17:03:55.082+0500][gc           ] GC(25) Pause Young (Normal) (G1 Evacuation Pause) 193M->146M(1024M) 28.828ms
[2020-09-29T17:03:55.082+0500][gc,cpu       ] GC(25) User=0.01s Sys=0.07s Real=0.03s
[2020-09-29T17:20:40.086+0500][gc,start     ] GC(26) Pause Young (Normal) (G1 Evacuation Pause)
[2020-09-29T17:20:40.087+0500][gc,task      ] GC(26) Using 13 workers of 13 for evacuation
[2020-09-29T17:20:40.099+0500][gc,phases    ] GC(26)   Pre Evacuate Collection Set: 2.4ms
[2020-09-29T17:20:40.099+0500][gc,phases    ] GC(26)   Merge Heap Roots: 0.2ms
[2020-09-29T17:20:40.099+0500][gc,phases    ] GC(26)   Evacuate Collection Set: 8.7ms
[2020-09-29T17:20:40.099+0500][gc,phases    ] GC(26)   Post Evacuate Collection Set: 0.9ms
[2020-09-29T17:20:40.099+0500][gc,phases    ] GC(26)   Other: 1.5ms
[2020-09-29T17:20:40.099+0500][gc,heap      ] GC(26) Eden regions: 48->0(48)
[2020-09-29T17:20:40.099+0500][gc,heap      ] GC(26) Survivor regions: 3->3(7)
[2020-09-29T17:20:40.099+0500][gc,heap      ] GC(26) Old regions: 14->14
[2020-09-29T17:20:40.099+0500][gc,heap      ] GC(26) Archive regions: 2->2
[2020-09-29T17:20:40.099+0500][gc,heap      ] GC(26) Humongous regions: 129->129
[2020-09-29T17:20:40.099+0500][gc,metaspace ] GC(26) Metaspace: 39899K(42112K)->39899K(42112K) NonClass: 35157K(36352K)->35157K(36352K) Class: 4742K(5760K)->4742K(5760K)
[2020-09-29T17:20:40.099+0500][gc           ] GC(26) Pause Young (Normal) (G1 Evacuation Pause) 194M->146M(1024M) 13.771ms
[2020-09-29T17:20:40.100+0500][gc,cpu       ] GC(26) User=0.01s Sys=0.07s Real=0.02s
[2020-09-29T17:37:39.555+0500][gc,start     ] GC(27) Pause Young (Normal) (G1 Evacuation Pause)
[2020-09-29T17:37:39.556+0500][gc,task      ] GC(27) Using 13 workers of 13 for evacuation
[2020-09-29T17:37:39.563+0500][gc,phases    ] GC(27)   Pre Evacuate Collection Set: 0.7ms
[2020-09-29T17:37:39.563+0500][gc,phases    ] GC(27)   Merge Heap Roots: 0.1ms
[2020-09-29T17:37:39.563+0500][gc,phases    ] GC(27)   Evacuate Collection Set: 6.3ms
[2020-09-29T17:37:39.564+0500][gc,phases    ] GC(27)   Post Evacuate Collection Set: 0.5ms
[2020-09-29T17:37:39.564+0500][gc,phases    ] GC(27)   Other: 1.3ms
[2020-09-29T17:37:39.564+0500][gc,heap      ] GC(27) Eden regions: 48->0(48)
[2020-09-29T17:37:39.564+0500][gc,heap      ] GC(27) Survivor regions: 3->3(7)
[2020-09-29T17:37:39.564+0500][gc,heap      ] GC(27) Old regions: 14->14
[2020-09-29T17:37:39.564+0500][gc,heap      ] GC(27) Archive regions: 2->2
[2020-09-29T17:37:39.564+0500][gc,heap      ] GC(27) Humongous regions: 129->129
[2020-09-29T17:37:39.564+0500][gc,metaspace ] GC(27) Metaspace: 39899K(42112K)->39899K(42112K) NonClass: 35157K(36352K)->35157K(36352K) Class: 4742K(5760K)->4742K(5760K)
[2020-09-29T17:37:39.564+0500][gc           ] GC(27) Pause Young (Normal) (G1 Evacuation Pause) 194M->146M(1024M) 9.077ms
[2020-09-29T17:37:39.564+0500][gc,cpu       ] GC(27) User=0.02s Sys=0.03s Real=0.01s
[2020-09-29T17:54:39.289+0500][gc,start     ] GC(28) Pause Young (Normal) (G1 Evacuation Pause)
[2020-09-29T17:54:39.290+0500][gc,task      ] GC(28) Using 13 workers of 13 for evacuation
[2020-09-29T17:54:39.295+0500][gc,phases    ] GC(28)   Pre Evacuate Collection Set: 0.1ms
[2020-09-29T17:54:39.295+0500][gc,phases    ] GC(28)   Merge Heap Roots: 0.1ms
[2020-09-29T17:54:39.295+0500][gc,phases    ] GC(28)   Evacuate Collection Set: 3.7ms
[2020-09-29T17:54:39.295+0500][gc,phases    ] GC(28)   Post Evacuate Collection Set: 0.3ms
[2020-09-29T17:54:39.295+0500][gc,phases    ] GC(28)   Other: 1.3ms
[2020-09-29T17:54:39.295+0500][gc,heap      ] GC(28) Eden regions: 48->0(48)
[2020-09-29T17:54:39.295+0500][gc,heap      ] GC(28) Survivor regions: 3->3(7)
[2020-09-29T17:54:39.295+0500][gc,heap      ] GC(28) Old regions: 14->14
[2020-09-29T17:54:39.295+0500][gc,heap      ] GC(28) Archive regions: 2->2
[2020-09-29T17:54:39.295+0500][gc,heap      ] GC(28) Humongous regions: 129->129
[2020-09-29T17:54:39.295+0500][gc,metaspace ] GC(28) Metaspace: 39902K(42112K)->39902K(42112K) NonClass: 35160K(36352K)->35160K(36352K) Class: 4742K(5760K)->4742K(5760K)
[2020-09-29T17:54:39.295+0500][gc           ] GC(28) Pause Young (Normal) (G1 Evacuation Pause) 194M->146M(1024M) 5.625ms
[2020-09-29T17:54:39.295+0500][gc,cpu       ] GC(28) User=0.01s Sys=0.02s Real=0.01s
[2020-09-29T18:10:40.109+0500][gc,start     ] GC(29) Pause Young (Normal) (G1 Evacuation Pause)
[2020-09-29T18:10:40.110+0500][gc,task      ] GC(29) Using 13 workers of 13 for evacuation
[2020-09-29T18:10:40.121+0500][gc,phases    ] GC(29)   Pre Evacuate Collection Set: 2.7ms
[2020-09-29T18:10:40.121+0500][gc,phases    ] GC(29)   Merge Heap Roots: 0.1ms
[2020-09-29T18:10:40.121+0500][gc,phases    ] GC(29)   Evacuate Collection Set: 6.9ms
[2020-09-29T18:10:40.121+0500][gc,phases    ] GC(29)   Post Evacuate Collection Set: 0.9ms
[2020-09-29T18:10:40.121+0500][gc,phases    ] GC(29)   Other: 1.3ms
[2020-09-29T18:10:40.121+0500][gc,heap      ] GC(29) Eden regions: 48->0(67)
[2020-09-29T18:10:40.121+0500][gc,heap      ] GC(29) Survivor regions: 3->3(7)
[2020-09-29T18:10:40.121+0500][gc,heap      ] GC(29) Old regions: 14->15
[2020-09-29T18:10:40.121+0500][gc,heap      ] GC(29) Archive regions: 2->2
[2020-09-29T18:10:40.121+0500][gc,heap      ] GC(29) Humongous regions: 129->129
[2020-09-29T18:10:40.121+0500][gc,metaspace ] GC(29) Metaspace: 39905K(42112K)->39905K(42112K) NonClass: 35163K(36352K)->35163K(36352K) Class: 4742K(5760K)->4742K(5760K)
[2020-09-29T18:10:40.122+0500][gc           ] GC(29) Pause Young (Normal) (G1 Evacuation Pause) 194M->146M(1024M) 12.553ms
[2020-09-29T18:10:40.122+0500][gc,cpu       ] GC(29) User=0.01s Sys=0.06s Real=0.02s
[2020-09-29T18:34:10.123+0500][gc,start     ] GC(30) Pause Young (Normal) (G1 Evacuation Pause)
[2020-09-29T18:34:10.125+0500][gc,task      ] GC(30) Using 13 workers of 13 for evacuation
[2020-09-29T18:34:10.143+0500][gc,phases    ] GC(30)   Pre Evacuate Collection Set: 5.6ms
[2020-09-29T18:34:10.143+0500][gc,phases    ] GC(30)   Merge Heap Roots: 1.2ms
[2020-09-29T18:34:10.143+0500][gc,phases    ] GC(30)   Evacuate Collection Set: 9.8ms
[2020-09-29T18:34:10.143+0500][gc,phases    ] GC(30)   Post Evacuate Collection Set: 1.2ms
[2020-09-29T18:34:10.143+0500][gc,phases    ] GC(30)   Other: 4.3ms
[2020-09-29T18:34:10.143+0500][gc,heap      ] GC(30) Eden regions: 67->0(72)
[2020-09-29T18:34:10.143+0500][gc,heap      ] GC(30) Survivor regions: 3->3(9)
[2020-09-29T18:34:10.143+0500][gc,heap      ] GC(30) Old regions: 15->15
[2020-09-29T18:34:10.143+0500][gc,heap      ] GC(30) Archive regions: 2->2
[2020-09-29T18:34:10.143+0500][gc,heap      ] GC(30) Humongous regions: 129->129
[2020-09-29T18:34:10.143+0500][gc,metaspace ] GC(30) Metaspace: 39906K(42112K)->39906K(42112K) NonClass: 35164K(36352K)->35164K(36352K) Class: 4742K(5760K)->4742K(5760K)
[2020-09-29T18:34:10.144+0500][gc           ] GC(30) Pause Young (Normal) (G1 Evacuation Pause) 213M->146M(1024M) 20.565ms
[2020-09-29T18:34:10.144+0500][gc,cpu       ] GC(30) User=0.01s Sys=0.08s Real=0.02s
[2020-09-29T18:59:50.163+0500][gc,start     ] GC(31) Pause Young (Normal) (G1 Evacuation Pause)
[2020-09-29T18:59:50.165+0500][gc,task      ] GC(31) Using 13 workers of 13 for evacuation
[2020-09-29T18:59:50.178+0500][gc,phases    ] GC(31)   Pre Evacuate Collection Set: 3.2ms
[2020-09-29T18:59:50.178+0500][gc,phases    ] GC(31)   Merge Heap Roots: 0.3ms
[2020-09-29T18:59:50.179+0500][gc,phases    ] GC(31)   Evacuate Collection Set: 9.0ms
[2020-09-29T18:59:50.179+0500][gc,phases    ] GC(31)   Post Evacuate Collection Set: 1.2ms
[2020-09-29T18:59:50.179+0500][gc,phases    ] GC(31)   Other: 2.3ms
[2020-09-29T18:59:50.179+0500][gc,heap      ] GC(31) Eden regions: 72->0(104)
[2020-09-29T18:59:50.179+0500][gc,heap      ] GC(31) Survivor regions: 3->3(10)
[2020-09-29T18:59:50.179+0500][gc,heap      ] GC(31) Old regions: 15->15
[2020-09-29T18:59:50.179+0500][gc,heap      ] GC(31) Archive regions: 2->2
[2020-09-29T18:59:50.179+0500][gc,heap      ] GC(31) Humongous regions: 129->129
[2020-09-29T18:59:50.179+0500][gc,metaspace ] GC(31) Metaspace: 39912K(42112K)->39912K(42112K) NonClass: 35170K(36352K)->35170K(36352K) Class: 4742K(5760K)->4742K(5760K)
[2020-09-29T18:59:50.179+0500][gc           ] GC(31) Pause Young (Normal) (G1 Evacuation Pause) 218M->146M(1024M) 16.052ms
[2020-09-29T18:59:50.179+0500][gc,cpu       ] GC(31) User=0.02s Sys=0.06s Real=0.01s
[2020-09-29T19:35:33.616+0500][gc,start     ] GC(32) Pause Young (Normal) (G1 Evacuation Pause)
[2020-09-29T19:35:33.618+0500][gc,task      ] GC(32) Using 13 workers of 13 for evacuation
[2020-09-29T19:35:33.633+0500][gc,phases    ] GC(32)   Pre Evacuate Collection Set: 2.3ms
[2020-09-29T19:35:33.633+0500][gc,phases    ] GC(32)   Merge Heap Roots: 0.6ms
[2020-09-29T19:35:33.633+0500][gc,phases    ] GC(32)   Evacuate Collection Set: 10.3ms
[2020-09-29T19:35:33.633+0500][gc,phases    ] GC(32)   Post Evacuate Collection Set: 1.5ms
[2020-09-29T19:35:33.633+0500][gc,phases    ] GC(32)   Other: 1.8ms
[2020-09-29T19:35:33.633+0500][gc,heap      ] GC(32) Eden regions: 104->0(111)
[2020-09-29T19:35:33.633+0500][gc,heap      ] GC(32) Survivor regions: 3->3(14)
[2020-09-29T19:35:33.633+0500][gc,heap      ] GC(32) Old regions: 15->15
[2020-09-29T19:35:33.633+0500][gc,heap      ] GC(32) Archive regions: 2->2
[2020-09-29T19:35:33.633+0500][gc,heap      ] GC(32) Humongous regions: 129->129
[2020-09-29T19:35:33.633+0500][gc,metaspace ] GC(32) Metaspace: 39942K(42112K)->39942K(42112K) NonClass: 35199K(36352K)->35199K(36352K) Class: 4742K(5760K)->4742K(5760K)
[2020-09-29T19:35:33.633+0500][gc           ] GC(32) Pause Young (Normal) (G1 Evacuation Pause) 250M->146M(1024M) 16.524ms
[2020-09-29T19:35:33.633+0500][gc,cpu       ] GC(32) User=0.02s Sys=0.07s Real=0.02s
[2020-09-29T20:14:15.733+0500][gc,start     ] GC(33) Pause Young (Normal) (G1 Evacuation Pause)
[2020-09-29T20:14:15.735+0500][gc,task      ] GC(33) Using 13 workers of 13 for evacuation
[2020-09-29T20:14:15.755+0500][gc,phases    ] GC(33)   Pre Evacuate Collection Set: 2.9ms
[2020-09-29T20:14:15.755+0500][gc,phases    ] GC(33)   Merge Heap Roots: 0.2ms
[2020-09-29T20:14:15.755+0500][gc,phases    ] GC(33)   Evacuate Collection Set: 15.4ms
[2020-09-29T20:14:15.755+0500][gc,phases    ] GC(33)   Post Evacuate Collection Set: 1.2ms
[2020-09-29T20:14:15.755+0500][gc,phases    ] GC(33)   Other: 2.0ms
[2020-09-29T20:14:15.755+0500][gc,heap      ] GC(33) Eden regions: 111->0(92)
[2020-09-29T20:14:15.755+0500][gc,heap      ] GC(33) Survivor regions: 3->4(15)
[2020-09-29T20:14:15.755+0500][gc,heap      ] GC(33) Old regions: 15->15
[2020-09-29T20:14:15.755+0500][gc,heap      ] GC(33) Archive regions: 2->2
[2020-09-29T20:14:15.755+0500][gc,heap      ] GC(33) Humongous regions: 129->129
[2020-09-29T20:14:15.755+0500][gc,metaspace ] GC(33) Metaspace: 39946K(42112K)->39946K(42112K) NonClass: 35204K(36352K)->35204K(36352K) Class: 4742K(5760K)->4742K(5760K)
[2020-09-29T20:14:15.755+0500][gc           ] GC(33) Pause Young (Normal) (G1 Evacuation Pause) 257M->147M(1024M) 21.797ms
[2020-09-29T20:14:15.755+0500][gc,cpu       ] GC(33) User=0.02s Sys=0.08s Real=0.02s
[2020-09-29T20:46:57.608+0500][gc,start     ] GC(34) Pause Young (Normal) (G1 Evacuation Pause)
[2020-09-29T20:46:57.609+0500][gc,task      ] GC(34) Using 13 workers of 13 for evacuation
[2020-09-29T20:46:57.641+0500][gc,mmu       ] GC(34) MMU target violated: 21.0ms (20.0ms/21.0ms)
[2020-09-29T20:46:57.642+0500][gc,phases    ] GC(34)   Pre Evacuate Collection Set: 7.1ms
[2020-09-29T20:46:57.642+0500][gc,phases    ] GC(34)   Merge Heap Roots: 0.2ms
[2020-09-29T20:46:57.642+0500][gc,phases    ] GC(34)   Evacuate Collection Set: 23.0ms
[2020-09-29T20:46:57.642+0500][gc,phases    ] GC(34)   Post Evacuate Collection Set: 1.6ms
[2020-09-29T20:46:57.642+0500][gc,phases    ] GC(34)   Other: 3.6ms
[2020-09-29T20:46:57.642+0500][gc,heap      ] GC(34) Eden regions: 92->0(47)
[2020-09-29T20:46:57.642+0500][gc,heap      ] GC(34) Survivor regions: 4->4(12)
[2020-09-29T20:46:57.642+0500][gc,heap      ] GC(34) Old regions: 15->15
[2020-09-29T20:46:57.642+0500][gc,heap      ] GC(34) Archive regions: 2->2
[2020-09-29T20:46:57.642+0500][gc,heap      ] GC(34) Humongous regions: 129->129
[2020-09-29T20:46:57.642+0500][gc,metaspace ] GC(34) Metaspace: 39946K(42112K)->39946K(42112K) NonClass: 35204K(36352K)->35204K(36352K) Class: 4742K(5760K)->4742K(5760K)
[2020-09-29T20:46:57.642+0500][gc           ] GC(34) Pause Young (Normal) (G1 Evacuation Pause) 239M->147M(1024M) 34.108ms
[2020-09-29T20:46:57.642+0500][gc,cpu       ] GC(34) User=0.02s Sys=0.11s Real=0.04s
[2020-09-29T21:03:35.115+0500][gc,start     ] GC(35) Pause Young (Normal) (G1 Evacuation Pause)
[2020-09-29T21:03:35.116+0500][gc,task      ] GC(35) Using 13 workers of 13 for evacuation
[2020-09-29T21:03:35.131+0500][gc,phases    ] GC(35)   Pre Evacuate Collection Set: 3.1ms
[2020-09-29T21:03:35.131+0500][gc,phases    ] GC(35)   Merge Heap Roots: 0.2ms
[2020-09-29T21:03:35.131+0500][gc,phases    ] GC(35)   Evacuate Collection Set: 10.0ms
[2020-09-29T21:03:35.131+0500][gc,phases    ] GC(35)   Post Evacuate Collection Set: 0.9ms
[2020-09-29T21:03:35.131+0500][gc,phases    ] GC(35)   Other: 2.2ms
[2020-09-29T21:03:35.131+0500][gc,heap      ] GC(35) Eden regions: 47->0(47)
[2020-09-29T21:03:35.131+0500][gc,heap      ] GC(35) Survivor regions: 4->4(7)
[2020-09-29T21:03:35.131+0500][gc,heap      ] GC(35) Old regions: 15->15
[2020-09-29T21:03:35.131+0500][gc,heap      ] GC(35) Archive regions: 2->2
[2020-09-29T21:03:35.131+0500][gc,heap      ] GC(35) Humongous regions: 129->129
[2020-09-29T21:03:35.131+0500][gc,metaspace ] GC(35) Metaspace: 39951K(42112K)->39951K(42112K) NonClass: 35208K(36352K)->35208K(36352K) Class: 4742K(5760K)->4742K(5760K)
[2020-09-29T21:03:35.131+0500][gc           ] GC(35) Pause Young (Normal) (G1 Evacuation Pause) 194M->147M(1024M) 16.498ms
[2020-09-29T21:03:35.132+0500][gc,cpu       ] GC(35) User=0.02s Sys=0.07s Real=0.02s
[2020-09-29T21:18:52.680+0500][gc,start     ] GC(36) Pause Young (Normal) (G1 Evacuation Pause)
[2020-09-29T21:18:52.681+0500][gc,task      ] GC(36) Using 13 workers of 13 for evacuation
[2020-09-29T21:18:52.702+0500][gc,mmu       ] GC(36) MMU target violated: 21.0ms (20.0ms/21.0ms)
[2020-09-29T21:18:52.702+0500][gc,phases    ] GC(36)   Pre Evacuate Collection Set: 2.0ms
[2020-09-29T21:18:52.702+0500][gc,phases    ] GC(36)   Merge Heap Roots: 0.1ms
[2020-09-29T21:18:52.702+0500][gc,phases    ] GC(36)   Evacuate Collection Set: 16.6ms
[2020-09-29T21:18:52.702+0500][gc,phases    ] GC(36)   Post Evacuate Collection Set: 1.3ms
[2020-09-29T21:18:52.702+0500][gc,phases    ] GC(36)   Other: 2.1ms
[2020-09-29T21:18:52.702+0500][gc,heap      ] GC(36) Eden regions: 47->0(47)
[2020-09-29T21:18:52.702+0500][gc,heap      ] GC(36) Survivor regions: 4->4(7)
[2020-09-29T21:18:52.702+0500][gc,heap      ] GC(36) Old regions: 15->15
[2020-09-29T21:18:52.702+0500][gc,heap      ] GC(36) Archive regions: 2->2
[2020-09-29T21:18:52.702+0500][gc,heap      ] GC(36) Humongous regions: 129->129
[2020-09-29T21:18:52.702+0500][gc,metaspace ] GC(36) Metaspace: 39951K(42112K)->39951K(42112K) NonClass: 35208K(36352K)->35208K(36352K) Class: 4742K(5760K)->4742K(5760K)
[2020-09-29T21:18:52.702+0500][gc           ] GC(36) Pause Young (Normal) (G1 Evacuation Pause) 194M->147M(1024M) 22.196ms
[2020-09-29T21:18:52.702+0500][gc,cpu       ] GC(36) User=0.02s Sys=0.07s Real=0.02s
[2020-09-29T21:35:30.591+0500][gc,start     ] GC(37) Pause Young (Normal) (G1 Evacuation Pause)
[2020-09-29T21:35:30.593+0500][gc,task      ] GC(37) Using 13 workers of 13 for evacuation
[2020-09-29T21:35:30.609+0500][gc,phases    ] GC(37)   Pre Evacuate Collection Set: 1.7ms
[2020-09-29T21:35:30.610+0500][gc,phases    ] GC(37)   Merge Heap Roots: 0.1ms
[2020-09-29T21:35:30.610+0500][gc,phases    ] GC(37)   Evacuate Collection Set: 11.9ms
[2020-09-29T21:35:30.610+0500][gc,phases    ] GC(37)   Post Evacuate Collection Set: 2.4ms
[2020-09-29T21:35:30.610+0500][gc,phases    ] GC(37)   Other: 2.9ms
[2020-09-29T21:35:30.610+0500][gc,heap      ] GC(37) Eden regions: 47->0(53)
[2020-09-29T21:35:30.610+0500][gc,heap      ] GC(37) Survivor regions: 4->4(7)
[2020-09-29T21:35:30.610+0500][gc,heap      ] GC(37) Old regions: 15->15
[2020-09-29T21:35:30.610+0500][gc,heap      ] GC(37) Archive regions: 2->2
[2020-09-29T21:35:30.610+0500][gc,heap      ] GC(37) Humongous regions: 129->129
[2020-09-29T21:35:30.610+0500][gc,metaspace ] GC(37) Metaspace: 39952K(42112K)->39952K(42112K) NonClass: 35210K(36352K)->35210K(36352K) Class: 4742K(5760K)->4742K(5760K)
[2020-09-29T21:35:30.611+0500][gc           ] GC(37) Pause Young (Normal) (G1 Evacuation Pause) 194M->147M(1024M) 20.076ms
[2020-09-29T21:35:30.611+0500][gc,cpu       ] GC(37) User=0.02s Sys=0.04s Real=0.02s
[2020-09-29T22:07:45.382+0500][gc,start     ] GC(38) Pause Young (Normal) (G1 Evacuation Pause)
[2020-09-29T22:07:45.384+0500][gc,task      ] GC(38) Using 13 workers of 13 for evacuation
[2020-09-29T22:07:45.405+0500][gc,mmu       ] GC(38) MMU target violated: 21.0ms (20.0ms/21.0ms)
[2020-09-29T22:07:45.405+0500][gc,phases    ] GC(38)   Pre Evacuate Collection Set: 2.5ms
[2020-09-29T22:07:45.405+0500][gc,phases    ] GC(38)   Merge Heap Roots: 0.2ms
[2020-09-29T22:07:45.405+0500][gc,phases    ] GC(38)   Evacuate Collection Set: 17.1ms
[2020-09-29T22:07:45.405+0500][gc,phases    ] GC(38)   Post Evacuate Collection Set: 1.1ms
[2020-09-29T22:07:45.405+0500][gc,phases    ] GC(38)   Other: 1.8ms
[2020-09-29T22:07:45.405+0500][gc,heap      ] GC(38) Eden regions: 53->0(47)
[2020-09-29T22:07:45.405+0500][gc,heap      ] GC(38) Survivor regions: 4->4(8)
[2020-09-29T22:07:45.405+0500][gc,heap      ] GC(38) Old regions: 15->15
[2020-09-29T22:07:45.405+0500][gc,heap      ] GC(38) Archive regions: 2->2
[2020-09-29T22:07:45.405+0500][gc,heap      ] GC(38) Humongous regions: 129->129
[2020-09-29T22:07:45.405+0500][gc,metaspace ] GC(38) Metaspace: 39954K(42112K)->39954K(42112K) NonClass: 35212K(36352K)->35212K(36352K) Class: 4742K(5760K)->4742K(5760K)
[2020-09-29T22:07:45.405+0500][gc           ] GC(38) Pause Young (Normal) (G1 Evacuation Pause) 200M->146M(1024M) 22.891ms
[2020-09-29T22:07:45.405+0500][gc,cpu       ] GC(38) User=0.03s Sys=0.11s Real=0.02s
[2020-09-29T22:45:00.249+0500][gc,start     ] GC(39) Pause Young (Normal) (G1 Evacuation Pause)
[2020-09-29T22:45:00.251+0500][gc,task      ] GC(39) Using 13 workers of 13 for evacuation
[2020-09-29T22:45:00.269+0500][gc,phases    ] GC(39)   Pre Evacuate Collection Set: 2.4ms
[2020-09-29T22:45:00.269+0500][gc,phases    ] GC(39)   Merge Heap Roots: 0.2ms
[2020-09-29T22:45:00.269+0500][gc,phases    ] GC(39)   Evacuate Collection Set: 14.4ms
[2020-09-29T22:45:00.269+0500][gc,phases    ] GC(39)   Post Evacuate Collection Set: 1.2ms
[2020-09-29T22:45:00.269+0500][gc,phases    ] GC(39)   Other: 2.2ms
[2020-09-29T22:45:00.269+0500][gc,heap      ] GC(39) Eden regions: 47->0(47)
[2020-09-29T22:45:00.269+0500][gc,heap      ] GC(39) Survivor regions: 4->4(7)
[2020-09-29T22:45:00.269+0500][gc,heap      ] GC(39) Old regions: 15->15
[2020-09-29T22:45:00.269+0500][gc,heap      ] GC(39) Archive regions: 2->2
[2020-09-29T22:45:00.269+0500][gc,heap      ] GC(39) Humongous regions: 129->129
[2020-09-29T22:45:00.269+0500][gc,metaspace ] GC(39) Metaspace: 39956K(42112K)->39956K(42112K) NonClass: 35213K(36352K)->35213K(36352K) Class: 4742K(5760K)->4742K(5760K)
[2020-09-29T22:45:00.269+0500][gc           ] GC(39) Pause Young (Normal) (G1 Evacuation Pause) 193M->147M(1024M) 20.425ms
[2020-09-29T22:45:00.269+0500][gc,cpu       ] GC(39) User=0.02s Sys=0.11s Real=0.02s
[2020-09-29T23:22:13.248+0500][gc,start     ] GC(40) Pause Young (Normal) (G1 Evacuation Pause)
[2020-09-29T23:22:13.250+0500][gc,task      ] GC(40) Using 13 workers of 13 for evacuation
[2020-09-29T23:22:13.257+0500][gc,phases    ] GC(40)   Pre Evacuate Collection Set: 0.2ms
[2020-09-29T23:22:13.257+0500][gc,phases    ] GC(40)   Merge Heap Roots: 0.1ms
[2020-09-29T23:22:13.257+0500][gc,phases    ] GC(40)   Evacuate Collection Set: 6.1ms
[2020-09-29T23:22:13.257+0500][gc,phases    ] GC(40)   Post Evacuate Collection Set: 0.8ms
[2020-09-29T23:22:13.257+0500][gc,phases    ] GC(40)   Other: 1.6ms
[2020-09-29T23:22:13.257+0500][gc,heap      ] GC(40) Eden regions: 47->0(71)
[2020-09-29T23:22:13.257+0500][gc,heap      ] GC(40) Survivor regions: 4->4(7)
[2020-09-29T23:22:13.257+0500][gc,heap      ] GC(40) Old regions: 15->15
[2020-09-29T23:22:13.257+0500][gc,heap      ] GC(40) Archive regions: 2->2
[2020-09-29T23:22:13.257+0500][gc,heap      ] GC(40) Humongous regions: 129->129
[2020-09-29T23:22:13.257+0500][gc,metaspace ] GC(40) Metaspace: 39956K(42112K)->39956K(42112K) NonClass: 35213K(36352K)->35213K(36352K) Class: 4742K(5760K)->4742K(5760K)
[2020-09-29T23:22:13.257+0500][gc           ] GC(40) Pause Young (Normal) (G1 Evacuation Pause) 194M->147M(1024M) 8.987ms
[2020-09-29T23:22:13.257+0500][gc,cpu       ] GC(40) User=0.02s Sys=0.04s Real=0.01s
[2020-09-30T00:19:18.504+0500][gc,start     ] GC(41) Pause Young (Normal) (G1 Evacuation Pause)
[2020-09-30T00:19:18.505+0500][gc,task      ] GC(41) Using 13 workers of 13 for evacuation
[2020-09-30T00:19:18.523+0500][gc,phases    ] GC(41)   Pre Evacuate Collection Set: 2.1ms
[2020-09-30T00:19:18.523+0500][gc,phases    ] GC(41)   Merge Heap Roots: 0.2ms
[2020-09-30T00:19:18.523+0500][gc,phases    ] GC(41)   Evacuate Collection Set: 15.0ms
[2020-09-30T00:19:18.523+0500][gc,phases    ] GC(41)   Post Evacuate Collection Set: 1.2ms
[2020-09-30T00:19:18.523+0500][gc,phases    ] GC(41)   Other: 1.1ms
[2020-09-30T00:19:18.523+0500][gc,heap      ] GC(41) Eden regions: 71->0(86)
[2020-09-30T00:19:18.523+0500][gc,heap      ] GC(41) Survivor regions: 4->4(10)
[2020-09-30T00:19:18.523+0500][gc,heap      ] GC(41) Old regions: 15->15
[2020-09-30T00:19:18.523+0500][gc,heap      ] GC(41) Archive regions: 2->2
[2020-09-30T00:19:18.523+0500][gc,heap      ] GC(41) Humongous regions: 129->129
[2020-09-30T00:19:18.523+0500][gc,metaspace ] GC(41) Metaspace: 39957K(42112K)->39957K(42112K) NonClass: 35215K(36352K)->35215K(36352K) Class: 4742K(5760K)->4742K(5760K)
[2020-09-30T00:19:18.523+0500][gc           ] GC(41) Pause Young (Normal) (G1 Evacuation Pause) 218M->146M(1024M) 19.794ms
[2020-09-30T00:19:18.523+0500][gc,cpu       ] GC(41) User=0.02s Sys=0.09s Real=0.02s
[2020-09-30T01:28:38.904+0500][gc,start     ] GC(42) Pause Young (Normal) (G1 Evacuation Pause)
[2020-09-30T01:28:38.905+0500][gc,task      ] GC(42) Using 13 workers of 13 for evacuation
[2020-09-30T01:28:38.918+0500][gc,phases    ] GC(42)   Pre Evacuate Collection Set: 0.2ms
[2020-09-30T01:28:38.918+0500][gc,phases    ] GC(42)   Merge Heap Roots: 0.1ms
[2020-09-30T01:28:38.918+0500][gc,phases    ] GC(42)   Evacuate Collection Set: 11.6ms
[2020-09-30T01:28:38.918+0500][gc,phases    ] GC(42)   Post Evacuate Collection Set: 0.3ms
[2020-09-30T01:28:38.918+0500][gc,phases    ] GC(42)   Other: 3.4ms
[2020-09-30T01:28:38.918+0500][gc,heap      ] GC(42) Eden regions: 86->0(113)
[2020-09-30T01:28:38.918+0500][gc,heap      ] GC(42) Survivor regions: 4->4(12)
[2020-09-30T01:28:38.918+0500][gc,heap      ] GC(42) Old regions: 15->15
[2020-09-30T01:28:38.918+0500][gc,heap      ] GC(42) Archive regions: 2->2
[2020-09-30T01:28:38.918+0500][gc,heap      ] GC(42) Humongous regions: 129->129
[2020-09-30T01:28:38.918+0500][gc,metaspace ] GC(42) Metaspace: 39978K(42112K)->39978K(42112K) NonClass: 35235K(36352K)->35235K(36352K) Class: 4742K(5760K)->4742K(5760K)
[2020-09-30T01:28:38.918+0500][gc           ] GC(42) Pause Young (Normal) (G1 Evacuation Pause) 232M->147M(1024M) 14.581ms
[2020-09-30T01:28:38.918+0500][gc,cpu       ] GC(42) User=0.01s Sys=0.04s Real=0.01s
[2020-09-30T02:59:58.301+0500][gc,start     ] GC(43) Pause Young (Normal) (G1 Evacuation Pause)
[2020-09-30T02:59:58.303+0500][gc,task      ] GC(43) Using 13 workers of 13 for evacuation
[2020-09-30T02:59:58.326+0500][gc,mmu       ] GC(43) MMU target violated: 21.0ms (20.0ms/21.0ms)
[2020-09-30T02:59:58.326+0500][gc,phases    ] GC(43)   Pre Evacuate Collection Set: 3.1ms
[2020-09-30T02:59:58.326+0500][gc,phases    ] GC(43)   Merge Heap Roots: 0.2ms
[2020-09-30T02:59:58.326+0500][gc,phases    ] GC(43)   Evacuate Collection Set: 18.4ms
[2020-09-30T02:59:58.326+0500][gc,phases    ] GC(43)   Post Evacuate Collection Set: 1.4ms
[2020-09-30T02:59:58.326+0500][gc,phases    ] GC(43)   Other: 2.7ms
[2020-09-30T02:59:58.327+0500][gc,heap      ] GC(43) Eden regions: 113->0(172)
[2020-09-30T02:59:58.327+0500][gc,heap      ] GC(43) Survivor regions: 4->3(15)
[2020-09-30T02:59:58.327+0500][gc,heap      ] GC(43) Old regions: 15->15
[2020-09-30T02:59:58.327+0500][gc,heap      ] GC(43) Archive regions: 2->2
[2020-09-30T02:59:58.327+0500][gc,heap      ] GC(43) Humongous regions: 129->129
[2020-09-30T02:59:58.327+0500][gc,metaspace ] GC(43) Metaspace: 40004K(42112K)->40004K(42112K) NonClass: 35261K(36352K)->35261K(36352K) Class: 4742K(5760K)->4742K(5760K)
[2020-09-30T02:59:58.327+0500][gc           ] GC(43) Pause Young (Normal) (G1 Evacuation Pause) 260M->146M(1024M) 25.804ms
[2020-09-30T02:59:58.327+0500][gc,cpu       ] GC(43) User=0.02s Sys=0.10s Real=0.02s
[2020-09-30T05:19:41.983+0500][gc,start     ] GC(44) Pause Young (Normal) (G1 Evacuation Pause)
[2020-09-30T05:19:41.985+0500][gc,task      ] GC(44) Using 13 workers of 13 for evacuation
[2020-09-30T05:19:42.008+0500][gc,mmu       ] GC(44) MMU target violated: 21.0ms (20.0ms/21.0ms)
[2020-09-30T05:19:42.008+0500][gc,phases    ] GC(44)   Pre Evacuate Collection Set: 3.4ms
[2020-09-30T05:19:42.008+0500][gc,phases    ] GC(44)   Merge Heap Roots: 0.2ms
[2020-09-30T05:19:42.008+0500][gc,phases    ] GC(44)   Evacuate Collection Set: 18.5ms
[2020-09-30T05:19:42.008+0500][gc,phases    ] GC(44)   Post Evacuate Collection Set: 1.0ms
[2020-09-30T05:19:42.008+0500][gc,phases    ] GC(44)   Other: 2.1ms
[2020-09-30T05:19:42.008+0500][gc,heap      ] GC(44) Eden regions: 172->0(47)
[2020-09-30T05:19:42.008+0500][gc,heap      ] GC(44) Survivor regions: 3->4(22)
[2020-09-30T05:19:42.008+0500][gc,heap      ] GC(44) Old regions: 15->15
[2020-09-30T05:19:42.008+0500][gc,heap      ] GC(44) Archive regions: 2->2
[2020-09-30T05:19:42.008+0500][gc,heap      ] GC(44) Humongous regions: 129->129
[2020-09-30T05:19:42.008+0500][gc,metaspace ] GC(44) Metaspace: 40039K(42112K)->40039K(42112K) NonClass: 35297K(36352K)->35297K(36352K) Class: 4742K(5760K)->4742K(5760K)
[2020-09-30T05:19:42.008+0500][gc           ] GC(44) Pause Young (Normal) (G1 Evacuation Pause) 318M->146M(1024M) 25.390ms
[2020-09-30T05:19:42.008+0500][gc,cpu       ] GC(44) User=0.01s Sys=0.09s Real=0.02s
[2020-09-30T05:57:16.246+0500][gc,start     ] GC(45) Pause Young (Normal) (G1 Evacuation Pause)
[2020-09-30T05:57:16.248+0500][gc,task      ] GC(45) Using 13 workers of 13 for evacuation
[2020-09-30T05:57:16.256+0500][gc,phases    ] GC(45)   Pre Evacuate Collection Set: 0.4ms
[2020-09-30T05:57:16.256+0500][gc,phases    ] GC(45)   Merge Heap Roots: 0.1ms
[2020-09-30T05:57:16.256+0500][gc,phases    ] GC(45)   Evacuate Collection Set: 6.6ms
[2020-09-30T05:57:16.256+0500][gc,phases    ] GC(45)   Post Evacuate Collection Set: 0.5ms
[2020-09-30T05:57:16.256+0500][gc,phases    ] GC(45)   Other: 2.4ms
[2020-09-30T05:57:16.256+0500][gc,heap      ] GC(45) Eden regions: 47->0(152)
[2020-09-30T05:57:16.256+0500][gc,heap      ] GC(45) Survivor regions: 4->4(7)
[2020-09-30T05:57:16.256+0500][gc,heap      ] GC(45) Old regions: 15->15
[2020-09-30T05:57:16.256+0500][gc,heap      ] GC(45) Archive regions: 2->2
[2020-09-30T05:57:16.256+0500][gc,heap      ] GC(45) Humongous regions: 129->129
[2020-09-30T05:57:16.256+0500][gc,metaspace ] GC(45) Metaspace: 40045K(42112K)->40045K(42112K) NonClass: 35302K(36352K)->35302K(36352K) Class: 4742K(5760K)->4742K(5760K)
[2020-09-30T05:57:16.257+0500][gc           ] GC(45) Pause Young (Normal) (G1 Evacuation Pause) 193M->146M(1024M) 10.815ms
[2020-09-30T05:57:16.257+0500][gc,cpu       ] GC(45) User=0.03s Sys=0.04s Real=0.01s
[2020-09-30T08:00:11.879+0500][gc,start     ] GC(46) Pause Young (Normal) (G1 Evacuation Pause)
[2020-09-30T08:00:11.881+0500][gc,task      ] GC(46) Using 13 workers of 13 for evacuation
[2020-09-30T08:00:11.900+0500][gc,phases    ] GC(46)   Pre Evacuate Collection Set: 5.4ms
[2020-09-30T08:00:11.900+0500][gc,phases    ] GC(46)   Merge Heap Roots: 0.4ms
[2020-09-30T08:00:11.900+0500][gc,phases    ] GC(46)   Evacuate Collection Set: 11.5ms
[2020-09-30T08:00:11.900+0500][gc,phases    ] GC(46)   Post Evacuate Collection Set: 1.2ms
[2020-09-30T08:00:11.900+0500][gc,phases    ] GC(46)   Other: 3.0ms
[2020-09-30T08:00:11.900+0500][gc,heap      ] GC(46) Eden regions: 152->0(202)
[2020-09-30T08:00:11.900+0500][gc,heap      ] GC(46) Survivor regions: 4->4(20)
[2020-09-30T08:00:11.900+0500][gc,heap      ] GC(46) Old regions: 15->15
[2020-09-30T08:00:11.900+0500][gc,heap      ] GC(46) Archive regions: 2->2
[2020-09-30T08:00:11.900+0500][gc,heap      ] GC(46) Humongous regions: 129->129
[2020-09-30T08:00:11.900+0500][gc,metaspace ] GC(46) Metaspace: 40046K(42112K)->40046K(42112K) NonClass: 35303K(36352K)->35303K(36352K) Class: 4742K(5760K)->4742K(5760K)
[2020-09-30T08:00:11.900+0500][gc           ] GC(46) Pause Young (Normal) (G1 Evacuation Pause) 298M->147M(1024M) 21.474ms
[2020-09-30T08:00:11.900+0500][gc,cpu       ] GC(46) User=0.03s Sys=0.11s Real=0.03s
[2020-09-30T10:43:11.337+0500][gc,start     ] GC(47) Pause Young (Normal) (G1 Evacuation Pause)
[2020-09-30T10:43:11.339+0500][gc,task      ] GC(47) Using 13 workers of 13 for evacuation
[2020-09-30T10:43:11.357+0500][gc,phases    ] GC(47)   Pre Evacuate Collection Set: 2.0ms
[2020-09-30T10:43:11.357+0500][gc,phases    ] GC(47)   Merge Heap Roots: 0.2ms
[2020-09-30T10:43:11.357+0500][gc,phases    ] GC(47)   Evacuate Collection Set: 14.5ms
[2020-09-30T10:43:11.357+0500][gc,phases    ] GC(47)   Post Evacuate Collection Set: 1.5ms
[2020-09-30T10:43:11.357+0500][gc,phases    ] GC(47)   Other: 1.7ms
[2020-09-30T10:43:11.357+0500][gc,heap      ] GC(47) Eden regions: 202->0(428)
[2020-09-30T10:43:11.357+0500][gc,heap      ] GC(47) Survivor regions: 4->3(26)
[2020-09-30T10:43:11.357+0500][gc,heap      ] GC(47) Old regions: 15->15
[2020-09-30T10:43:11.357+0500][gc,heap      ] GC(47) Archive regions: 2->2
[2020-09-30T10:43:11.357+0500][gc,heap      ] GC(47) Humongous regions: 129->129
[2020-09-30T10:43:11.357+0500][gc,metaspace ] GC(47) Metaspace: 40049K(42112K)->40049K(42112K) NonClass: 35307K(36352K)->35307K(36352K) Class: 4742K(5760K)->4742K(5760K)
[2020-09-30T10:43:11.358+0500][gc           ] GC(47) Pause Young (Normal) (G1 Evacuation Pause) 349M->146M(1024M) 20.477ms
[2020-09-30T10:43:11.358+0500][gc,cpu       ] GC(47) User=0.02s Sys=0.09s Real=0.02s
[2020-09-30T16:28:03.699+0500][gc,start     ] GC(48) Pause Young (Normal) (G1 Evacuation Pause)
[2020-09-30T16:28:03.701+0500][gc,task      ] GC(48) Using 13 workers of 13 for evacuation
[2020-09-30T16:28:03.741+0500][gc,mmu       ] GC(48) MMU target violated: 21.0ms (20.0ms/21.0ms)
[2020-09-30T16:28:03.741+0500][gc,phases    ] GC(48)   Pre Evacuate Collection Set: 2.1ms
[2020-09-30T16:28:03.741+0500][gc,phases    ] GC(48)   Merge Heap Roots: 0.2ms
[2020-09-30T16:28:03.741+0500][gc,phases    ] GC(48)   Evacuate Collection Set: 34.6ms
[2020-09-30T16:28:03.741+0500][gc,phases    ] GC(48)   Post Evacuate Collection Set: 2.6ms
[2020-09-30T16:28:03.741+0500][gc,phases    ] GC(48)   Other: 2.2ms
[2020-09-30T16:28:03.741+0500][gc,heap      ] GC(48) Eden regions: 428->0(94)
[2020-09-30T16:28:03.741+0500][gc,heap      ] GC(48) Survivor regions: 3->3(54)
[2020-09-30T16:28:03.741+0500][gc,heap      ] GC(48) Old regions: 15->15
[2020-09-30T16:28:03.741+0500][gc,heap      ] GC(48) Archive regions: 2->2
[2020-09-30T16:28:03.741+0500][gc,heap      ] GC(48) Humongous regions: 129->129
[2020-09-30T16:28:03.741+0500][gc,metaspace ] GC(48) Metaspace: 40105K(42368K)->40105K(42368K) NonClass: 35363K(36608K)->35363K(36608K) Class: 4742K(5760K)->4742K(5760K)
[2020-09-30T16:28:03.741+0500][gc           ] GC(48) Pause Young (Normal) (G1 Evacuation Pause) 574M->146M(1024M) 41.929ms
[2020-09-30T16:28:03.741+0500][gc,cpu       ] GC(48) User=0.04s Sys=0.10s Real=0.05s
