[2020-09-21T18:02:43.571+0500][gc,heap] Heap region size: 1M
[2020-09-21T18:02:43.571+0500][gc,heap,coops] Heap address: 0x00000007e0000000, size: 512 MB, Compressed Oops mode: Zero based, Oop shift amount: 3
[2020-09-21T18:02:43.576+0500][gc           ] Using G1
[2020-09-21T18:02:43.576+0500][gc,cds       ] Mark closed archive regions in map: [0x00000007fff00000, 0x00000007fff7aff8]
[2020-09-21T18:02:43.576+0500][gc,cds       ] Mark open archive regions in map: [0x00000007ffe00000, 0x00000007ffe50ff8]
[2020-09-21T18:02:43.591+0500][gc           ] Periodic GC disabled
[2020-09-21T18:02:44.990+0500][gc,start     ] GC(0) Pause Young (Normal) (G1 Evacuation Pause)
[2020-09-21T18:02:44.990+0500][gc,task      ] GC(0) Using 12 workers of 13 for evacuation
[2020-09-21T18:02:44.994+0500][gc,phases    ] GC(0)   Pre Evacuate Collection Set: 0.0ms
[2020-09-21T18:02:44.994+0500][gc,phases    ] GC(0)   Merge Heap Roots: 0.0ms
[2020-09-21T18:02:44.994+0500][gc,phases    ] GC(0)   Evacuate Collection Set: 3.1ms
[2020-09-21T18:02:44.994+0500][gc,phases    ] GC(0)   Post Evacuate Collection Set: 0.3ms
[2020-09-21T18:02:44.994+0500][gc,phases    ] GC(0)   Other: 0.5ms
[2020-09-21T18:02:44.994+0500][gc,heap      ] GC(0) Eden regions: 25->0(21)
[2020-09-21T18:02:44.994+0500][gc,heap      ] GC(0) Survivor regions: 0->4(4)
[2020-09-21T18:02:44.994+0500][gc,heap      ] GC(0) Old regions: 0->2
[2020-09-21T18:02:44.994+0500][gc,heap      ] GC(0) Archive regions: 2->2
[2020-09-21T18:02:44.994+0500][gc,heap      ] GC(0) Humongous regions: 0->0
[2020-09-21T18:02:44.994+0500][gc,metaspace ] GC(0) Metaspace: 7382K(7936K)->7382K(7936K) NonClass: 6540K(6912K)->6540K(6912K) Class: 842K(1024K)->842K(1024K)
[2020-09-21T18:02:44.994+0500][gc           ] GC(0) Pause Young (Normal) (G1 Evacuation Pause) 25M->6M(512M) 4.060ms
[2020-09-21T18:02:44.994+0500][gc,cpu       ] GC(0) User=0.03s Sys=0.02s Real=0.00s
[2020-09-22T01:36:51.302+0500][gc,start     ] GC(1) Pause Young (Normal) (G1 Evacuation Pause)
[2020-09-22T01:36:51.305+0500][gc,task      ] GC(1) Using 12 workers of 13 for evacuation
[2020-09-22T01:36:51.359+0500][gc,mmu       ] GC(1) MMU target violated: 21.0ms (20.0ms/21.0ms)
[2020-09-22T01:36:51.360+0500][gc,phases    ] GC(1)   Pre Evacuate Collection Set: 3.2ms
[2020-09-22T01:36:51.360+0500][gc,phases    ] GC(1)   Merge Heap Roots: 3.6ms
[2020-09-22T01:36:51.360+0500][gc,phases    ] GC(1)   Evacuate Collection Set: 43.7ms
[2020-09-22T01:36:51.360+0500][gc,phases    ] GC(1)   Post Evacuate Collection Set: 2.7ms
[2020-09-22T01:36:51.360+0500][gc,phases    ] GC(1)   Other: 6.0ms
[2020-09-22T01:36:51.360+0500][gc,heap      ] GC(1) Eden regions: 21->0(24)
[2020-09-22T01:36:51.360+0500][gc,heap      ] GC(1) Survivor regions: 4->1(4)
[2020-09-22T01:36:51.360+0500][gc,heap      ] GC(1) Old regions: 2->6
[2020-09-22T01:36:51.360+0500][gc,heap      ] GC(1) Archive regions: 2->2
[2020-09-22T01:36:51.360+0500][gc,heap      ] GC(1) Humongous regions: 0->0
[2020-09-22T01:36:51.360+0500][gc,metaspace ] GC(1) Metaspace: 8036K(8448K)->8036K(8448K) NonClass: 7166K(7424K)->7166K(7424K) Class: 870K(1024K)->870K(1024K)
[2020-09-22T01:36:51.360+0500][gc           ] GC(1) Pause Young (Normal) (G1 Evacuation Pause) 27M->6M(512M) 57.908ms
[2020-09-22T01:36:51.360+0500][gc,cpu       ] GC(1) User=0.02s Sys=0.13s Real=0.06s
[2020-09-22T10:44:40.191+0500][gc,heap,exit ] Heap
[2020-09-22T10:44:40.194+0500][gc,heap,exit ]  garbage-first heap   total 524288K, used 29129K [0x00000007e0000000, 0x0000000800000000)
[2020-09-22T10:44:40.194+0500][gc,heap,exit ]   region size 1024K, 24 young (24576K), 1 survivors (1024K)
[2020-09-22T10:44:40.194+0500][gc,heap,exit ]  Metaspace       used 8040K, capacity 8321K, committed 8448K, reserved 1056768K
[2020-09-22T10:44:40.194+0500][gc,heap,exit ]   class space    used 870K, capacity 965K, committed 1024K, reserved 1048576K
