[2020-09-26T11:37:11.257+0500][gc,heap] Heap region size: 1M
[2020-09-26T11:37:11.257+0500][gc,heap,coops] Heap address: 0x00000007e0000000, size: 512 MB, Compressed Oops mode: Zero based, Oop shift amount: 3
[2020-09-26T11:37:11.261+0500][gc           ] Using G1
[2020-09-26T11:37:11.262+0500][gc,cds       ] Mark closed archive regions in map: [0x00000007fff00000, 0x00000007fff7aff8]
[2020-09-26T11:37:11.262+0500][gc,cds       ] Mark open archive regions in map: [0x00000007ffe00000, 0x00000007ffe50ff8]
[2020-09-26T11:37:11.276+0500][gc           ] Periodic GC disabled
[2020-09-26T11:37:45.605+0500][gc,start     ] GC(0) Pause Young (Normal) (G1 Evacuation Pause)
[2020-09-26T11:37:45.605+0500][gc,task      ] GC(0) Using 12 workers of 13 for evacuation
[2020-09-26T11:37:45.609+0500][gc,phases    ] GC(0)   Pre Evacuate Collection Set: 0.1ms
[2020-09-26T11:37:45.609+0500][gc,phases    ] GC(0)   Merge Heap Roots: 0.0ms
[2020-09-26T11:37:45.609+0500][gc,phases    ] GC(0)   Evacuate Collection Set: 3.3ms
[2020-09-26T11:37:45.609+0500][gc,phases    ] GC(0)   Post Evacuate Collection Set: 0.3ms
[2020-09-26T11:37:45.609+0500][gc,phases    ] GC(0)   Other: 0.7ms
[2020-09-26T11:37:45.609+0500][gc,heap      ] GC(0) Eden regions: 25->0(21)
[2020-09-26T11:37:45.609+0500][gc,heap      ] GC(0) Survivor regions: 0->4(4)
[2020-09-26T11:37:45.609+0500][gc,heap      ] GC(0) Old regions: 0->2
[2020-09-26T11:37:45.609+0500][gc,heap      ] GC(0) Archive regions: 2->2
[2020-09-26T11:37:45.609+0500][gc,heap      ] GC(0) Humongous regions: 0->0
[2020-09-26T11:37:45.609+0500][gc,metaspace ] GC(0) Metaspace: 7350K(7936K)->7350K(7936K) NonClass: 6507K(6912K)->6507K(6912K) Class: 843K(1024K)->843K(1024K)
[2020-09-26T11:37:45.609+0500][gc           ] GC(0) Pause Young (Normal) (G1 Evacuation Pause) 25M->6M(512M) 4.492ms
[2020-09-26T11:37:45.609+0500][gc,cpu       ] GC(0) User=0.02s Sys=0.02s Real=0.00s
[2020-09-26T20:51:43.307+0500][gc,start     ] GC(1) Pause Young (Normal) (G1 Evacuation Pause)
[2020-09-26T20:51:43.308+0500][gc,task      ] GC(1) Using 12 workers of 13 for evacuation
[2020-09-26T20:51:43.375+0500][gc,mmu       ] GC(1) MMU target violated: 21.0ms (20.0ms/21.0ms)
[2020-09-26T20:51:43.375+0500][gc,phases    ] GC(1)   Pre Evacuate Collection Set: 4.0ms
[2020-09-26T20:51:43.375+0500][gc,phases    ] GC(1)   Merge Heap Roots: 3.4ms
[2020-09-26T20:51:43.375+0500][gc,phases    ] GC(1)   Evacuate Collection Set: 53.8ms
[2020-09-26T20:51:43.375+0500][gc,phases    ] GC(1)   Post Evacuate Collection Set: 2.5ms
[2020-09-26T20:51:43.376+0500][gc,phases    ] GC(1)   Other: 5.8ms
[2020-09-26T20:51:43.376+0500][gc,heap      ] GC(1) Eden regions: 21->0(24)
[2020-09-26T20:51:43.376+0500][gc,heap      ] GC(1) Survivor regions: 4->1(4)
[2020-09-26T20:51:43.376+0500][gc,heap      ] GC(1) Old regions: 2->6
[2020-09-26T20:51:43.376+0500][gc,heap      ] GC(1) Archive regions: 2->2
[2020-09-26T20:51:43.376+0500][gc,heap      ] GC(1) Humongous regions: 0->0
[2020-09-26T20:51:43.376+0500][gc,metaspace ] GC(1) Metaspace: 8008K(8448K)->8008K(8448K) NonClass: 7138K(7424K)->7138K(7424K) Class: 869K(1024K)->869K(1024K)
[2020-09-26T20:51:43.376+0500][gc           ] GC(1) Pause Young (Normal) (G1 Evacuation Pause) 27M->6M(512M) 69.173ms
[2020-09-26T20:51:43.376+0500][gc,cpu       ] GC(1) User=0.05s Sys=0.09s Real=0.07s
[2020-09-27T19:56:29.790+0500][gc,start     ] GC(2) Pause Young (Normal) (G1 Evacuation Pause)
[2020-09-27T19:56:29.792+0500][gc,task      ] GC(2) Using 12 workers of 13 for evacuation
[2020-09-27T19:56:29.820+0500][gc,mmu       ] GC(2) MMU target violated: 21.0ms (20.0ms/21.0ms)
[2020-09-27T19:56:29.820+0500][gc,phases    ] GC(2)   Pre Evacuate Collection Set: 6.3ms
[2020-09-27T19:56:29.820+0500][gc,phases    ] GC(2)   Merge Heap Roots: 0.6ms
[2020-09-27T19:56:29.820+0500][gc,phases    ] GC(2)   Evacuate Collection Set: 16.5ms
[2020-09-27T19:56:29.820+0500][gc,phases    ] GC(2)   Post Evacuate Collection Set: 1.4ms
[2020-09-27T19:56:29.820+0500][gc,phases    ] GC(2)   Other: 6.5ms
[2020-09-27T19:56:29.820+0500][gc,heap      ] GC(2) Eden regions: 24->0(24)
[2020-09-27T19:56:29.820+0500][gc,heap      ] GC(2) Survivor regions: 1->1(4)
[2020-09-27T19:56:29.821+0500][gc,heap      ] GC(2) Old regions: 6->6
[2020-09-27T19:56:29.821+0500][gc,heap      ] GC(2) Archive regions: 2->2
[2020-09-27T19:56:29.821+0500][gc,heap      ] GC(2) Humongous regions: 0->0
[2020-09-27T19:56:29.821+0500][gc,metaspace ] GC(2) Metaspace: 8008K(8448K)->8008K(8448K) NonClass: 7138K(7424K)->7138K(7424K) Class: 869K(1024K)->869K(1024K)
[2020-09-27T19:56:29.821+0500][gc           ] GC(2) Pause Young (Normal) (G1 Evacuation Pause) 30M->6M(512M) 30.506ms
[2020-09-27T19:56:29.821+0500][gc,cpu       ] GC(2) User=0.01s Sys=0.04s Real=0.03s
[2020-09-28T06:53:09.376+0500][gc,start     ] GC(3) Pause Young (Normal) (G1 Evacuation Pause)
[2020-09-28T06:53:09.380+0500][gc,task      ] GC(3) Using 12 workers of 13 for evacuation
[2020-09-28T06:53:09.393+0500][gc,phases    ] GC(3)   Pre Evacuate Collection Set: 4.0ms
[2020-09-28T06:53:09.393+0500][gc,phases    ] GC(3)   Merge Heap Roots: 0.8ms
[2020-09-28T06:53:09.393+0500][gc,phases    ] GC(3)   Evacuate Collection Set: 7.9ms
[2020-09-28T06:53:09.393+0500][gc,phases    ] GC(3)   Post Evacuate Collection Set: 1.0ms
[2020-09-28T06:53:09.394+0500][gc,phases    ] GC(3)   Other: 4.8ms
[2020-09-28T06:53:09.394+0500][gc,heap      ] GC(3) Eden regions: 24->0(24)
[2020-09-28T06:53:09.394+0500][gc,heap      ] GC(3) Survivor regions: 1->1(4)
[2020-09-28T06:53:09.394+0500][gc,heap      ] GC(3) Old regions: 6->6
[2020-09-28T06:53:09.394+0500][gc,heap      ] GC(3) Archive regions: 2->2
[2020-09-28T06:53:09.394+0500][gc,heap      ] GC(3) Humongous regions: 0->0
[2020-09-28T06:53:09.394+0500][gc,metaspace ] GC(3) Metaspace: 8016K(8448K)->8016K(8448K) NonClass: 7146K(7424K)->7146K(7424K) Class: 869K(1024K)->869K(1024K)
[2020-09-28T06:53:09.395+0500][gc           ] GC(3) Pause Young (Normal) (G1 Evacuation Pause) 30M->6M(512M) 18.423ms
[2020-09-28T06:53:09.395+0500][gc,cpu       ] GC(3) User=0.00s Sys=0.04s Real=0.02s
[2020-09-28T20:29:28.444+0500][gc,heap,exit ] Heap
[2020-09-28T20:29:28.445+0500][gc,heap,exit ]  garbage-first heap   total 524288K, used 26928K [0x00000007e0000000, 0x0000000800000000)
[2020-09-28T20:29:28.445+0500][gc,heap,exit ]   region size 1024K, 22 young (22528K), 1 survivors (1024K)
[2020-09-28T20:29:28.445+0500][gc,heap,exit ]  Metaspace       used 8029K, capacity 8321K, committed 8448K, reserved 1056768K
[2020-09-28T20:29:28.445+0500][gc,heap,exit ]   class space    used 870K, capacity 965K, committed 1024K, reserved 1048576K
