[2020-09-21T13:19:26.308+0500][gc,heap] Heap region size: 1M
[2020-09-21T13:19:26.308+0500][gc,heap,coops] Heap address: 0x00000007e0000000, size: 512 MB, Compressed Oops mode: Zero based, Oop shift amount: 3
[2020-09-21T13:19:26.313+0500][gc           ] Using G1
[2020-09-21T13:19:26.313+0500][gc,cds       ] Mark closed archive regions in map: [0x00000007fff00000, 0x00000007fff7aff8]
[2020-09-21T13:19:26.313+0500][gc,cds       ] Mark open archive regions in map: [0x00000007ffe00000, 0x00000007ffe50ff8]
[2020-09-21T13:19:26.327+0500][gc           ] Periodic GC disabled
[2020-09-21T13:20:09.272+0500][gc,start     ] GC(0) Pause Young (Normal) (G1 Evacuation Pause)
[2020-09-21T13:20:09.273+0500][gc,task      ] GC(0) Using 12 workers of 13 for evacuation
[2020-09-21T13:20:09.277+0500][gc,phases    ] GC(0)   Pre Evacuate Collection Set: 0.1ms
[2020-09-21T13:20:09.277+0500][gc,phases    ] GC(0)   Merge Heap Roots: 0.0ms
[2020-09-21T13:20:09.277+0500][gc,phases    ] GC(0)   Evacuate Collection Set: 3.2ms
[2020-09-21T13:20:09.277+0500][gc,phases    ] GC(0)   Post Evacuate Collection Set: 0.3ms
[2020-09-21T13:20:09.277+0500][gc,phases    ] GC(0)   Other: 1.0ms
[2020-09-21T13:20:09.277+0500][gc,heap      ] GC(0) Eden regions: 25->0(21)
[2020-09-21T13:20:09.277+0500][gc,heap      ] GC(0) Survivor regions: 0->4(4)
[2020-09-21T13:20:09.277+0500][gc,heap      ] GC(0) Old regions: 0->2
[2020-09-21T13:20:09.277+0500][gc,heap      ] GC(0) Archive regions: 2->2
[2020-09-21T13:20:09.277+0500][gc,heap      ] GC(0) Humongous regions: 0->0
[2020-09-21T13:20:09.277+0500][gc,metaspace ] GC(0) Metaspace: 7324K(7680K)->7324K(7680K) NonClass: 6476K(6656K)->6476K(6656K) Class: 848K(1024K)->848K(1024K)
[2020-09-21T13:20:09.277+0500][gc           ] GC(0) Pause Young (Normal) (G1 Evacuation Pause) 25M->5M(512M) 4.740ms
[2020-09-21T13:20:09.277+0500][gc,cpu       ] GC(0) User=0.01s Sys=0.02s Real=0.00s
[2020-09-21T17:43:13.022+0500][gc,heap,exit ] Heap
[2020-09-21T17:43:13.023+0500][gc,heap,exit ]  garbage-first heap   total 524288K, used 23464K [0x00000007e0000000, 0x0000000800000000)
[2020-09-21T17:43:13.023+0500][gc,heap,exit ]   region size 1024K, 22 young (22528K), 4 survivors (4096K)
[2020-09-21T17:43:13.023+0500][gc,heap,exit ]  Metaspace       used 8046K, capacity 8321K, committed 8448K, reserved 1056768K
[2020-09-21T17:43:13.023+0500][gc,heap,exit ]   class space    used 867K, capacity 965K, committed 1024K, reserved 1048576K
