[2020-09-28T22:02:17.733+0500][gc,heap] Heap region size: 1M
[2020-09-28T22:02:17.733+0500][gc,heap,coops] Heap address: 0x00000007e0000000, size: 512 MB, Compressed Oops mode: Zero based, Oop shift amount: 3
[2020-09-28T22:02:17.737+0500][gc           ] Using G1
[2020-09-28T22:02:17.737+0500][gc,cds       ] Mark closed archive regions in map: [0x00000007fff00000, 0x00000007fff7aff8]
[2020-09-28T22:02:17.737+0500][gc,cds       ] Mark open archive regions in map: [0x00000007ffe00000, 0x00000007ffe50ff8]
[2020-09-28T22:02:17.751+0500][gc           ] Periodic GC disabled
[2020-09-28T22:02:27.886+0500][gc,start     ] GC(0) Pause Young (Normal) (G1 Evacuation Pause)
[2020-09-28T22:02:27.886+0500][gc,task      ] GC(0) Using 12 workers of 13 for evacuation
[2020-09-28T22:02:27.890+0500][gc,phases    ] GC(0)   Pre Evacuate Collection Set: 0.1ms
[2020-09-28T22:02:27.890+0500][gc,phases    ] GC(0)   Merge Heap Roots: 0.0ms
[2020-09-28T22:02:27.890+0500][gc,phases    ] GC(0)   Evacuate Collection Set: 2.8ms
[2020-09-28T22:02:27.890+0500][gc,phases    ] GC(0)   Post Evacuate Collection Set: 0.2ms
[2020-09-28T22:02:27.890+0500][gc,phases    ] GC(0)   Other: 1.1ms
[2020-09-28T22:02:27.890+0500][gc,heap      ] GC(0) Eden regions: 25->0(21)
[2020-09-28T22:02:27.890+0500][gc,heap      ] GC(0) Survivor regions: 0->4(4)
[2020-09-28T22:02:27.890+0500][gc,heap      ] GC(0) Old regions: 0->2
[2020-09-28T22:02:27.890+0500][gc,heap      ] GC(0) Archive regions: 2->2
[2020-09-28T22:02:27.890+0500][gc,heap      ] GC(0) Humongous regions: 0->0
[2020-09-28T22:02:27.890+0500][gc,metaspace ] GC(0) Metaspace: 7401K(7936K)->7401K(7936K) NonClass: 6550K(6912K)->6550K(6912K) Class: 850K(1024K)->850K(1024K)
[2020-09-28T22:02:27.890+0500][gc           ] GC(0) Pause Young (Normal) (G1 Evacuation Pause) 25M->5M(512M) 4.353ms
[2020-09-28T22:02:27.890+0500][gc,cpu       ] GC(0) User=0.01s Sys=0.02s Real=0.01s
[2020-09-29T11:22:34.844+0500][gc,start     ] GC(1) Pause Young (Normal) (G1 Evacuation Pause)
[2020-09-29T11:22:34.852+0500][gc,task      ] GC(1) Using 12 workers of 13 for evacuation
[2020-09-29T11:22:34.943+0500][gc,mmu       ] GC(1) MMU target violated: 21.0ms (20.0ms/21.0ms)
[2020-09-29T11:22:34.943+0500][gc,phases    ] GC(1)   Pre Evacuate Collection Set: 4.8ms
[2020-09-29T11:22:34.943+0500][gc,phases    ] GC(1)   Merge Heap Roots: 6.7ms
[2020-09-29T11:22:34.943+0500][gc,phases    ] GC(1)   Evacuate Collection Set: 68.9ms
[2020-09-29T11:22:34.943+0500][gc,phases    ] GC(1)   Post Evacuate Collection Set: 7.1ms
[2020-09-29T11:22:34.943+0500][gc,phases    ] GC(1)   Other: 16.0ms
[2020-09-29T11:22:34.943+0500][gc,heap      ] GC(1) Eden regions: 21->0(24)
[2020-09-29T11:22:34.943+0500][gc,heap      ] GC(1) Survivor regions: 4->1(4)
[2020-09-29T11:22:34.943+0500][gc,heap      ] GC(1) Old regions: 2->6
[2020-09-29T11:22:34.943+0500][gc,heap      ] GC(1) Archive regions: 2->2
[2020-09-29T11:22:34.943+0500][gc,heap      ] GC(1) Humongous regions: 0->0
[2020-09-29T11:22:34.943+0500][gc,metaspace ] GC(1) Metaspace: 8085K(8448K)->8085K(8448K) NonClass: 7217K(7424K)->7217K(7424K) Class: 867K(1024K)->867K(1024K)
[2020-09-29T11:22:34.944+0500][gc           ] GC(1) Pause Young (Normal) (G1 Evacuation Pause) 26M->6M(512M) 100.955ms
[2020-09-29T11:22:34.944+0500][gc,cpu       ] GC(1) User=0.03s Sys=0.18s Real=0.10s
[2020-09-29T21:46:01.280+0500][gc,start     ] GC(2) Pause Young (Normal) (G1 Evacuation Pause)
[2020-09-29T21:46:01.282+0500][gc,task      ] GC(2) Using 12 workers of 13 for evacuation
[2020-09-29T21:46:01.297+0500][gc,phases    ] GC(2)   Pre Evacuate Collection Set: 2.9ms
[2020-09-29T21:46:01.297+0500][gc,phases    ] GC(2)   Merge Heap Roots: 0.1ms
[2020-09-29T21:46:01.298+0500][gc,phases    ] GC(2)   Evacuate Collection Set: 9.6ms
[2020-09-29T21:46:01.298+0500][gc,phases    ] GC(2)   Post Evacuate Collection Set: 1.4ms
[2020-09-29T21:46:01.298+0500][gc,phases    ] GC(2)   Other: 3.3ms
[2020-09-29T21:46:01.298+0500][gc,heap      ] GC(2) Eden regions: 24->0(24)
[2020-09-29T21:46:01.298+0500][gc,heap      ] GC(2) Survivor regions: 1->1(4)
[2020-09-29T21:46:01.298+0500][gc,heap      ] GC(2) Old regions: 6->6
[2020-09-29T21:46:01.298+0500][gc,heap      ] GC(2) Archive regions: 2->2
[2020-09-29T21:46:01.298+0500][gc,heap      ] GC(2) Humongous regions: 0->0
[2020-09-29T21:46:01.298+0500][gc,metaspace ] GC(2) Metaspace: 8086K(8448K)->8086K(8448K) NonClass: 7218K(7424K)->7218K(7424K) Class: 867K(1024K)->867K(1024K)
[2020-09-29T21:46:01.298+0500][gc           ] GC(2) Pause Young (Normal) (G1 Evacuation Pause) 30M->6M(512M) 17.468ms
[2020-09-29T21:46:01.298+0500][gc,cpu       ] GC(2) User=0.00s Sys=0.04s Real=0.01s
[2020-09-30T08:32:49.716+0500][gc,start     ] GC(3) Pause Young (Normal) (G1 Evacuation Pause)
[2020-09-30T08:32:49.716+0500][gc,task      ] GC(3) Using 12 workers of 13 for evacuation
[2020-09-30T08:32:49.728+0500][gc,phases    ] GC(3)   Pre Evacuate Collection Set: 2.7ms
[2020-09-30T08:32:49.728+0500][gc,phases    ] GC(3)   Merge Heap Roots: 0.1ms
[2020-09-30T08:32:49.728+0500][gc,phases    ] GC(3)   Evacuate Collection Set: 8.1ms
[2020-09-30T08:32:49.728+0500][gc,phases    ] GC(3)   Post Evacuate Collection Set: 0.4ms
[2020-09-30T08:32:49.728+0500][gc,phases    ] GC(3)   Other: 2.2ms
[2020-09-30T08:32:49.728+0500][gc,heap      ] GC(3) Eden regions: 24->0(24)
[2020-09-30T08:32:49.728+0500][gc,heap      ] GC(3) Survivor regions: 1->1(4)
[2020-09-30T08:32:49.728+0500][gc,heap      ] GC(3) Old regions: 6->6
[2020-09-30T08:32:49.728+0500][gc,heap      ] GC(3) Archive regions: 2->2
[2020-09-30T08:32:49.728+0500][gc,heap      ] GC(3) Humongous regions: 0->0
[2020-09-30T08:32:49.728+0500][gc,metaspace ] GC(3) Metaspace: 8094K(8448K)->8094K(8448K) NonClass: 7226K(7424K)->7226K(7424K) Class: 867K(1024K)->867K(1024K)
[2020-09-30T08:32:49.729+0500][gc           ] GC(3) Pause Young (Normal) (G1 Evacuation Pause) 30M->6M(512M) 13.077ms
[2020-09-30T08:32:49.729+0500][gc,cpu       ] GC(3) User=0.01s Sys=0.04s Real=0.01s
