[2020-09-22T10:44:42.302+0500][gc,heap] Heap region size: 1M
[2020-09-22T10:44:42.302+0500][gc,heap,coops] Heap address: 0x00000007e0000000, size: 512 MB, Compressed Oops mode: Zero based, Oop shift amount: 3
[2020-09-22T10:44:42.306+0500][gc           ] Using G1
[2020-09-22T10:44:42.306+0500][gc,cds       ] Mark closed archive regions in map: [0x00000007fff00000, 0x00000007fff7aff8]
[2020-09-22T10:44:42.306+0500][gc,cds       ] Mark open archive regions in map: [0x00000007ffe00000, 0x00000007ffe50ff8]
[2020-09-22T10:44:42.322+0500][gc           ] Periodic GC disabled
[2020-09-22T10:44:45.569+0500][gc,start     ] GC(0) Pause Young (Normal) (G1 Evacuation Pause)
[2020-09-22T10:44:45.570+0500][gc,task      ] GC(0) Using 12 workers of 13 for evacuation
[2020-09-22T10:44:45.576+0500][gc,phases    ] GC(0)   Pre Evacuate Collection Set: 0.1ms
[2020-09-22T10:44:45.576+0500][gc,phases    ] GC(0)   Merge Heap Roots: 0.1ms
[2020-09-22T10:44:45.576+0500][gc,phases    ] GC(0)   Evacuate Collection Set: 5.2ms
[2020-09-22T10:44:45.576+0500][gc,phases    ] GC(0)   Post Evacuate Collection Set: 0.4ms
[2020-09-22T10:44:45.576+0500][gc,phases    ] GC(0)   Other: 1.0ms
[2020-09-22T10:44:45.576+0500][gc,heap      ] GC(0) Eden regions: 25->0(21)
[2020-09-22T10:44:45.576+0500][gc,heap      ] GC(0) Survivor regions: 0->4(4)
[2020-09-22T10:44:45.576+0500][gc,heap      ] GC(0) Old regions: 0->2
[2020-09-22T10:44:45.576+0500][gc,heap      ] GC(0) Archive regions: 2->2
[2020-09-22T10:44:45.576+0500][gc,heap      ] GC(0) Humongous regions: 0->0
[2020-09-22T10:44:45.576+0500][gc,metaspace ] GC(0) Metaspace: 7381K(7936K)->7381K(7936K) NonClass: 6538K(6912K)->6538K(6912K) Class: 842K(1024K)->842K(1024K)
[2020-09-22T10:44:45.576+0500][gc           ] GC(0) Pause Young (Normal) (G1 Evacuation Pause) 25M->6M(512M) 6.893ms
[2020-09-22T10:44:45.576+0500][gc,cpu       ] GC(0) User=0.02s Sys=0.03s Real=0.01s
[2020-09-22T18:46:01.617+0500][gc,start     ] GC(1) Pause Young (Normal) (G1 Evacuation Pause)
[2020-09-22T18:46:01.619+0500][gc,task      ] GC(1) Using 12 workers of 13 for evacuation
[2020-09-22T18:46:01.694+0500][gc,mmu       ] GC(1) MMU target violated: 21.0ms (20.0ms/21.0ms)
[2020-09-22T18:46:01.694+0500][gc,phases    ] GC(1)   Pre Evacuate Collection Set: 4.7ms
[2020-09-22T18:46:01.694+0500][gc,phases    ] GC(1)   Merge Heap Roots: 3.3ms
[2020-09-22T18:46:01.694+0500][gc,phases    ] GC(1)   Evacuate Collection Set: 58.9ms
[2020-09-22T18:46:01.694+0500][gc,phases    ] GC(1)   Post Evacuate Collection Set: 4.7ms
[2020-09-22T18:46:01.694+0500][gc,phases    ] GC(1)   Other: 7.5ms
[2020-09-22T18:46:01.694+0500][gc,heap      ] GC(1) Eden regions: 21->0(24)
[2020-09-22T18:46:01.694+0500][gc,heap      ] GC(1) Survivor regions: 4->1(4)
[2020-09-22T18:46:01.694+0500][gc,heap      ] GC(1) Old regions: 2->6
[2020-09-22T18:46:01.694+0500][gc,heap      ] GC(1) Archive regions: 2->2
[2020-09-22T18:46:01.694+0500][gc,heap      ] GC(1) Humongous regions: 0->0
[2020-09-22T18:46:01.694+0500][gc,metaspace ] GC(1) Metaspace: 7780K(8192K)->7780K(8192K) NonClass: 6936K(7168K)->6936K(7168K) Class: 843K(1024K)->843K(1024K)
[2020-09-22T18:46:01.694+0500][gc           ] GC(1) Pause Young (Normal) (G1 Evacuation Pause) 27M->6M(512M) 77.408ms
[2020-09-22T18:46:01.694+0500][gc,cpu       ] GC(1) User=0.03s Sys=0.12s Real=0.08s
[2020-09-23T05:27:44.048+0500][gc,start     ] GC(2) Pause Young (Normal) (G1 Evacuation Pause)
[2020-09-23T05:27:44.049+0500][gc,task      ] GC(2) Using 12 workers of 13 for evacuation
[2020-09-23T05:27:44.075+0500][gc,mmu       ] GC(2) MMU target violated: 21.0ms (20.0ms/21.0ms)
[2020-09-23T05:27:44.075+0500][gc,phases    ] GC(2)   Pre Evacuate Collection Set: 4.0ms
[2020-09-23T05:27:44.075+0500][gc,phases    ] GC(2)   Merge Heap Roots: 2.2ms
[2020-09-23T05:27:44.075+0500][gc,phases    ] GC(2)   Evacuate Collection Set: 15.9ms
[2020-09-23T05:27:44.075+0500][gc,phases    ] GC(2)   Post Evacuate Collection Set: 1.5ms
[2020-09-23T05:27:44.075+0500][gc,phases    ] GC(2)   Other: 6.2ms
[2020-09-23T05:27:44.075+0500][gc,heap      ] GC(2) Eden regions: 24->0(24)
[2020-09-23T05:27:44.075+0500][gc,heap      ] GC(2) Survivor regions: 1->1(4)
[2020-09-23T05:27:44.075+0500][gc,heap      ] GC(2) Old regions: 6->6
[2020-09-23T05:27:44.075+0500][gc,heap      ] GC(2) Archive regions: 2->2
[2020-09-23T05:27:44.075+0500][gc,heap      ] GC(2) Humongous regions: 0->0
[2020-09-23T05:27:44.075+0500][gc,metaspace ] GC(2) Metaspace: 7780K(8192K)->7780K(8192K) NonClass: 6936K(7168K)->6936K(7168K) Class: 843K(1024K)->843K(1024K)
[2020-09-23T05:27:44.076+0500][gc           ] GC(2) Pause Young (Normal) (G1 Evacuation Pause) 30M->6M(512M) 27.971ms
[2020-09-23T05:27:44.076+0500][gc,cpu       ] GC(2) User=0.01s Sys=0.04s Real=0.03s
[2020-09-23T15:00:27.683+0500][gc,start     ] GC(3) Pause Young (Normal) (G1 Evacuation Pause)
[2020-09-23T15:00:27.686+0500][gc,task      ] GC(3) Using 12 workers of 13 for evacuation
[2020-09-23T15:00:27.718+0500][gc,mmu       ] GC(3) MMU target violated: 21.0ms (20.0ms/21.0ms)
[2020-09-23T15:00:27.718+0500][gc,phases    ] GC(3)   Pre Evacuate Collection Set: 4.9ms
[2020-09-23T15:00:27.718+0500][gc,phases    ] GC(3)   Merge Heap Roots: 2.2ms
[2020-09-23T15:00:27.718+0500][gc,phases    ] GC(3)   Evacuate Collection Set: 18.9ms
[2020-09-23T15:00:27.718+0500][gc,phases    ] GC(3)   Post Evacuate Collection Set: 2.6ms
[2020-09-23T15:00:27.718+0500][gc,phases    ] GC(3)   Other: 7.0ms
[2020-09-23T15:00:27.718+0500][gc,heap      ] GC(3) Eden regions: 24->0(24)
[2020-09-23T15:00:27.718+0500][gc,heap      ] GC(3) Survivor regions: 1->1(4)
[2020-09-23T15:00:27.718+0500][gc,heap      ] GC(3) Old regions: 6->6
[2020-09-23T15:00:27.718+0500][gc,heap      ] GC(3) Archive regions: 2->2
[2020-09-23T15:00:27.718+0500][gc,heap      ] GC(3) Humongous regions: 0->0
[2020-09-23T15:00:27.718+0500][gc,metaspace ] GC(3) Metaspace: 8037K(8448K)->8037K(8448K) NonClass: 7167K(7424K)->7167K(7424K) Class: 870K(1024K)->870K(1024K)
[2020-09-23T15:00:27.718+0500][gc           ] GC(3) Pause Young (Normal) (G1 Evacuation Pause) 30M->6M(512M) 34.903ms
[2020-09-23T15:00:27.718+0500][gc,cpu       ] GC(3) User=0.01s Sys=0.07s Real=0.03s
[2020-09-24T01:28:43.422+0500][gc,start     ] GC(4) Pause Young (Normal) (G1 Evacuation Pause)
[2020-09-24T01:28:43.426+0500][gc,task      ] GC(4) Using 12 workers of 13 for evacuation
[2020-09-24T01:28:43.454+0500][gc,mmu       ] GC(4) MMU target violated: 21.0ms (20.0ms/21.0ms)
[2020-09-24T01:28:43.454+0500][gc,phases    ] GC(4)   Pre Evacuate Collection Set: 5.3ms
[2020-09-24T01:28:43.454+0500][gc,phases    ] GC(4)   Merge Heap Roots: 0.8ms
[2020-09-24T01:28:43.454+0500][gc,phases    ] GC(4)   Evacuate Collection Set: 14.4ms
[2020-09-24T01:28:43.454+0500][gc,phases    ] GC(4)   Post Evacuate Collection Set: 2.8ms
[2020-09-24T01:28:43.454+0500][gc,phases    ] GC(4)   Other: 12.0ms
[2020-09-24T01:28:43.454+0500][gc,heap      ] GC(4) Eden regions: 24->0(24)
[2020-09-24T01:28:43.454+0500][gc,heap      ] GC(4) Survivor regions: 1->1(4)
[2020-09-24T01:28:43.454+0500][gc,heap      ] GC(4) Old regions: 6->6
[2020-09-24T01:28:43.454+0500][gc,heap      ] GC(4) Archive regions: 2->2
[2020-09-24T01:28:43.454+0500][gc,heap      ] GC(4) Humongous regions: 0->0
[2020-09-24T01:28:43.454+0500][gc,metaspace ] GC(4) Metaspace: 8037K(8448K)->8037K(8448K) NonClass: 7167K(7424K)->7167K(7424K) Class: 870K(1024K)->870K(1024K)
[2020-09-24T01:28:43.454+0500][gc           ] GC(4) Pause Young (Normal) (G1 Evacuation Pause) 30M->6M(512M) 32.030ms
[2020-09-24T01:28:43.454+0500][gc,cpu       ] GC(4) User=0.01s Sys=0.06s Real=0.03s
[2020-09-24T12:11:47.669+0500][gc,start     ] GC(5) Pause Young (Normal) (G1 Evacuation Pause)
[2020-09-24T12:11:47.673+0500][gc,task      ] GC(5) Using 12 workers of 13 for evacuation
[2020-09-24T12:11:47.695+0500][gc,mmu       ] GC(5) MMU target violated: 20.1ms (20.0ms/21.0ms)
[2020-09-24T12:11:47.695+0500][gc,phases    ] GC(5)   Pre Evacuate Collection Set: 5.2ms
[2020-09-24T12:11:47.695+0500][gc,phases    ] GC(5)   Merge Heap Roots: 2.7ms
[2020-09-24T12:11:47.695+0500][gc,phases    ] GC(5)   Evacuate Collection Set: 9.1ms
[2020-09-24T12:11:47.695+0500][gc,phases    ] GC(5)   Post Evacuate Collection Set: 2.2ms
[2020-09-24T12:11:47.695+0500][gc,phases    ] GC(5)   Other: 8.5ms
[2020-09-24T12:11:47.695+0500][gc,heap      ] GC(5) Eden regions: 24->0(24)
[2020-09-24T12:11:47.695+0500][gc,heap      ] GC(5) Survivor regions: 1->1(4)
[2020-09-24T12:11:47.695+0500][gc,heap      ] GC(5) Old regions: 6->6
[2020-09-24T12:11:47.695+0500][gc,heap      ] GC(5) Archive regions: 2->2
[2020-09-24T12:11:47.695+0500][gc,heap      ] GC(5) Humongous regions: 0->0
[2020-09-24T12:11:47.695+0500][gc,metaspace ] GC(5) Metaspace: 8037K(8448K)->8037K(8448K) NonClass: 7167K(7424K)->7167K(7424K) Class: 870K(1024K)->870K(1024K)
[2020-09-24T12:11:47.695+0500][gc           ] GC(5) Pause Young (Normal) (G1 Evacuation Pause) 30M->6M(512M) 26.751ms
[2020-09-24T12:11:47.695+0500][gc,cpu       ] GC(5) User=0.01s Sys=0.05s Real=0.03s
[2020-09-24T15:12:45.588+0500][gc,heap,exit ] Heap
[2020-09-24T15:12:45.590+0500][gc,heap,exit ]  garbage-first heap   total 524288K, used 13585K [0x00000007e0000000, 0x0000000800000000)
[2020-09-24T15:12:45.590+0500][gc,heap,exit ]   region size 1024K, 9 young (9216K), 1 survivors (1024K)
[2020-09-24T15:12:45.590+0500][gc,heap,exit ]  Metaspace       used 8045K, capacity 8321K, committed 8448K, reserved 1056768K
[2020-09-24T15:12:45.590+0500][gc,heap,exit ]   class space    used 870K, capacity 965K, committed 1024K, reserved 1048576K
